MSBuild version 17.11.48+02bf66295 for .NET
C:\Program Files\dotnet\sdk\8.0.419\MSBuild.dll -distributedlogger:Microsoft.DotNet.Tools.MSBuild.MSBuildLogger,C:\Program Files\dotnet\sdk\8.0.419\dotnet.dll*Microsoft.DotNet.Tools.MSBuild.MSBuildForwardingLogger,C:\Program Files\dotnet\sdk\8.0.419\dotnet.dll -maxcpucount -verbosity:m /v:diag /p:BuildProjectReferences=false /p:RestorePackages=false /t:Compile src/CelestialMechanics.Desktop/CelestialMechanics.Desktop.csproj
Build started 10-04-2026 13:12:34.
Environment at start of build:
MSBuildSDKsPath = C:\Program Files\dotnet\sdk\8.0.419\Sdks
DOTNET_HOST_PATH = C:\Program Files\dotnet\dotnet.exe
MSBuildExtensionsPath = C:\Program Files\dotnet\sdk\8.0.419\
MSBUILDUSESERVER = 0
MSBuildLoadMicrosoftTargetsReadOnly = true
MSBUILDFAILONDRIVEENUMERATINGWILDCARD = 1
DOTNET_CLI_TELEMETRY_SESSIONID = 46fa066a-fdfe-42d4-b84d-b1e860616f88

13:12:34.734     0>Process = "C:\Program Files\dotnet\dotnet.exe"
                   MSBuild executable path = "C:\Program Files\dotnet\sdk\8.0.419\MSBuild.dll"
                   Command line arguments = "C:\Program Files\dotnet\sdk\8.0.419\MSBuild.dll -maxcpucount -verbosity:m src/CelestialMechanics.Desktop/CelestialMechanics.Desktop.csproj /t:Compile /p:BuildProjectReferences=false /p:RestorePackages=false /v:diag -distributedlogger:Microsoft.DotNet.Tools.MSBuild.MSBuildLogger,C:\Program Files\dotnet\sdk\8.0.419\dotnet.dll*Microsoft.DotNet.Tools.MSBuild.MSBuildForwardingLogger,C:\Program Files\dotnet\sdk\8.0.419\dotnet.dll"
                   Current directory = "C:\sharon\projects\celestial-mechanics-desktop"
                   MSBuild version = "17.11.48+02bf66295"
                   Based on the Windows registry key LongPathsEnabled, the LongPaths feature is enabled.
                   The SDK "Microsoft.NET.Sdk" was successfully resolved by the "DefaultSdkResolver" resolver to location "C:\Program Files\dotnet\sdk\8.0.419\Sdks\Microsoft.NET.Sdk\Sdk" and version "".
                   Assembly loaded during Evaluation: Microsoft.NET.StringTools, Version=1.0.0.0, Culture=neutral, PublicKeyToken=b03f5f7f11d50a3a (location: C:\Program Files\dotnet\sdk\8.0.419\Microsoft.NET.StringTools.dll, MVID: a6df08db-4589-427d-8720-dbb53fdf37b0, AssemblyLoadContext: Default)
                   Property 'MSBuildExtensionsPath' with value 'C:\Program Files\dotnet\sdk\8.0.419\' expanded from the environment.
                   Property reassignment: $(MSBuildProjectExtensionsPath)="C:\sharon\projects\celestial-mechanics-desktop\src\CelestialMechanics.Desktop\obj\" (previous value: "obj\") at C:\Program Files\dotnet\sdk\8.0.419\Current\Microsoft.Common.props (60,5)
                   Assembly loaded during Evaluation: System.Threading.Tasks.Parallel, Version=8.0.0.0, Culture=neutral, PublicKeyToken=b03f5f7f11d50a3a (location: C:\Program Files\dotnet\shared\Microsoft.NETCore.App\8.0.25\System.Threading.Tasks.Parallel.dll, MVID: fc449f48-e481-49f5-9405-cb8700248eac, AssemblyLoadContext: Default)
                   Property 'USERPROFILE' with value 'C:\Users\Lenovo' expanded from the environment.
                   Property 'MSBuildUserExtensionsPath' with value 'C:\Users\Lenovo\AppData\Local\Microsoft\MSBuild' expanded from the environment.
                   Property reassignment: $(AssemblySearchPaths)="{CandidateAssemblyFiles};{HintPathFromItem}" (previous value: "{CandidateAssemblyFiles}") at C:\Program Files\dotnet\sdk\8.0.419\Sdks\Microsoft.NET.Sdk\targets\Microsoft.NET.Sdk.props (91,5)
                   Property reassignment: $(AssemblySearchPaths)="{CandidateAssemblyFiles};{HintPathFromItem};{TargetFrameworkDirectory}" (previous value: "{CandidateAssemblyFiles};{HintPathFromItem}") at C:\Program Files\dotnet\sdk\8.0.419\Sdks\Microsoft.NET.Sdk\targets\Microsoft.NET.Sdk.props (92,5)
                   Property reassignment: $(AssemblySearchPaths)="{CandidateAssemblyFiles};{HintPathFromItem};{TargetFrameworkDirectory};{RawFileName}" (previous value: "{CandidateAssemblyFiles};{HintPathFromItem};{TargetFrameworkDirectory}") at C:\Program Files\dotnet\sdk\8.0.419\Sdks\Microsoft.NET.Sdk\targets\Microsoft.NET.Sdk.props (93,5)
                   The "DefaultSdkResolver" resolver attempted to resolve the SDK "Microsoft.NET.SDK.WorkloadAutoImportPropsLocator".
                   Warnings: null
                   Errors: MSB4276: The default SDK resolver failed to resolve SDK "Microsoft.NET.SDK.WorkloadAutoImportPropsLocator" because directory "C:\Program Files\dotnet\sdk\8.0.419\Sdks\Microsoft.NET.SDK.WorkloadAutoImportPropsLocator\Sdk" did not exist.
                   Assembly loaded during Evaluation: Microsoft.Build.NuGetSdkResolver, Version=6.11.1.2, Culture=neutral, PublicKeyToken=31bf3856ad364e35 (location: C:\Program Files\dotnet\sdk\8.0.419\Microsoft.Build.NuGetSdkResolver.dll, MVID: ae254ffe-3ea7-4bba-8a74-0bd55e8cfe87, AssemblyLoadContext: MSBuild plugin C:\Program Files\dotnet\sdk\8.0.419\Microsoft.Build.NuGetSdkResolver.dll)
                   Assembly loaded during Evaluation: Microsoft.NET.Sdk.WorkloadMSBuildSdkResolver, Version=8.0.419.0, Culture=neutral, PublicKeyToken=31bf3856ad364e35 (location: C:\Program Files\dotnet\sdk\8.0.419\Microsoft.NET.Sdk.WorkloadMSBuildSdkResolver.dll, MVID: fa56586f-4205-4611-b778-a0f2880deeab, AssemblyLoadContext: MSBuild plugin C:\Program Files\dotnet\sdk\8.0.419\Microsoft.NET.Sdk.WorkloadMSBuildSdkResolver.dll)
                   Assembly loaded during Evaluation: Microsoft.DotNet.Cli.Utils, Version=8.0.419.0, Culture=neutral, PublicKeyToken=adb9793829ddae60 (location: C:\Program Files\dotnet\sdk\8.0.419\Microsoft.DotNet.Cli.Utils.dll, MVID: 80c9c3c1-6a74-4def-ab59-cb501443a137, AssemblyLoadContext: MSBuild plugin C:\Program Files\dotnet\sdk\8.0.419\Microsoft.NET.Sdk.WorkloadMSBuildSdkResolver.dll)
                   Assembly loaded during Evaluation: Microsoft.NET.Sdk.WorkloadManifestReader, Version=8.0.419.0, Culture=neutral, PublicKeyToken=adb9793829ddae60 (location: C:\Program Files\dotnet\sdk\8.0.419\Microsoft.NET.Sdk.WorkloadManifestReader.dll, MVID: ccc37049-a7ea-433a-87cd-83ccd7a599bd, AssemblyLoadContext: MSBuild plugin C:\Program Files\dotnet\sdk\8.0.419\Microsoft.NET.Sdk.WorkloadMSBuildSdkResolver.dll)
                   Assembly loaded during Evaluation: Microsoft.Deployment.DotNet.Releases, Version=2.0.0.0, Culture=neutral, PublicKeyToken=31bf3856ad364e35 (location: C:\Program Files\dotnet\sdk\8.0.419\Microsoft.Deployment.DotNet.Releases.dll, MVID: 34f9f9be-a352-437d-b864-e54aac6740dd, AssemblyLoadContext: MSBuild plugin C:\Program Files\dotnet\sdk\8.0.419\Microsoft.NET.Sdk.WorkloadMSBuildSdkResolver.dll)
                   Assembly loaded during Evaluation: System.Text.Json, Version=8.0.0.0, Culture=neutral, PublicKeyToken=cc7b13ffcd2ddd51 (location: C:\Program Files\dotnet\shared\Microsoft.NETCore.App\8.0.25\System.Text.Json.dll, MVID: 76f0b0cc-4305-40dd-87fb-e213493221aa, AssemblyLoadContext: Default)
                   The SDK "Microsoft.NET.SDK.WorkloadAutoImportPropsLocator" was successfully resolved by the "Microsoft.DotNet.MSBuildWorkloadSdkResolver" resolver to location "null" and version "null".
                   Property reassignment: $(TargetsForTfmSpecificContentInPackage)=";PackTool;_PackProjectToolValidation" (previous value: ";PackTool") at C:\Program Files\dotnet\sdk\8.0.419\Sdks\Microsoft.NET.Sdk\targets\Microsoft.NET.PackProjectTool.props (15,5)
                   Property reassignment: $(OutputType)="WinExe" (previous value: "Library") at C:\sharon\projects\celestial-mechanics-desktop\src\CelestialMechanics.Desktop\CelestialMechanics.Desktop.csproj (4,5)
                   Property reassignment: $(AllowUnsafeBlocks)="true" (previous value: "false") at C:\sharon\projects\celestial-mechanics-desktop\src\CelestialMechanics.Desktop\CelestialMechanics.Desktop.csproj (9,5)
                   Property reassignment: $(NoWarn)="1701;1702;NU1701" (previous value: "1701;1702") at C:\sharon\projects\celestial-mechanics-desktop\src\CelestialMechanics.Desktop\CelestialMechanics.Desktop.csproj (22,5)
                   Property reassignment: $(PublishProfileImported)="false" (previous value: "true") at C:\Program Files\dotnet\sdk\8.0.419\Sdks\Microsoft.NET.Sdk\targets\Microsoft.NET.Sdk.ImportPublishProfile.targets (28,5)
                   Assembly loaded during Evaluation: NuGet.Frameworks, Version=6.11.1.2, Culture=neutral, PublicKeyToken=31bf3856ad364e35 (location: C:\Program Files\dotnet\sdk\8.0.419\NuGet.Frameworks.dll, MVID: 36fa17a1-abb6-4cce-b85c-dd32a6dcc45f, AssemblyLoadContext: Assembly.LoadFile(C:\Program Files\dotnet\sdk\8.0.419\NuGet.Frameworks.dll))
                   Property reassignment: $(TargetPlatformVersion)="0.0" (previous value: "0.0.0.0") at C:\Program Files\dotnet\sdk\8.0.419\Sdks\Microsoft.NET.Sdk\targets\Microsoft.NET.TargetFrameworkInference.targets (68,5)
                   Property reassignment: $(TargetPlatformVersion)="" (previous value: "0.0") at C:\Program Files\dotnet\sdk\8.0.419\Sdks\Microsoft.NET.Sdk\targets\Microsoft.NET.TargetFrameworkInference.targets (69,5)
                   Property reassignment: $(TargetPlatformIdentifier)="Windows" (previous value: "windows") at C:\Program Files\dotnet\sdk\8.0.419\Sdks\Microsoft.NET.Sdk\targets\Microsoft.NET.TargetFrameworkInference.targets (71,5)
                   Property reassignment: $(DefaultItemExcludes)=";bin\Debug\/**;obj\Debug\/**" (previous value: ";bin\Debug\/**") at C:\Program Files\dotnet\sdk\8.0.419\Sdks\Microsoft.NET.Sdk\targets\Microsoft.NET.DefaultOutputPaths.targets (122,5)
                   Property reassignment: $(OutputPath)="bin\Debug\net8.0-windows\" (previous value: "bin\Debug\") at C:\Program Files\dotnet\sdk\8.0.419\Sdks\Microsoft.NET.Sdk\targets\Microsoft.NET.DefaultOutputPaths.targets (137,5)
                   Property reassignment: $(IntermediateOutputPath)="obj\Debug\net8.0-windows\" (previous value: "obj\Debug\") at C:\Program Files\dotnet\sdk\8.0.419\Sdks\Microsoft.NET.Sdk\targets\Microsoft.NET.DefaultOutputPaths.targets (142,5)
                   The "DefaultSdkResolver" resolver attempted to resolve the SDK "Microsoft.NET.SDK.WorkloadManifestTargetsLocator".
                   Warnings: null
                   Errors: MSB4276: The default SDK resolver failed to resolve SDK "Microsoft.NET.SDK.WorkloadManifestTargetsLocator" because directory "C:\Program Files\dotnet\sdk\8.0.419\Sdks\Microsoft.NET.SDK.WorkloadManifestTargetsLocator\Sdk" did not exist.
                   The SDK "Microsoft.NET.SDK.WorkloadManifestTargetsLocator" was successfully resolved by the "Microsoft.DotNet.MSBuildWorkloadSdkResolver" resolver to location "C:\Program Files\dotnet\sdk-manifests\8.0.100\microsoft.net.sdk.android\34.0.43" and version "null".
                   Property reassignment: $(_FrameworkIdentifierForImplicitDefine)="NET" (previous value: "NETCOREAPP") at C:\Program Files\dotnet\sdk\8.0.419\Sdks\Microsoft.NET.Sdk\targets\Microsoft.NET.Sdk.BeforeCommon.targets (187,5)
                   Property reassignment: $(_FrameworkVersionForImplicitDefine)="8_0" (previous value: "8.0") at C:\Program Files\dotnet\sdk\8.0.419\Sdks\Microsoft.NET.Sdk\targets\Microsoft.NET.Sdk.BeforeCommon.targets (192,5)
                   Property reassignment: $(CommandLineArgsForDesignTimeEvaluation)="-langversion:12.0 -define:TRACE" (previous value: "-langversion:12.0") at C:\Program Files\dotnet\sdk\8.0.419\Roslyn\Microsoft.CSharp.Core.targets (200,5)
                   Assembly loaded during Evaluation: Microsoft.Build.Utilities.Core, Version=15.1.0.0, Culture=neutral, PublicKeyToken=b03f5f7f11d50a3a (location: C:\Program Files\dotnet\sdk\8.0.419\Microsoft.Build.Utilities.Core.dll, MVID: 3ef2c93a-1391-4e37-a4e3-a5d04b06a824, AssemblyLoadContext: Default)
                   Property reassignment: $(_DebugSymbolsProduced)="true" (previous value: "false") at C:\Program Files\dotnet\sdk\8.0.419\Microsoft.Common.CurrentVersion.targets (175,5)
                   Property reassignment: $(_DocumentationFileProduced)="false" (previous value: "true") at C:\Program Files\dotnet\sdk\8.0.419\Microsoft.Common.CurrentVersion.targets (185,5)
                   The "BuildProjectReferences" property is a global property, and cannot be modified.
                   The "BuildProjectReferences" property is a global property, and cannot be modified.
                   Property reassignment: $(MSBuildCopyMarkerName)="Celestia.0E70CBB1" (previous value: "CelestialMechanics.Desktop.csproj") at C:\Program Files\dotnet\sdk\8.0.419\Microsoft.Common.CurrentVersion.targets (392,5)
                   Property reassignment: $(MSBuildCopyMarkerName)="Celestia.0E70CBB1.Up2Date" (previous value: "Celestia.0E70CBB1") at C:\Program Files\dotnet\sdk\8.0.419\Microsoft.Common.CurrentVersion.targets (393,5)
                   Property reassignment: $(ProcessorArchitecture)="msil" (previous value: "") at C:\Program Files\dotnet\sdk\8.0.419\Microsoft.Common.CurrentVersion.targets (541,5)
                   Property reassignment: $(DelaySign)="" (previous value: "false") at C:\Program Files\dotnet\sdk\8.0.419\Microsoft.Common.CurrentVersion.targets (580,5)
                   Property 'LOCALAPPDATA' with value 'C:\Users\Lenovo\AppData\Local' expanded from the environment.
                   Property reassignment: $(_SGenGenerateSerializationAssembliesConfig)="Auto" (previous value: "") at C:\Program Files\dotnet\sdk\8.0.419\Microsoft.Common.CurrentVersion.targets (3896,5)
                   Property reassignment: $(_SGenGenerateSerializationAssembliesConfig)="Off" (previous value: "Auto") at C:\Program Files\dotnet\sdk\8.0.419\Microsoft.Common.CurrentVersion.targets (3897,5)
                   Property reassignment: $(_TargetsThatPrepareProjectReferences)="
                         AssignProjectConfiguration;
                         _SplitProjectReferencesByFileExistence
                       " (previous value: "_SplitProjectReferencesByFileExistence") at C:\Program Files\dotnet\sdk\8.0.419\Microsoft.Common.CurrentVersion.targets (5099,5)
                   Property 'MSBuildExtensionsPath32' with value 'C:\Program Files\dotnet\sdk\8.0.419' expanded from the environment.
                   Property reassignment: $(ProjectAssetsCacheFile)="C:\sharon\projects\celestial-mechanics-desktop\src\CelestialMechanics.Desktop\obj\Debug\net8.0-windows\CelestialMechanics.Desktop.assets.cache" (previous value: "obj\Debug\net8.0-windows\CelestialMechanics.Desktop.assets.cache") at C:\Program Files\dotnet\sdk\8.0.419\Sdks\Microsoft.NET.Sdk\targets\Microsoft.PackageDependencyResolution.targets (29,5)
                   Property reassignment: $(ResolveAssemblyReferencesDependsOn)="
                         
                         ResolveProjectReferences;
                         FindInvalidProjectReferences;
                         GetFrameworkPaths;
                         GetReferenceAssemblyPaths;
                         PrepareForBuild;
                         ResolveSDKReferences;
                         ExpandSDKReferences;
                       ;
                         ResolvePackageDependenciesForBuild;
                         _HandlePackageFileConflicts;
                       " (previous value: "
                         ResolveProjectReferences;
                         FindInvalidProjectReferences;
                         GetFrameworkPaths;
                         GetReferenceAssemblyPaths;
                         PrepareForBuild;
                         ResolveSDKReferences;
                         ExpandSDKReferences;
                       ") at C:\Program Files\dotnet\sdk\8.0.419\Sdks\Microsoft.NET.Sdk\targets\Microsoft.PackageDependencyResolution.targets (80,5)
                   Property reassignment: $(PrepareResourcesDependsOn)="
                         ResolvePackageDependenciesForBuild;
                         _HandlePackageFileConflicts;
                         
                         ;
                         PrepareResourceNames;
                         ResGen;
                         CompileLicxFiles
                       
                       " (previous value: "
                         ;
                         PrepareResourceNames;
                         ResGen;
                         CompileLicxFiles
                       ") at C:\Program Files\dotnet\sdk\8.0.419\Sdks\Microsoft.NET.Sdk\targets\Microsoft.PackageDependencyResolution.targets (86,5)
                   Property reassignment: $(DefaultItemExcludes)=";bin\Debug\/**;obj\Debug\/**;bin\/**" (previous value: ";bin\Debug\/**;obj\Debug\/**") at C:\Program Files\dotnet\sdk\8.0.419\Sdks\Microsoft.NET.Sdk\targets\Microsoft.NET.Sdk.DefaultItems.targets (27,5)
                   Property reassignment: $(DefaultItemExcludes)=";bin\Debug\/**;obj\Debug\/**;bin\/**;obj\/**" (previous value: ";bin\Debug\/**;obj\Debug\/**;bin\/**") at C:\Program Files\dotnet\sdk\8.0.419\Sdks\Microsoft.NET.Sdk\targets\Microsoft.NET.Sdk.DefaultItems.targets (29,5)
                   Property reassignment: $(DefaultItemExcludes)=";bin\Debug\/**;obj\Debug\/**;bin\/**;obj\/**;**/*.user" (previous value: ";bin\Debug\/**;obj\Debug\/**;bin\/**;obj\/**") at C:\Program Files\dotnet\sdk\8.0.419\Sdks\Microsoft.NET.Sdk\targets\Microsoft.NET.Sdk.DefaultItems.targets (32,5)
                   Property reassignment: $(DefaultItemExcludes)=";bin\Debug\/**;obj\Debug\/**;bin\/**;obj\/**;**/*.user;**/*.*proj" (previous value: ";bin\Debug\/**;obj\Debug\/**;bin\/**;obj\/**;**/*.user") at C:\Program Files\dotnet\sdk\8.0.419\Sdks\Microsoft.NET.Sdk\targets\Microsoft.NET.Sdk.DefaultItems.targets (33,5)
                   Property reassignment: $(DefaultItemExcludes)=";bin\Debug\/**;obj\Debug\/**;bin\/**;obj\/**;**/*.user;**/*.*proj;**/*.sln" (previous value: ";bin\Debug\/**;obj\Debug\/**;bin\/**;obj\/**;**/*.user;**/*.*proj") at C:\Program Files\dotnet\sdk\8.0.419\Sdks\Microsoft.NET.Sdk\targets\Microsoft.NET.Sdk.DefaultItems.targets (34,5)
                   Property reassignment: $(DefaultItemExcludes)=";bin\Debug\/**;obj\Debug\/**;bin\/**;obj\/**;**/*.user;**/*.*proj;**/*.sln;**/*.vssscc" (previous value: ";bin\Debug\/**;obj\Debug\/**;bin\/**;obj\/**;**/*.user;**/*.*proj;**/*.sln") at C:\Program Files\dotnet\sdk\8.0.419\Sdks\Microsoft.NET.Sdk\targets\Microsoft.NET.Sdk.DefaultItems.targets (35,5)
                   Property reassignment: $(DefaultItemExcludes)=";bin\Debug\/**;obj\Debug\/**;bin\/**;obj\/**;**/*.user;**/*.*proj;**/*.sln;**/*.vssscc;**/.DS_Store" (previous value: ";bin\Debug\/**;obj\Debug\/**;bin\/**;obj\/**;**/*.user;**/*.*proj;**/*.sln;**/*.vssscc") at C:\Program Files\dotnet\sdk\8.0.419\Sdks\Microsoft.NET.Sdk\targets\Microsoft.NET.Sdk.DefaultItems.targets (36,5)
                   Property reassignment: $(ResolveAssemblyReferencesDependsOn)="
                         
                         
                         ResolveProjectReferences;
                         FindInvalidProjectReferences;
                         GetFrameworkPaths;
                         GetReferenceAssemblyPaths;
                         PrepareForBuild;
                         ResolveSDKReferences;
                         ExpandSDKReferences;
                       ;
                         ResolvePackageDependenciesForBuild;
                         _HandlePackageFileConflicts;
                       ;
                         ResolveTargetingPackAssets;
                       " (previous value: "
                         
                         ResolveProjectReferences;
                         FindInvalidProjectReferences;
                         GetFrameworkPaths;
                         GetReferenceAssemblyPaths;
                         PrepareForBuild;
                         ResolveSDKReferences;
                         ExpandSDKReferences;
                       ;
                         ResolvePackageDependenciesForBuild;
                         _HandlePackageFileConflicts;
                       ") at C:\Program Files\dotnet\sdk\8.0.419\Sdks\Microsoft.NET.Sdk\targets\Microsoft.NET.Sdk.FrameworkReferenceResolution.targets (14,5)
                   Property reassignment: $(_GenerateRuntimeConfigurationPropertyInputsCache)="C:\sharon\projects\celestial-mechanics-desktop\src\CelestialMechanics.Desktop\obj\Debug\net8.0-windows\CelestialMechanics.Desktop.genruntimeconfig.cache" (previous value: "obj\Debug\net8.0-windows\CelestialMechanics.Desktop.genruntimeconfig.cache") at C:\Program Files\dotnet\sdk\8.0.419\Sdks\Microsoft.NET.Sdk\targets\Microsoft.NET.Sdk.targets (44,5)
                   Property reassignment: $(_GeneratePublishDependencyFilePropertyInputsCache)="C:\sharon\projects\celestial-mechanics-desktop\src\CelestialMechanics.Desktop\obj\Debug\net8.0-windows\CelestialMechanics.Desktop.genpublishdeps.cache" (previous value: "obj\Debug\net8.0-windows\CelestialMechanics.Desktop.genpublishdeps.cache") at C:\Program Files\dotnet\sdk\8.0.419\Sdks\Microsoft.NET.Sdk\targets\Microsoft.NET.Sdk.targets (46,5)
                   Property reassignment: $(_GenerateSingleFileBundlePropertyInputsCache)="C:\sharon\projects\celestial-mechanics-desktop\src\CelestialMechanics.Desktop\obj\Debug\net8.0-windows\CelestialMechanics.Desktop.genbundle.cache" (previous value: "obj\Debug\net8.0-windows\CelestialMechanics.Desktop.genbundle.cache") at C:\Program Files\dotnet\sdk\8.0.419\Sdks\Microsoft.NET.Sdk\targets\Microsoft.NET.Sdk.targets (48,5)
                   Property reassignment: $(GenerateRuntimeConfigDevFile)="false" (previous value: "true") at C:\Program Files\dotnet\sdk\8.0.419\Sdks\Microsoft.NET.Sdk\targets\Microsoft.NET.Sdk.targets (81,5)
                   Property reassignment: $(_DefaultUserProfileRuntimeStorePath)="C:\Users\Lenovo" (previous value: "") at C:\Program Files\dotnet\sdk\8.0.419\Sdks\Microsoft.NET.Sdk\targets\Microsoft.NET.Sdk.targets (97,5)
                   Property reassignment: $(_DefaultUserProfileRuntimeStorePath)="C:\Users\Lenovo\.dotnet\store" (previous value: "C:\Users\Lenovo") at C:\Program Files\dotnet\sdk\8.0.419\Sdks\Microsoft.NET.Sdk\targets\Microsoft.NET.Sdk.targets (98,5)
                   Property reassignment: $(AvailablePlatforms)="Any CPU,x86,x64,ARM32" (previous value: "Any CPU,x86,x64") at C:\Program Files\dotnet\sdk\8.0.419\Sdks\Microsoft.NET.Sdk\targets\Microsoft.NET.Sdk.targets (136,5)
                   Property reassignment: $(AvailablePlatforms)="Any CPU,x86,x64,ARM32,ARM64" (previous value: "Any CPU,x86,x64,ARM32") at C:\Program Files\dotnet\sdk\8.0.419\Sdks\Microsoft.NET.Sdk\targets\Microsoft.NET.Sdk.targets (140,5)
                   Property reassignment: $(CoreBuildDependsOn)="
                         _CheckForBuildWithNoBuild;
                         
                         BuildOnlySettings;
                         PrepareForBuild;
                         PreBuildEvent;
                         ResolveReferences;
                         PrepareResources;
                         ResolveKeySource;
                         Compile;
                         ExportWindowsMDFile;
                         UnmanagedUnregistration;
                         GenerateSerializationAssemblies;
                         CreateSatelliteAssemblies;
                         GenerateManifests;
                         GetTargetPath;
                         PrepareForRun;
                         UnmanagedRegistration;
                         IncrementalClean;
                         PostBuildEvent
                       ;
                         GenerateBuildDependencyFile;
                         GenerateBuildRuntimeConfigurationFiles
                       " (previous value: "
                         BuildOnlySettings;
                         PrepareForBuild;
                         PreBuildEvent;
                         ResolveReferences;
                         PrepareResources;
                         ResolveKeySource;
                         Compile;
                         ExportWindowsMDFile;
                         UnmanagedUnregistration;
                         GenerateSerializationAssemblies;
                         CreateSatelliteAssemblies;
                         GenerateManifests;
                         GetTargetPath;
                         PrepareForRun;
                         UnmanagedRegistration;
                         IncrementalClean;
                         PostBuildEvent
                       ") at C:\Program Files\dotnet\sdk\8.0.419\Sdks\Microsoft.NET.Sdk\targets\Microsoft.NET.Sdk.targets (197,5)
                   Property reassignment: $(CoreCleanDependsOn)="
                         _SdkBeforeClean;
                         
                       " (previous value: "") at C:\Program Files\dotnet\sdk\8.0.419\Sdks\Microsoft.NET.Sdk\targets\Microsoft.NET.Sdk.targets (206,5)
                   Property reassignment: $(RebuildDependsOn)="
                         _SdkBeforeRebuild;
                         
                         BeforeRebuild;
                         Clean;
                         Build;
                         AfterRebuild;
                       
                       " (previous value: "
                         BeforeRebuild;
                         Clean;
                         Build;
                         AfterRebuild;
                       ") at C:\Program Files\dotnet\sdk\8.0.419\Sdks\Microsoft.NET.Sdk\targets\Microsoft.NET.Sdk.targets (213,5)
                   Property reassignment: $(CompileDependsOn)="
                         
                         ResolveReferences;
                         ResolveKeySource;
                         SetWin32ManifestProperties;
                         _SetPreferNativeArm64Win32ManifestProperties;
                         FindReferenceAssembliesForReferences;
                         _GenerateCompileInputs;
                         BeforeCompile;
                         _TimeStampBeforeCompile;
                         _GenerateCompileDependencyCache;
                         CoreCompile;
                         _TimeStampAfterCompile;
                         AfterCompile;
                       ;
                         _CreateAppHost;
                         _CreateComHost;
                         _GetIjwHostPaths;
                       " (previous value: "
                         ResolveReferences;
                         ResolveKeySource;
                         SetWin32ManifestProperties;
                         _SetPreferNativeArm64Win32ManifestProperties;
                         FindReferenceAssembliesForReferences;
                         _GenerateCompileInputs;
                         BeforeCompile;
                         _TimeStampBeforeCompile;
                         _GenerateCompileDependencyCache;
                         CoreCompile;
                         _TimeStampAfterCompile;
                         AfterCompile;
                       ") at C:\Program Files\dotnet\sdk\8.0.419\Sdks\Microsoft.NET.Sdk\targets\Microsoft.NET.Sdk.targets (679,5)
                   Property reassignment: $(CreateSatelliteAssembliesDependsOn)="
                         
                         ;
                         _GenerateSatelliteAssemblyInputs;
                         ComputeIntermediateSatelliteAssemblies;
                         GenerateSatelliteAssemblies
                       ;
                         CoreGenerateSatelliteAssemblies
                       " (previous value: "
                         ;
                         _GenerateSatelliteAssemblyInputs;
                         ComputeIntermediateSatelliteAssemblies;
                         GenerateSatelliteAssemblies
                       ") at C:\Program Files\dotnet\sdk\8.0.419\Sdks\Microsoft.NET.Sdk\targets\Microsoft.NET.Sdk.targets (1065,5)
                   Property reassignment: $(SourceLinkUrlInitializerTargets)=";_InitializeGitHubSourceLinkUrl;_InitializeGitLabSourceLinkUrl" (previous value: ";_InitializeGitHubSourceLinkUrl") at C:\Program Files\dotnet\sdk\8.0.419\Sdks\Microsoft.SourceLink.GitLab\build\Microsoft.SourceLink.GitLab.targets (12,5)
                   Property reassignment: $(SourceControlManagerUrlTranslationTargets)=";TranslateGitHubUrlsInSourceControlInformation;TranslateGitLabUrlsInSourceControlInformation" (previous value: ";TranslateGitHubUrlsInSourceControlInformation") at C:\Program Files\dotnet\sdk\8.0.419\Sdks\Microsoft.SourceLink.GitLab\build\Microsoft.SourceLink.GitLab.targets (13,5)
                   Property reassignment: $(SourceLinkUrlInitializerTargets)=";_InitializeGitHubSourceLinkUrl;_InitializeGitLabSourceLinkUrl;_InitializeAzureReposGitSourceLinkUrl" (previous value: ";_InitializeGitHubSourceLinkUrl;_InitializeGitLabSourceLinkUrl") at C:\Program Files\dotnet\sdk\8.0.419\Sdks\Microsoft.SourceLink.AzureRepos.Git\build\Microsoft.SourceLink.AzureRepos.Git.targets (12,5)
                   Property reassignment: $(SourceControlManagerUrlTranslationTargets)=";TranslateGitHubUrlsInSourceControlInformation;TranslateGitLabUrlsInSourceControlInformation;TranslateAzureReposGitUrlsInSourceControlInformation" (previous value: ";TranslateGitHubUrlsInSourceControlInformation;TranslateGitLabUrlsInSourceControlInformation") at C:\Program Files\dotnet\sdk\8.0.419\Sdks\Microsoft.SourceLink.AzureRepos.Git\build\Microsoft.SourceLink.AzureRepos.Git.targets (13,5)
                   Property reassignment: $(SourceLinkUrlInitializerTargets)=";_InitializeGitHubSourceLinkUrl;_InitializeGitLabSourceLinkUrl;_InitializeAzureReposGitSourceLinkUrl;_InitializeBitbucketGitSourceLinkUrl" (previous value: ";_InitializeGitHubSourceLinkUrl;_InitializeGitLabSourceLinkUrl;_InitializeAzureReposGitSourceLinkUrl") at C:\Program Files\dotnet\sdk\8.0.419\Sdks\Microsoft.SourceLink.Bitbucket.Git\build\Microsoft.SourceLink.Bitbucket.Git.targets (12,5)
                   Property reassignment: $(SourceControlManagerUrlTranslationTargets)=";TranslateGitHubUrlsInSourceControlInformation;TranslateGitLabUrlsInSourceControlInformation;TranslateAzureReposGitUrlsInSourceControlInformation;TranslateBitbucketGitUrlsInSourceControlInformation" (previous value: ";TranslateGitHubUrlsInSourceControlInformation;TranslateGitLabUrlsInSourceControlInformation;TranslateAzureReposGitUrlsInSourceControlInformation") at C:\Program Files\dotnet\sdk\8.0.419\Sdks\Microsoft.SourceLink.Bitbucket.Git\build\Microsoft.SourceLink.Bitbucket.Git.targets (13,5)
                   Property reassignment: $(DesignerRuntimeImplementationProjectOutputGroupDependsOn)="
                         
                         ;
                         
                         ;
                         BuildOnlySettings;
                         PrepareForBuild;
                         AssignTargetPaths;
                         ResolveReferences
                       
                       ;
                         _GenerateDesignerDepsFile;
                         _GenerateDesignerRuntimeConfigFile;
                         GetCopyToOutputDirectoryItems;
                         _GatherDesignerShadowCopyFiles;
                       " (previous value: "
                         ;
                         
                         ;
                         BuildOnlySettings;
                         PrepareForBuild;
                         AssignTargetPaths;
                         ResolveReferences
                       
                       ") at C:\Program Files\dotnet\sdk\8.0.419\Sdks\Microsoft.NET.Sdk\targets\Microsoft.NET.DesignerSupport.targets (21,5)
                   Property reassignment: $(_GenerateToolsSettingsFileCacheFile)="C:\sharon\projects\celestial-mechanics-desktop\src\CelestialMechanics.Desktop\obj\Debug\net8.0-windows\CelestialMechanics.Desktop.toolssettingsinput.cache" (previous value: "obj\Debug\net8.0-windows\CelestialMechanics.Desktop.toolssettingsinput.cache") at C:\Program Files\dotnet\sdk\8.0.419\Sdks\Microsoft.NET.Sdk\targets\Microsoft.NET.PackTool.targets (68,5)
                   Property reassignment: $(_ShimInputCacheFile)="C:\sharon\projects\celestial-mechanics-desktop\src\CelestialMechanics.Desktop\obj\Debug\net8.0-windows\CelestialMechanics.Desktop.shiminput.cache" (previous value: "obj\Debug\net8.0-windows\CelestialMechanics.Desktop.shiminput.cache") at C:\Program Files\dotnet\sdk\8.0.419\Sdks\Microsoft.NET.Sdk\targets\Microsoft.NET.PackTool.targets (137,5)
                   Property reassignment: $(_ShimCreatedSentinelFile)="C:\sharon\projects\celestial-mechanics-desktop\src\CelestialMechanics.Desktop\obj\Debug\net8.0-windows\CelestialMechanics.Desktop.shimcreated.sentinel" (previous value: "obj\Debug\net8.0-windows\CelestialMechanics.Desktop.shimcreated.sentinel") at C:\Program Files\dotnet\sdk\8.0.419\Sdks\Microsoft.NET.Sdk\targets\Microsoft.NET.PackTool.targets (139,5)
                   Property reassignment: $(DefineConstants)="TRACE;DEBUG" (previous value: "TRACE") at C:\Program Files\dotnet\sdk\8.0.419\Sdks\Microsoft.NET.Sdk\targets\Microsoft.NET.Sdk.CSharp.targets (31,5)
                   Property reassignment: $(DefineConstants)="TRACE;DEBUG;NET;NET8_0;NETCOREAPP" (previous value: "TRACE;DEBUG") at C:\Program Files\dotnet\sdk\8.0.419\Sdks\Microsoft.NET.Sdk\targets\Microsoft.NET.Sdk.CSharp.targets (34,5)
                   Property reassignment: $(WarningsAsErrors)=";NU1605;SYSLIB0011" (previous value: ";NU1605") at C:\Program Files\dotnet\sdk\8.0.419\Sdks\Microsoft.NET.Sdk\targets\Microsoft.NET.Sdk.CSharp.targets (48,5)
                   Property reassignment: $(TargetPlatformVersion)="7.0" (previous value: "") at C:\Program Files\dotnet\sdk\8.0.419\Sdks\Microsoft.NET.Sdk\targets\Microsoft.NET.Windows.targets (34,5)
                   Property reassignment: $(SupportedOSPlatformVersion)="7.0" (previous value: "") at C:\Program Files\dotnet\sdk\8.0.419\Sdks\Microsoft.NET.Sdk\targets\Microsoft.NET.Windows.targets (44,5)
                   Property reassignment: $(TargetPlatformMinVersion)="7.0" (previous value: "") at C:\Program Files\dotnet\sdk\8.0.419\Sdks\Microsoft.NET.Sdk\targets\Microsoft.NET.Windows.targets (45,5)
                   Property reassignment: $(TargetPlatformDisplayName)="Windows 7.0" (previous value: "Windows ") at C:\Program Files\dotnet\sdk\8.0.419\Sdks\Microsoft.NET.Sdk\targets\Microsoft.NET.Sdk.targets (1347,5)
                   Property reassignment: $(_TargetFrameworkVersionValue)="8.0" (previous value: "0.0") at C:\Program Files\dotnet\sdk\8.0.419\Sdks\Microsoft.NET.Sdk.WindowsDesktop\targets\Microsoft.NET.Sdk.WindowsDesktop.targets (51,5)
                   Property reassignment: $(PrepareResourceNamesDependsOn)="
                                       AssignWinFXEmbeddedResource;
                                       
                         AssignTargetPaths;
                         SplitResourcesByCulture;
                         CreateManifestResourceNames;
                         CreateCustomManifestResourceNames
                       
                         " (previous value: "
                         AssignTargetPaths;
                         SplitResourcesByCulture;
                         CreateManifestResourceNames;
                         CreateCustomManifestResourceNames
                       ") at C:\Program Files\dotnet\sdk\8.0.419\Sdks\Microsoft.NET.Sdk.WindowsDesktop\targets\Microsoft.WinFX.targets (61,7)
                   Property reassignment: $(PrepareResourcesDependsOn)="
                                   MarkupCompilePass1;
                                   AfterMarkupCompilePass1;
                                   MarkupCompilePass2ForMainAssembly;
                                   FileClassification;
                                   MainResourcesGeneration;
                                   
                         ResolvePackageDependenciesForBuild;
                         _HandlePackageFileConflicts;
                         
                         ;
                         PrepareResourceNames;
                         ResGen;
                         CompileLicxFiles
                       
                       
                         " (previous value: "
                         ResolvePackageDependenciesForBuild;
                         _HandlePackageFileConflicts;
                         
                         ;
                         PrepareResourceNames;
                         ResGen;
                         CompileLicxFiles
                       
                       ") at C:\Program Files\dotnet\sdk\8.0.419\Sdks\Microsoft.NET.Sdk.WindowsDesktop\targets\Microsoft.WinFX.targets (69,7)
                   Property reassignment: $(CompileDependsOn)="
                           
                         
                         ResolveReferences;
                         ResolveKeySource;
                         SetWin32ManifestProperties;
                         _SetPreferNativeArm64Win32ManifestProperties;
                         FindReferenceAssembliesForReferences;
                         _GenerateCompileInputs;
                         BeforeCompile;
                         _TimeStampBeforeCompile;
                         _GenerateCompileDependencyCache;
                         CoreCompile;
                         _TimeStampAfterCompile;
                         AfterCompile;
                       ;
                         _CreateAppHost;
                         _CreateComHost;
                         _GetIjwHostPaths;
                       ;
                           _AfterCompileWinFXInternal
                       " (previous value: "
                         
                         ResolveReferences;
                         ResolveKeySource;
                         SetWin32ManifestProperties;
                         _SetPreferNativeArm64Win32ManifestProperties;
                         FindReferenceAssembliesForReferences;
                         _GenerateCompileInputs;
                         BeforeCompile;
                         _TimeStampBeforeCompile;
                         _GenerateCompileDependencyCache;
                         CoreCompile;
                         _TimeStampAfterCompile;
                         AfterCompile;
                       ;
                         _CreateAppHost;
                         _CreateComHost;
                         _GetIjwHostPaths;
                       ") at C:\Program Files\dotnet\sdk\8.0.419\Sdks\Microsoft.NET.Sdk.WindowsDesktop\targets\Microsoft.WinFX.targets (136,5)
                   Property reassignment: $(PublishBuildDependsOn)="
                               BuildOnlySettings;
                               PrepareForBuild;
                               ResolveReferences;
                               PrepareResources;
                               ResolveKeySource;
                               PrepareResourcesForSatelliteAssemblies;
                               GenerateSerializationAssemblies;
                               CreateSatelliteAssemblies;
                           " (previous value: "
                         BuildOnlySettings;
                         PrepareForBuild;
                         ResolveReferences;
                         PrepareResources;
                         ResolveKeySource;
                         GenerateSerializationAssemblies;
                         CreateSatelliteAssemblies;
                       ") at C:\Program Files\dotnet\sdk\8.0.419\Sdks\Microsoft.NET.Sdk.WindowsDesktop\targets\Microsoft.WinFX.targets (802,9)
                   Property reassignment: $(GenerateNuspecDependsOn)="Build;_LoadPackInputItems; _GetTargetFrameworksOutput; _WalkEachTargetPerFramework; _GetPackageFiles; " (previous value: "_LoadPackInputItems; _GetTargetFrameworksOutput; _WalkEachTargetPerFramework; _GetPackageFiles; ") at C:\Program Files\dotnet\sdk\8.0.419\Sdks\NuGet.Build.Tasks.Pack\build\NuGet.Build.Tasks.Pack.targets (59,5)
                   Property reassignment: $(_IsNotSetContainersTargetsDir)="true" (previous value: "false") at C:\Program Files\dotnet\sdk\8.0.419\Sdks\Microsoft.NET.Sdk\Sdk\Sdk.targets (59,5)
                   Property reassignment: $(_IsSDKContainerAllowedVersion)="true" (previous value: "false") at C:\Program Files\dotnet\sdk\8.0.419\Containers\build\Microsoft.NET.Build.Containers.targets (5,5)
                   Property reassignment: $(_ContainerIsTargetingNet8TFM)="true" (previous value: "false") at C:\Program Files\dotnet\sdk\8.0.419\Containers\build\Microsoft.NET.Build.Containers.targets (15,5)
                   Assembly loaded during Evaluation: System.Reflection.Emit.Lightweight, Version=8.0.0.0, Culture=neutral, PublicKeyToken=b03f5f7f11d50a3a (location: C:\Program Files\dotnet\shared\Microsoft.NETCore.App\8.0.25\System.Reflection.Emit.Lightweight.dll, MVID: 8cb69745-c699-490b-af20-efb951f9ab20, AssemblyLoadContext: Default)
                   Assembly loaded during Evaluation: System.Reflection.Emit.ILGeneration, Version=8.0.0.0, Culture=neutral, PublicKeyToken=b03f5f7f11d50a3a (location: C:\Program Files\dotnet\shared\Microsoft.NETCore.App\8.0.25\System.Reflection.Emit.ILGeneration.dll, MVID: 93b28bd4-15fd-436f-a9eb-e4ba8dadc38e, AssemblyLoadContext: Default)
                   Assembly loaded during Evaluation: System.Reflection.Primitives, Version=8.0.0.0, Culture=neutral, PublicKeyToken=b03f5f7f11d50a3a (location: C:\Program Files\dotnet\shared\Microsoft.NETCore.App\8.0.25\System.Reflection.Primitives.dll, MVID: 8db18b5f-c6d0-45a5-a5fc-da0ed6fd33c8, AssemblyLoadContext: Default)
                   Overriding target "ResolveFrameworkReferences" in project "C:\Program Files\dotnet\sdk\8.0.419\Microsoft.Common.CurrentVersion.targets" with target "ResolveFrameworkReferences" from project "C:\Program Files\dotnet\sdk\8.0.419\Sdks\Microsoft.NET.Sdk\targets\Microsoft.NET.Sdk.FrameworkReferenceResolution.targets".
                   Overriding target "Run" in project "C:\Program Files\dotnet\sdk\8.0.419\Microsoft.Common.CurrentVersion.targets" with target "Run" from project "C:\Program Files\dotnet\sdk\8.0.419\Sdks\Microsoft.NET.Sdk\targets\Microsoft.NET.Sdk.targets".
                   Overriding target "GenerateSupportedTargetFrameworkAlias" in project "C:\Program Files\dotnet\sdk\8.0.419\Microsoft.Common.CurrentVersion.targets" with target "GenerateSupportedTargetFrameworkAlias" from project "C:\Program Files\dotnet\sdk\8.0.419\Sdks\Microsoft.NET.Sdk\targets\Microsoft.NET.Sdk.targets".
                   Overriding target "GetReferenceAssemblyPaths" in project "C:\Program Files\dotnet\sdk\8.0.419\Microsoft.Common.CurrentVersion.targets" with target "GetReferenceAssemblyPaths" from project "C:\Program Files\dotnet\sdk\8.0.419\Sdks\Microsoft.NET.Sdk\targets\Microsoft.NET.DisableStandardFrameworkResolution.targets".
                   Overriding target "GetFrameworkPaths" in project "C:\Program Files\dotnet\sdk\8.0.419\Microsoft.Common.CurrentVersion.targets" with target "GetFrameworkPaths" from project "C:\Program Files\dotnet\sdk\8.0.419\Sdks\Microsoft.NET.Sdk\targets\Microsoft.NET.DisableStandardFrameworkResolution.targets".
                   Overriding target "DesignerRuntimeImplementationProjectOutputGroup" in project "C:\Program Files\dotnet\sdk\8.0.419\Microsoft.Common.CurrentVersion.targets" with target "DesignerRuntimeImplementationProjectOutputGroup" from project "C:\Program Files\dotnet\sdk\8.0.419\Sdks\Microsoft.NET.Sdk\targets\Microsoft.NET.DesignerSupport.targets".
                   Overriding target "Publish" in project "C:\Program Files\dotnet\sdk\8.0.419\Microsoft.Common.CurrentVersion.targets" with target "Publish" from project "C:\Program Files\dotnet\sdk\8.0.419\Sdks\Microsoft.NET.Sdk\targets\Microsoft.NET.Publish.targets".
                   Overriding target "ResolveReadyToRunCompilers" in project "C:\Program Files\dotnet\sdk\8.0.419\Sdks\Microsoft.NET.Sdk\targets\Microsoft.NET.CrossGen.targets" with target "ResolveReadyToRunCompilers" from project "C:\Program Files\dotnet\sdk\8.0.419\Sdks\Microsoft.NET.Sdk\targets\Microsoft.NET.Publish.targets".
                   Overriding target "GetCopyToPublishDirectoryItems" in project "C:\Program Files\dotnet\sdk\8.0.419\Microsoft.Common.CurrentVersion.targets" with target "GetCopyToPublishDirectoryItems" from project "C:\Program Files\dotnet\sdk\8.0.419\Sdks\Microsoft.NET.Sdk\targets\Microsoft.NET.Publish.targets".
                   Overriding target "SatelliteDllsProjectOutputGroup" in project "C:\Program Files\dotnet\sdk\8.0.419\Microsoft.Common.CurrentVersion.targets" with target "SatelliteDllsProjectOutputGroup" from project "C:\Program Files\dotnet\sdk\8.0.419\Sdks\Microsoft.NET.Sdk.WindowsDesktop\targets\Microsoft.WinFX.targets".
                   The target "ResolveNuGetPackageAssets" listed in an AfterTargets attribute at "C:\Users\Lenovo\.nuget\packages\system.text.json\9.0.9\buildTransitive\net8.0\System.Text.Json.targets (11,11)" does not exist in the project, and will be ignored.
                   The target "ResolveNuGetPackageAssets" listed in an AfterTargets attribute at "C:\Users\Lenovo\.nuget\packages\system.text.json\9.0.9\buildTransitive\net8.0\System.Text.Json.targets (23,11)" does not exist in the project, and will be ignored.
                   The target "ResolveNuGetPackageAssets" listed in an AfterTargets attribute at "C:\Users\Lenovo\.nuget\packages\microsoft.extensions.logging.abstractions\6.0.0\build\Microsoft.Extensions.Logging.Abstractions.targets (11,11)" does not exist in the project, and will be ignored.
                   The target "ResolveNuGetPackageAssets" listed in an AfterTargets attribute at "C:\Users\Lenovo\.nuget\packages\microsoft.extensions.logging.abstractions\6.0.0\build\Microsoft.Extensions.Logging.Abstractions.targets (23,11)" does not exist in the project, and will be ignored.
                   The target "ResolveNuGetPackageAssets" listed in an AfterTargets attribute at "C:\Users\Lenovo\.nuget\packages\communitytoolkit.mvvm\8.4.0\buildTransitive\CommunityToolkit.Mvvm.SourceGenerators.targets (13,11)" does not exist in the project, and will be ignored.
                   The target "ResolveNuGetPackageAssets" listed in an AfterTargets attribute at "C:\Users\Lenovo\.nuget\packages\communitytoolkit.mvvm\8.4.0\buildTransitive\CommunityToolkit.Mvvm.SourceGenerators.targets (25,11)" does not exist in the project, and will be ignored.
                   The target "ResolveNuGetPackageAssets" listed in an AfterTargets attribute at "C:\Users\Lenovo\.nuget\packages\communitytoolkit.mvvm\8.4.0\buildTransitive\CommunityToolkit.Mvvm.SourceGenerators.targets (112,11)" does not exist in the project, and will be ignored.
13:12:34.996     0>Initial Properties:
                   __DisableWorkloadResolverSentinelPath = C:\Program Files\dotnet\sdk\8.0.419\DisableWorkloadResolver.sentinel
                   __WindowsAppSdkDefaultImageIncludes = **/*.png;**/*.bmp;**/*.jpg;**/*.dds;**/*.tif;**/*.tga;**/*.gif
                   _AfterCompileWinFXInternalDependsOn = 
                           PrepareResourcesForSatelliteAssemblies;
                           MergeLocalizationDirectives;
                           AfterCompileWinFX
                       
                   _AfterSdkPublishDependsOn = Publish
                   _BeforePublishNoBuildTargets = 
                         BuildOnlySettings;
                         _PreventProjectReferencesFromBuilding;
                         ResolveReferences;
                         PrepareResourceNames;
                         ComputeIntermediateSatelliteAssemblies;
                         ComputeEmbeddedApphostPaths;
                       
                   _BinaryFormatterObsoleteAsError = true
                   _ComHostLibraryExtension = .dll
                   _CommunityToolkitMvvmFeatureSwitchesTargets = C:\Users\Lenovo\.nuget\packages\communitytoolkit.mvvm\8.4.0\buildTransitive\CommunityToolkit.Mvvm.FeatureSwitches.targets
                   _CommunityToolkitMvvmSourceGeneratorsTargets = C:\Users\Lenovo\.nuget\packages\communitytoolkit.mvvm\8.4.0\buildTransitive\CommunityToolkit.Mvvm.SourceGenerators.targets
                   _CommunityToolkitMvvmWindowsSdkTargets = C:\Users\Lenovo\.nuget\packages\communitytoolkit.mvvm\8.4.0\buildTransitive\CommunityToolkit.Mvvm.WindowsSdk.targets
                   _CommunityToolkitMvvmWindowsTargets = C:\Users\Lenovo\.nuget\packages\communitytoolkit.mvvm\8.4.0\buildTransitive\CommunityToolkit.Mvvm.Windows.targets
                   _CompileTargetNameForLocalType = _CompileTemporaryAssembly
                   _CompileTemporaryAssemblyDependsOn = BuildOnlySettings;ResolveKeySource;ResolveProjectReferences;CoreCompile
                   _ContainerIsSelfContained = false
                   _ContainerIsTargetingNet8TFM = true
                   _ContainersTargetsDir = C:\Program Files\dotnet\sdk\8.0.419\Sdks\Microsoft.NET.Sdk\Sdk\..\..\..\Containers\build\
                   _CorePublishTargets = 
                         PrepareForPublish;
                         ComputeAndCopyFilesToPublishDirectory;
                         ;
                         PublishItemsOutputGroup;
                       
                   _DebugSymbolsProduced = true
                   _DefaultArtifactsPathPropsImported = true
                   _DefaultUserProfileRuntimeStorePath = C:\Users\Lenovo\.dotnet\store
                   _DeploymentApplicationManifestIdentity = CelestialMechanics.Desktop.exe
                   _DeploymentBuiltUpdateInterval = 0
                   _DeploymentBuiltUpdateIntervalUnits = Days
                   _DeploymentDeployManifestIdentity = CelestialMechanics.Desktop.application
                   _DeploymentFileMappingExtension = 
                   _DeploymentLauncherBased = true
                   _DeploymentPublishableProjectDefault = true
                   _DeploymentTargetApplicationManifestFileName = CelestialMechanics.Desktop.dll.manifest
                   _DeploymentUrl = 
                   _DesignerDepsFileName = CelestialMechanics.Desktop.designer.deps.json
                   _DesignerDepsFilePath = obj\Debug\net8.0-windows\CelestialMechanics.Desktop.designer.deps.json
                   _DesignerRuntimeConfigFileName = CelestialMechanics.Desktop.designer.runtimeconfig.json
                   _DesignerRuntimeConfigFilePath = obj\Debug\net8.0-windows\CelestialMechanics.Desktop.designer.runtimeconfig.json
                   _DirectoryBuildPropsBasePath = 
                   _DirectoryBuildPropsFile = Directory.Build.props
                   _DirectoryBuildTargetsBasePath = 
                   _DirectoryBuildTargetsFile = Directory.Build.targets
                   _DirectoryPackagesPropsBasePath = 
                   _DirectoryPackagesPropsFile = Directory.Packages.props
                   _DocumentationFileProduced = false
                   _DotNetAppHostExecutableName = apphost.exe
                   _DotNetAppHostExecutableNameWithoutExtension = apphost
                   _DotNetComHostLibraryName = comhost.dll
                   _DotNetComHostLibraryNameWithoutExtension = comhost
                   _DotNetHostExecutableName = dotnet.exe
                   _DotNetHostFxrLibraryName = libhostfxr.so
                   _DotNetHostPolicyLibraryName = libhostpolicy.so
                   _DotNetIjwHostLibraryName = Ijwhost.dll
                   _DotNetIjwHostLibraryNameWithoutExtension = Ijwhost
                   _DotNetSingleFileHostExecutableNameWithoutExtension = singlefilehost
                   _EnableDefaultWindowsPlatform = false
                   _EnableWindowsDesktopGlobbing = true
                   _EnableWindowsDesktopNetCoreFrameworkReferences = true
                   _FrameworkIdentifierForImplicitDefine = NET
                   _FrameworkVersionForImplicitDefine = 8_0
                   _GenerateBindingRedirectsIntermediateAppConfig = obj\Debug\net8.0-windows\CelestialMechanics.Desktop.dll.config
                   _GeneratePublishDependencyFilePropertyInputsCache = C:\sharon\projects\celestial-mechanics-desktop\src\CelestialMechanics.Desktop\obj\Debug\net8.0-windows\CelestialMechanics.Desktop.genpublishdeps.cache
                   _GenerateRestoreGraphProjectEntryInputProperties = ExcludeRestorePackageImports=true
                   _GenerateRuntimeConfigurationPropertyInputsCache = C:\sharon\projects\celestial-mechanics-desktop\src\CelestialMechanics.Desktop\obj\Debug\net8.0-windows\CelestialMechanics.Desktop.genruntimeconfig.cache
                   _GenerateSingleFileBundlePropertyInputsCache = C:\sharon\projects\celestial-mechanics-desktop\src\CelestialMechanics.Desktop\obj\Debug\net8.0-windows\CelestialMechanics.Desktop.genbundle.cache
                   _GenerateSourceLinkFileBeforeTargets = CoreCompile
                   _GenerateSourceLinkFileDependsOnTargets = 
                   _GenerateSupportedRuntimeIntermediateAppConfig = obj\Debug\net8.0-windows\CelestialMechanics.Desktop.dll.withSupportedRuntime.config
                   _GenerateToolsSettingsFileCacheFile = C:\sharon\projects\celestial-mechanics-desktop\src\CelestialMechanics.Desktop\obj\Debug\net8.0-windows\CelestialMechanics.Desktop.toolssettingsinput.cache
                   _GetChildProjectCopyToOutputDirectoryItems = true
                   _GetChildProjectCopyToPublishDirectoryItems = true
                   _IjwHostLibraryExtension = .dll
                   _InitialBaseIntermediateOutputPath = obj\
                   _InitialMSBuildProjectExtensionsPath = C:\sharon\projects\celestial-mechanics-desktop\src\CelestialMechanics.Desktop\obj\
                   _IsExecutable = true
                   _IsNETCoreOrNETStandard = true
                   _IsNotSetContainersTargetsDir = true
                   _IsSDKContainerAllowedVersion = true
                   _LatestAnalysisLevel = 8.0
                   _MaxSupportedLangVersion = 12.0
                   _MicrosoftNETSdkWindowsDesktop = true
                   _MicrosoftSourceLinkCommonAssemblyFile = C:\Program Files\dotnet\sdk\8.0.419\Sdks\Microsoft.SourceLink.Common\build\..\tools\core\Microsoft.SourceLink.Common.dll
                   _MinimumNonEolSupportedNetCoreTargetFramework = net8.0
                   _MvvmToolkitIsUsingWindowsRuntimePack = false
                   _NativeExecutableExtension = .exe
                   _NativeLibraryExtension = .so
                   _NativeLibraryPrefix = lib
                   _NETAnalyzersSDKAssemblyVersion = 8.0.0
                   _NETCoreSdkIsPreview = false
                   _NetFrameworkHostedCompilersVersion = 4.11.0-3.25569.22
                   _NoneAnalysisLevel = 4.0
                   _NugetFallbackFolder = C:\Program Files\dotnet\sdk\8.0.419\Sdks\Microsoft.NET.Sdk\targets\..\..\..\..\NuGetFallbackFolder
                   _NugetTargetMonikerAndRID = .NETCoreApp,Version=v8.0
                   _OriginalConfiguration = Debug
                   _OriginalPlatform = AnyCPU
                   _PackToolPublishDependency = _PublishBuildAlternative
                   _PlatformWithoutConfigurationInference = AnyCPU
                   _PresentationBuildTasksAssembly = C:\Program Files\dotnet\sdk\8.0.419\Sdks\Microsoft.NET.Sdk.WindowsDesktop\tools\net8.0\PresentationBuildTasks.dll
                   _PresentationBuildTasksTfm = net8.0
                   _PreviewAnalysisLevel = 9.0
                   _ProjectDefaultTargets = Build
                   _ProjectTypeRequiresBinaryFormatter = true
                   _PublishNoBuildAlternativeDependsOn = 
                         BuildOnlySettings;
                         _PreventProjectReferencesFromBuilding;
                         ResolveReferences;
                         PrepareResourceNames;
                         ComputeIntermediateSatelliteAssemblies;
                         ComputeEmbeddedApphostPaths;
                       ;
                         PrepareForPublish;
                         ComputeAndCopyFilesToPublishDirectory;
                         ;
                         PublishItemsOutputGroup;
                       
                   _PublishProfileDesignerFolder = Properties
                   _PublishProfileRootFolder = C:\sharon\projects\celestial-mechanics-desktop\src\CelestialMechanics.Desktop\Properties\PublishProfiles\
                   _RecursiveTargetForContentCopying = GetCopyToOutputDirectoryItems
                   _RemoveUnsupportedTargetFrameworksForWindowsDesktop = true
                   _RequireMCPass2ForMainAssembly = false
                   _RequireMCPass2ForSatelliteAssemblyOnly = false
                   _ResolveProjectReferencesTargetName = ResolveProjectReferences
                   _ResolveReferenceDependencies = false
                   _ResourceNameInMainAssembly = CelestialMechanics.Desktop.g.resources
                   _RuntimeIdentifierUsesAppHost = true
                   _RuntimePackInWorkloadVersion6 = 6.0.36
                   _RuntimePackInWorkloadVersion7 = 7.0.20
                   _RuntimePackInWorkloadVersionCurrent = 8.0.25
                   _SGenDllCreated = false
                   _SGenDllName = CelestialMechanics.Desktop.XmlSerializers.dll
                   _SGenGenerateSerializationAssembliesConfig = Off
                   _ShimCreatedSentinelFile = C:\sharon\projects\celestial-mechanics-desktop\src\CelestialMechanics.Desktop\obj\Debug\net8.0-windows\CelestialMechanics.Desktop.shimcreated.sentinel
                   _ShimInputCacheFile = C:\sharon\projects\celestial-mechanics-desktop\src\CelestialMechanics.Desktop\obj\Debug\net8.0-windows\CelestialMechanics.Desktop.shiminput.cache
                   _SourceLinkAzureReposGitAssemblyFile = C:\Program Files\dotnet\sdk\8.0.419\Sdks\Microsoft.SourceLink.AzureRepos.Git\build\..\tools\core\Microsoft.SourceLink.AzureRepos.Git.dll
                   _SourceLinkBitbucketAssemblyFile = C:\Program Files\dotnet\sdk\8.0.419\Sdks\Microsoft.SourceLink.Bitbucket.Git\build\..\tools\core\Microsoft.SourceLink.Bitbucket.Git.dll
                   _SourceLinkGitHubAssemblyFile = C:\Program Files\dotnet\sdk\8.0.419\Sdks\Microsoft.SourceLink.GitHub\build\..\tools\core\Microsoft.SourceLink.GitHub.dll
                   _SourceLinkGitLabAssemblyFile = C:\Program Files\dotnet\sdk\8.0.419\Sdks\Microsoft.SourceLink.GitLab\build\..\tools\core\Microsoft.SourceLink.GitLab.dll
                   _SourceLinkPropsImported = true
                   _SourceLinkSdkSubDir = build
                   _SupportedArchitectures = amd64 arm64
                   _SupportedPlatformList = @(SupportedPlatform, ',')
                   _TargetFrameworkDirectories = 
                   _TargetFrameworkVersionValue = 8.0
                   _TargetFrameworkVersionWithoutV = 8.0
                   _TargetLatestRuntimePatchIsDefault = true
                   _TargetsThatPrepareProjectReferences = 
                         AssignProjectConfiguration;
                         _SplitProjectReferencesByFileExistence
                       
                   _ToolsSettingsFilePath = obj\DotnetToolSettings.xml
                   _UndefinedTargetFrameworkVersion = 0.0
                   _UseAttributeForTargetFrameworkInfoPropertyNames = true
                   _UsingDefaultForHasRuntimeOutput = true
                   _UsingDefaultPlatformTarget = true
                   _WindowsDesktopSdkTargetFrameworkVersionFloor = 3.0
                   _WorkloadLibraryPacksFolder = C:\Program Files\dotnet\library-packs
                   AddAdditionalExplicitAssemblyReferences = false
                   AddAppConfigToBuildOutputs = true
                   AfterMicrosoftNETSdkTargets = ;C:\Program Files\dotnet\sdk\8.0.419\Sdks\Microsoft.NET.Sdk\targets\../../Microsoft.NET.Sdk.WindowsDesktop/targets/Microsoft.NET.Sdk.WindowsDesktop.targets
                   AllowedOutputExtensionsInPackageBuildOutputFolder = .dll; .exe; .winmd; .json; .pri; .xml ;
                   AllowedOutputExtensionsInSymbolsPackageBuildOutputFolder = .pdb; .mdb; .dll; .exe; .winmd; .json; .pri; .xml ;; 
                   AllowedReferenceAssemblyFileExtensions = 
                         .winmd;
                         .dll;
                         .exe
                       
                   AllowedReferenceRelatedFileExtensions = 
                         .pdb;
                         .xml;
                         .pri;
                         .dll.config;
                         .exe.config
                       
                   AllowUnsafeBlocks = true
                   AlwaysCompileMarkupFilesInSeparateDomain = true
                   AlwaysIncludeCoreFrameworkInRuntimeConfig = true
                   AlwaysUseNumericalSuffixInItemNames = true
                   AnalysisLevel = latest
                   ApiCompatValidatePackageSemaphoreFile = obj\Debug\net8.0-windows\Microsoft.NET.ApiCompat.ValidatePackage.semaphore
                   AppDesignerFolder = Properties
                   AppendPlatformToOutputPath = false
                   AppendRuntimeIdentifierToOutputPath = true
                   AppendTargetFrameworkToOutputPath = true
                   ApplicationIcon = app.ico
                   AssemblyFoldersConfigFile = C:\Program Files\dotnet\sdk\8.0.419\AssemblyFolders.config
                   AssemblyFoldersSuffix = AssemblyFoldersEx
                   AssemblyName = CelestialMechanics.Desktop
                   AssemblySearchPaths = {CandidateAssemblyFiles};{HintPathFromItem};{TargetFrameworkDirectory};{RawFileName}
                   AssemblyTitle = CelestialMechanics.Desktop
                   AssetTargetFallback = ;net461;net462;net47;net471;net472;net48;net481
                   AssignTargetPathsDependsOn = 
                   Authors = CelestialMechanics.Desktop
                   AutomaticallyUseReferenceAssemblyPackages = true
                   AutoUnifyAssemblyReferences = true
                   AvailablePlatforms = Any CPU,x86,x64,ARM32,ARM64
                   BackwardsCompatFrameworkDefine = NETCOREAPP
                   BaseIntermediateOutputPath = obj\
                   BaseOutputPath = bin\
                   BaseOutputPathWasSpecified = true
                   BuildCompileAction = Build
                   BuildDependsOn = 
                         BeforeBuild;
                         CoreBuild;
                         AfterBuild
                       
                   BuildGenerateSourcesAction = Build
                   BuildingProject = false
                   BuildInParallel = true
                   BuildLinkAction = Build
                   BuildOutputTargetFolder = lib
                   BuildProjectReferences = false
                   BuiltProjectOutputGroupDependenciesDependsOn = 
                         ;
                         
                         ;
                         BuildOnlySettings;
                         PrepareForBuild;
                         AssignTargetPaths;
                         ResolveReferences
                       
                       
                   BuiltProjectOutputGroupDependsOn = PrepareForBuild
                   BundledNETCoreAppPackageVersion = 8.0.25
                   BundledNETCoreAppTargetFrameworkVersion = 8.0
                   BundledNETCorePlatformsPackageVersion = 8.0.25-servicing.26112.3
                   BundledNETStandardPackageVersion = 2.1.0
                   BundledNETStandardTargetFrameworkVersion = 2.1
                   BundledRuntimeIdentifierGraphFile = C:\Program Files\dotnet\sdk\8.0.419\RuntimeIdentifierGraph.json
                   CheckEolTargetFramework = true
                   CheckEolWorkloads = true
                   CheckForOverflowUnderflow = false
                   CleanDependsOn = 
                         BeforeClean;
                         UnmanagedUnregistration;
                         CoreClean;
                         CleanReferencedProjects;
                         CleanPublishFolder;
                         AfterClean
                       
                   CleanFile = CelestialMechanics.Desktop.csproj.FileListAbsolute.txt
                   ClickOncePublishDir = bin\Debug\net8.0-windows\publish\
                   CodeAnalysisRuleIds = CA1000;CA1001;CA1002;CA1003;CA1005;CA1008;CA1010;CA1012;CA1014;CA1016;CA1017;CA1018;CA1019;CA1021;CA1024;CA1027;CA1028;CA1030;CA1031;CA1032;CA1033;CA1034;CA1036;CA1040;CA1041;CA1043;CA1044;CA1045;CA1046;CA1047;CA1050;CA1051;CA1052;CA1054;CA1055;CA1056;CA1058;CA1060;CA1061;CA1062;CA1063;CA1064;CA1065;CA1066;CA1067;CA1068;CA1069;CA1070;CA1200;CA1303;CA1304;CA1305;CA1307;CA1308;CA1309;CA1310;CA1311;CA1401;CA1416;CA1417;CA1418;CA1419;CA1420;CA1421;CA1422;CA1501;CA1502;CA1505;CA1506;CA1507;CA1508;CA1509;CA1510;CA1511;CA1512;CA1513;CA1700;CA1707;CA1708;CA1710;CA1711;CA1712;CA1713;CA1715;CA1716;CA1720;CA1721;CA1724;CA1725;CA1727;CA1802;CA1805;CA1806;CA1810;CA1812;CA1813;CA1814;CA1815;CA1816;CA1819;CA1820;CA1821;CA1822;CA1823;CA1824;CA1825;CA1826;CA1827;CA1828;CA1829;CA1830;CA1831;CA1832;CA1833;CA1834;CA1835;CA1836;CA1837;CA1838;CA1839;CA1840;CA1841;CA1842;CA1843;CA1844;CA1845;CA1846;CA1847;CA1848;CA1849;CA1850;CA1851;CA1852;CA1853;CA1854;CA1855;CA1856;CA1857;CA1858;CA1859;CA1860;CA1861;CA1862;CA1863;CA1864;CA1865;CA1866;CA1867;CA1868;CA1869;CA1870;CA2000;CA2002;CA2007;CA2008;CA2009;CA2011;CA2012;CA2013;CA2014;CA2015;CA2016;CA2017;CA2018;CA2019;CA2020;CA2021;CA2100;CA2101;CA2119;CA2153;CA2200;CA2201;CA2207;CA2208;CA2211;CA2213;CA2214;CA2215;CA2216;CA2217;CA2218;CA2219;CA2224;CA2225;CA2226;CA2227;CA2231;CA2234;CA2235;CA2237;CA2241;CA2242;CA2243;CA2244;CA2245;CA2246;CA2247;CA2248;CA2249;CA2250;CA2251;CA2252;CA2253;CA2254;CA2255;CA2256;CA2257;CA2258;CA2259;CA2260;CA2261;CA2300;CA2301;CA2302;CA2305;CA2310;CA2311;CA2312;CA2315;CA2321;CA2322;CA2326;CA2327;CA2328;CA2329;CA2330;CA2350;CA2351;CA2352;CA2353;CA2354;CA2355;CA2356;CA2361;CA2362;CA3001;CA3002;CA3003;CA3004;CA3005;CA3006;CA3007;CA3008;CA3009;CA3010;CA3011;CA3012;CA3061;CA3075;CA3076;CA3077;CA3147;CA5350;CA5351;CA5358;CA5359;CA5360;CA5361;CA5362;CA5363;CA5364;CA5365;CA5366;CA5367;CA5368;CA5369;CA5370;CA5371;CA5372;CA5373;CA5374;CA5375;CA5376;CA5377;CA5378;CA5379;CA5380;CA5381;CA5382;CA5383;CA5384;CA5385;CA5386;CA5387;CA5388;CA5389;CA5390;CA5391;CA5392;CA5393;CA5394;CA5395;CA5396;CA5397;CA5398;CA5399;CA5400;CA5401;CA5402;CA5403;CA5404;CA5405
                   CodeAnalysisTargets = C:\Program Files\dotnet\sdk\8.0.419\Microsoft\VisualStudio\v17.0\CodeAnalysis\Microsoft.CodeAnalysis.targets
                   CommandLineArgsForDesignTimeEvaluation = -langversion:12.0 -define:TRACE
                   CommonOutputGroupsDependsOn = 
                         ;
                         BuildOnlySettings;
                         PrepareForBuild;
                         AssignTargetPaths;
                         ResolveReferences
                       
                   CommonTargetsPath = C:\Program Files\dotnet\sdk\8.0.419\Microsoft.Common.CurrentVersion.targets
                   CommonXamlResourcesDirectory = C:\Program Files\dotnet\sdk\8.0.419\\
                   Company = Celestial Mechanics Project
                   CompileDependsOn = 
                           
                         
                         ResolveReferences;
                         ResolveKeySource;
                         SetWin32ManifestProperties;
                         _SetPreferNativeArm64Win32ManifestProperties;
                         FindReferenceAssembliesForReferences;
                         _GenerateCompileInputs;
                         BeforeCompile;
                         _TimeStampBeforeCompile;
                         _GenerateCompileDependencyCache;
                         CoreCompile;
                         _TimeStampAfterCompile;
                         AfterCompile;
                       ;
                         _CreateAppHost;
                         _CreateComHost;
                         _GetIjwHostPaths;
                       ;
                           _AfterCompileWinFXInternal
                       
                   CompileLicxFilesDependsOn = 
                   CompilerApiVersion = roslyn4.11
                   CompilerGeneratedFilesOutputPath = 
                   ComputeIntermediateSatelliteAssembliesDependsOn = 
                         CreateManifestResourceNames
                       
                   ComputeNETCoreBuildOutputFiles = true
                   ComReferenceExecuteAsTool = false
                   ComReferenceNoClassMembers = false
                   Configuration = Debug
                   ConfigurationName = Debug
                   Configurations = Debug;Release
                   ConsiderPlatformAsProcessorArchitecture = true
                   ContainerCustomTasksAssembly = C:\Program Files\dotnet\sdk\8.0.419\Containers\build\..\tasks\net8.0\Microsoft.NET.Build.Containers.dll
                   ContainerCustomTasksFolder = C:\Program Files\dotnet\sdk\8.0.419\Containers\build\..\tasks\net8.0\
                   ContainerizeFolder = C:\Program Files\dotnet\sdk\8.0.419\Containers\build\..\containerize\
                   ContainerizeFolderName = containerize
                   ContainerTaskFolderName = tasks
                   ContainerTaskFramework = net8.0
                   ContentFilesProjectOutputGroupDependsOn = PrepareForBuild;AssignTargetPaths
                   ContentPreprocessorOutputDirectory = obj\Debug\net8.0-windows\NuGet\
                   ContentTargetFolders = content;contentFiles
                   ContinueOnError = false
                   CopyBuildOutputToPublishDirectory = true
                   CopyConflictingTransitiveContent = false
                   CopyLocalLockFileAssemblies = true
                   CopyOutputSymbolsToPublishDirectory = true
                   CoreBuildDependsOn = 
                         _CheckForBuildWithNoBuild;
                         
                         BuildOnlySettings;
                         PrepareForBuild;
                         PreBuildEvent;
                         ResolveReferences;
                         PrepareResources;
                         ResolveKeySource;
                         Compile;
                         ExportWindowsMDFile;
                         UnmanagedUnregistration;
                         GenerateSerializationAssemblies;
                         CreateSatelliteAssemblies;
                         GenerateManifests;
                         GetTargetPath;
                         PrepareForRun;
                         UnmanagedRegistration;
                         IncrementalClean;
                         PostBuildEvent
                       ;
                         GenerateBuildDependencyFile;
                         GenerateBuildRuntimeConfigurationFiles
                       
                   CoreCleanDependsOn = 
                         _SdkBeforeClean;
                         
                       
                   CoreCompileDependsOn = ;_ComputeNonExistentFileProperty;ResolveCodeAnalysisRuleSet
                   CoreResGenDependsOn = FindReferenceAssembliesForReferences
                   CreateCustomManifestResourceNamesDependsOn = 
                   CreateHardLinksForCopyAdditionalFilesIfPossible = false
                   CreateManifestResourceNamesDependsOn = 
                   CreateSatelliteAssembliesDependsOn = 
                         
                         ;
                         _GenerateSatelliteAssemblyInputs;
                         ComputeIntermediateSatelliteAssemblies;
                         GenerateSatelliteAssemblies
                       ;
                         CoreGenerateSatelliteAssemblies
                       
                   CreateSymbolicLinksForCopyAdditionalFilesIfPossible = false
                   CSharpCoreTargetsPath = C:\Program Files\dotnet\sdk\8.0.419\Roslyn\Microsoft.CSharp.Core.targets
                   CSharpDesignTimeTargetsPath = C:\Program Files\dotnet\sdk\8.0.419\\Microsoft\VisualStudio\Managed\Microsoft.CSharp.DesignTime.targets
                   CSharpTargetsPath = C:\Program Files\dotnet\sdk\8.0.419\Microsoft.CSharp.CurrentVersion.targets
                   CustomAfterDirectoryBuildProps = ;C:\Program Files\dotnet\sdk\8.0.419\Sdks\Microsoft.NET.Sdk\Sdk\UseArtifactsOutputPath.props
                   CustomAfterMicrosoftCommonProps = C:\Program Files\dotnet\sdk\8.0.419\\vCurrent\Custom.After.Microsoft.Common.props
                   CustomAfterMicrosoftCommonTargets = C:\Program Files\dotnet\sdk\8.0.419\\vCurrent\Custom.After.Microsoft.Common.targets
                   CustomAfterMicrosoftCSharpTargets = C:\Program Files\dotnet\sdk\8.0.419\\vCurrent\Custom.After.Microsoft.CSharp.targets
                   CustomBeforeMicrosoftCommonProps = C:\Program Files\dotnet\sdk\8.0.419\\vCurrent\Custom.Before.Microsoft.Common.props
                   CustomBeforeMicrosoftCommonTargets = C:\Program Files\dotnet\sdk\8.0.419\\vCurrent\Custom.Before.Microsoft.Common.targets
                   CustomBeforeMicrosoftCSharpTargets = C:\Program Files\dotnet\sdk\8.0.419\\vCurrent\Custom.Before.Microsoft.CSharp.targets
                   DebugSymbols = true
                   DebugSymbolsProjectOutputGroupDependenciesDependsOn = 
                         ;
                         
                         ;
                         BuildOnlySettings;
                         PrepareForBuild;
                         AssignTargetPaths;
                         ResolveReferences
                       
                       
                   DebugSymbolsProjectOutputGroupDependsOn = 
                   DebugType = portable
                   DefaultAllowedOutputExtensionsInPackageBuildOutputFolder = .dll; .exe; .winmd; .json; .pri; .xml
                   DefaultAppHostRuntimeIdentifier = win-x64
                   DefaultCopyToPublishDirectoryMetadata = true
                   DefaultExcludesInProjectFolder = ;;**/.*/**
                   DefaultImplicitPackages = Microsoft.NETCore.App;NETStandard.Library
                   DefaultItemExcludes = ;bin\Debug\/**;obj\Debug\/**;bin\/**;obj\/**;**/*.user;**/*.*proj;**/*.sln;**/*.vssscc;**/.DS_Store
                   DefaultLanguageSourceExtension = .cs
                   DefaultProjectTypeGuid = {FAE04EC0-301F-11D3-BF4B-00C04F79EFBC}
                   DefaultXamlRuntime = Wpf
                   DefineCommonCapabilities = true
                   DefineCommonItemSchemas = true
                   DefineCommonReferenceSchemas = true
                   DefineConstants = TRACE;DEBUG;NET;NET8_0;NETCOREAPP
                   DelaySign = 
                   DeploymentComputeClickOnceManifestInfoDependsOn = 
                         CleanPublishFolder;
                         GetCopyToOutputDirectoryItems;
                         _DeploymentGenerateTrustInfo
                         
                       
                   DeploymentType = Installed
                   Description = A 3D celestial mechanics simulation application
                   DesignerRuntimeImplementationProjectOutputGroupDependsOn = 
                         
                         ;
                         
                         ;
                         BuildOnlySettings;
                         PrepareForBuild;
                         AssignTargetPaths;
                         ResolveReferences
                       
                       ;
                         _GenerateDesignerDepsFile;
                         _GenerateDesignerRuntimeConfigFile;
                         GetCopyToOutputDirectoryItems;
                         _GatherDesignerShadowCopyFiles;
                       
                   DesignTimeAssemblySearchPaths = {CandidateAssemblyFiles};{HintPathFromItem};{TargetFrameworkDirectory};{RawFileName}
                   DesignTimeAutoUnify = true
                   DesignTimeResolveAssemblyReferencesDependsOn = 
                         GetFrameworkPaths;
                         GetReferenceAssemblyPaths;
                         ResolveReferences
                       
                   Deterministic = true
                   DevEnvDir = *Undefined*
                   DisableHandlePackageFileConflicts = true
                   DisableLogTaskParameter_ConvertToAbsolutePath_Path = true
                   DisableLogTaskParameter_FindUnderPath_OutOfPath = true
                   DisableLogTaskParameter_RemoveDuplicates_Inputs = true
                   DisableLogTaskParameterItemMetadata_ConvertToAbsolutePath_AbsolutePaths = true
                   DisableLogTaskParameterItemMetadata_Copy_CopiedFiles = true
                   DisableLogTaskParameterItemMetadata_Copy_DestinationFiles = true
                   DisableLogTaskParameterItemMetadata_Copy_SourceFiles = true
                   DisableLogTaskParameterItemMetadata_FindUnderPath_Files = true
                   DisableLogTaskParameterItemMetadata_FindUnderPath_InPath = true
                   DisableLogTaskParameterItemMetadata_GenerateResource_FilesWritten = true
                   DisableLogTaskParameterItemMetadata_Hash_ItemsToHash = true
                   DisableLogTaskParameterItemMetadata_RemoveDuplicates_Filtered = true
                   DisableLogTaskParameterItemMetadata_WriteLinesToFile_Lines = true
                   DisableStandardFrameworkResolution = true
                   DocumentationFile = 
                   DocumentationProjectOutputGroupDependenciesDependsOn = 
                         ;
                         
                         ;
                         BuildOnlySettings;
                         PrepareForBuild;
                         AssignTargetPaths;
                         ResolveReferences
                       
                       
                   DocumentationProjectOutputGroupDependsOn = 
                   DOTNET_CLI_TELEMETRY_SESSIONID = 46fa066a-fdfe-42d4-b84d-b1e860616f88
                   DOTNET_HOST_PATH = C:\Program Files\dotnet\dotnet.exe
                   DotNetApiCompatTaskAssembly = C:\Program Files\dotnet\sdk\8.0.419\Sdks\Microsoft.NET.Sdk\targets\..\tools\net8.0\Microsoft.DotNet.ApiCompat.Task.dll
                   DotnetCliToolTargetFramework = netcoreapp2.2
                   EffectiveAnalysisLevel = 8.0
                   EffectiveCodeAnalysisTreatWarningsAsErrors = 
                   EmbeddedResourceUseDependentUponConvention = true
                   EmbeddedWin32Manifest = 
                   EmbedUntrackedSources = true
                   EmitAssetsLogMessages = true
                   EmitCompilerGeneratedFiles = false
                   EmitLegacyAssetsFileItems = false
                   EnableDefaultApplicationDefinition = true
                   EnableDefaultCompileItems = true
                   EnableDefaultEmbeddedResourceItems = true
                   EnableDefaultItems = true
                   EnableDefaultNoneItems = true
                   EnableDefaultPageItems = true
                   EnableFrameworkPathOverride = false
                   EnableNETAnalyzers = true
                   EnableSourceControlManagerQueries = true
                   EnableSourceLink = true
                   EnableUnsafeBinaryFormatterSerialization = true
                   EnableWebSdkImplicitPackageVersions = false
                   EnforceCodeStyleInBuild = false
                   ErrorReport = prompt
                   ExpandSDKAllowedReferenceExtensions = 
                         .winmd;
                         .dll
                       
                   ExpandSDKReferencesDependsOn = 
                         ResolveSDKReferences
                       
                   FileAlignment = 512
                   FileVersion = 1.0.0.0
                   FindInvalidProjectReferencesDependsOn = 
                         GetReferenceTargetPlatformMonikers
                       
                   Framework20Dir = @(_TargetFramework20DirectoryItem)
                   Framework30Dir = @(_TargetFramework30DirectoryItem)
                   Framework35Dir = @(_TargetFramework35DirectoryItem)
                   Framework40Dir = @(_TargetFramework40DirectoryItem)
                   FrameworkDir = @(_TargetFramework40DirectoryItem)
                   FrameworkPathOverride = 
                   FrameworkRegistryBase = Software\Microsoft\.NETCoreApp
                   FrameworkSDKDir = @(_TargetFrameworkSDKDirectoryItem)
                   FullReferenceAssemblyNames = Full
                   GenerateAssemblyCompanyAttribute = true
                   GenerateAssemblyConfigurationAttribute = true
                   GenerateAssemblyCopyrightAttribute = true
                   GenerateAssemblyDescriptionAttribute = true
                   GenerateAssemblyFileVersionAttribute = true
                   GenerateAssemblyInfo = true
                   GenerateAssemblyInformationalVersionAttribute = true
                   GenerateAssemblyMetadataAttributes = true
                   GenerateAssemblyProductAttribute = true
                   GenerateAssemblyTitleAttribute = true
                   GenerateAssemblyTrademarkAttribute = true
                   GenerateAssemblyVersionAttribute = true
                   GenerateBindingRedirectsOutputType = true
                   GenerateClickOnceManifests = 
                   GeneratedAssemblyInfoFile = obj\Debug\net8.0-windows\CelestialMechanics.Desktop.AssemblyInfo.cs
                   GenerateDependencyFile = true
                   GeneratedFileExtension = .g.cs
                   GeneratedGlobalUsingsFile = obj\Debug\net8.0-windows\CelestialMechanics.Desktop.GlobalUsings.g.cs
                   GenerateDisableRuntimeMarshallingAttribute = true
                   GenerateDocumentationFile = false
                   GenerateFullPaths = true
                   GenerateInternalsVisibleToAttributes = true
                   GenerateManifestsDependsOn = 
                         SetWin32ManifestProperties;
                         GenerateApplicationManifest;
                         GenerateDeploymentManifest
                       
                   GenerateNeutralResourcesLanguageAttribute = true
                   GenerateNuspecDependsOn = Build;_LoadPackInputItems; _GetTargetFrameworksOutput; _WalkEachTargetPerFramework; _GetPackageFiles; 
                   GeneratePackageOnBuild = false
                   GenerateRepositoryUrlAttribute = true
                   GenerateRequiresPreviewFeaturesAttribute = true
                   GenerateResourceMSBuildArchitecture = CurrentArchitecture
                   GenerateResourceMSBuildRuntime = CurrentRuntime
                   GenerateResourceUsePreserializedResources = true
                   GenerateResourceWarnOnBinaryFormatterUse = true
                   GenerateRuntimeConfigDevFile = false
                   GenerateRuntimeConfigurationFiles = true
                   GenerateSatelliteAssembliesForCore = true
                   GenerateSupportedOSPlatformAttribute = true
                   GenerateTargetFrameworkAttribute = true
                   GenerateTargetPlatformAttribute = true
                   GetCopyToOutputDirectoryItemsDependsOn = 
                         AssignTargetPaths;
                         
                         AssignProjectConfiguration;
                         _SplitProjectReferencesByFileExistence
                       ;
                         _GetProjectReferenceTargetFrameworkProperties;
                         _PopulateCommonStateForGetCopyToOutputDirectoryItems
                       
                   GetFrameworkPathsDependsOn = 
                   GetReferenceNearestTargetFrameworkTaskSupportsTargetPlatformParameter = true
                   GetTargetPathDependsOn = 
                   GetTargetPathWithTargetPlatformMonikerDependsOn = 
                   HasRuntimeOutput = true
                   HideWarningsAndErrors = false
                   HighEntropyVA = true
                   HostInBrowser = false
                   ImplicitConfigurationDefine = DEBUG
                   ImplicitFrameworkDefine = NET8_0
                   ImplicitUsings = enable
                   ImportByWildcardAfterMicrosoftCommonProps = true
                   ImportByWildcardAfterMicrosoftCommonTargets = true
                   ImportByWildcardAfterMicrosoftCSharpTargets = true
                   ImportByWildcardBeforeMicrosoftCommonProps = true
                   ImportByWildcardBeforeMicrosoftCommonTargets = true
                   ImportByWildcardBeforeMicrosoftCSharpTargets = true
                   ImportDirectoryBuildProps = true
                   ImportDirectoryBuildTargets = true
                   ImportDirectoryPackagesProps = true
                   ImportFrameworkWinFXTargets = false
                   ImportNuGetBuildTasksPackTargetsFromSdk = true
                   ImportProjectExtensionProps = true
                   ImportProjectExtensionTargets = true
                   ImportUserLocationsByWildcardAfterMicrosoftCommonProps = true
                   ImportUserLocationsByWildcardAfterMicrosoftCommonTargets = true
                   ImportUserLocationsByWildcardAfterMicrosoftCSharpTargets = true
                   ImportUserLocationsByWildcardBeforeMicrosoftCommonProps = true
                   ImportUserLocationsByWildcardBeforeMicrosoftCommonTargets = true
                   ImportUserLocationsByWildcardBeforeMicrosoftCSharpTargets = true
                   ImportWindowsDesktopTargets = true
                   IncludeBuildOutput = true
                   IncludeContentInPack = true
                   IncludeFileVersionsInDependencyFile = true
                   IncludeMainProjectInDepsFile = true
                   IncludePackageReferencesDuringMarkupCompilation = true
                   IncludeProjectsNotInAssetsFileInDepsFile = true
                   IncludeSourceRevisionInInformationalVersion = true
                   IncludeSymbolsInSingleFile = false
                   InnerBuildProperty = TargetFramework
                   InnerBuildPropertyValues = TargetFrameworks
                   IntermediateOutputPath = obj\Debug\net8.0-windows\
                   IsApplication = true
                   IsNetCoreAppTargetingLatestTFM = true
                   IsPackable = true
                   IsPublishable = true
                   IsRestoreTargetsFileLoaded = true
                   IsRidAgnostic = false
                   Language = C#
                   LanguageTargets = C:\Program Files\dotnet\sdk\8.0.419\Microsoft.CSharp.targets
                   LangVersion = 12.0
                   LocalizationDirectivesToLocFile = None
                   MarkPackageReferencesAsExternallyResolved = true
                   MarkupCompilePass2ForMainAssemblyDependsOn = 
                                        GenerateTemporaryTargetAssembly;
                                        MarkupCompilePass2;
                                        AfterMarkupCompilePass2;
                                        CleanupTemporaryTargetAssembly
                          
                   MaxSupportedLangVersion = 12.0
                   MaxTargetPath = 100
                   MicrosoftBuildTasksGitAssemblyFile = C:\Program Files\dotnet\sdk\8.0.419\Sdks\Microsoft.Build.Tasks.Git\build\..\tools\core\Microsoft.Build.Tasks.Git.dll
                   MicrosoftCommonPropsHasBeenImported = true
                   MicrosoftNETBuildExtensionsTargets = C:\Program Files\dotnet\sdk\8.0.419\\Microsoft\Microsoft.NET.Build.Extensions\Microsoft.NET.Build.Extensions.targets
                   MicrosoftNETBuildExtensionsTasksAssembly = C:\Program Files\dotnet\sdk\8.0.419\Microsoft\Microsoft.NET.Build.Extensions\\tools\net8.0\Microsoft.NET.Build.Extensions.Tasks.dll
                   MicrosoftNETBuildTasksAssembly = C:\Program Files\dotnet\sdk\8.0.419\Sdks\Microsoft.NET.Sdk\targets\..\tools\net8.0\Microsoft.NET.Build.Tasks.dll
                   MicrosoftNETBuildTasksDirectory = C:\Program Files\dotnet\sdk\8.0.419\Sdks\Microsoft.NET.Sdk\targets\..\tools\net8.0\
                   MicrosoftNETBuildTasksDirectoryRoot = C:\Program Files\dotnet\sdk\8.0.419\Sdks\Microsoft.NET.Sdk\targets\..\tools\
                   MicrosoftNETBuildTasksTFM = net8.0
                   MicrosoftNETCrossgenBuildTasksAssembly = C:\Program Files\dotnet\sdk\8.0.419\Sdks\Microsoft.NET.Sdk\targets\..\tasks\net7.0\Microsoft.NET.Sdk.Crossgen.dll
                   MicrosoftNETFrameworkReferenceAssembliesLatestPackageVersion = 1.0.3
                   MicrosoftNETWindowsWorkloadInstalled = true
                   MinimumVisualStudioVersionForUnsupportedTargetFrameworkVersion = 17.12
                   MsAppxPackageTargets = C:\Program Files\dotnet\sdk\8.0.419\Microsoft\VisualStudio\v17.0\AppxPackage\Microsoft.AppXPackage.Targets
                   MSBuildAllProjects = C:\sharon\projects\celestial-mechanics-desktop\src\CelestialMechanics.Desktop\CelestialMechanics.Desktop.csproj;;C:\Program Files\dotnet\sdk\8.0.419\Current\Microsoft.Common.targets\ImportAfter\Microsoft.TestPlatform.ImportAfter.targets
                   MSBuildAssemblyVersion = 17.0
                   MSBuildBinPath = C:\Program Files\dotnet\sdk\8.0.419
                   MSBuildCopyContentTransitively = true
                   MSBuildCopyMarkerName = Celestia.0E70CBB1.Up2Date
                   MSBuildDisableFeaturesFromVersion = 999.999
                   MSBuildEnableWorkloadResolver = true
                   MSBuildExtensionsPath = C:\Program Files\dotnet\sdk\8.0.419\
                   MSBuildExtensionsPath32 = C:\Program Files\dotnet\sdk\8.0.419
                   MSBuildExtensionsPath64 = C:\Program Files\dotnet\sdk\8.0.419
                   MSBUILDFAILONDRIVEENUMERATINGWILDCARD = 1
                   MSBuildFileVersion = 17.11.48.46605
                   MSBuildLoadMicrosoftTargetsReadOnly = true
                   MSBuildNodeCount = 12
                   MSBuildProgramFiles32 = C:\Program Files (x86)
                   MSBuildProjectDefaultTargets = Build
                   MSBuildProjectDirectory = C:\sharon\projects\celestial-mechanics-desktop\src\CelestialMechanics.Desktop
                   MSBuildProjectDirectoryNoRoot = sharon\projects\celestial-mechanics-desktop\src\CelestialMechanics.Desktop
                   MSBuildProjectExtension = .csproj
                   MSBuildProjectExtensionsPath = C:\sharon\projects\celestial-mechanics-desktop\src\CelestialMechanics.Desktop\obj\
                   MSBuildProjectFile = CelestialMechanics.Desktop.csproj
                   MSBuildProjectFullPath = C:\sharon\projects\celestial-mechanics-desktop\src\CelestialMechanics.Desktop\CelestialMechanics.Desktop.csproj
                   MSBuildProjectName = CelestialMechanics.Desktop
                   MSBuildRuntimeType = Core
                   MSBuildSDKsPath = C:\Program Files\dotnet\sdk\8.0.419\Sdks
                   MSBuildSemanticVersion = 17.11.48+02bf66295
                   MSBuildStartupDirectory = C:\sharon\projects\celestial-mechanics-desktop
                   MSBuildToolsPath = C:\Program Files\dotnet\sdk\8.0.419
                   MSBuildToolsVersion = Current
                   MSBuildUserExtensionsPath = C:\Users\Lenovo\AppData\Local\Microsoft\MSBuild
                   MSBUILDUSESERVER = 0
                   MSBuildUseVisualStudioDirectoryLayout = False
                   MSBuildVersion = 17.11.48
                   MSBuildWarningsAsErrors = ;NU1605
                   MSBuildWarningsAsMessages = 1701;1702;NU1701
                   MSBuildWarningsNotAsErrors = 
                   MsTestToolsTargets = C:\Program Files\dotnet\sdk\8.0.419\Microsoft\VisualStudio\v17.0\TeamTest\Microsoft.TeamTest.targets
                   MvvmToolkitEnableINotifyPropertyChangingSupport = true
                   MvvmToolkitEnableWindowsSdkPackageVersionValidation = true
                   NETCoreAppMaximumVersion = 8.0
                   NetCoreRoot = C:\Program Files\dotnet\
                   NETCoreSdkBundledCliToolsProps = C:\Program Files\dotnet\sdk\8.0.419\Sdks\Microsoft.NET.Sdk\targets\..\..\..\Microsoft.NETCoreSdk.BundledCliTools.props
                   NETCoreSdkBundledVersionsProps = C:\Program Files\dotnet\sdk\8.0.419\Sdks\Microsoft.NET.Sdk\targets\..\..\..\Microsoft.NETCoreSdk.BundledVersions.props
                   NETCoreSdkPortableRuntimeIdentifier = win-x64
                   NETCoreSdkRuntimeIdentifier = win-x64
                   NETCoreSdkVersion = 8.0.419
                   NetCoreTargetingPackRoot = C:\Program Files\dotnet\packs
                   NoCompilerStandardLib = true
                   NoStdLib = true
                   NoWarn = 1701;1702;NU1701
                   NuGetAudit = true
                   NuGetAuditLevel = low
                   NuGetAuditMode = direct
                   NuGetBuildTasksPackTargets = C:\Program Files\dotnet\sdk\8.0.419\Sdks\Microsoft.NET.Sdk\Sdk\..\..\NuGet.Build.Tasks.Pack\build\NuGet.Build.Tasks.Pack.targets
                   NuGetInteractive = 
                   NuGetPackageFolders = C:\Users\Lenovo\.nuget\packages\
                   NuGetPackageRoot = C:\Users\Lenovo\.nuget\packages\
                   NuGetPackTaskAssemblyFile = ..\CoreCLR\NuGet.Build.Tasks.Pack.dll
                   NuGetProjectStyle = PackageReference
                   NuGetPropsFile = C:\Program Files\dotnet\sdk\8.0.419\NuGet.props
                   NuGetRestoreTargets = C:\Program Files\dotnet\sdk\8.0.419\NuGet.targets
                   NuGetTargetMoniker = .NETCoreApp,Version=v8.0
                   NuGetToolVersion = 6.11.1
                   Nullable = enable
                   NuspecOutputPath = obj\Debug\
                   Optimize = false
                   OSVersion = 5.1.2600.0
                   OutDir = bin\Debug\net8.0-windows\
                   OutputPath = bin\Debug\net8.0-windows\
                   OutputType = WinExe
                   OverwriteReadOnlyFiles = false
                   PackageDescription = A 3D celestial mechanics simulation application
                   PackageDownloadSupported = true
                   PackagedShimOutputRootDirectory = bin\Debug\net8.0-windows\
                   PackageId = CelestialMechanics.Desktop
                   PackageOutputPath = bin\Debug\
                   PackageRequireLicenseAcceptance = false
                   PackageVersion = 1.0.0
                   PackDependsOn = ; _IntermediatePack; GenerateNuspec; 
                   PackRelease = true
                   Platform = AnyCPU
                   PlatformName = AnyCPU
                   Platforms = AnyCPU
                   PostBuildEventDependsOn = 
                   PreBuildEventDependsOn = 
                   Prefer32Bit = false
                   PrepareForBuildDependsOn = ;GetFrameworkPaths;GetReferenceAssemblyPaths;AssignLinkMetadata
                   PrepareForRunDependsOn = 
                         CopyFilesToOutputDirectory
                       
                   PrepareProjectReferencesDependsOn = 
                         AssignProjectConfiguration;
                         _SplitProjectReferencesByFileExistence;
                         _GetProjectReferenceTargetFrameworkProperties;
                         _GetProjectReferencePlatformProperties
                       
                   PrepareResourceNamesDependsOn = 
                                       AssignWinFXEmbeddedResource;
                                       
                         AssignTargetPaths;
                         SplitResourcesByCulture;
                         CreateManifestResourceNames;
                         CreateCustomManifestResourceNames
                       
                         
                   PrepareResourcesDependsOn = 
                                   MarkupCompilePass1;
                                   AfterMarkupCompilePass1;
                                   MarkupCompilePass2ForMainAssembly;
                                   FileClassification;
                                   MainResourcesGeneration;
                                   
                         ResolvePackageDependenciesForBuild;
                         _HandlePackageFileConflicts;
                         
                         ;
                         PrepareResourceNames;
                         ResGen;
                         CompileLicxFiles
                       
                       
                         
                   PreserveCompilationReferences = 
                   ProcessorArchitecture = msil
                   ProcessorArchitectureAsPlatform = AnyCPU
                   ProduceReferenceAssembly = true
                   Product = Celestial Mechanics
                   ProjectAssetsCacheFile = C:\sharon\projects\celestial-mechanics-desktop\src\CelestialMechanics.Desktop\obj\Debug\net8.0-windows\CelestialMechanics.Desktop.assets.cache
                   ProjectAssetsFile = C:\sharon\projects\celestial-mechanics-desktop\src\CelestialMechanics.Desktop\obj\project.assets.json
                   ProjectDepsFileName = CelestialMechanics.Desktop.deps.json
                   ProjectDepsFilePath = C:\sharon\projects\celestial-mechanics-desktop\src\CelestialMechanics.Desktop\bin\Debug\net8.0-windows\CelestialMechanics.Desktop.deps.json
                   ProjectDesignTimeAssemblyResolutionSearchPaths = 
                         {CandidateAssemblyFiles};
                         ;
                         {HintPathFromItem};
                         {TargetFrameworkDirectory};
                         {Registry:Software\Microsoft\.NETCoreApp,v8.0,AssemblyFoldersEx};
                         {RawFileName};
                         C:\sharon\projects\celestial-mechanics-desktop\src\CelestialMechanics.Desktop\bin\Debug\net8.0-windows\
                       
                   ProjectDir = C:\sharon\projects\celestial-mechanics-desktop\src\CelestialMechanics.Desktop\
                   ProjectExt = .csproj
                   ProjectFileName = CelestialMechanics.Desktop.csproj
                   ProjectFlavor = Client
                   ProjectName = CelestialMechanics.Desktop
                   ProjectPath = C:\sharon\projects\celestial-mechanics-desktop\src\CelestialMechanics.Desktop\CelestialMechanics.Desktop.csproj
                   ProjectRuntimeConfigFileName = CelestialMechanics.Desktop.runtimeconfig.json
                   ProjectRuntimeConfigFilePath = C:\sharon\projects\celestial-mechanics-desktop\src\CelestialMechanics.Desktop\bin\Debug\net8.0-windows\CelestialMechanics.Desktop.runtimeconfig.json
                   PublishableProject = true
                   PublishBuildDependsOn = 
                               BuildOnlySettings;
                               PrepareForBuild;
                               ResolveReferences;
                               PrepareResources;
                               ResolveKeySource;
                               PrepareResourcesForSatelliteAssemblies;
                               GenerateSerializationAssemblies;
                               CreateSatelliteAssemblies;
                           
                   PublishContainerDependsOn = 
                         _ContainerVerifySDKVersion;
                         ComputeContainerConfig;
                         _CheckContainersPackage
                       
                   PublishDependsOn = 
                         SetGenerateManifests;
                         Build;
                         PublishOnly
                       
                   PublishDir = bin\Debug\net8.0-windows\publish\
                   PublishDirName = publish
                   PublishDocumentationFile = true
                   PublishDocumentationFiles = true
                   PublishItemsOutputGroupDependsOn = 
                         ;
                         ResolveReferences;
                         ComputeResolvedFilesToPublishList;
                         _ComputeFilesToBundle;
                       
                   PublishOnlyDependsOn = 
                         SetGenerateManifests;
                         PublishBuild;
                         BeforePublish;
                         GenerateManifests;
                         CopyFilesToOutputDirectory;
                         _CopyFilesToPublishFolder;
                         _DeploymentGenerateBootstrapper;
                         ResolveKeySource;
                         _DeploymentSignClickOnceDeployment;
                         AfterPublish
                       
                   PublishProfileImported = false
                   PublishReadyToRunComposite = false
                   PublishReadyToRunPerfmapFormatVersion = 1
                   PublishReadyToRunUseCrossgen2 = true
                   PublishReadyToRunUseRuntimePackOptimizationData = true
                   PublishReferencesDocumentationFiles = true
                   PublishRelease = true
                   RebuildDependsOn = 
                         _SdkBeforeRebuild;
                         
                         BeforeRebuild;
                         Clean;
                         Build;
                         AfterRebuild;
                       
                       
                   RefAssembliesFolderName = refs
                   ReferenceCopyLocalPathsOutputGroupDependsOn = 
                         ;
                         
                         ;
                         BuildOnlySettings;
                         PrepareForBuild;
                         AssignTargetPaths;
                         ResolveReferences
                       
                       
                   ReportingServicesTargets = C:\Program Files\dotnet\sdk\8.0.419\\Microsoft\VisualStudio\v17.0\ReportingServices\Microsoft.ReportingServices.targets
                   ResGenDependsOn = ResolveAssemblyReferences;SplitResourcesByCulture;BeforeResGen;CoreResGen;AfterResGen
                   ResGenExecuteAsTool = false
                   ResolveAssemblyReferenceOutputUnresolvedAssemblyConflicts = true
                   ResolveAssemblyReferencesDependsOn = 
                         
                         
                         ResolveProjectReferences;
                         FindInvalidProjectReferences;
                         GetFrameworkPaths;
                         GetReferenceAssemblyPaths;
                         PrepareForBuild;
                         ResolveSDKReferences;
                         ExpandSDKReferences;
                       ;
                         ResolvePackageDependenciesForBuild;
                         _HandlePackageFileConflicts;
                       ;
                         ResolveTargetingPackAssets;
                       
                   ResolveNuGetPackages = false
                   ResolvePackageDependenciesForBuildDependsOn = 
                         ResolveLockFileReferences;
                         ResolveLockFileAnalyzers;
                         ResolveLockFileCopyLocalFiles;
                         ResolveRuntimePackAssets;
                         RunProduceContentAssets;
                         IncludeTransitiveProjectReferences
                       
                   ResolveReferencesDependsOn = 
                         BeforeResolveReferences;
                         AssignProjectConfiguration;
                         ResolveProjectReferences;
                         FindInvalidProjectReferences;
                         ResolveNativeReferences;
                         ResolveAssemblyReferences;
                         GenerateBindingRedirects;
                         GenerateBindingRedirectsUpdateAppConfig;
                         ResolveComReferences;
                         AfterResolveReferences
                       
                   ResolveSDKReferencesDependsOn = 
                         GetInstalledSDKLocations
                       
                   RestoreBuildInParallel = true
                   RestoreContinueOnError = WarnAndContinue
                   RestoreOutputPath = C:\sharon\projects\celestial-mechanics-desktop\src\CelestialMechanics.Desktop\obj\
                   RestorePackages = false
                   RestoreProjectStyle = PackageReference
                   RestoreRecursive = true
                   RestoreSuccess = True
                   RestoreTaskAssemblyFile = NuGet.Build.Tasks.dll
                   RestoreTool = NuGet
                   RestoreUseSkipNonexistentTargets = true
                   RootNamespace = CelestialMechanics.Desktop
                   RoslynTargetsPath = C:\Program Files\dotnet\sdk\8.0.419\Roslyn
                   RunAfterInstall = true
                   RunArguments = 
                   RunCommand = C:\sharon\projects\celestial-mechanics-desktop\src\CelestialMechanics.Desktop\bin\Debug\net8.0-windows\CelestialMechanics.Desktop.exe
                   RunDependsOn = 
                   RunPackageValidationDependsOn = CollectApiCompatInputs;_GetReferencePathFromInnerProjects;
                   RuntimeIdentifierGraphPath = C:\Program Files\dotnet\sdk\8.0.419/PortableRuntimeIdentifierGraph.json
                   RunWorkingDirectory = 
                   SatelliteDllsProjectOutputGroupDependenciesDependsOn = 
                         ;
                         
                         ;
                         BuildOnlySettings;
                         PrepareForBuild;
                         AssignTargetPaths;
                         ResolveReferences
                       
                       
                   SatelliteDllsProjectOutputGroupDependsOn = ;PrepareForBuild;PrepareResourceNames
                   SDKContainerSupportEnabled = true
                   SDKRedistOutputGroupDependsOn = ResolveSDKReferences;ExpandSDKReferences
                   SDKReferenceDirectoryRoot = C:\Users\Lenovo\AppData\Local\Microsoft SDKs;C:\Program Files (x86)\Microsoft SDKs
                   SDKReferenceRegistryRoot = Software\Microsoft\Microsoft SDKs
                   SelfContained = false
                   SGenFilesOutputGroupDependenciesDependsOn = 
                         ;
                         
                         ;
                         BuildOnlySettings;
                         PrepareForBuild;
                         AssignTargetPaths;
                         ResolveReferences
                       
                       
                   SGenFilesOutputGroupDependsOn = 
                   SGenShouldGenerateSerializer = true
                   SGenUseKeep = false
                   SGenUseProxyTypes = true
                   ShouldMarkCertainSDKReferencesAsRuntimeOnly = true
                   SignAssembly = false
                   SkipCopyUnchangedFiles = true
                   SkipImportNuGetBuildTargets = true
                   SkipImportNuGetProps = true
                   SolutionDir = *Undefined*
                   SolutionExt = *Undefined*
                   SolutionFileName = *Undefined*
                   SolutionName = *Undefined*
                   SolutionPath = *Undefined*
                   SourceControlInformationFeatureSupported = true
                   SourceControlManagerUrlTranslationTargets = ;TranslateGitHubUrlsInSourceControlInformation;TranslateGitLabUrlsInSourceControlInformation;TranslateAzureReposGitUrlsInSourceControlInformation;TranslateBitbucketGitUrlsInSourceControlInformation
                   SourceFilesProjectOutputGroupDependsOn = PrepareForBuild;AssignTargetPaths
                   SourceLinkUrlInitializerTargets = ;_InitializeGitHubSourceLinkUrl;_InitializeGitLabSourceLinkUrl;_InitializeAzureReposGitSourceLinkUrl;_InitializeBitbucketGitSourceLinkUrl
                   SourceRootMappedPathsFeatureSupported = true
                   SupportedOSPlatformVersion = 7.0
                   SupportsRoslynComponentVersioning = true
                   SuppressDependenciesWhenPacking = false
                   SymbolPackageFormat = symbols.nupkg
                   TargetCulture = *
                   TargetDeployManifestFileName = CelestialMechanics.Desktop.application
                   TargetDir = C:\sharon\projects\celestial-mechanics-desktop\src\CelestialMechanics.Desktop\bin\Debug\net8.0-windows\
                   TargetedFrameworkDir = @(_TargetedFrameworkDirectoryItem)
                   TargetedSDKArchitecture = msil
                   TargetedSDKConfiguration = Debug
                   TargetExt = .dll
                   TargetFileName = CelestialMechanics.Desktop.dll
                   TargetFramework = net8.0-windows
                   TargetFrameworkDirectory = 
                   TargetFrameworkIdentifier = .NETCoreApp
                   TargetFrameworkMoniker = .NETCoreApp,Version=v8.0
                   TargetFrameworkMonikerAssemblyAttributesPath = obj\Debug\net8.0-windows\.NETCoreApp,Version=v8.0.AssemblyAttributes.cs
                   TargetFrameworkMonikerDisplayName = .NET 8.0
                   TargetFrameworkSDKToolsDirectory = 
                   TargetFrameworkVersion = v8.0
                   TargetLatestRuntimePatch = false
                   TargetName = CelestialMechanics.Desktop
                   TargetPath = C:\sharon\projects\celestial-mechanics-desktop\src\CelestialMechanics.Desktop\bin\Debug\net8.0-windows\CelestialMechanics.Desktop.dll
                   TargetPlatformDisplayName = Windows 7.0
                   TargetPlatformIdentifier = Windows
                   TargetPlatformMinVersion = 7.0
                   TargetPlatformMoniker = Windows,Version=7.0
                   TargetPlatformRegistryBase = Software\Microsoft\Microsoft SDKs\Windows
                   TargetPlatformSdkPath = 
                   TargetPlatformVersion = 7.0
                   TargetRefPath = C:\sharon\projects\celestial-mechanics-desktop\src\CelestialMechanics.Desktop\obj\Debug\net8.0-windows\ref\CelestialMechanics.Desktop.dll
                   TargetRuntime = Managed
                   TargetsCurrent = true
                   TargetsForTfmSpecificContentInPackage = ;PackTool;_PackProjectToolValidation
                   TargetsNet8 = true
                   ToolCommandName = CelestialMechanics.Desktop
                   ToolDepsJsonGeneratorProject = C:\Program Files\dotnet\sdk\8.0.419\Sdks\Microsoft.NET.Sdk\targets\GenerateDeps\GenerateDeps.proj
                   ToolEntryPoint = CelestialMechanics.Desktop.dll
                   TreatWarningsAsErrors = false
                   UnmanagedRegistrationDependsOn = 
                   UnmanagedUnregistrationDependsOn = 
                   UnsupportedTargetFrameworkVersion = 9.0
                   UseAppHost = true
                   UseCommonOutputDirectory = false
                   UseDefaultPlatformLookupTables = true
                   UseHostCompilerIfAvailable = true
                   UseMSBuildTestInfrastructure = false
                   UseOSWinMdReferences = false
                   UseRidGraph = false
                   UserProfileRuntimeStorePath = C:\Users\Lenovo\.dotnet\store
                   UserRuntimeConfig = C:\sharon\projects\celestial-mechanics-desktop\src\CelestialMechanics.Desktop/runtimeconfig.template.json
                   UseSourcePath = true
                   UseWPF = true
                   UsingMicrosoftNETSdk = true
                   UsingNETSdkDefaults = true
                   Utf8Output = true
                   ValidateRuntimeIdentifierCompatibility = false
                   VerifyMatchingImplicitPackageVersion = true
                   Version = 1.0.0
                   VersionlessImplicitFrameworkDefine = NET
                   VisualStudioVersion = 17.0
                   VSTestConsolePath = C:\Program Files\dotnet\sdk\8.0.419\vstest.console.dll
                   VSTestNoBuild = False
                   VSTestTargets = C:\Program Files\dotnet\sdk\8.0.419\\Microsoft.TestPlatform.targets
                   VSTestTaskAssemblyFile = Microsoft.TestPlatform.Build.dll
                   VsTestUseMSBuildOutput = False
                   WarningLevel = 8
                   WarningsAsErrors = ;NU1605;SYSLIB0011
                   WarnOnPackingNonPackableProject = false
                   WebReference_EnableLegacyEventingModel = false
                   WebReference_EnableProperties = true
                   WebReference_EnableSQLTypes = true
                   WMSJSProject = WJProject
                   WMSJSProjectDirectory = JavaScript
                   XamlDebuggingInformation = true
                   YieldDuringToolExecution = true

13:12:34.996     0>Initial Items:
                   _AllDirectoriesAbove
                       C:\
                       C:\sharon
                       C:\sharon\projects
                       C:\sharon\projects\celestial-mechanics-desktop
                       C:\sharon\projects\celestial-mechanics-desktop\src
                       C:\sharon\projects\celestial-mechanics-desktop\src\CelestialMechanics.Desktop
                       C:\sharon\projects\celestial-mechanics-desktop\src\CelestialMechanics.Desktop\Converters
                       C:\sharon\projects\celestial-mechanics-desktop\src\CelestialMechanics.Desktop\Infrastructure
                       C:\sharon\projects\celestial-mechanics-desktop\src\CelestialMechanics.Desktop\Models
                       C:\sharon\projects\celestial-mechanics-desktop\src\CelestialMechanics.Desktop\Services
                       C:\sharon\projects\celestial-mechanics-desktop\src\CelestialMechanics.Desktop\Services\Data
                       C:\sharon\projects\celestial-mechanics-desktop\src\CelestialMechanics.Desktop\Services\Messaging
                       C:\sharon\projects\celestial-mechanics-desktop\src\CelestialMechanics.Desktop\Services\Navigation
                       C:\sharon\projects\celestial-mechanics-desktop\src\CelestialMechanics.Desktop\Services\Physics
                       C:\sharon\projects\celestial-mechanics-desktop\src\CelestialMechanics.Desktop\ViewModels
                       C:\sharon\projects\celestial-mechanics-desktop\src\CelestialMechanics.Desktop\ViewModels\Shell
                       C:\sharon\projects\celestial-mechanics-desktop\src\CelestialMechanics.Desktop\Views
                       C:\sharon\projects\celestial-mechanics-desktop\src\CelestialMechanics.Desktop\Views\Modals
                       C:\sharon\projects\celestial-mechanics-desktop\src\CelestialMechanics.Desktop\Views\Panels
                       C:\sharon\projects\celestial-mechanics-desktop\src\CelestialMechanics.Desktop\Views\Shell
                   _ApplicationManifestFinal
                       bin\Debug\net8.0-windows\CelestialMechanics.Desktop.dll.manifest
                           TargetPath = CelestialMechanics.Desktop.dll.manifest
                   _DebugSymbolsIntermediatePath
                       obj\Debug\net8.0-windows\CelestialMechanics.Desktop.pdb
                   _DebugSymbolsOutputPath
                       bin\Debug\net8.0-windows\CelestialMechanics.Desktop.pdb
                   _DeploymentManifestEntryPoint
                       obj\Debug\net8.0-windows\CelestialMechanics.Desktop.dll
                           TargetPath = CelestialMechanics.Desktop.dll
                   _DeploymentManifestIconFile
                       app.ico
                           TargetPath = app.ico
                   _EolNetCoreTargetFrameworkVersions
                       1.0
                       1.1
                       2.0
                       2.1
                       2.2
                       3.0
                       3.1
                       5.0
                       6.0
                       7.0
                   _ExcludedKnownRuntimeIdentiferPlatforms
                       rhel.6
                       rhel.6
                       rhel.6
                       rhel.6
                       rhel.6
                       rhel.6
                       rhel.6
                       rhel.6
                       rhel.6
                       rhel.6
                       rhel.6
                       rhel.6
                       rhel.6
                       rhel.6
                       rhel.6
                       rhel.6
                       rhel.6
                       rhel.6
                       tizen.4.0.0
                       tizen.4.0.0
                       tizen.4.0.0
                       tizen.4.0.0
                       tizen.4.0.0
                       tizen.4.0.0
                       tizen.4.0.0
                       tizen.4.0.0
                       tizen.4.0.0
                       tizen.4.0.0
                       tizen.4.0.0
                       tizen.4.0.0
                       tizen.4.0.0
                       tizen.4.0.0
                       tizen.4.0.0
                       tizen.4.0.0
                       tizen.4.0.0
                       tizen.4.0.0
                       tizen.5.0.0
                       tizen.5.0.0
                       tizen.5.0.0
                       tizen.5.0.0
                       tizen.5.0.0
                       tizen.5.0.0
                       tizen.5.0.0
                       tizen.5.0.0
                       tizen.5.0.0
                       tizen.5.0.0
                       tizen.5.0.0
                       tizen.5.0.0
                       tizen.5.0.0
                       tizen.5.0.0
                       tizen.5.0.0
                       tizen.5.0.0
                       tizen.5.0.0
                       tizen.5.0.0
                   _KnownRuntimeIdentiferPlatforms
                       any
                       any
                       any
                       any
                       any
                       any
                       any
                       any
                       any
                       any
                       any
                       any
                       any
                       any
                       any
                       any
                       any
                       any
                       aot
                       aot
                       aot
                       aot
                       aot
                       aot
                       aot
                       aot
                       aot
                       aot
                       aot
                       aot
                       aot
                       aot
                       aot
                       aot
                       aot
                       aot
                       freebsd
                       freebsd
                       freebsd
                       freebsd
                       freebsd
                       freebsd
                       freebsd
                       freebsd
                       freebsd
                       freebsd
                       freebsd
                       freebsd
                       freebsd
                       freebsd
                       freebsd
                       freebsd
                       freebsd
                       freebsd
                       illumos
                       illumos
                       illumos
                       illumos
                       illumos
                       illumos
                       illumos
                       illumos
                       illumos
                       illumos
                       illumos
                       illumos
                       illumos
                       illumos
                       illumos
                       illumos
                       illumos
                       illumos
                       solaris
                       solaris
                       solaris
                       solaris
                       solaris
                       solaris
                       solaris
                       solaris
                       solaris
                       solaris
                       solaris
                       solaris
                       solaris
                       solaris
                       solaris
                       solaris
                       solaris
                       solaris
                       unix
                       unix
                       unix
                       unix
                       unix
                       unix
                       unix
                       unix
                       unix
                       unix
                       unix
                       unix
                       unix
                       unix
                       unix
                       unix
                       unix
                       unix
                   _OutputPathItem
                       bin\Debug\net8.0-windows\
                   _ResolveComReferenceCache
                       obj\Debug\net8.0-windows\CelestialMechanics.Desktop.csproj.ResolveComReference.cache
                   _UnmanagedRegistrationCache
                       obj\CelestialMechanics.Desktop.csproj.UnmanagedRegistration.cache
                   _UnsupportedNETCoreAppTargetFramework
                       .NETCoreApp,Version=v1.0
                       .NETCoreApp,Version=v1.1
                       .NETCoreApp,Version=v2.0
                       .NETCoreApp,Version=v2.1
                       .NETCoreApp,Version=v2.2
                   _UnsupportedNETFrameworkTargetFramework
                       .NETFramework,Version=v2.0
                   _UnsupportedNETStandardTargetFramework
                       .NETStandard,Version=v1.0
                           DisplayName = .NET Standard 1.0
                           Alias = netstandard1.0
                       .NETStandard,Version=v1.1
                           DisplayName = .NET Standard 1.1
                           Alias = netstandard1.1
                       .NETStandard,Version=v1.2
                           DisplayName = .NET Standard 1.2
                           Alias = netstandard1.2
                       .NETStandard,Version=v1.3
                           DisplayName = .NET Standard 1.3
                           Alias = netstandard1.3
                       .NETStandard,Version=v1.4
                           DisplayName = .NET Standard 1.4
                           Alias = netstandard1.4
                       .NETStandard,Version=v1.5
                           DisplayName = .NET Standard 1.5
                           Alias = netstandard1.5
                       .NETStandard,Version=v1.6
                           DisplayName = .NET Standard 1.6
                           Alias = netstandard1.6
                       .NETStandard,Version=v2.0
                           DisplayName = .NET Standard 2.0
                           Alias = netstandard2.0
                       .NETStandard,Version=v2.1
                           DisplayName = .NET Standard 2.1
                           Alias = netstandard2.1
                   AdditionalProbingPath
                       C:\Users\Lenovo\.dotnet\store\|arch|\|tfm|
                   AdditionalTargetFrameworkInfoProperty
                       _IsExecutable
                       _SelfContainedWasSpecified
                       IsRidAgnostic
                       SelfContained
                       ShouldBeValidatedAsExecutableReference
                   Analyzer
                       C:\Program Files\dotnet\sdk\8.0.419\Sdks\Microsoft.NET.Sdk\targets\..\analyzers\Microsoft.CodeAnalysis.CSharp.NetAnalyzers.dll
                           IsImplicitlyDefined = true
                       C:\Program Files\dotnet\sdk\8.0.419\Sdks\Microsoft.NET.Sdk\targets\..\analyzers\Microsoft.CodeAnalysis.NetAnalyzers.dll
                           IsImplicitlyDefined = true
                   AppConfigFileDestination
                       bin\Debug\net8.0-windows\CelestialMechanics.Desktop.dll.config
                   ApplicationDefinition
                       App.xaml
                           Generator = MSBuild:Compile
                           XamlRuntime = Wpf
                           SubType = Designer
                   ApplicationManifest
                       obj\Debug\net8.0-windows\CelestialMechanics.Desktop.dll.manifest
                           TargetPath = CelestialMechanics.Desktop.dll.manifest
                   BuiltProjectOutputGroupKeyOutput
                       C:\sharon\projects\celestial-mechanics-desktop\src\CelestialMechanics.Desktop\obj\Debug\net8.0-windows\CelestialMechanics.Desktop.dll
                           IsKeyOutput = true
                           FinalOutputPath = C:\sharon\projects\celestial-mechanics-desktop\src\CelestialMechanics.Desktop\bin\Debug\net8.0-windows\CelestialMechanics.Desktop.dll
                           TargetPath = CelestialMechanics.Desktop.dll
                   ClsidMap
                       obj\Debug\net8.0-windows\CelestialMechanics.Desktop.clsidmap
                   Compile
                       App.xaml.cs
                       Converters\BoolToVisibilityConverter.cs
                       Infrastructure\OpenGLHost.cs
                       Infrastructure\RenderLoop.cs
                       Infrastructure\Win32Interop.cs
                       Models\BodyCatalog.cs
                       Models\BodySubtype.cs
                       Models\OrbitalElements.cs
                       Models\ProjectInfo.cs
                       Models\SceneNodeItem.cs
                       Models\SimulationSaveState.cs
                       Services\CameraManager.cs
                       Services\Data\DataService.cs
                       Services\DefaultSceneFactory.cs
                       Services\Messaging\StateUpdateMessage.cs
                       Services\Navigation\INavigationService.cs
                       Services\Navigation\NavigationService.cs
                       Services\Physics\PhysicsEngine.cs
                       Services\ProjectService.cs
                       Services\SceneService.cs
                       Services\SimulationService.cs
                       ViewModels\BodyInspectorViewModel.cs
                       ViewModels\FileMenuViewModel.cs
                       ViewModels\MainWindowViewModel.cs
                       ViewModels\ModeSelectionViewModel.cs
                       ViewModels\ModeState.cs
                       ViewModels\NavigationState.cs
                       ViewModels\NewProjectViewModel.cs
                       ViewModels\PlacementPhase.cs
                       ViewModels\ProjectsListViewModel.cs
                       ViewModels\SceneOutlinerViewModel.cs
                       ViewModels\Shell\MainViewModel.cs
                       ViewModels\Shell\ObservationViewModel.cs
                       ViewModels\Shell\SimulationViewModel.cs
                       ViewModels\Shell\StatusBarViewModel.cs
                       ViewModels\SimulationMenuViewModel.cs
                       ViewModels\SimulationSettingsViewModel.cs
                       Views\MainWindow.xaml.cs
                       Views\Modals\FileMenuModal.xaml.cs
                       Views\Modals\ModeSelectionModal.xaml.cs
                       Views\Modals\NewProjectModal.xaml.cs
                       Views\Modals\ProjectsListModal.xaml.cs
                       Views\Modals\SimulationMenuModal.xaml.cs
                       Views\Panels\BodyInspectorPanel.xaml.cs
                       Views\Panels\BodyTypePalette.xaml.cs
                       Views\Panels\SceneOutlinerPanel.xaml.cs
                       Views\Panels\SimulationSettingsPanel.xaml.cs
                       Views\Shell\FileMenuView.xaml.cs
                       Views\Shell\ModeSelectionView.xaml.cs
                       Views\Shell\NewProjectView.xaml.cs
                       Views\Shell\ObservationView.xaml.cs
                       Views\Shell\ProjectsListView.xaml.cs
                       Views\Shell\SimulationMenuView.xaml.cs
                       Views\Shell\SimulationView.xaml.cs
                       Views\SplashWindow.xaml.cs
                       Views\ViewportPanel.xaml.cs
                   CompilerVisibleProperty
                       _MvvmToolkitIsUsingWindowsRuntimePack
                       _SupportedPlatformList
                       CsWinRTAotOptimizerEnabled
                       CsWinRTAotWarningLevel
                       CsWinRTComponent
                       EnableComHosting
                       EnableGeneratedComInterfaceComImportInterop
                       EnforceExtendedAnalyzerRules
                       InvariantGlobalization
                       MvvmToolkitEnableINotifyPropertyChangingSupport
                       PlatformNeutralAssembly
                       ProjectDir
                       ProjectTypeGuids
                       RootNamespace
                       TargetFramework
                       TargetPlatformMinVersion
                       UsingMicrosoftNETSdkWeb
                   Content
                       ..\CelestialMechanics.Renderer\Shaders\accretion.frag
                           CopyToOutputDirectory = PreserveNewest
                           Link = Shaders\accretion.frag
                       ..\CelestialMechanics.Renderer\Shaders\accretion.vert
                           CopyToOutputDirectory = PreserveNewest
                           Link = Shaders\accretion.vert
                       ..\CelestialMechanics.Renderer\Shaders\grid.frag
                           CopyToOutputDirectory = PreserveNewest
                           Link = Shaders\grid.frag
                       ..\CelestialMechanics.Renderer\Shaders\grid.vert
                           CopyToOutputDirectory = PreserveNewest
                           Link = Shaders\grid.vert
                       ..\CelestialMechanics.Renderer\Shaders\lensing.frag
                           CopyToOutputDirectory = PreserveNewest
                           Link = Shaders\lensing.frag
                       ..\CelestialMechanics.Renderer\Shaders\lensing.vert
                           CopyToOutputDirectory = PreserveNewest
                           Link = Shaders\lensing.vert
                       ..\CelestialMechanics.Renderer\Shaders\line.frag
                           CopyToOutputDirectory = PreserveNewest
                           Link = Shaders\line.frag
                       ..\CelestialMechanics.Renderer\Shaders\line.vert
                           CopyToOutputDirectory = PreserveNewest
                           Link = Shaders\line.vert
                       ..\CelestialMechanics.Renderer\Shaders\sphere.frag
                           CopyToOutputDirectory = PreserveNewest
                           Link = Shaders\sphere.frag
                       ..\CelestialMechanics.Renderer\Shaders\sphere.vert
                           CopyToOutputDirectory = PreserveNewest
                           Link = Shaders\sphere.vert
                       ..\CelestialMechanics.Renderer\Shaders\starfield.frag
                           CopyToOutputDirectory = PreserveNewest
                           Link = Shaders\starfield.frag
                       ..\CelestialMechanics.Renderer\Shaders\starfield.vert
                           CopyToOutputDirectory = PreserveNewest
                           Link = Shaders\starfield.vert
                       ..\CelestialMechanics.Renderer\Shaders\trail.frag
                           CopyToOutputDirectory = PreserveNewest
                           Link = Shaders\trail.frag
                       ..\CelestialMechanics.Renderer\Shaders\trail.vert
                           CopyToOutputDirectory = PreserveNewest
                           Link = Shaders\trail.vert
                   CopyUpToDateMarker
                       C:\sharon\projects\celestial-mechanics-desktop\src\CelestialMechanics.Desktop\obj\Debug\net8.0-windows\Celestia.0E70CBB1.Up2Date
                   CreateDirectory
                       C:\sharon\projects\celestial-mechanics-desktop\src\CelestialMechanics.Desktop\obj\Debug\net8.0-windows\refint\
                       obj\Debug\net8.0-windows\ref
                   DebugSymbolsProjectOutputGroupOutput
                       C:\sharon\projects\celestial-mechanics-desktop\src\CelestialMechanics.Desktop\obj\Debug\net8.0-windows\CelestialMechanics.Desktop.pdb
                           FinalOutputPath = C:\sharon\projects\celestial-mechanics-desktop\src\CelestialMechanics.Desktop\bin\Debug\net8.0-windows\CelestialMechanics.Desktop.pdb
                           TargetPath = CelestialMechanics.Desktop.pdb
                   DeployManifest
                       obj\Debug\net8.0-windows\CelestialMechanics.Desktop.application
                           TargetPath = CelestialMechanics.Desktop.application
                   EmbedInBinlog
                       C:\sharon\projects\celestial-mechanics-desktop\src\CelestialMechanics.Desktop\obj\project.assets.json
                   FrameworkReference
                       Microsoft.NETCore.App
                           IsImplicitlyDefined = true
                           PrivateAssets = All
                           Pack = false
                       Microsoft.WindowsDesktop.App.WPF
                           IsImplicitlyDefined = true
                   GenerateRuntimeConfigurationFilesInputs
                       C:\sharon\projects\celestial-mechanics-desktop\src\CelestialMechanics.Desktop\obj\Debug\net8.0-windows\CelestialMechanics.Desktop.assets.cache
                       C:\sharon\projects\celestial-mechanics-desktop\src\CelestialMechanics.Desktop\obj\project.assets.json
                   GlobalAnalyzerConfigFiles
                       C:\.globalconfig
                       C:\sharon\.globalconfig
                       C:\sharon\projects\.globalconfig
                       C:\sharon\projects\celestial-mechanics-desktop\.globalconfig
                       C:\sharon\projects\celestial-mechanics-desktop\src\.globalconfig
                       C:\sharon\projects\celestial-mechanics-desktop\src\CelestialMechanics.Desktop\.globalconfig
                       C:\sharon\projects\celestial-mechanics-desktop\src\CelestialMechanics.Desktop\Converters\.globalconfig
                       C:\sharon\projects\celestial-mechanics-desktop\src\CelestialMechanics.Desktop\Infrastructure\.globalconfig
                       C:\sharon\projects\celestial-mechanics-desktop\src\CelestialMechanics.Desktop\Models\.globalconfig
                       C:\sharon\projects\celestial-mechanics-desktop\src\CelestialMechanics.Desktop\Services\.globalconfig
                       C:\sharon\projects\celestial-mechanics-desktop\src\CelestialMechanics.Desktop\Services\Data\.globalconfig
                       C:\sharon\projects\celestial-mechanics-desktop\src\CelestialMechanics.Desktop\Services\Messaging\.globalconfig
                       C:\sharon\projects\celestial-mechanics-desktop\src\CelestialMechanics.Desktop\Services\Navigation\.globalconfig
                       C:\sharon\projects\celestial-mechanics-desktop\src\CelestialMechanics.Desktop\Services\Physics\.globalconfig
                       C:\sharon\projects\celestial-mechanics-desktop\src\CelestialMechanics.Desktop\ViewModels\.globalconfig
                       C:\sharon\projects\celestial-mechanics-desktop\src\CelestialMechanics.Desktop\ViewModels\Shell\.globalconfig
                       C:\sharon\projects\celestial-mechanics-desktop\src\CelestialMechanics.Desktop\Views\.globalconfig
                       C:\sharon\projects\celestial-mechanics-desktop\src\CelestialMechanics.Desktop\Views\Modals\.globalconfig
                       C:\sharon\projects\celestial-mechanics-desktop\src\CelestialMechanics.Desktop\Views\Panels\.globalconfig
                       C:\sharon\projects\celestial-mechanics-desktop\src\CelestialMechanics.Desktop\Views\Shell\.globalconfig
                   ImplicitPackageReferenceVersion
                       Microsoft.AspNetCore.All
                           LatestVersion = 2.1.30
                           DefaultVersion = 2.1.1
                           TargetFrameworkVersion = 2.1
                       Microsoft.AspNetCore.All
                           LatestVersion = 2.2.8
                           DefaultVersion = 2.2.0
                           TargetFrameworkVersion = 2.2
                       Microsoft.AspNetCore.App
                           LatestVersion = 2.1.30
                           DefaultVersion = 2.1.1
                           TargetFrameworkVersion = 2.1
                       Microsoft.AspNetCore.App
                           LatestVersion = 2.2.8
                           DefaultVersion = 2.2.0
                           TargetFrameworkVersion = 2.2
                       Microsoft.NETCore.App
                           LatestVersion = 1.0.16
                           DefaultVersion = 1.0.5
                           TargetFrameworkVersion = 1.0
                       Microsoft.NETCore.App
                           LatestVersion = 1.1.13
                           DefaultVersion = 1.1.2
                           TargetFrameworkVersion = 1.1
                       Microsoft.NETCore.App
                           LatestVersion = 2.0.9
                           DefaultVersion = 2.0.0
                           TargetFrameworkVersion = 2.0
                       Microsoft.NETCore.App
                           LatestVersion = 2.1.30
                           DefaultVersion = 2.1.0
                           TargetFrameworkVersion = 2.1
                       Microsoft.NETCore.App
                           LatestVersion = 2.2.8
                           DefaultVersion = 2.2.0
                           TargetFrameworkVersion = 2.2
                   IntermediateAssembly
                       obj\Debug\net8.0-windows\CelestialMechanics.Desktop.dll
                   IntermediateRefAssembly
                       obj\Debug\net8.0-windows\refint\CelestialMechanics.Desktop.dll
                   KnownAppHostPack
                       Microsoft.NETCore.App
                           ExcludedRuntimeIdentifiers = android
                           AppHostRuntimeIdentifiers = linux-arm;linux-arm64;linux-musl-arm64;linux-musl-x64;linux-x64;osx-x64;rhel.6-x64;tizen.4.0.0-armel;tizen.5.0.0-armel;win-arm64;win-x64;win-x86;linux-musl-arm;osx-arm64;linux-s390x;linux-bionic-arm;linux-bionic-arm64;linux-bionic-x64;linux-bionic-x86;linux-ppc64le
                           TargetFramework = net8.0
                           AppHostPackNamePattern = Microsoft.NETCore.App.Host.**RID**
                           AppHostPackVersion = 8.0.25
                       Microsoft.NETCore.App
                           ExcludedRuntimeIdentifiers = android
                           AppHostRuntimeIdentifiers = linux-arm;linux-arm64;linux-musl-arm64;linux-musl-x64;linux-x64;osx-x64;rhel.6-x64;tizen.4.0.0-armel;tizen.5.0.0-armel;win-arm;win-arm64;win-x64;win-x86;linux-musl-arm;osx-arm64;linux-s390x;linux-bionic-arm;linux-bionic-arm64;linux-bionic-x64;linux-bionic-x86;linux-ppc64le
                           TargetFramework = net7.0
                           AppHostPackNamePattern = Microsoft.NETCore.App.Host.**RID**
                           AppHostPackVersion = 7.0.20
                       Microsoft.NETCore.App
                           ExcludedRuntimeIdentifiers = android
                           AppHostRuntimeIdentifiers = linux-arm;linux-arm64;linux-musl-arm64;linux-musl-x64;linux-x64;osx-x64;rhel.6-x64;tizen.4.0.0-armel;tizen.5.0.0-armel;win-arm;win-arm64;win-x64;win-x86;linux-musl-arm;osx-arm64;linux-s390x
                           TargetFramework = net6.0
                           AppHostPackNamePattern = Microsoft.NETCore.App.Host.**RID**
                           AppHostPackVersion = 6.0.36
                       Microsoft.NETCore.App
                           AppHostRuntimeIdentifiers = linux-arm;linux-arm64;linux-musl-arm64;linux-musl-x64;linux-x64;osx-x64;rhel.6-x64;tizen.4.0.0-armel;tizen.5.0.0-armel;win-arm;win-arm64;win-x64;win-x86;linux-musl-arm
                           TargetFramework = net5.0
                           AppHostPackNamePattern = Microsoft.NETCore.App.Host.**RID**
                           AppHostPackVersion = 5.0.17
                       Microsoft.NETCore.App
                           AppHostRuntimeIdentifiers = linux-arm;linux-arm64;linux-musl-arm64;linux-musl-x64;linux-x64;osx-x64;rhel.6-x64;tizen.4.0.0-armel;tizen.5.0.0-armel;win-arm;win-arm64;win-x64;win-x86
                           TargetFramework = netcoreapp3.1
                           AppHostPackNamePattern = Microsoft.NETCore.App.Host.**RID**
                           AppHostPackVersion = 3.1.32
                       Microsoft.NETCore.App
                           AppHostRuntimeIdentifiers = linux-arm;linux-arm64;linux-musl-arm64;linux-musl-x64;linux-x64;osx-x64;rhel.6-x64;tizen.4.0.0-armel;tizen.5.0.0-armel;win-arm;win-arm64;win-x64;win-x86
                           TargetFramework = netcoreapp3.0
                           AppHostPackNamePattern = Microsoft.NETCore.App.Host.**RID**
                           AppHostPackVersion = 3.0.3
                   KnownCrossgen2Pack
                       Microsoft.NETCore.App.Crossgen2
                           Crossgen2RuntimeIdentifiers = linux-musl-x64;linux-x64;win-x64;linux-arm;linux-arm64;linux-musl-arm;linux-musl-arm64;osx-arm64;osx-x64;win-arm64;win-x86
                           TargetFramework = net8.0
                           Crossgen2PackNamePattern = Microsoft.NETCore.App.Crossgen2.**RID**
                           Crossgen2PackVersion = 8.0.25
                       Microsoft.NETCore.App.Crossgen2
                           Crossgen2RuntimeIdentifiers = linux-musl-x64;linux-x64;win-x64;linux-arm;linux-arm64;linux-musl-arm;linux-musl-arm64;osx-arm64;osx-x64;win-arm;win-arm64;win-x86
                           TargetFramework = net7.0
                           Crossgen2PackNamePattern = Microsoft.NETCore.App.Crossgen2.**RID**
                           Crossgen2PackVersion = 7.0.20
                       Microsoft.NETCore.App.Crossgen2
                           Crossgen2RuntimeIdentifiers = linux-musl-x64;linux-x64;win-x64;linux-arm;linux-arm64;linux-musl-arm;linux-musl-arm64;osx-arm64;osx-x64;win-arm;win-arm64;win-x86
                           TargetFramework = net6.0
                           Crossgen2PackNamePattern = Microsoft.NETCore.App.Crossgen2.**RID**
                           Crossgen2PackVersion = 6.0.36
                       Microsoft.NETCore.App.Crossgen2
                           Crossgen2RuntimeIdentifiers = linux-musl-x64;linux-x64;win-x64
                           TargetFramework = net5.0
                           Crossgen2PackNamePattern = Microsoft.NETCore.App.Crossgen2.**RID**
                           Crossgen2PackVersion = 5.0.17
                   KnownFrameworkReference
                       Microsoft.AspNetCore.App
                           TargetFramework = netcoreapp3.0
                           DefaultRuntimeFrameworkVersion = 3.0.0
                           TargetingPackName = Microsoft.AspNetCore.App.Ref
                           LatestRuntimeFrameworkVersion = 3.0.3
                           RuntimePackRuntimeIdentifiers = win-x64;win-x86;win-arm;osx-x64;linux-musl-x64;linux-musl-arm64;linux-x64;linux-arm;linux-arm64
                           RuntimePackNamePatterns = Microsoft.AspNetCore.App.Runtime.**RID**
                           TargetingPackVersion = 3.0.1
                           RuntimeFrameworkName = Microsoft.AspNetCore.App
                       Microsoft.AspNetCore.App
                           TargetFramework = netcoreapp3.1
                           DefaultRuntimeFrameworkVersion = 3.1.0
                           TargetingPackName = Microsoft.AspNetCore.App.Ref
                           LatestRuntimeFrameworkVersion = 3.1.32
                           RuntimePackRuntimeIdentifiers = win-x64;win-x86;win-arm;osx-x64;linux-musl-x64;linux-musl-arm64;linux-x64;linux-arm;linux-arm64
                           RuntimePackNamePatterns = Microsoft.AspNetCore.App.Runtime.**RID**
                           TargetingPackVersion = 3.1.10
                           RuntimeFrameworkName = Microsoft.AspNetCore.App
                       Microsoft.AspNetCore.App
                           TargetFramework = net7.0
                           DefaultRuntimeFrameworkVersion = 7.0.0
                           TargetingPackName = Microsoft.AspNetCore.App.Ref
                           LatestRuntimeFrameworkVersion = 7.0.20
                           RuntimePackExcludedRuntimeIdentifiers = android
                           RuntimePackRuntimeIdentifiers = win-x64;win-x86;win-arm;osx-x64;linux-musl-x64;linux-musl-arm64;linux-x64;linux-arm;linux-arm64;linux-musl-arm;win-arm64;osx-arm64;linux-s390x;linux-ppc64le
                           RuntimePackNamePatterns = Microsoft.AspNetCore.App.Runtime.**RID**
                           TargetingPackVersion = 7.0.20
                           RuntimeFrameworkName = Microsoft.AspNetCore.App
                       Microsoft.AspNetCore.App
                           TargetFramework = net8.0
                           DefaultRuntimeFrameworkVersion = 8.0.0
                           TargetingPackName = Microsoft.AspNetCore.App.Ref
                           LatestRuntimeFrameworkVersion = 8.0.25
                           RuntimePackExcludedRuntimeIdentifiers = android;linux-bionic
                           RuntimePackRuntimeIdentifiers = win-x64;win-x86;win-arm;osx-x64;linux-musl-x64;linux-musl-arm64;linux-x64;linux-arm;linux-arm64;linux-musl-arm;win-arm64;osx-arm64;linux-s390x;linux-ppc64le
                           RuntimePackNamePatterns = Microsoft.AspNetCore.App.Runtime.**RID**
                           TargetingPackVersion = 8.0.25
                           RuntimeFrameworkName = Microsoft.AspNetCore.App
                       Microsoft.AspNetCore.App
                           TargetFramework = net5.0
                           DefaultRuntimeFrameworkVersion = 5.0.0
                           TargetingPackName = Microsoft.AspNetCore.App.Ref
                           LatestRuntimeFrameworkVersion = 5.0.17
                           RuntimePackRuntimeIdentifiers = win-x64;win-x86;win-arm;osx-x64;linux-musl-x64;linux-musl-arm64;linux-x64;linux-arm;linux-arm64;linux-musl-arm;win-arm64
                           RuntimePackNamePatterns = Microsoft.AspNetCore.App.Runtime.**RID**
                           TargetingPackVersion = 5.0.0
                           RuntimeFrameworkName = Microsoft.AspNetCore.App
                       Microsoft.AspNetCore.App
                           TargetFramework = net6.0
                           DefaultRuntimeFrameworkVersion = 6.0.0
                           TargetingPackName = Microsoft.AspNetCore.App.Ref
                           LatestRuntimeFrameworkVersion = 6.0.36
                           RuntimePackRuntimeIdentifiers = win-x64;win-x86;win-arm;osx-x64;linux-musl-x64;linux-musl-arm64;linux-x64;linux-arm;linux-arm64;linux-musl-arm;win-arm64;osx-arm64;linux-s390x
                           RuntimePackNamePatterns = Microsoft.AspNetCore.App.Runtime.**RID**
                           TargetingPackVersion = 6.0.36
                           RuntimeFrameworkName = Microsoft.AspNetCore.App
                       Microsoft.NETCore.App
                           TargetFramework = net8.0
                           DefaultRuntimeFrameworkVersion = 8.0.0
                           TargetingPackName = Microsoft.NETCore.App.Ref
                           LatestRuntimeFrameworkVersion = 8.0.25
                           RuntimePackRuntimeIdentifiers = linux-arm;linux-arm64;linux-musl-arm64;linux-musl-x64;linux-x64;osx-x64;rhel.6-x64;tizen.4.0.0-armel;tizen.5.0.0-armel;win-arm64;win-x64;win-x86;linux-musl-arm;osx-arm64;linux-s390x;linux-bionic-arm;linux-bionic-arm64;linux-bionic-x64;linux-bionic-x86;linux-ppc64le
                           RuntimePackNamePatterns = Microsoft.NETCore.App.Runtime.**RID**
                           TargetingPackVersion = 8.0.25
                           RuntimeFrameworkName = Microsoft.NETCore.App
                       Microsoft.NETCore.App
                           TargetFramework = net5.0
                           DefaultRuntimeFrameworkVersion = 5.0.0
                           TargetingPackName = Microsoft.NETCore.App.Ref
                           LatestRuntimeFrameworkVersion = 5.0.17
                           RuntimePackRuntimeIdentifiers = linux-arm;linux-arm64;linux-musl-arm64;linux-musl-x64;linux-x64;osx-x64;rhel.6-x64;tizen.4.0.0-armel;tizen.5.0.0-armel;win-arm;win-arm64;win-x64;win-x86;linux-musl-arm;browser-wasm
                           RuntimePackNamePatterns = Microsoft.NETCore.App.Runtime.**RID**
                           TargetingPackVersion = 5.0.0
                           IsTrimmable = true
                           RuntimeFrameworkName = Microsoft.NETCore.App
                       Microsoft.NETCore.App
                           TargetFramework = net7.0
                           DefaultRuntimeFrameworkVersion = 7.0.0
                           TargetingPackName = Microsoft.NETCore.App.Ref
                           LatestRuntimeFrameworkVersion = 7.0.20
                           RuntimePackRuntimeIdentifiers = linux-arm;linux-arm64;linux-musl-arm64;linux-musl-x64;linux-x64;osx-x64;rhel.6-x64;tizen.4.0.0-armel;tizen.5.0.0-armel;win-arm;win-arm64;win-x64;win-x86;linux-musl-arm;osx-arm64;linux-s390x;linux-bionic-arm;linux-bionic-arm64;linux-bionic-x64;linux-bionic-x86;linux-ppc64le
                           RuntimePackNamePatterns = Microsoft.NETCore.App.Runtime.**RID**
                           TargetingPackVersion = 7.0.20
                           RuntimeFrameworkName = Microsoft.NETCore.App
                       Microsoft.NETCore.App
                           TargetFramework = netcoreapp3.1
                           DefaultRuntimeFrameworkVersion = 3.1.0
                           TargetingPackName = Microsoft.NETCore.App.Ref
                           LatestRuntimeFrameworkVersion = 3.1.32
                           RuntimePackRuntimeIdentifiers = linux-arm;linux-arm64;linux-musl-arm64;linux-musl-x64;linux-x64;osx-x64;rhel.6-x64;tizen.4.0.0-armel;tizen.5.0.0-armel;win-arm;win-arm64;win-x64;win-x86
                           RuntimePackNamePatterns = Microsoft.NETCore.App.Runtime.**RID**
                           TargetingPackVersion = 3.1.0
                           IsTrimmable = true
                           RuntimeFrameworkName = Microsoft.NETCore.App
                       Microsoft.NETCore.App
                           TargetFramework = netcoreapp3.0
                           DefaultRuntimeFrameworkVersion = 3.0.0
                           TargetingPackName = Microsoft.NETCore.App.Ref
                           LatestRuntimeFrameworkVersion = 3.0.3
                           RuntimePackRuntimeIdentifiers = linux-arm;linux-arm64;linux-musl-arm64;linux-musl-x64;linux-x64;osx-x64;rhel.6-x64;tizen.4.0.0-armel;tizen.5.0.0-armel;win-arm;win-arm64;win-x64;win-x86
                           RuntimePackNamePatterns = Microsoft.NETCore.App.Runtime.**RID**
                           TargetingPackVersion = 3.0.0
                           IsTrimmable = true
                           RuntimeFrameworkName = Microsoft.NETCore.App
                       Microsoft.NETCore.App
                           TargetFramework = net6.0
                           DefaultRuntimeFrameworkVersion = 6.0.0
                           TargetingPackName = Microsoft.NETCore.App.Ref
                           LatestRuntimeFrameworkVersion = 6.0.36
                           RuntimePackRuntimeIdentifiers = linux-arm;linux-arm64;linux-musl-arm64;linux-musl-x64;linux-x64;osx-x64;rhel.6-x64;tizen.4.0.0-armel;tizen.5.0.0-armel;win-arm;win-arm64;win-x64;win-x86;linux-musl-arm;osx-arm64;linux-s390x
                           RuntimePackNamePatterns = Microsoft.NETCore.App.Runtime.**RID**
                           TargetingPackVersion = 6.0.36
                           RuntimeFrameworkName = Microsoft.NETCore.App
                       Microsoft.Windows.SDK.NET.Ref
                           RuntimePackAlwaysCopyLocal = true
                           TargetFramework = net5.0-windows10.0.18362.0
                           DefaultRuntimeFrameworkVersion = 10.0.18362.56
                           TargetingPackName = Microsoft.Windows.SDK.NET.Ref
                           IsWindowsOnly = true
                           LatestRuntimeFrameworkVersion = 10.0.18362.56
                           RuntimePackRuntimeIdentifiers = any
                           RuntimePackNamePatterns = Microsoft.Windows.SDK.NET.Ref
                           TargetingPackVersion = 10.0.18362.56
                           RuntimeFrameworkName = Microsoft.Windows.SDK.NET.Ref
                       Microsoft.Windows.SDK.NET.Ref
                           RuntimePackAlwaysCopyLocal = true
                           TargetFramework = net5.0-windows10.0.19041.0
                           DefaultRuntimeFrameworkVersion = 10.0.19041.56
                           TargetingPackName = Microsoft.Windows.SDK.NET.Ref
                           IsWindowsOnly = true
                           LatestRuntimeFrameworkVersion = 10.0.19041.56
                           RuntimePackRuntimeIdentifiers = any
                           RuntimePackNamePatterns = Microsoft.Windows.SDK.NET.Ref
                           TargetingPackVersion = 10.0.19041.56
                           RuntimeFrameworkName = Microsoft.Windows.SDK.NET.Ref
                       Microsoft.Windows.SDK.NET.Ref
                           RuntimePackAlwaysCopyLocal = true
                           TargetFramework = net6.0-windows10.0.19041.0
                           DefaultRuntimeFrameworkVersion = 10.0.19041.56
                           TargetingPackName = Microsoft.Windows.SDK.NET.Ref
                           IsWindowsOnly = true
                           LatestRuntimeFrameworkVersion = 10.0.19041.56
                           RuntimePackRuntimeIdentifiers = any
                           RuntimePackNamePatterns = Microsoft.Windows.SDK.NET.Ref
                           TargetingPackVersion = 10.0.19041.56
                           RuntimeFrameworkName = Microsoft.Windows.SDK.NET.Ref
                       Microsoft.Windows.SDK.NET.Ref
                           RuntimePackAlwaysCopyLocal = true
                           TargetFramework = net6.0-windows10.0.18362.0
                           DefaultRuntimeFrameworkVersion = 10.0.18362.56
                           TargetingPackName = Microsoft.Windows.SDK.NET.Ref
                           IsWindowsOnly = true
                           LatestRuntimeFrameworkVersion = 10.0.18362.56
                           RuntimePackRuntimeIdentifiers = any
                           RuntimePackNamePatterns = Microsoft.Windows.SDK.NET.Ref
                           TargetingPackVersion = 10.0.18362.56
                           RuntimeFrameworkName = Microsoft.Windows.SDK.NET.Ref
                       Microsoft.Windows.SDK.NET.Ref
                           RuntimePackAlwaysCopyLocal = true
                           TargetFramework = net5.0-windows10.0.17763.0
                           DefaultRuntimeFrameworkVersion = 10.0.17763.56
                           TargetingPackName = Microsoft.Windows.SDK.NET.Ref
                           IsWindowsOnly = true
                           LatestRuntimeFrameworkVersion = 10.0.17763.56
                           RuntimePackRuntimeIdentifiers = any
                           RuntimePackNamePatterns = Microsoft.Windows.SDK.NET.Ref
                           TargetingPackVersion = 10.0.17763.56
                           RuntimeFrameworkName = Microsoft.Windows.SDK.NET.Ref
                       Microsoft.Windows.SDK.NET.Ref
                           RuntimePackAlwaysCopyLocal = true
                           TargetFramework = net6.0-windows10.0.17763.0
                           DefaultRuntimeFrameworkVersion = 10.0.17763.56
                           TargetingPackName = Microsoft.Windows.SDK.NET.Ref
                           IsWindowsOnly = true
                           LatestRuntimeFrameworkVersion = 10.0.17763.56
                           RuntimePackRuntimeIdentifiers = any
                           RuntimePackNamePatterns = Microsoft.Windows.SDK.NET.Ref
                           TargetingPackVersion = 10.0.17763.56
                           RuntimeFrameworkName = Microsoft.Windows.SDK.NET.Ref
                       Microsoft.Windows.SDK.NET.Ref
                           RuntimePackAlwaysCopyLocal = true
                           TargetFramework = net8.0-windows10.0.18362.0
                           DefaultRuntimeFrameworkVersion = 10.0.18362.56
                           TargetingPackName = Microsoft.Windows.SDK.NET.Ref
                           IsWindowsOnly = true
                           LatestRuntimeFrameworkVersion = 10.0.18362.56
                           RuntimePackRuntimeIdentifiers = any
                           RuntimePackNamePatterns = Microsoft.Windows.SDK.NET.Ref
                           TargetingPackVersion = 10.0.18362.56
                           RuntimeFrameworkName = Microsoft.Windows.SDK.NET.Ref
                       Microsoft.Windows.SDK.NET.Ref
                           RuntimePackAlwaysCopyLocal = true
                           TargetFramework = net7.0-windows10.0.19041.0
                           DefaultRuntimeFrameworkVersion = 10.0.19041.56
                           TargetingPackName = Microsoft.Windows.SDK.NET.Ref
                           IsWindowsOnly = true
                           LatestRuntimeFrameworkVersion = 10.0.19041.56
                           RuntimePackRuntimeIdentifiers = any
                           RuntimePackNamePatterns = Microsoft.Windows.SDK.NET.Ref
                           TargetingPackVersion = 10.0.19041.56
                           RuntimeFrameworkName = Microsoft.Windows.SDK.NET.Ref
                       Microsoft.Windows.SDK.NET.Ref
                           RuntimePackAlwaysCopyLocal = true
                           TargetFramework = net7.0-windows10.0.18362.0
                           DefaultRuntimeFrameworkVersion = 10.0.18362.56
                           TargetingPackName = Microsoft.Windows.SDK.NET.Ref
                           IsWindowsOnly = true
                           LatestRuntimeFrameworkVersion = 10.0.18362.56
                           RuntimePackRuntimeIdentifiers = any
                           RuntimePackNamePatterns = Microsoft.Windows.SDK.NET.Ref
                           TargetingPackVersion = 10.0.18362.56
                           RuntimeFrameworkName = Microsoft.Windows.SDK.NET.Ref
                       Microsoft.Windows.SDK.NET.Ref
                           RuntimePackAlwaysCopyLocal = true
                           TargetFramework = net7.0-windows10.0.17763.0
                           DefaultRuntimeFrameworkVersion = 10.0.17763.56
                           TargetingPackName = Microsoft.Windows.SDK.NET.Ref
                           IsWindowsOnly = true
                           LatestRuntimeFrameworkVersion = 10.0.17763.56
                           RuntimePackRuntimeIdentifiers = any
                           RuntimePackNamePatterns = Microsoft.Windows.SDK.NET.Ref
                           TargetingPackVersion = 10.0.17763.56
                           RuntimeFrameworkName = Microsoft.Windows.SDK.NET.Ref
                       Microsoft.Windows.SDK.NET.Ref
                           RuntimePackAlwaysCopyLocal = true
                           TargetFramework = net8.0-windows10.0.17763.0
                           DefaultRuntimeFrameworkVersion = 10.0.17763.56
                           TargetingPackName = Microsoft.Windows.SDK.NET.Ref
                           IsWindowsOnly = true
                           LatestRuntimeFrameworkVersion = 10.0.17763.56
                           RuntimePackRuntimeIdentifiers = any
                           RuntimePackNamePatterns = Microsoft.Windows.SDK.NET.Ref
                           TargetingPackVersion = 10.0.17763.56
                           RuntimeFrameworkName = Microsoft.Windows.SDK.NET.Ref
                       Microsoft.Windows.SDK.NET.Ref
                           RuntimePackAlwaysCopyLocal = true
                           TargetFramework = net8.0-windows10.0.19041.0
                           DefaultRuntimeFrameworkVersion = 10.0.19041.56
                           TargetingPackName = Microsoft.Windows.SDK.NET.Ref
                           IsWindowsOnly = true
                           LatestRuntimeFrameworkVersion = 10.0.19041.56
                           RuntimePackRuntimeIdentifiers = any
                           RuntimePackNamePatterns = Microsoft.Windows.SDK.NET.Ref
                           TargetingPackVersion = 10.0.19041.56
                           RuntimeFrameworkName = Microsoft.Windows.SDK.NET.Ref
                       Microsoft.WindowsDesktop.App
                           TargetFramework = netcoreapp3.0
                           DefaultRuntimeFrameworkVersion = 3.0.0
                           TargetingPackName = Microsoft.WindowsDesktop.App.Ref
                           IsWindowsOnly = true
                           LatestRuntimeFrameworkVersion = 3.0.3
                           RuntimePackRuntimeIdentifiers = win-x64;win-x86
                           RuntimePackNamePatterns = Microsoft.WindowsDesktop.App.Runtime.**RID**
                           TargetingPackVersion = 3.0.0
                           RuntimeFrameworkName = Microsoft.WindowsDesktop.App
                       Microsoft.WindowsDesktop.App
                           TargetFramework = netcoreapp3.1
                           DefaultRuntimeFrameworkVersion = 3.1.0
                           TargetingPackName = Microsoft.WindowsDesktop.App.Ref
                           IsWindowsOnly = true
                           LatestRuntimeFrameworkVersion = 3.1.32
                           RuntimePackRuntimeIdentifiers = win-x64;win-x86
                           RuntimePackNamePatterns = Microsoft.WindowsDesktop.App.Runtime.**RID**
                           TargetingPackVersion = 3.1.0
                           RuntimeFrameworkName = Microsoft.WindowsDesktop.App
                       Microsoft.WindowsDesktop.App
                           TargetFramework = net6.0
                           DefaultRuntimeFrameworkVersion = 6.0.0
                           TargetingPackName = Microsoft.WindowsDesktop.App.Ref
                           IsWindowsOnly = true
                           LatestRuntimeFrameworkVersion = 6.0.36
                           RuntimePackRuntimeIdentifiers = win-x64;win-x86;win-arm64
                           RuntimePackNamePatterns = Microsoft.WindowsDesktop.App.Runtime.**RID**
                           TargetingPackVersion = 6.0.36
                           RuntimeFrameworkName = Microsoft.WindowsDesktop.App
                       Microsoft.WindowsDesktop.App
                           TargetFramework = net7.0
                           DefaultRuntimeFrameworkVersion = 7.0.0
                           TargetingPackName = Microsoft.WindowsDesktop.App.Ref
                           IsWindowsOnly = true
                           LatestRuntimeFrameworkVersion = 7.0.20
                           RuntimePackRuntimeIdentifiers = win-x64;win-x86;win-arm64
                           RuntimePackNamePatterns = Microsoft.WindowsDesktop.App.Runtime.**RID**
                           TargetingPackVersion = 7.0.20
                           RuntimeFrameworkName = Microsoft.WindowsDesktop.App
                       Microsoft.WindowsDesktop.App
                           TargetFramework = net8.0
                           DefaultRuntimeFrameworkVersion = 8.0.0
                           TargetingPackName = Microsoft.WindowsDesktop.App.Ref
                           IsWindowsOnly = true
                           LatestRuntimeFrameworkVersion = 8.0.25
                           RuntimePackRuntimeIdentifiers = win-x64;win-x86;win-arm64
                           RuntimePackNamePatterns = Microsoft.WindowsDesktop.App.Runtime.**RID**
                           TargetingPackVersion = 8.0.25
                           RuntimeFrameworkName = Microsoft.WindowsDesktop.App
                       Microsoft.WindowsDesktop.App
                           TargetFramework = net5.0
                           DefaultRuntimeFrameworkVersion = 5.0.0
                           TargetingPackName = Microsoft.WindowsDesktop.App.Ref
                           IsWindowsOnly = true
                           LatestRuntimeFrameworkVersion = 5.0.17
                           RuntimePackRuntimeIdentifiers = win-x64;win-x86;win-arm64
                           RuntimePackNamePatterns = Microsoft.WindowsDesktop.App.Runtime.**RID**
                           TargetingPackVersion = 5.0.0
                           RuntimeFrameworkName = Microsoft.WindowsDesktop.App
                       Microsoft.WindowsDesktop.App.WindowsForms
                           TargetFramework = netcoreapp3.0
                           DefaultRuntimeFrameworkVersion = 3.0.0
                           TargetingPackName = Microsoft.WindowsDesktop.App.Ref
                           IsWindowsOnly = true
                           LatestRuntimeFrameworkVersion = 3.0.3
                           RuntimePackRuntimeIdentifiers = win-x64;win-x86
                           RuntimePackNamePatterns = Microsoft.WindowsDesktop.App.Runtime.**RID**
                           TargetingPackVersion = 3.0.0
                           Profile = WindowsForms
                           RuntimeFrameworkName = Microsoft.WindowsDesktop.App
                       Microsoft.WindowsDesktop.App.WindowsForms
                           TargetFramework = net8.0
                           DefaultRuntimeFrameworkVersion = 8.0.0
                           TargetingPackName = Microsoft.WindowsDesktop.App.Ref
                           IsWindowsOnly = true
                           LatestRuntimeFrameworkVersion = 8.0.25
                           RuntimePackRuntimeIdentifiers = win-x64;win-x86;win-arm64
                           RuntimePackNamePatterns = Microsoft.WindowsDesktop.App.Runtime.**RID**
                           TargetingPackVersion = 8.0.25
                           Profile = WindowsForms
                           RuntimeFrameworkName = Microsoft.WindowsDesktop.App
                       Microsoft.WindowsDesktop.App.WindowsForms
                           TargetFramework = net7.0
                           DefaultRuntimeFrameworkVersion = 7.0.0
                           TargetingPackName = Microsoft.WindowsDesktop.App.Ref
                           IsWindowsOnly = true
                           LatestRuntimeFrameworkVersion = 7.0.20
                           RuntimePackRuntimeIdentifiers = win-x64;win-x86;win-arm64
                           RuntimePackNamePatterns = Microsoft.WindowsDesktop.App.Runtime.**RID**
                           TargetingPackVersion = 7.0.20
                           Profile = WindowsForms
                           RuntimeFrameworkName = Microsoft.WindowsDesktop.App
                       Microsoft.WindowsDesktop.App.WindowsForms
                           TargetFramework = net6.0
                           DefaultRuntimeFrameworkVersion = 6.0.0
                           TargetingPackName = Microsoft.WindowsDesktop.App.Ref
                           IsWindowsOnly = true
                           LatestRuntimeFrameworkVersion = 6.0.36
                           RuntimePackRuntimeIdentifiers = win-x64;win-x86;win-arm64
                           RuntimePackNamePatterns = Microsoft.WindowsDesktop.App.Runtime.**RID**
                           TargetingPackVersion = 6.0.36
                           Profile = WindowsForms
                           RuntimeFrameworkName = Microsoft.WindowsDesktop.App
                       Microsoft.WindowsDesktop.App.WindowsForms
                           TargetFramework = netcoreapp3.1
                           DefaultRuntimeFrameworkVersion = 3.1.0
                           TargetingPackName = Microsoft.WindowsDesktop.App.Ref
                           IsWindowsOnly = true
                           LatestRuntimeFrameworkVersion = 3.1.32
                           RuntimePackRuntimeIdentifiers = win-x64;win-x86
                           RuntimePackNamePatterns = Microsoft.WindowsDesktop.App.Runtime.**RID**
                           TargetingPackVersion = 3.1.0
                           Profile = WindowsForms
                           RuntimeFrameworkName = Microsoft.WindowsDesktop.App
                       Microsoft.WindowsDesktop.App.WindowsForms
                           TargetFramework = net5.0
                           DefaultRuntimeFrameworkVersion = 5.0.0
                           TargetingPackName = Microsoft.WindowsDesktop.App.Ref
                           IsWindowsOnly = true
                           LatestRuntimeFrameworkVersion = 5.0.17
                           RuntimePackRuntimeIdentifiers = win-x64;win-x86;win-arm64
                           RuntimePackNamePatterns = Microsoft.WindowsDesktop.App.Runtime.**RID**
                           TargetingPackVersion = 5.0.0
                           Profile = WindowsForms
                           RuntimeFrameworkName = Microsoft.WindowsDesktop.App
                       Microsoft.WindowsDesktop.App.WPF
                           TargetFramework = netcoreapp3.0
                           DefaultRuntimeFrameworkVersion = 3.0.0
                           TargetingPackName = Microsoft.WindowsDesktop.App.Ref
                           IsWindowsOnly = true
                           LatestRuntimeFrameworkVersion = 3.0.3
                           RuntimePackRuntimeIdentifiers = win-x64;win-x86
                           RuntimePackNamePatterns = Microsoft.WindowsDesktop.App.Runtime.**RID**
                           TargetingPackVersion = 3.0.0
                           Profile = WPF
                           RuntimeFrameworkName = Microsoft.WindowsDesktop.App
                       Microsoft.WindowsDesktop.App.WPF
                           TargetFramework = net6.0
                           DefaultRuntimeFrameworkVersion = 6.0.0
                           TargetingPackName = Microsoft.WindowsDesktop.App.Ref
                           IsWindowsOnly = true
                           LatestRuntimeFrameworkVersion = 6.0.36
                           RuntimePackRuntimeIdentifiers = win-x64;win-x86;win-arm64
                           RuntimePackNamePatterns = Microsoft.WindowsDesktop.App.Runtime.**RID**
                           TargetingPackVersion = 6.0.36
                           Profile = WPF
                           RuntimeFrameworkName = Microsoft.WindowsDesktop.App
                       Microsoft.WindowsDesktop.App.WPF
                           TargetFramework = netcoreapp3.1
                           DefaultRuntimeFrameworkVersion = 3.1.0
                           TargetingPackName = Microsoft.WindowsDesktop.App.Ref
                           IsWindowsOnly = true
                           LatestRuntimeFrameworkVersion = 3.1.32
                           RuntimePackRuntimeIdentifiers = win-x64;win-x86
                           RuntimePackNamePatterns = Microsoft.WindowsDesktop.App.Runtime.**RID**
                           TargetingPackVersion = 3.1.0
                           Profile = WPF
                           RuntimeFrameworkName = Microsoft.WindowsDesktop.App
                       Microsoft.WindowsDesktop.App.WPF
                           TargetFramework = net5.0
                           DefaultRuntimeFrameworkVersion = 5.0.0
                           TargetingPackName = Microsoft.WindowsDesktop.App.Ref
                           IsWindowsOnly = true
                           LatestRuntimeFrameworkVersion = 5.0.17
                           RuntimePackRuntimeIdentifiers = win-x64;win-x86;win-arm64
                           RuntimePackNamePatterns = Microsoft.WindowsDesktop.App.Runtime.**RID**
                           TargetingPackVersion = 5.0.0
                           Profile = WPF
                           RuntimeFrameworkName = Microsoft.WindowsDesktop.App
                       Microsoft.WindowsDesktop.App.WPF
                           TargetFramework = net7.0
                           DefaultRuntimeFrameworkVersion = 7.0.0
                           TargetingPackName = Microsoft.WindowsDesktop.App.Ref
                           IsWindowsOnly = true
                           LatestRuntimeFrameworkVersion = 7.0.20
                           RuntimePackRuntimeIdentifiers = win-x64;win-x86;win-arm64
                           RuntimePackNamePatterns = Microsoft.WindowsDesktop.App.Runtime.**RID**
                           TargetingPackVersion = 7.0.20
                           Profile = WPF
                           RuntimeFrameworkName = Microsoft.WindowsDesktop.App
                       Microsoft.WindowsDesktop.App.WPF
                           TargetFramework = net8.0
                           DefaultRuntimeFrameworkVersion = 8.0.0
                           TargetingPackName = Microsoft.WindowsDesktop.App.Ref
                           IsWindowsOnly = true
                           LatestRuntimeFrameworkVersion = 8.0.25
                           RuntimePackRuntimeIdentifiers = win-x64;win-x86;win-arm64
                           RuntimePackNamePatterns = Microsoft.WindowsDesktop.App.Runtime.**RID**
                           TargetingPackVersion = 8.0.25
                           Profile = WPF
                           RuntimeFrameworkName = Microsoft.WindowsDesktop.App
                       NETStandard.Library
                           TargetFramework = netstandard2.1
                           TargetingPackName = NETStandard.Library.Ref
                           TargetingPackVersion = 2.1.0
                   KnownILCompilerPack
                       Microsoft.DotNet.ILCompiler
                           ILCompilerPackNamePattern = runtime.**RID**.Microsoft.DotNet.ILCompiler
                           TargetFramework = net8.0
                           ILCompilerPackVersion = 8.0.25
                           ILCompilerRuntimeIdentifiers = linux-arm64;linux-musl-arm64;linux-musl-x64;linux-x64;win-arm64;win-x64;osx-x64;osx-arm64
                       Microsoft.DotNet.ILCompiler
                           ILCompilerPackNamePattern = runtime.**RID**.Microsoft.DotNet.ILCompiler
                           TargetFramework = net7.0
                           ILCompilerPackVersion = 7.0.20
                           ILCompilerRuntimeIdentifiers = linux-arm64;linux-musl-arm64;linux-musl-x64;linux-x64;win-arm64;win-x64
                   KnownILLinkPack
                       Microsoft.NET.ILLink.Tasks
                           TargetFramework = net8.0
                           ILLinkPackVersion = 8.0.25
                       Microsoft.NET.ILLink.Tasks
                           TargetFramework = net7.0
                           ILLinkPackVersion = 7.0.100-1.23401.1
                       Microsoft.NET.ILLink.Tasks
                           TargetFramework = net6.0
                           ILLinkPackVersion = 7.0.100-1.23401.1
                       Microsoft.NET.ILLink.Tasks
                           TargetFramework = net5.0
                           ILLinkPackVersion = 7.0.100-1.23401.1
                       Microsoft.NET.ILLink.Tasks
                           TargetFramework = netcoreapp3.1
                           ILLinkPackVersion = 7.0.100-1.23401.1
                       Microsoft.NET.ILLink.Tasks
                           TargetFramework = netcoreapp3.0
                           ILLinkPackVersion = 7.0.100-1.23401.1
                   KnownRuntimePack
                       Microsoft.NETCore.App
                           TargetFramework = net8.0
                           LatestRuntimeFrameworkVersion = 8.0.25
                           RuntimePackRuntimeIdentifiers = ios-arm64;iossimulator-arm64;iossimulator-x64;tvos-arm64;tvossimulator-arm64;tvossimulator-x64;maccatalyst-arm64;maccatalyst-x64;linux-bionic-arm64;linux-bionic-x64;osx-arm64;osx-x64
                           RuntimePackNamePatterns = Microsoft.NETCore.App.Runtime.NativeAOT.**RID**
                           RuntimePackLabels = NativeAOT
                           RuntimeFrameworkName = Microsoft.NETCore.App
                       Microsoft.NETCore.App
                           TargetFramework = net8.0
                           LatestRuntimeFrameworkVersion = 8.0.25
                           RuntimePackRuntimeIdentifiers = linux-arm;linux-arm64;linux-musl-arm64;linux-musl-x64;linux-x64;osx-x64;rhel.6-x64;win-arm64;win-x64;win-x86;linux-musl-arm;osx-arm64;linux-s390x;browser-wasm;ios-arm64;ios-arm;iossimulator-arm64;iossimulator-x64;iossimulator-x86;tvos-arm64;tvossimulator-arm64;tvossimulator-x64;maccatalyst-x64;maccatalyst-arm64;android-arm64;android-arm;android-x64;android-x86
                           RuntimePackNamePatterns = Microsoft.NETCore.App.Runtime.Mono.**RID**
                           RuntimePackLabels = Mono
                           RuntimeFrameworkName = Microsoft.NETCore.App
                       Microsoft.NETCore.App
                           TargetFramework = net7.0
                           LatestRuntimeFrameworkVersion = 7.0.20
                           RuntimePackRuntimeIdentifiers = linux-arm;linux-arm64;linux-musl-arm64;linux-musl-x64;linux-x64;osx-x64;rhel.6-x64;win-arm;win-arm64;win-x64;win-x86;linux-musl-arm;osx-arm64;linux-s390x;browser-wasm;ios-arm64;ios-arm;iossimulator-arm64;iossimulator-x64;iossimulator-x86;tvos-arm64;tvossimulator-arm64;tvossimulator-x64;maccatalyst-x64;maccatalyst-arm64;android-arm64;android-arm;android-x64;android-x86
                           RuntimePackNamePatterns = Microsoft.NETCore.App.Runtime.Mono.**RID**
                           RuntimePackLabels = Mono
                           RuntimeFrameworkName = Microsoft.NETCore.App
                       Microsoft.NETCore.App
                           TargetFramework = net6.0
                           LatestRuntimeFrameworkVersion = 6.0.36
                           RuntimePackRuntimeIdentifiers = linux-arm;linux-arm64;linux-musl-arm64;linux-musl-x64;linux-x64;osx-x64;rhel.6-x64;win-arm;win-arm64;win-x64;win-x86;linux-musl-arm;osx-arm64;linux-s390x;browser-wasm;ios-arm64;ios-arm;iossimulator-arm64;iossimulator-x64;iossimulator-x86;tvos-arm64;tvossimulator-arm64;tvossimulator-x64;maccatalyst-x64;maccatalyst-arm64;android-arm64;android-arm;android-x64;android-x86
                           RuntimePackNamePatterns = Microsoft.NETCore.App.Runtime.Mono.**RID**
                           RuntimePackLabels = Mono
                           RuntimeFrameworkName = Microsoft.NETCore.App
                   KnownWebAssemblySdkPack
                       Microsoft.NET.Sdk.WebAssembly.Pack
                           TargetFramework = net8.0
                           WebAssemblySdkPackVersion = 8.0.25
                       Microsoft.NET.Sdk.WebAssembly.Pack
                           TargetFramework = net7.0
                           WebAssemblySdkPackVersion = 8.0.25
                       Microsoft.NET.Sdk.WebAssembly.Pack
                           TargetFramework = net6.0
                           WebAssemblySdkPackVersion = 8.0.25
                   None
                       app.ico
                       create-icon.ps1
                       README.md
                   PackageConflictOverrides
                       NETStandard.Library
                           OverriddenPackages = 
                           Microsoft.Win32.Primitives|4.3.0;
                           System.AppContext|4.3.0;
                           System.Collections|4.3.0;
                           System.Collections.Concurrent|4.3.0;
                           System.Collections.Immutable|1.4.0;
                           System.Collections.NonGeneric|4.3.0;
                           System.Collections.Specialized|4.3.0;
                           System.ComponentModel|4.3.0;
                           System.ComponentModel.EventBasedAsync|4.3.0;
                           System.ComponentModel.Primitives|4.3.0;
                           System.ComponentModel.TypeConverter|4.3.0;
                           System.Console|4.3.0;
                           System.Data.Common|4.3.0;
                           System.Diagnostics.Contracts|4.3.0;
                           System.Diagnostics.Debug|4.3.0;
                           System.Diagnostics.FileVersionInfo|4.3.0;
                           System.Diagnostics.Process|4.3.0;
                           System.Diagnostics.StackTrace|4.3.0;
                           System.Diagnostics.TextWriterTraceListener|4.3.0;
                           System.Diagnostics.Tools|4.3.0;
                           System.Diagnostics.TraceSource|4.3.0;
                           System.Diagnostics.Tracing|4.3.0;
                           System.Dynamic.Runtime|4.3.0;
                           System.Globalization|4.3.0;
                           System.Globalization.Calendars|4.3.0;
                           System.Globalization.Extensions|4.3.0;
                           System.IO|4.3.0;
                           System.IO.Compression|4.3.0;
                           System.IO.Compression.ZipFile|4.3.0;
                           System.IO.FileSystem|4.3.0;
                           System.IO.FileSystem.DriveInfo|4.3.0;
                           System.IO.FileSystem.Primitives|4.3.0;
                           System.IO.FileSystem.Watcher|4.3.0;
                           System.IO.IsolatedStorage|4.3.0;
                           System.IO.MemoryMappedFiles|4.3.0;
                           System.IO.Pipes|4.3.0;
                           System.IO.UnmanagedMemoryStream|4.3.0;
                           System.Linq|4.3.0;
                           System.Linq.Expressions|4.3.0;
                           System.Linq.Queryable|4.3.0;
                           System.Net.Http|4.3.0;
                           System.Net.NameResolution|4.3.0;
                           System.Net.Primitives|4.3.0;
                           System.Net.Requests|4.3.0;
                           System.Net.Security|4.3.0;
                           System.Net.Sockets|4.3.0;
                           System.Net.WebHeaderCollection|4.3.0;
                           System.ObjectModel|4.3.0;
                           System.Private.DataContractSerialization|4.3.0;
                           System.Reflection|4.3.0;
                           System.Reflection.Emit|4.3.0;
                           System.Reflection.Emit.ILGeneration|4.3.0;
                           System.Reflection.Emit.Lightweight|4.3.0;
                           System.Reflection.Extensions|4.3.0;
                           System.Reflection.Primitives|4.3.0;
                           System.Reflection.TypeExtensions|4.3.0;
                           System.Resources.ResourceManager|4.3.0;
                           System.Runtime|4.3.0;
                           System.Runtime.Extensions|4.3.0;
                           System.Runtime.Handles|4.3.0;
                           System.Runtime.InteropServices|4.3.0;
                           System.Runtime.InteropServices.RuntimeInformation|4.3.0;
                           System.Runtime.Loader|4.3.0;
                           System.Runtime.Numerics|4.3.0;
                           System.Runtime.Serialization.Formatters|4.3.0;
                           System.Runtime.Serialization.Json|4.3.0;
                           System.Runtime.Serialization.Primitives|4.3.0;
                           System.Security.AccessControl|4.4.0;
                           System.Security.Claims|4.3.0;
                           System.Security.Cryptography.Algorithms|4.3.0;
                           System.Security.Cryptography.Csp|4.3.0;
                           System.Security.Cryptography.Encoding|4.3.0;
                           System.Security.Cryptography.Primitives|4.3.0;
                           System.Security.Cryptography.X509Certificates|4.3.0;
                           System.Security.Cryptography.Xml|4.4.0;
                           System.Security.Principal|4.3.0;
                           System.Security.Principal.Windows|4.4.0;
                           System.Text.Encoding|4.3.0;
                           System.Text.Encoding.Extensions|4.3.0;
                           System.Text.RegularExpressions|4.3.0;
                           System.Threading|4.3.0;
                           System.Threading.Overlapped|4.3.0;
                           System.Threading.Tasks|4.3.0;
                           System.Threading.Tasks.Extensions|4.3.0;
                           System.Threading.Tasks.Parallel|4.3.0;
                           System.Threading.Thread|4.3.0;
                           System.Threading.ThreadPool|4.3.0;
                           System.Threading.Timer|4.3.0;
                           System.ValueTuple|4.3.0;
                           System.Xml.ReaderWriter|4.3.0;
                           System.Xml.XDocument|4.3.0;
                           System.Xml.XmlDocument|4.3.0;
                           System.Xml.XmlSerializer|4.3.0;
                           System.Xml.XPath|4.3.0;
                           System.Xml.XPath.XDocument|4.3.0;
                         
                   PackageReference
                       CommunityToolkit.Mvvm
                           Version = 8.4.0
                       HelixToolkit.Wpf.SharpDX
                           Version = 2.27.0
                       Microsoft.Extensions.DependencyInjection
                           Version = 9.0.4
                       Silk.NET.OpenGL
                           Version = 2.23.0
                   Page
                       Styles\Theme.xaml
                           Generator = MSBuild:Compile
                           XamlRuntime = Wpf
                           SubType = Designer
                       Themes\Colors.xaml
                           Generator = MSBuild:Compile
                           XamlRuntime = Wpf
                           SubType = Designer
                       Themes\SpaceDarkTheme.xaml
                           Generator = MSBuild:Compile
                           XamlRuntime = Wpf
                           SubType = Designer
                       Views\MainWindow.xaml
                           Generator = MSBuild:Compile
                           XamlRuntime = Wpf
                           SubType = Designer
                       Views\Modals\FileMenuModal.xaml
                           Generator = MSBuild:Compile
                           XamlRuntime = Wpf
                           SubType = Designer
                       Views\Modals\ModeSelectionModal.xaml
                           Generator = MSBuild:Compile
                           XamlRuntime = Wpf
                           SubType = Designer
                       Views\Modals\NewProjectModal.xaml
                           Generator = MSBuild:Compile
                           XamlRuntime = Wpf
                           SubType = Designer
                       Views\Modals\ProjectsListModal.xaml
                           Generator = MSBuild:Compile
                           XamlRuntime = Wpf
                           SubType = Designer
                       Views\Modals\SimulationMenuModal.xaml
                           Generator = MSBuild:Compile
                           XamlRuntime = Wpf
                           SubType = Designer
                       Views\Panels\BodyInspectorPanel.xaml
                           Generator = MSBuild:Compile
                           XamlRuntime = Wpf
                           SubType = Designer
                       Views\Panels\BodyTypePalette.xaml
                           Generator = MSBuild:Compile
                           XamlRuntime = Wpf
                           SubType = Designer
                       Views\Panels\SceneOutlinerPanel.xaml
                           Generator = MSBuild:Compile
                           XamlRuntime = Wpf
                           SubType = Designer
                       Views\Panels\SimulationSettingsPanel.xaml
                           Generator = MSBuild:Compile
                           XamlRuntime = Wpf
                           SubType = Designer
                       Views\Shell\FileMenuView.xaml
                           Generator = MSBuild:Compile
                           XamlRuntime = Wpf
                           SubType = Designer
                       Views\Shell\ModeSelectionView.xaml
                           Generator = MSBuild:Compile
                           XamlRuntime = Wpf
                           SubType = Designer
                       Views\Shell\NewProjectView.xaml
                           Generator = MSBuild:Compile
                           XamlRuntime = Wpf
                           SubType = Designer
                       Views\Shell\ObservationView.xaml
                           Generator = MSBuild:Compile
                           XamlRuntime = Wpf
                           SubType = Designer
                       Views\Shell\ProjectsListView.xaml
                           Generator = MSBuild:Compile
                           XamlRuntime = Wpf
                           SubType = Designer
                       Views\Shell\SimulationMenuView.xaml
                           Generator = MSBuild:Compile
                           XamlRuntime = Wpf
                           SubType = Designer
                       Views\Shell\SimulationView.xaml
                           Generator = MSBuild:Compile
                           XamlRuntime = Wpf
                           SubType = Designer
                       Views\SplashWindow.xaml
                           Generator = MSBuild:Compile
                           XamlRuntime = Wpf
                           SubType = Designer
                       Views\ViewportPanel.xaml
                           Generator = MSBuild:Compile
                           XamlRuntime = Wpf
                           SubType = Designer
                   PotentialEditorConfigFiles
                       C:\.editorconfig
                       C:\sharon\.editorconfig
                       C:\sharon\projects\.editorconfig
                       C:\sharon\projects\celestial-mechanics-desktop\.editorconfig
                       C:\sharon\projects\celestial-mechanics-desktop\src\.editorconfig
                       C:\sharon\projects\celestial-mechanics-desktop\src\CelestialMechanics.Desktop\.editorconfig
                       C:\sharon\projects\celestial-mechanics-desktop\src\CelestialMechanics.Desktop\Converters\.editorconfig
                       C:\sharon\projects\celestial-mechanics-desktop\src\CelestialMechanics.Desktop\Infrastructure\.editorconfig
                       C:\sharon\projects\celestial-mechanics-desktop\src\CelestialMechanics.Desktop\Models\.editorconfig
                       C:\sharon\projects\celestial-mechanics-desktop\src\CelestialMechanics.Desktop\Services\.editorconfig
                       C:\sharon\projects\celestial-mechanics-desktop\src\CelestialMechanics.Desktop\Services\Data\.editorconfig
                       C:\sharon\projects\celestial-mechanics-desktop\src\CelestialMechanics.Desktop\Services\Messaging\.editorconfig
                       C:\sharon\projects\celestial-mechanics-desktop\src\CelestialMechanics.Desktop\Services\Navigation\.editorconfig
                       C:\sharon\projects\celestial-mechanics-desktop\src\CelestialMechanics.Desktop\Services\Physics\.editorconfig
                       C:\sharon\projects\celestial-mechanics-desktop\src\CelestialMechanics.Desktop\ViewModels\.editorconfig
                       C:\sharon\projects\celestial-mechanics-desktop\src\CelestialMechanics.Desktop\ViewModels\Shell\.editorconfig
                       C:\sharon\projects\celestial-mechanics-desktop\src\CelestialMechanics.Desktop\Views\.editorconfig
                       C:\sharon\projects\celestial-mechanics-desktop\src\CelestialMechanics.Desktop\Views\Modals\.editorconfig
                       C:\sharon\projects\celestial-mechanics-desktop\src\CelestialMechanics.Desktop\Views\Panels\.editorconfig
                       C:\sharon\projects\celestial-mechanics-desktop\src\CelestialMechanics.Desktop\Views\Shell\.editorconfig
                   PreprocessorValue
                       assemblyname
                           Value = CelestialMechanics.Desktop
                       filename
                           Value = CelestialMechanics.Desktop.csproj
                       fullpath
                           Value = C:\sharon\projects\celestial-mechanics-desktop\src\CelestialMechanics.Desktop
                       outputfilename
                           Value = CelestialMechanics.Desktop.dll
                       rootnamespace
                           Value = CelestialMechanics.Desktop
                   ProjectCapability
                       AllTargetOutputGroups
                       AssemblyReferences
                       BuildWindowsDesktopTarget
                       COMReferences
                       CrossPlatformExecutable
                       CSharp
                       DeclaredSourceItems
                       GenerateDocumentationFile
                       LanguageService
                       Managed
                       NetSdkOCIImageBuild
                       OutputGroups
                       Pack
                       ProjectReferences
                       ReferencesFolder
                       RelativePathDerivedDefaultNamespace
                       SharedProjectReferences
                       SingleFileGenerators
                       SupportsHotReload
                       UserSourceItems
                       VisualStudioWellKnownOutputGroups
                   ProjectReference
                       ..\CelestialMechanics.AppCore\CelestialMechanics.AppCore.csproj
                           ReferenceSourceTarget = ProjectReference
                           OutputItemType = 
                           Targets = 
                       ..\CelestialMechanics.Data\CelestialMechanics.Data.csproj
                           ReferenceSourceTarget = ProjectReference
                           OutputItemType = 
                           Targets = 
                       ..\CelestialMechanics.Math\CelestialMechanics.Math.csproj
                           ReferenceSourceTarget = ProjectReference
                           OutputItemType = 
                           Targets = 
                       ..\CelestialMechanics.Physics\CelestialMechanics.Physics.csproj
                           ReferenceSourceTarget = ProjectReference
                           OutputItemType = 
                           Targets = 
                       ..\CelestialMechanics.Renderer\CelestialMechanics.Renderer.csproj
                           ReferenceSourceTarget = ProjectReference
                           OutputItemType = 
                           Targets = 
                       ..\CelestialMechanics.Simulation\CelestialMechanics.Simulation.csproj
                           ReferenceSourceTarget = ProjectReference
                           OutputItemType = 
                           Targets = 
                   PropertyPageSchema
                       C:\Program Files\dotnet\sdk\8.0.419\\assemblyreference.xaml
                           Context = ;BrowseObject
                       C:\Program Files\dotnet\sdk\8.0.419\\COMReference.xaml
                           Context = ;BrowseObject
                       C:\Program Files\dotnet\sdk\8.0.419\\Content.xaml
                           Context = File;BrowseObject
                       C:\Program Files\dotnet\sdk\8.0.419\\CSharp.BrowseObject.xaml
                           Context = BrowseObject
                       C:\Program Files\dotnet\sdk\8.0.419\\CSharp.ProjectItemsSchema.xaml
                       C:\Program Files\dotnet\sdk\8.0.419\\CSharp.xaml
                           Context = File
                       C:\Program Files\dotnet\sdk\8.0.419\\Debugger_General.xaml
                           Context = Project
                       C:\Program Files\dotnet\sdk\8.0.419\\EmbeddedResource.xaml
                           Context = File;BrowseObject
                       C:\Program Files\dotnet\sdk\8.0.419\\Folder.xaml
                           Context = File;BrowseObject
                       C:\Program Files\dotnet\sdk\8.0.419\\General_File.xaml
                           Context = File
                       C:\Program Files\dotnet\sdk\8.0.419\\General.BrowseObject.xaml
                           Context = BrowseObject
                       C:\Program Files\dotnet\sdk\8.0.419\\General.xaml
                           Context = Project
                       C:\Program Files\dotnet\sdk\8.0.419\\None.xaml
                           Context = File;BrowseObject
                       C:\Program Files\dotnet\sdk\8.0.419\\ProjectItemsSchema.xaml
                       C:\Program Files\dotnet\sdk\8.0.419\\ProjectReference.xaml
                           Context = ;BrowseObject
                       C:\Program Files\dotnet\sdk\8.0.419\\ResolvedAssemblyReference.xaml
                           Context = ProjectSubscriptionService;BrowseObject
                       C:\Program Files\dotnet\sdk\8.0.419\\ResolvedCOMReference.xaml
                           Context = ProjectSubscriptionService;BrowseObject
                       C:\Program Files\dotnet\sdk\8.0.419\\ResolvedProjectReference.xaml
                           Context = ProjectSubscriptionService;BrowseObject
                       C:\Program Files\dotnet\sdk\8.0.419\\SCC.xaml
                           Context = Invisible
                       C:\Program Files\dotnet\sdk\8.0.419\\SpecialFolder.xaml
                           Context = File;ProjectSubscriptionService
                   RegFreeComManifest
                       obj\Debug\net8.0-windows\CelestialMechanics.Desktop.X.manifest
                   RuntimeHostConfigurationOption
                       MVVMTOOLKIT_ENABLE_INOTIFYPROPERTYCHANGING_SUPPORT
                           Value = true
                           Trim = true
                       System.Runtime.Serialization.EnableUnsafeBinaryFormatterSerialization
                           Value = true
                           Trim = true
                   SdkSupportedTargetPlatformIdentifier
                       android
                           DisplayName = Android
                       ios
                           DisplayName = iOS
                       maccatalyst
                           DisplayName = Mac Catalyst
                       macos
                           DisplayName = macOS
                       tvos
                           DisplayName = tvOS
                       windows
                           DisplayName = Windows
                   SdkSupportedTargetPlatformVersion
                       10.0.17763.0
                           WindowsSdkPackageVersion = 10.0.17763.55
                           MinimumNETVersion = 6.0
                       10.0.17763.0
                           WindowsSdkPackageVersion = 10.0.17763.56
                           MinimumNETVersion = 8.0
                       10.0.17763.0
                           WindowsSdkPackageVersion = 10.0.17763.26
                           MinimumNETVersion = 5.0
                       10.0.18362.0
                           WindowsSdkPackageVersion = 10.0.18362.55
                           MinimumNETVersion = 6.0
                       10.0.18362.0
                           WindowsSdkPackageVersion = 10.0.18362.56
                           MinimumNETVersion = 8.0
                       10.0.18362.0
                           WindowsSdkPackageVersion = 10.0.18362.26
                           MinimumNETVersion = 5.0
                       10.0.19041.0
                           WindowsSdkPackageVersion = 10.0.19041.26
                           MinimumNETVersion = 5.0
                       10.0.19041.0
                           WindowsSdkPackageVersion = 10.0.19041.55
                           MinimumNETVersion = 6.0
                       10.0.19041.0
                           WindowsSdkPackageVersion = 10.0.19041.56
                           MinimumNETVersion = 8.0
                       10.0.20348.0
                           WindowsSdkPackageVersion = 10.0.20348.55
                           MinimumNETVersion = 6.0
                       10.0.20348.0
                           WindowsSdkPackageVersion = 10.0.20348.26
                           MinimumNETVersion = 5.0
                       10.0.20348.0
                           WindowsSdkPackageVersion = 10.0.20348.56
                           MinimumNETVersion = 8.0
                       10.0.22000.0
                           WindowsSdkPackageVersion = 10.0.22000.56
                           MinimumNETVersion = 8.0
                       10.0.22000.0
                           WindowsSdkPackageVersion = 10.0.22000.26
                           MinimumNETVersion = 5.0
                       10.0.22000.0
                           WindowsSdkPackageVersion = 10.0.22000.55
                           MinimumNETVersion = 6.0
                       10.0.22621.0
                           WindowsSdkPackageVersion = 10.0.22621.56
                           MinimumNETVersion = 8.0
                       10.0.22621.0
                           WindowsSdkPackageVersion = 10.0.22621.55
                           MinimumNETVersion = 6.0
                       10.0.26100.0
                           WindowsSdkPackageVersion = 10.0.26100.56
                           MinimumNETVersion = 8.0
                       10.0.26100.0
                           WindowsSdkPackageVersion = 10.0.26100.55
                           MinimumNETVersion = 6.0
                       7.0
                       8.0
                   SourceLinkAzureReposGitHost
                       dev.azure.com
                       visualstudio.com
                       vsts.me
                   SourceLinkBitbucketGitHost
                       bitbucket.org
                           EnterpriseEdition = false
                   SourceLinkGitHubHost
                       github.com
                           ContentUrl = https://raw.githubusercontent.com
                   SourceLinkGitLabHost
                       gitlab.com
                   SourceRoot
                       C:\Users\Lenovo\.nuget\packages\
                   SupportedNETCoreAppTargetFramework
                       .NETCoreApp,Version=v3.0
                           DisplayName = .NET Core 3.0
                           Alias = netcoreapp3.0
                       .NETCoreApp,Version=v3.1
                           DisplayName = .NET Core 3.1
                           Alias = netcoreapp3.1
                       .NETCoreApp,Version=v5.0
                           DisplayName = .NET 5.0
                           Alias = net5.0
                       .NETCoreApp,Version=v6.0
                           DisplayName = .NET 6.0
                           Alias = net6.0
                       .NETCoreApp,Version=v7.0
                           DisplayName = .NET 7.0
                           Alias = net7.0
                       .NETCoreApp,Version=v8.0
                           DisplayName = .NET 8.0
                           Alias = net8.0
                   SupportedNETFrameworkTargetFramework
                       .NETFramework,Version=v3.0
                           DisplayName = .NET Framework 3.0
                           Alias = net30
                       .NETFramework,Version=v3.5
                           DisplayName = .NET Framework 3.5
                           Alias = net35
                       .NETFramework,Version=v4.0
                           DisplayName = .NET Framework 4.0
                           Alias = net40
                       .NETFramework,Version=v4.5
                           DisplayName = .NET Framework 4.5
                           Alias = net45
                       .NETFramework,Version=v4.5.1
                           DisplayName = .NET Framework 4.5.1
                           Alias = net451
                       .NETFramework,Version=v4.5.2
                           DisplayName = .NET Framework 4.5.2
                           Alias = net452
                       .NETFramework,Version=v4.6
                           DisplayName = .NET Framework 4.6
                           Alias = net46
                       .NETFramework,Version=v4.6.1
                           DisplayName = .NET Framework 4.6.1
                           Alias = net461
                       .NETFramework,Version=v4.6.2
                           DisplayName = .NET Framework 4.6.2
                           Alias = net462
                       .NETFramework,Version=v4.7
                           DisplayName = .NET Framework 4.7
                           Alias = net47
                       .NETFramework,Version=v4.7.1
                           DisplayName = .NET Framework 4.7.1
                           Alias = net471
                       .NETFramework,Version=v4.7.2
                           DisplayName = .NET Framework 4.7.2
                           Alias = net472
                       .NETFramework,Version=v4.8
                           DisplayName = .NET Framework 4.8
                           Alias = net48
                       .NETFramework,Version=v4.8.1
                           DisplayName = .NET Framework 4.8.1
                           Alias = net481
                   SupportedPlatform
                       Linux
                       macOS
                       Windows
                   SupportedTargetFramework
                       .NETCoreApp,Version=v3.0
                           DisplayName = .NET Core 3.0
                           Alias = netcoreapp3.0
                       .NETCoreApp,Version=v3.1
                           DisplayName = .NET Core 3.1
                           Alias = netcoreapp3.1
                       .NETCoreApp,Version=v5.0
                           DisplayName = .NET 5.0
                           Alias = net5.0
                       .NETCoreApp,Version=v6.0
                           DisplayName = .NET 6.0
                           Alias = net6.0
                       .NETCoreApp,Version=v7.0
                           DisplayName = .NET 7.0
                           Alias = net7.0
                       .NETCoreApp,Version=v8.0
                           DisplayName = .NET 8.0
                           Alias = net8.0
                       .NETFramework,Version=v3.0
                           DisplayName = .NET Framework 3.0
                           Alias = net30
                       .NETFramework,Version=v3.5
                           DisplayName = .NET Framework 3.5
                           Alias = net35
                       .NETFramework,Version=v4.0
                           DisplayName = .NET Framework 4.0
                           Alias = net40
                       .NETFramework,Version=v4.5
                           DisplayName = .NET Framework 4.5
                           Alias = net45
                       .NETFramework,Version=v4.5.1
                           DisplayName = .NET Framework 4.5.1
                           Alias = net451
                       .NETFramework,Version=v4.5.2
                           DisplayName = .NET Framework 4.5.2
                           Alias = net452
                       .NETFramework,Version=v4.6
                           DisplayName = .NET Framework 4.6
                           Alias = net46
                       .NETFramework,Version=v4.6.1
                           DisplayName = .NET Framework 4.6.1
                           Alias = net461
                       .NETFramework,Version=v4.6.2
                           DisplayName = .NET Framework 4.6.2
                           Alias = net462
                       .NETFramework,Version=v4.7
                           DisplayName = .NET Framework 4.7
                           Alias = net47
                       .NETFramework,Version=v4.7.1
                           DisplayName = .NET Framework 4.7.1
                           Alias = net471
                       .NETFramework,Version=v4.7.2
                           DisplayName = .NET Framework 4.7.2
                           Alias = net472
                       .NETFramework,Version=v4.8
                           DisplayName = .NET Framework 4.8
                           Alias = net48
                       .NETFramework,Version=v4.8.1
                           DisplayName = .NET Framework 4.8.1
                           Alias = net481
                   Using
                       System
                       System.Collections.Generic
                       System.Linq
                       System.Threading
                       System.Threading.Tasks
                   WindowsSdkSupportedTargetPlatformVersion
                       10.0.17763.0
                           WindowsSdkPackageVersion = 10.0.17763.55
                           MinimumNETVersion = 6.0
                       10.0.17763.0
                           WindowsSdkPackageVersion = 10.0.17763.56
                           MinimumNETVersion = 8.0
                       10.0.17763.0
                           WindowsSdkPackageVersion = 10.0.17763.26
                           MinimumNETVersion = 5.0
                       10.0.18362.0
                           WindowsSdkPackageVersion = 10.0.18362.55
                           MinimumNETVersion = 6.0
                       10.0.18362.0
                           WindowsSdkPackageVersion = 10.0.18362.56
                           MinimumNETVersion = 8.0
                       10.0.18362.0
                           WindowsSdkPackageVersion = 10.0.18362.26
                           MinimumNETVersion = 5.0
                       10.0.19041.0
                           WindowsSdkPackageVersion = 10.0.19041.26
                           MinimumNETVersion = 5.0
                       10.0.19041.0
                           WindowsSdkPackageVersion = 10.0.19041.55
                           MinimumNETVersion = 6.0
                       10.0.19041.0
                           WindowsSdkPackageVersion = 10.0.19041.56
                           MinimumNETVersion = 8.0
                       10.0.20348.0
                           WindowsSdkPackageVersion = 10.0.20348.55
                           MinimumNETVersion = 6.0
                       10.0.20348.0
                           WindowsSdkPackageVersion = 10.0.20348.26
                           MinimumNETVersion = 5.0
                       10.0.20348.0
                           WindowsSdkPackageVersion = 10.0.20348.56
                           MinimumNETVersion = 8.0
                       10.0.22000.0
                           WindowsSdkPackageVersion = 10.0.22000.56
                           MinimumNETVersion = 8.0
                       10.0.22000.0
                           WindowsSdkPackageVersion = 10.0.22000.26
                           MinimumNETVersion = 5.0
                       10.0.22000.0
                           WindowsSdkPackageVersion = 10.0.22000.55
                           MinimumNETVersion = 6.0
                       10.0.22621.0
                           WindowsSdkPackageVersion = 10.0.22621.56
                           MinimumNETVersion = 8.0
                       10.0.22621.0
                           WindowsSdkPackageVersion = 10.0.22621.55
                           MinimumNETVersion = 6.0
                       10.0.26100.0
                           WindowsSdkPackageVersion = 10.0.26100.56
                           MinimumNETVersion = 8.0
                       10.0.26100.0
                           WindowsSdkPackageVersion = 10.0.26100.55
                           MinimumNETVersion = 6.0
                       7.0
                       8.0

13:12:34.996     1>Project "C:\sharon\projects\celestial-mechanics-desktop\src\CelestialMechanics.Desktop\CelestialMechanics.Desktop.csproj" on node 1 (Compile target(s)).
13:12:34.999     1>Target "BeforeResolveReferences: (TargetId:2)" in file "C:\Program Files\dotnet\sdk\8.0.419\Microsoft.Common.CurrentVersion.targets" from project "C:\sharon\projects\celestial-mechanics-desktop\src\CelestialMechanics.Desktop\CelestialMechanics.Desktop.csproj" (target "ResolveReferences" depends on it):
13:12:35.000     1>Done building target "BeforeResolveReferences" in project "CelestialMechanics.Desktop.csproj".: (TargetId:2)
13:12:35.000     1>Target "IgnoreJavaScriptOutputAssembly: (TargetId:3)" in file "C:\Program Files\dotnet\sdk\8.0.419\Microsoft.Common.CurrentVersion.targets" from project "C:\sharon\projects\celestial-mechanics-desktop\src\CelestialMechanics.Desktop\CelestialMechanics.Desktop.csproj" (target "AssignProjectConfiguration" depends on it):
13:12:35.002     1>Done building target "IgnoreJavaScriptOutputAssembly" in project "CelestialMechanics.Desktop.csproj".: (TargetId:3)
13:12:35.002     1>Target "AddWindowsSdkKnownFrameworkReferences: (TargetId:4)" in file "C:\Program Files\dotnet\sdk\8.0.419\Sdks\Microsoft.NET.Sdk\targets\Microsoft.NET.Sdk.FrameworkReferenceResolution.targets" from project "C:\sharon\projects\celestial-mechanics-desktop\src\CelestialMechanics.Desktop\CelestialMechanics.Desktop.csproj" (target "ProcessFrameworkReferences" depends on it):
                   Removed Item(s): 
                       KnownFrameworkReference=
                           Microsoft.Windows.SDK.NET.Ref
                                   DefaultRuntimeFrameworkVersion=10.0.17763.56
                                   IsWindowsOnly=true
                                   LatestRuntimeFrameworkVersion=10.0.17763.56
                                   RuntimeFrameworkName=Microsoft.Windows.SDK.NET.Ref
                                   RuntimePackAlwaysCopyLocal=true
                                   RuntimePackNamePatterns=Microsoft.Windows.SDK.NET.Ref
                                   RuntimePackRuntimeIdentifiers=any
                                   TargetFramework=net8.0-windows10.0.17763.0
                                   TargetingPackName=Microsoft.Windows.SDK.NET.Ref
                                   TargetingPackVersion=10.0.17763.56
                           Microsoft.Windows.SDK.NET.Ref
                                   DefaultRuntimeFrameworkVersion=10.0.18362.56
                                   IsWindowsOnly=true
                                   LatestRuntimeFrameworkVersion=10.0.18362.56
                                   RuntimeFrameworkName=Microsoft.Windows.SDK.NET.Ref
                                   RuntimePackAlwaysCopyLocal=true
                                   RuntimePackNamePatterns=Microsoft.Windows.SDK.NET.Ref
                                   RuntimePackRuntimeIdentifiers=any
                                   TargetFramework=net8.0-windows10.0.18362.0
                                   TargetingPackName=Microsoft.Windows.SDK.NET.Ref
                                   TargetingPackVersion=10.0.18362.56
                           Microsoft.Windows.SDK.NET.Ref
                                   DefaultRuntimeFrameworkVersion=10.0.19041.56
                                   IsWindowsOnly=true
                                   LatestRuntimeFrameworkVersion=10.0.19041.56
                                   RuntimeFrameworkName=Microsoft.Windows.SDK.NET.Ref
                                   RuntimePackAlwaysCopyLocal=true
                                   RuntimePackNamePatterns=Microsoft.Windows.SDK.NET.Ref
                                   RuntimePackRuntimeIdentifiers=any
                                   TargetFramework=net8.0-windows10.0.19041.0
                                   TargetingPackName=Microsoft.Windows.SDK.NET.Ref
                                   TargetingPackVersion=10.0.19041.56
                           Microsoft.Windows.SDK.NET.Ref
                                   DefaultRuntimeFrameworkVersion=10.0.17763.56
                                   IsWindowsOnly=true
                                   LatestRuntimeFrameworkVersion=10.0.17763.56
                                   RuntimeFrameworkName=Microsoft.Windows.SDK.NET.Ref
                                   RuntimePackAlwaysCopyLocal=true
                                   RuntimePackNamePatterns=Microsoft.Windows.SDK.NET.Ref
                                   RuntimePackRuntimeIdentifiers=any
                                   TargetFramework=net7.0-windows10.0.17763.0
                                   TargetingPackName=Microsoft.Windows.SDK.NET.Ref
                                   TargetingPackVersion=10.0.17763.56
                           Microsoft.Windows.SDK.NET.Ref
                                   DefaultRuntimeFrameworkVersion=10.0.18362.56
                                   IsWindowsOnly=true
                                   LatestRuntimeFrameworkVersion=10.0.18362.56
                                   RuntimeFrameworkName=Microsoft.Windows.SDK.NET.Ref
                                   RuntimePackAlwaysCopyLocal=true
                                   RuntimePackNamePatterns=Microsoft.Windows.SDK.NET.Ref
                                   RuntimePackRuntimeIdentifiers=any
                                   TargetFramework=net7.0-windows10.0.18362.0
                                   TargetingPackName=Microsoft.Windows.SDK.NET.Ref
                                   TargetingPackVersion=10.0.18362.56
                           Microsoft.Windows.SDK.NET.Ref
                                   DefaultRuntimeFrameworkVersion=10.0.19041.56
                                   IsWindowsOnly=true
                                   LatestRuntimeFrameworkVersion=10.0.19041.56
                                   RuntimeFrameworkName=Microsoft.Windows.SDK.NET.Ref
                                   RuntimePackAlwaysCopyLocal=true
                                   RuntimePackNamePatterns=Microsoft.Windows.SDK.NET.Ref
                                   RuntimePackRuntimeIdentifiers=any
                                   TargetFramework=net7.0-windows10.0.19041.0
                                   TargetingPackName=Microsoft.Windows.SDK.NET.Ref
                                   TargetingPackVersion=10.0.19041.56
                           Microsoft.Windows.SDK.NET.Ref
                                   DefaultRuntimeFrameworkVersion=10.0.17763.56
                                   IsWindowsOnly=true
                                   LatestRuntimeFrameworkVersion=10.0.17763.56
                                   RuntimeFrameworkName=Microsoft.Windows.SDK.NET.Ref
                                   RuntimePackAlwaysCopyLocal=true
                                   RuntimePackNamePatterns=Microsoft.Windows.SDK.NET.Ref
                                   RuntimePackRuntimeIdentifiers=any
                                   TargetFramework=net6.0-windows10.0.17763.0
                                   TargetingPackName=Microsoft.Windows.SDK.NET.Ref
                                   TargetingPackVersion=10.0.17763.56
                           Microsoft.Windows.SDK.NET.Ref
                                   DefaultRuntimeFrameworkVersion=10.0.18362.56
                                   IsWindowsOnly=true
                                   LatestRuntimeFrameworkVersion=10.0.18362.56
                                   RuntimeFrameworkName=Microsoft.Windows.SDK.NET.Ref
                                   RuntimePackAlwaysCopyLocal=true
                                   RuntimePackNamePatterns=Microsoft.Windows.SDK.NET.Ref
                                   RuntimePackRuntimeIdentifiers=any
                                   TargetFramework=net6.0-windows10.0.18362.0
                                   TargetingPackName=Microsoft.Windows.SDK.NET.Ref
                                   TargetingPackVersion=10.0.18362.56
                           Microsoft.Windows.SDK.NET.Ref
                                   DefaultRuntimeFrameworkVersion=10.0.19041.56
                                   IsWindowsOnly=true
                                   LatestRuntimeFrameworkVersion=10.0.19041.56
                                   RuntimeFrameworkName=Microsoft.Windows.SDK.NET.Ref
                                   RuntimePackAlwaysCopyLocal=true
                                   RuntimePackNamePatterns=Microsoft.Windows.SDK.NET.Ref
                                   RuntimePackRuntimeIdentifiers=any
                                   TargetFramework=net6.0-windows10.0.19041.0
                                   TargetingPackName=Microsoft.Windows.SDK.NET.Ref
                                   TargetingPackVersion=10.0.19041.56
                           Microsoft.Windows.SDK.NET.Ref
                                   DefaultRuntimeFrameworkVersion=10.0.17763.56
                                   IsWindowsOnly=true
                                   LatestRuntimeFrameworkVersion=10.0.17763.56
                                   RuntimeFrameworkName=Microsoft.Windows.SDK.NET.Ref
                                   RuntimePackAlwaysCopyLocal=true
                                   RuntimePackNamePatterns=Microsoft.Windows.SDK.NET.Ref
                                   RuntimePackRuntimeIdentifiers=any
                                   TargetFramework=net5.0-windows10.0.17763.0
                                   TargetingPackName=Microsoft.Windows.SDK.NET.Ref
                                   TargetingPackVersion=10.0.17763.56
                           Microsoft.Windows.SDK.NET.Ref
                                   DefaultRuntimeFrameworkVersion=10.0.18362.56
                                   IsWindowsOnly=true
                                   LatestRuntimeFrameworkVersion=10.0.18362.56
                                   RuntimeFrameworkName=Microsoft.Windows.SDK.NET.Ref
                                   RuntimePackAlwaysCopyLocal=true
                                   RuntimePackNamePatterns=Microsoft.Windows.SDK.NET.Ref
                                   RuntimePackRuntimeIdentifiers=any
                                   TargetFramework=net5.0-windows10.0.18362.0
                                   TargetingPackName=Microsoft.Windows.SDK.NET.Ref
                                   TargetingPackVersion=10.0.18362.56
                           Microsoft.Windows.SDK.NET.Ref
                                   DefaultRuntimeFrameworkVersion=10.0.19041.56
                                   IsWindowsOnly=true
                                   LatestRuntimeFrameworkVersion=10.0.19041.56
                                   RuntimeFrameworkName=Microsoft.Windows.SDK.NET.Ref
                                   RuntimePackAlwaysCopyLocal=true
                                   RuntimePackNamePatterns=Microsoft.Windows.SDK.NET.Ref
                                   RuntimePackRuntimeIdentifiers=any
                                   TargetFramework=net5.0-windows10.0.19041.0
                                   TargetingPackName=Microsoft.Windows.SDK.NET.Ref
                                   TargetingPackVersion=10.0.19041.56
                   Using "CreateWindowsSdkKnownFrameworkReferences" task from assembly "C:\Program Files\dotnet\sdk\8.0.419\Sdks\Microsoft.NET.Sdk\targets\..\tools\net8.0\Microsoft.NET.Build.Tasks.dll".
                   Task "CreateWindowsSdkKnownFrameworkReferences" (TaskId:2)
                     Task Parameter:TargetFrameworkVersion=8.0 (TaskId:2)
                     Task Parameter:TargetFrameworkIdentifier=.NETCoreApp (TaskId:2)
                     Task Parameter:TargetPlatformIdentifier=Windows (TaskId:2)
                     Task Parameter:TargetPlatformVersion=7.0 (TaskId:2)
                     Task Parameter:
                         WindowsSdkSupportedTargetPlatformVersions=
                             10.0.26100.0
                                     MinimumNETVersion=8.0
                                     WindowsSdkPackageVersion=10.0.26100.56
                             10.0.22621.0
                                     MinimumNETVersion=8.0
                                     WindowsSdkPackageVersion=10.0.22621.56
                             10.0.22000.0
                                     MinimumNETVersion=8.0
                                     WindowsSdkPackageVersion=10.0.22000.56
                             10.0.20348.0
                                     MinimumNETVersion=8.0
                                     WindowsSdkPackageVersion=10.0.20348.56
                             10.0.19041.0
                                     MinimumNETVersion=8.0
                                     WindowsSdkPackageVersion=10.0.19041.56
                             10.0.18362.0
                                     MinimumNETVersion=8.0
                                     WindowsSdkPackageVersion=10.0.18362.56
                             10.0.17763.0
                                     MinimumNETVersion=8.0
                                     WindowsSdkPackageVersion=10.0.17763.56
                             10.0.26100.0
                                     MinimumNETVersion=6.0
                                     WindowsSdkPackageVersion=10.0.26100.55
                             10.0.22621.0
                                     MinimumNETVersion=6.0
                                     WindowsSdkPackageVersion=10.0.22621.55
                             10.0.22000.0
                                     MinimumNETVersion=6.0
                                     WindowsSdkPackageVersion=10.0.22000.55
                             10.0.20348.0
                                     MinimumNETVersion=6.0
                                     WindowsSdkPackageVersion=10.0.20348.55
                             10.0.19041.0
                                     MinimumNETVersion=6.0
                                     WindowsSdkPackageVersion=10.0.19041.55
                             10.0.18362.0
                                     MinimumNETVersion=6.0
                                     WindowsSdkPackageVersion=10.0.18362.55
                             10.0.17763.0
                                     MinimumNETVersion=6.0
                                     WindowsSdkPackageVersion=10.0.17763.55
                             10.0.22000.0
                                     MinimumNETVersion=5.0
                                     WindowsSdkPackageVersion=10.0.22000.26
                             10.0.20348.0
                                     MinimumNETVersion=5.0
                                     WindowsSdkPackageVersion=10.0.20348.26
                             10.0.19041.0
                                     MinimumNETVersion=5.0
                                     WindowsSdkPackageVersion=10.0.19041.26
                             10.0.18362.0
                                     MinimumNETVersion=5.0
                                     WindowsSdkPackageVersion=10.0.18362.26
                             10.0.17763.0
                                     MinimumNETVersion=5.0
                                     WindowsSdkPackageVersion=10.0.17763.26
                             8.0
                             7.0 (TaskId:2)
                     Output Item(s): 
                         KnownFrameworkReference=
                             Microsoft.Windows.SDK.NET.Ref
                                     DefaultRuntimeFrameworkVersion=10.0.26100.56
                                     IsWindowsOnly=true
                                     LatestRuntimeFrameworkVersion=10.0.26100.56
                                     RuntimeFrameworkName=Microsoft.Windows.SDK.NET.Ref
                                     RuntimePackAlwaysCopyLocal=true
                                     RuntimePackNamePatterns=Microsoft.Windows.SDK.NET.Ref
                                     RuntimePackRuntimeIdentifiers=any
                                     TargetFramework=net8.0-windows10.0.26100.0
                                     TargetingPackName=Microsoft.Windows.SDK.NET.Ref
                                     TargetingPackVersion=10.0.26100.56
                             Microsoft.Windows.SDK.NET.Ref
                                     DefaultRuntimeFrameworkVersion=10.0.22621.56
                                     IsWindowsOnly=true
                                     LatestRuntimeFrameworkVersion=10.0.22621.56
                                     RuntimeFrameworkName=Microsoft.Windows.SDK.NET.Ref
                                     RuntimePackAlwaysCopyLocal=true
                                     RuntimePackNamePatterns=Microsoft.Windows.SDK.NET.Ref
                                     RuntimePackRuntimeIdentifiers=any
                                     TargetFramework=net8.0-windows10.0.22621.0
                                     TargetingPackName=Microsoft.Windows.SDK.NET.Ref
                                     TargetingPackVersion=10.0.22621.56
                             Microsoft.Windows.SDK.NET.Ref
                                     DefaultRuntimeFrameworkVersion=10.0.22000.56
                                     IsWindowsOnly=true
                                     LatestRuntimeFrameworkVersion=10.0.22000.56
                                     RuntimeFrameworkName=Microsoft.Windows.SDK.NET.Ref
                                     RuntimePackAlwaysCopyLocal=true
                                     RuntimePackNamePatterns=Microsoft.Windows.SDK.NET.Ref
                                     RuntimePackRuntimeIdentifiers=any
                                     TargetFramework=net8.0-windows10.0.22000.0
                                     TargetingPackName=Microsoft.Windows.SDK.NET.Ref
                                     TargetingPackVersion=10.0.22000.56
                             Microsoft.Windows.SDK.NET.Ref
                                     DefaultRuntimeFrameworkVersion=10.0.20348.56
                                     IsWindowsOnly=true
                                     LatestRuntimeFrameworkVersion=10.0.20348.56
                                     RuntimeFrameworkName=Microsoft.Windows.SDK.NET.Ref
                                     RuntimePackAlwaysCopyLocal=true
                                     RuntimePackNamePatterns=Microsoft.Windows.SDK.NET.Ref
                                     RuntimePackRuntimeIdentifiers=any
                                     TargetFramework=net8.0-windows10.0.20348.0
                                     TargetingPackName=Microsoft.Windows.SDK.NET.Ref
                                     TargetingPackVersion=10.0.20348.56
                             Microsoft.Windows.SDK.NET.Ref
                                     DefaultRuntimeFrameworkVersion=10.0.19041.56
                                     IsWindowsOnly=true
                                     LatestRuntimeFrameworkVersion=10.0.19041.56
                                     RuntimeFrameworkName=Microsoft.Windows.SDK.NET.Ref
                                     RuntimePackAlwaysCopyLocal=true
                                     RuntimePackNamePatterns=Microsoft.Windows.SDK.NET.Ref
                                     RuntimePackRuntimeIdentifiers=any
                                     TargetFramework=net8.0-windows10.0.19041.0
                                     TargetingPackName=Microsoft.Windows.SDK.NET.Ref
                                     TargetingPackVersion=10.0.19041.56
                             Microsoft.Windows.SDK.NET.Ref
                                     DefaultRuntimeFrameworkVersion=10.0.18362.56
                                     IsWindowsOnly=true
                                     LatestRuntimeFrameworkVersion=10.0.18362.56
                                     RuntimeFrameworkName=Microsoft.Windows.SDK.NET.Ref
                                     RuntimePackAlwaysCopyLocal=true
                                     RuntimePackNamePatterns=Microsoft.Windows.SDK.NET.Ref
                                     RuntimePackRuntimeIdentifiers=any
                                     TargetFramework=net8.0-windows10.0.18362.0
                                     TargetingPackName=Microsoft.Windows.SDK.NET.Ref
                                     TargetingPackVersion=10.0.18362.56
                             Microsoft.Windows.SDK.NET.Ref
                                     DefaultRuntimeFrameworkVersion=10.0.17763.56
                                     IsWindowsOnly=true
                                     LatestRuntimeFrameworkVersion=10.0.17763.56
                                     RuntimeFrameworkName=Microsoft.Windows.SDK.NET.Ref
                                     RuntimePackAlwaysCopyLocal=true
                                     RuntimePackNamePatterns=Microsoft.Windows.SDK.NET.Ref
                                     RuntimePackRuntimeIdentifiers=any
                                     TargetFramework=net8.0-windows10.0.17763.0
                                     TargetingPackName=Microsoft.Windows.SDK.NET.Ref
                                     TargetingPackVersion=10.0.17763.56 (TaskId:2)
                   Done executing task "CreateWindowsSdkKnownFrameworkReferences". (TaskId:2)
13:12:35.018     1>Done building target "AddWindowsSdkKnownFrameworkReferences" in project "CelestialMechanics.Desktop.csproj".: (TargetId:4)
13:12:35.018     1>Target "_NormalizeTargetPlatformVersion: (TargetId:5)" in file "C:\Program Files\dotnet\sdk\8.0.419\Sdks\Microsoft.NET.Sdk\targets\Microsoft.NET.TargetFrameworkInference.targets" from project "C:\sharon\projects\celestial-mechanics-desktop\src\CelestialMechanics.Desktop\CelestialMechanics.Desktop.csproj" (target "ProcessFrameworkReferences" depends on it):
                   Added Item(s): _ValidTargetPlatformVersion=7.0
13:12:35.019     1>Done building target "_NormalizeTargetPlatformVersion" in project "CelestialMechanics.Desktop.csproj".: (TargetId:5)
13:12:35.019     1>Target "_CheckForLanguageAndFeatureCombinationSupport: (TargetId:6)" in file "C:\Program Files\dotnet\sdk\8.0.419\Sdks\Microsoft.NET.Sdk\targets\Microsoft.NET.RuntimeIdentifierInference.targets" from project "C:\sharon\projects\celestial-mechanics-desktop\src\CelestialMechanics.Desktop\CelestialMechanics.Desktop.csproj" (target "ProcessFrameworkReferences" depends on it):
                   Task "NETSdkError" skipped, due to false condition; (('$(Language)' == 'C++' and '$(_EnablePackageReferencesInVCProjects)' != 'true') and $(OutputType) != 'library' and '$(TargetFrameworkIdentifier)' == '.NETCoreApp') was evaluated as (('C#' == 'C++' and '' != 'true') and WinExe != 'library' and '.NETCoreApp' == '.NETCoreApp').
                   Task "NETSdkError" skipped, due to false condition; (('$(Language)' == 'C++' and '$(_EnablePackageReferencesInVCProjects)' != 'true') and $(EnableComHosting) == 'true') was evaluated as (('C#' == 'C++' and '' != 'true') and  == 'true').
                   Task "NETSdkError" skipped, due to false condition; (('$(Language)' == 'C++' and '$(_EnablePackageReferencesInVCProjects)' != 'true') and $(SelfContained) == 'true') was evaluated as (('C#' == 'C++' and '' != 'true') and false == 'true').
13:12:35.020     1>Done building target "_CheckForLanguageAndFeatureCombinationSupport" in project "CelestialMechanics.Desktop.csproj".: (TargetId:6)
13:12:35.020     1>Target "UpdateAspNetToFrameworkReference: (TargetId:7)" in file "C:\Program Files\dotnet\sdk\8.0.419\Sdks\Microsoft.NET.Sdk\targets\Microsoft.NET.Sdk.DefaultItems.Shared.targets" from project "C:\sharon\projects\celestial-mechanics-desktop\src\CelestialMechanics.Desktop\CelestialMechanics.Desktop.csproj" (target "ApplyImplicitVersions" depends on it):
                   Using "CheckIfPackageReferenceShouldBeFrameworkReference" task from assembly "C:\Program Files\dotnet\sdk\8.0.419\Sdks\Microsoft.NET.Sdk\targets\..\tools\net8.0\Microsoft.NET.Build.Tasks.dll".
                   Task "CheckIfPackageReferenceShouldBeFrameworkReference" (TaskId:3)
                     Task Parameter:PackageReferenceToReplace=Microsoft.AspNetCore.All (TaskId:3)
                     Task Parameter:FrameworkReferenceToUse=Microsoft.AspNetCore.App (TaskId:3)
                     Task Parameter:
                         PackageReferences=
                             Silk.NET.OpenGL
                                     Version=2.23.0
                             CommunityToolkit.Mvvm
                                     Version=8.4.0
                             Microsoft.Extensions.DependencyInjection
                                     Version=9.0.4
                             HelixToolkit.Wpf.SharpDX
                                     Version=2.27.0 (TaskId:3)
                     Task Parameter:
                         FrameworkReferences=
                             Microsoft.NETCore.App
                                     IsImplicitlyDefined=true
                                     Pack=false
                                     PrivateAssets=All
                             Microsoft.WindowsDesktop.App.WPF
                                     IsImplicitlyDefined=true (TaskId:3)
                     Output Property: _ShouldRemoveAspNetCoreAll=False (TaskId:3)
                   Done executing task "CheckIfPackageReferenceShouldBeFrameworkReference". (TaskId:3)
                   Task "NETSdkError" skipped, due to false condition; ('$(_ShouldRemoveAspNetCoreAll)' == 'true') was evaluated as ('False' == 'true').
                   Task "CheckIfPackageReferenceShouldBeFrameworkReference" (TaskId:4)
                     Task Parameter:PackageReferenceToReplace=Microsoft.AspNetCore.App (TaskId:4)
                     Task Parameter:FrameworkReferenceToUse=Microsoft.AspNetCore.App (TaskId:4)
                     Task Parameter:
                         PackageReferences=
                             Silk.NET.OpenGL
                                     Version=2.23.0
                             CommunityToolkit.Mvvm
                                     Version=8.4.0
                             Microsoft.Extensions.DependencyInjection
                                     Version=9.0.4
                             HelixToolkit.Wpf.SharpDX
                                     Version=2.27.0 (TaskId:4)
                     Task Parameter:
                         FrameworkReferences=
                             Microsoft.NETCore.App
                                     IsImplicitlyDefined=true
                                     Pack=false
                                     PrivateAssets=All
                             Microsoft.WindowsDesktop.App.WPF
                                     IsImplicitlyDefined=true (TaskId:4)
                     Output Property: _ShouldRemoveAspNetCoreApp=False (TaskId:4)
                     Output Property: _ShouldAddAspNetCoreAppFrameworkReference=False (TaskId:4)
                   Done executing task "CheckIfPackageReferenceShouldBeFrameworkReference". (TaskId:4)
                   Task "NETSdkWarning" skipped, due to false condition; ('$(_ShouldRemoveAspNetCoreApp)' == 'true') was evaluated as ('False' == 'true').
13:12:35.022     1>Done building target "UpdateAspNetToFrameworkReference" in project "CelestialMechanics.Desktop.csproj".: (TargetId:7)
                   Target "IncludeTargetingPackReference" skipped, due to false condition; ('$(TargetFrameworkMoniker)' != '' and '$(TargetFrameworkIdentifier)' == '.NETFramework' and '$(AutomaticallyUseReferenceAssemblyPackages)' == 'true') was evaluated as ('.NETCoreApp,Version=v8.0' != '' and '.NETCoreApp' == '.NETFramework' and 'true' == 'true').
13:12:35.022     1>Target "CheckForImplicitPackageReferenceOverrides: (TargetId:8)" in file "C:\Program Files\dotnet\sdk\8.0.419\Sdks\Microsoft.NET.Sdk\targets\Microsoft.NET.Sdk.DefaultItems.Shared.targets" from project "C:\sharon\projects\celestial-mechanics-desktop\src\CelestialMechanics.Desktop\CelestialMechanics.Desktop.csproj" (target "ApplyImplicitVersions" depends on it):
                   Set Property: ImplicitPackageReferenceInformationLink=https://aka.ms/sdkimplicitrefs
                   Using "CheckForImplicitPackageReferenceOverrides" task from assembly "C:\Program Files\dotnet\sdk\8.0.419\Sdks\Microsoft.NET.Sdk\targets\..\tools\net8.0\Microsoft.NET.Build.Tasks.dll".
                   Task "CheckForImplicitPackageReferenceOverrides" (TaskId:5)
                     Task Parameter:
                         PackageReferenceItems=
                             Silk.NET.OpenGL
                                     Version=2.23.0
                             CommunityToolkit.Mvvm
                                     Version=8.4.0
                             Microsoft.Extensions.DependencyInjection
                                     Version=9.0.4
                             HelixToolkit.Wpf.SharpDX
                                     Version=2.27.0 (TaskId:5)
                     Task Parameter:MoreInformationLink=https://aka.ms/sdkimplicitrefs (TaskId:5)
                   Done executing task "CheckForImplicitPackageReferenceOverrides". (TaskId:5)
13:12:35.023     1>Done building target "CheckForImplicitPackageReferenceOverrides" in project "CelestialMechanics.Desktop.csproj".: (TargetId:8)
13:12:35.023     1>Target "ApplyImplicitVersions: (TargetId:9)" in file "C:\Program Files\dotnet\sdk\8.0.419\Sdks\Microsoft.NET.Sdk\targets\Microsoft.NET.Sdk.DefaultItems.Shared.targets" from project "C:\sharon\projects\celestial-mechanics-desktop\src\CelestialMechanics.Desktop\CelestialMechanics.Desktop.csproj" (target "ProcessFrameworkReferences" depends on it):
                   Using "ApplyImplicitVersions" task from assembly "C:\Program Files\dotnet\sdk\8.0.419\Sdks\Microsoft.NET.Sdk\targets\..\tools\net8.0\Microsoft.NET.Build.Tasks.dll".
                   Task "ApplyImplicitVersions" (TaskId:6)
                     Task Parameter:TargetLatestRuntimePatch=False (TaskId:6)
                     Task Parameter:TargetFrameworkVersion=8.0 (TaskId:6)
                     Task Parameter:
                         PackageReferences=
                             Silk.NET.OpenGL
                                     Version=2.23.0
                             CommunityToolkit.Mvvm
                                     Version=8.4.0
                             Microsoft.Extensions.DependencyInjection
                                     Version=9.0.4
                             HelixToolkit.Wpf.SharpDX
                                     Version=2.27.0 (TaskId:6)
                     Task Parameter:
                         ImplicitPackageReferenceVersions=
                             Microsoft.NETCore.App
                                     DefaultVersion=1.0.5
                                     LatestVersion=1.0.16
                                     TargetFrameworkVersion=1.0
                             Microsoft.NETCore.App
                                     DefaultVersion=1.1.2
                                     LatestVersion=1.1.13
                                     TargetFrameworkVersion=1.1
                             Microsoft.NETCore.App
                                     DefaultVersion=2.0.0
                                     LatestVersion=2.0.9
                                     TargetFrameworkVersion=2.0
                             Microsoft.NETCore.App
                                     DefaultVersion=2.1.0
                                     LatestVersion=2.1.30
                                     TargetFrameworkVersion=2.1
                             Microsoft.NETCore.App
                                     DefaultVersion=2.2.0
                                     LatestVersion=2.2.8
                                     TargetFrameworkVersion=2.2
                             Microsoft.AspNetCore.App
                                     DefaultVersion=2.1.1
                                     LatestVersion=2.1.30
                                     TargetFrameworkVersion=2.1
                             Microsoft.AspNetCore.All
                                     DefaultVersion=2.1.1
                                     LatestVersion=2.1.30
                                     TargetFrameworkVersion=2.1
                             Microsoft.AspNetCore.App
                                     DefaultVersion=2.2.0
                                     LatestVersion=2.2.8
                                     TargetFrameworkVersion=2.2
                             Microsoft.AspNetCore.All
                                     DefaultVersion=2.2.0
                                     LatestVersion=2.2.8
                                     TargetFrameworkVersion=2.2 (TaskId:6)
                   Done executing task "ApplyImplicitVersions". (TaskId:6)
13:12:35.024     1>Done building target "ApplyImplicitVersions" in project "CelestialMechanics.Desktop.csproj".: (TargetId:9)
13:12:35.024     1>Target "_ComputeToolPackInputsToProcessFrameworkReferences: (TargetId:10)" in file "C:\Program Files\dotnet\sdk\8.0.419\Sdks\Microsoft.NET.Sdk\targets\Microsoft.NET.Publish.targets" from project "C:\sharon\projects\celestial-mechanics-desktop\src\CelestialMechanics.Desktop\CelestialMechanics.Desktop.csproj" (target "ProcessFrameworkReferences" depends on it):
                   Set Property: _RequiresILLinkPack=false
                   Set Property: _FirstTargetFrameworkToSupportTrimming=net6.0
                   Set Property: _FirstTargetFrameworkToSupportAot=net7.0
                   Set Property: _FirstTargetFrameworkToSupportSingleFile=net6.0
                   Set Property: _MinNonEolTargetFrameworkForTrimming=net8.0
                   Set Property: _MinNonEolTargetFrameworkForSingleFile=net8.0
                   Set Property: _MinNonEolTargetFrameworkForAot=net8.0
13:12:35.024     1>Done building target "_ComputeToolPackInputsToProcessFrameworkReferences" in project "CelestialMechanics.Desktop.csproj".: (TargetId:10)
13:12:35.024     1>Target "ProcessFrameworkReferences: (TargetId:11)" in file "C:\Program Files\dotnet\sdk\8.0.419\Sdks\Microsoft.NET.Sdk\targets\Microsoft.NET.Sdk.FrameworkReferenceResolution.targets" from project "C:\sharon\projects\celestial-mechanics-desktop\src\CelestialMechanics.Desktop\CelestialMechanics.Desktop.csproj" (target "ResolvePackageAssets" depends on it):
                   Using "CheckForDuplicateFrameworkReferences" task from assembly "C:\Program Files\dotnet\sdk\8.0.419\Sdks\Microsoft.NET.Sdk\targets\..\tools\net8.0\Microsoft.NET.Build.Tasks.dll".
                   Task "CheckForDuplicateFrameworkReferences" (TaskId:7)
                     Task Parameter:MoreInformationLink=https://aka.ms/sdkimplicitrefs (TaskId:7)
                     Task Parameter:
                         FrameworkReferences=
                             Microsoft.NETCore.App
                                     IsImplicitlyDefined=true
                                     Pack=false
                                     PrivateAssets=All
                             Microsoft.WindowsDesktop.App.WPF
                                     IsImplicitlyDefined=true (TaskId:7)
                   Done executing task "CheckForDuplicateFrameworkReferences". (TaskId:7)
                   Set Property: EnableTargetingPackDownload=true
                   Set Property: EnableRuntimePackDownload=true
                   Using "ProcessFrameworkReferences" task from assembly "C:\Program Files\dotnet\sdk\8.0.419\Sdks\Microsoft.NET.Sdk\targets\..\tools\net8.0\Microsoft.NET.Build.Tasks.dll".
                   Task "ProcessFrameworkReferences" (TaskId:8)
                     Task Parameter:RuntimeGraphPath=C:\Program Files\dotnet\sdk\8.0.419/PortableRuntimeIdentifierGraph.json (TaskId:8)
                     Task Parameter:TargetLatestRuntimePatch=False (TaskId:8)
                     Task Parameter:TargetingPackRoot=C:\Program Files\dotnet\packs (TaskId:8)
                     Task Parameter:ReadyToRunUseCrossgen2=True (TaskId:8)
                     Task Parameter:MinNonEolTargetFrameworkForAot=net8.0 (TaskId:8)
                     Task Parameter:MinNonEolTargetFrameworkForSingleFile=net8.0 (TaskId:8)
                     Task Parameter:EnableRuntimePackDownload=True (TaskId:8)
                     Task Parameter:TargetFrameworkVersion=8.0 (TaskId:8)
                     Task Parameter:
                         KnownWebAssemblySdkPacks=
                             Microsoft.NET.Sdk.WebAssembly.Pack
                                     TargetFramework=net8.0
                                     WebAssemblySdkPackVersion=8.0.25
                             Microsoft.NET.Sdk.WebAssembly.Pack
                                     TargetFramework=net7.0
                                     WebAssemblySdkPackVersion=8.0.25
                             Microsoft.NET.Sdk.WebAssembly.Pack
                                     TargetFramework=net6.0
                                     WebAssemblySdkPackVersion=8.0.25 (TaskId:8)
                     Task Parameter:
                         KnownRuntimePacks=
                             Microsoft.NETCore.App
                                     LatestRuntimeFrameworkVersion=8.0.25
                                     RuntimeFrameworkName=Microsoft.NETCore.App
                                     RuntimePackLabels=NativeAOT
                                     RuntimePackNamePatterns=Microsoft.NETCore.App.Runtime.NativeAOT.**RID**
                                     RuntimePackRuntimeIdentifiers=ios-arm64;iossimulator-arm64;iossimulator-x64;tvos-arm64;tvossimulator-arm64;tvossimulator-x64;maccatalyst-arm64;maccatalyst-x64;linux-bionic-arm64;linux-bionic-x64;osx-arm64;osx-x64
                                     TargetFramework=net8.0
                             Microsoft.NETCore.App
                                     LatestRuntimeFrameworkVersion=8.0.25
                                     RuntimeFrameworkName=Microsoft.NETCore.App
                                     RuntimePackLabels=Mono
                                     RuntimePackNamePatterns=Microsoft.NETCore.App.Runtime.Mono.**RID**
                                     RuntimePackRuntimeIdentifiers=linux-arm;linux-arm64;linux-musl-arm64;linux-musl-x64;linux-x64;osx-x64;rhel.6-x64;win-arm64;win-x64;win-x86;linux-musl-arm;osx-arm64;linux-s390x;browser-wasm;ios-arm64;ios-arm;iossimulator-arm64;iossimulator-x64;iossimulator-x86;tvos-arm64;tvossimulator-arm64;tvossimulator-x64;maccatalyst-x64;maccatalyst-arm64;android-arm64;android-arm;android-x64;android-x86
                                     TargetFramework=net8.0
                             Microsoft.NETCore.App
                                     LatestRuntimeFrameworkVersion=7.0.20
                                     RuntimeFrameworkName=Microsoft.NETCore.App
                                     RuntimePackLabels=Mono
                                     RuntimePackNamePatterns=Microsoft.NETCore.App.Runtime.Mono.**RID**
                                     RuntimePackRuntimeIdentifiers=linux-arm;linux-arm64;linux-musl-arm64;linux-musl-x64;linux-x64;osx-x64;rhel.6-x64;win-arm;win-arm64;win-x64;win-x86;linux-musl-arm;osx-arm64;linux-s390x;browser-wasm;ios-arm64;ios-arm;iossimulator-arm64;iossimulator-x64;iossimulator-x86;tvos-arm64;tvossimulator-arm64;tvossimulator-x64;maccatalyst-x64;maccatalyst-arm64;android-arm64;android-arm;android-x64;android-x86
                                     TargetFramework=net7.0
                             Microsoft.NETCore.App
                                     LatestRuntimeFrameworkVersion=6.0.36
                                     RuntimeFrameworkName=Microsoft.NETCore.App
                                     RuntimePackLabels=Mono
                                     RuntimePackNamePatterns=Microsoft.NETCore.App.Runtime.Mono.**RID**
                                     RuntimePackRuntimeIdentifiers=linux-arm;linux-arm64;linux-musl-arm64;linux-musl-x64;linux-x64;osx-x64;rhel.6-x64;win-arm;win-arm64;win-x64;win-x86;linux-musl-arm;osx-arm64;linux-s390x;browser-wasm;ios-arm64;ios-arm;iossimulator-arm64;iossimulator-x64;iossimulator-x86;tvos-arm64;tvossimulator-arm64;tvossimulator-x64;maccatalyst-x64;maccatalyst-arm64;android-arm64;android-arm;android-x64;android-x86
                                     TargetFramework=net6.0 (TaskId:8)
                     Task Parameter:TargetFrameworkIdentifier=.NETCoreApp (TaskId:8)
                     Task Parameter:
                         KnownILLinkPacks=
                             Microsoft.NET.ILLink.Tasks
                                     ILLinkPackVersion=8.0.25
                                     TargetFramework=net8.0
                             Microsoft.NET.ILLink.Tasks
                                     ILLinkPackVersion=7.0.100-1.23401.1
                                     TargetFramework=net7.0
                             Microsoft.NET.ILLink.Tasks
                                     ILLinkPackVersion=7.0.100-1.23401.1
                                     TargetFramework=net6.0
                             Microsoft.NET.ILLink.Tasks
                                     ILLinkPackVersion=7.0.100-1.23401.1
                                     TargetFramework=net5.0
                             Microsoft.NET.ILLink.Tasks
                                     ILLinkPackVersion=7.0.100-1.23401.1
                                     TargetFramework=netcoreapp3.1
                             Microsoft.NET.ILLink.Tasks
                                     ILLinkPackVersion=7.0.100-1.23401.1
                                     TargetFramework=netcoreapp3.0 (TaskId:8)
                     Task Parameter:TargetPlatformIdentifier=Windows (TaskId:8)
                     Task Parameter:NetCoreRoot=C:\Program Files\dotnet\ (TaskId:8)
                     Task Parameter:TargetPlatformVersion=7.0 (TaskId:8)
                     Task Parameter:NETCoreSdkVersion=8.0.419 (TaskId:8)
                     Task Parameter:RequiresILLinkPack=False (TaskId:8)
                     Task Parameter:MinNonEolTargetFrameworkForTrimming=net8.0 (TaskId:8)
                     Task Parameter:NETCoreSdkRuntimeIdentifier=win-x64 (TaskId:8)
                     Task Parameter:
                         KnownILCompilerPacks=
                             Microsoft.DotNet.ILCompiler
                                     ILCompilerPackNamePattern=runtime.**RID**.Microsoft.DotNet.ILCompiler
                                     ILCompilerPackVersion=8.0.25
                                     ILCompilerRuntimeIdentifiers=linux-arm64;linux-musl-arm64;linux-musl-x64;linux-x64;win-arm64;win-x64;osx-x64;osx-arm64
                                     TargetFramework=net8.0
                             Microsoft.DotNet.ILCompiler
                                     ILCompilerPackNamePattern=runtime.**RID**.Microsoft.DotNet.ILCompiler
                                     ILCompilerPackVersion=7.0.20
                                     ILCompilerRuntimeIdentifiers=linux-arm64;linux-musl-arm64;linux-musl-x64;linux-x64;win-arm64;win-x64
                                     TargetFramework=net7.0 (TaskId:8)
                     Task Parameter:TargetLatestRuntimePatchIsDefault=True (TaskId:8)
                     Task Parameter:
                         KnownFrameworkReferences=
                             Microsoft.NETCore.App
                                     DefaultRuntimeFrameworkVersion=8.0.0
                                     LatestRuntimeFrameworkVersion=8.0.25
                                     RuntimeFrameworkName=Microsoft.NETCore.App
                                     RuntimePackNamePatterns=Microsoft.NETCore.App.Runtime.**RID**
                                     RuntimePackRuntimeIdentifiers=linux-arm;linux-arm64;linux-musl-arm64;linux-musl-x64;linux-x64;osx-x64;rhel.6-x64;tizen.4.0.0-armel;tizen.5.0.0-armel;win-arm64;win-x64;win-x86;linux-musl-arm;osx-arm64;linux-s390x;linux-bionic-arm;linux-bionic-arm64;linux-bionic-x64;linux-bionic-x86;linux-ppc64le
                                     TargetFramework=net8.0
                                     TargetingPackName=Microsoft.NETCore.App.Ref
                                     TargetingPackVersion=8.0.25
                             Microsoft.WindowsDesktop.App
                                     DefaultRuntimeFrameworkVersion=8.0.0
                                     IsWindowsOnly=true
                                     LatestRuntimeFrameworkVersion=8.0.25
                                     RuntimeFrameworkName=Microsoft.WindowsDesktop.App
                                     RuntimePackNamePatterns=Microsoft.WindowsDesktop.App.Runtime.**RID**
                                     RuntimePackRuntimeIdentifiers=win-x64;win-x86;win-arm64
                                     TargetFramework=net8.0
                                     TargetingPackName=Microsoft.WindowsDesktop.App.Ref
                                     TargetingPackVersion=8.0.25
                             Microsoft.WindowsDesktop.App.WPF
                                     DefaultRuntimeFrameworkVersion=8.0.0
                                     IsWindowsOnly=true
                                     LatestRuntimeFrameworkVersion=8.0.25
                                     Profile=WPF
                                     RuntimeFrameworkName=Microsoft.WindowsDesktop.App
                                     RuntimePackNamePatterns=Microsoft.WindowsDesktop.App.Runtime.**RID**
                                     RuntimePackRuntimeIdentifiers=win-x64;win-x86;win-arm64
                                     TargetFramework=net8.0
                                     TargetingPackName=Microsoft.WindowsDesktop.App.Ref
                                     TargetingPackVersion=8.0.25
                             Microsoft.WindowsDesktop.App.WindowsForms
                                     DefaultRuntimeFrameworkVersion=8.0.0
                                     IsWindowsOnly=true
                                     LatestRuntimeFrameworkVersion=8.0.25
                                     Profile=WindowsForms
                                     RuntimeFrameworkName=Microsoft.WindowsDesktop.App
                                     RuntimePackNamePatterns=Microsoft.WindowsDesktop.App.Runtime.**RID**
                                     RuntimePackRuntimeIdentifiers=win-x64;win-x86;win-arm64
                                     TargetFramework=net8.0
                                     TargetingPackName=Microsoft.WindowsDesktop.App.Ref
                                     TargetingPackVersion=8.0.25
                             Microsoft.AspNetCore.App
                                     DefaultRuntimeFrameworkVersion=8.0.0
                                     LatestRuntimeFrameworkVersion=8.0.25
                                     RuntimeFrameworkName=Microsoft.AspNetCore.App
                                     RuntimePackExcludedRuntimeIdentifiers=android;linux-bionic
                                     RuntimePackNamePatterns=Microsoft.AspNetCore.App.Runtime.**RID**
                                     RuntimePackRuntimeIdentifiers=win-x64;win-x86;win-arm;osx-x64;linux-musl-x64;linux-musl-arm64;linux-x64;linux-arm;linux-arm64;linux-musl-arm;win-arm64;osx-arm64;linux-s390x;linux-ppc64le
                                     TargetFramework=net8.0
                                     TargetingPackName=Microsoft.AspNetCore.App.Ref
                                     TargetingPackVersion=8.0.25
                             Microsoft.NETCore.App
                                     DefaultRuntimeFrameworkVersion=7.0.0
                                     LatestRuntimeFrameworkVersion=7.0.20
                                     RuntimeFrameworkName=Microsoft.NETCore.App
                                     RuntimePackNamePatterns=Microsoft.NETCore.App.Runtime.**RID**
                                     RuntimePackRuntimeIdentifiers=linux-arm;linux-arm64;linux-musl-arm64;linux-musl-x64;linux-x64;osx-x64;rhel.6-x64;tizen.4.0.0-armel;tizen.5.0.0-armel;win-arm;win-arm64;win-x64;win-x86;linux-musl-arm;osx-arm64;linux-s390x;linux-bionic-arm;linux-bionic-arm64;linux-bionic-x64;linux-bionic-x86;linux-ppc64le
                                     TargetFramework=net7.0
                                     TargetingPackName=Microsoft.NETCore.App.Ref
                                     TargetingPackVersion=7.0.20
                             Microsoft.WindowsDesktop.App
                                     DefaultRuntimeFrameworkVersion=7.0.0
                                     IsWindowsOnly=true
                                     LatestRuntimeFrameworkVersion=7.0.20
                                     RuntimeFrameworkName=Microsoft.WindowsDesktop.App
                                     RuntimePackNamePatterns=Microsoft.WindowsDesktop.App.Runtime.**RID**
                                     RuntimePackRuntimeIdentifiers=win-x64;win-x86;win-arm64
                                     TargetFramework=net7.0
                                     TargetingPackName=Microsoft.WindowsDesktop.App.Ref
                                     TargetingPackVersion=7.0.20
                             Microsoft.WindowsDesktop.App.WPF
                                     DefaultRuntimeFrameworkVersion=7.0.0
                                     IsWindowsOnly=true
                                     LatestRuntimeFrameworkVersion=7.0.20
                                     Profile=WPF
                                     RuntimeFrameworkName=Microsoft.WindowsDesktop.App
                                     RuntimePackNamePatterns=Microsoft.WindowsDesktop.App.Runtime.**RID**
                                     RuntimePackRuntimeIdentifiers=win-x64;win-x86;win-arm64
                                     TargetFramework=net7.0
                                     TargetingPackName=Microsoft.WindowsDesktop.App.Ref
                                     TargetingPackVersion=7.0.20
                             Microsoft.WindowsDesktop.App.WindowsForms
                                     DefaultRuntimeFrameworkVersion=7.0.0
                                     IsWindowsOnly=true
                                     LatestRuntimeFrameworkVersion=7.0.20
                                     Profile=WindowsForms
                                     RuntimeFrameworkName=Microsoft.WindowsDesktop.App
                                     RuntimePackNamePatterns=Microsoft.WindowsDesktop.App.Runtime.**RID**
                                     RuntimePackRuntimeIdentifiers=win-x64;win-x86;win-arm64
                                     TargetFramework=net7.0
                                     TargetingPackName=Microsoft.WindowsDesktop.App.Ref
                                     TargetingPackVersion=7.0.20
                             Microsoft.AspNetCore.App
                                     DefaultRuntimeFrameworkVersion=7.0.0
                                     LatestRuntimeFrameworkVersion=7.0.20
                                     RuntimeFrameworkName=Microsoft.AspNetCore.App
                                     RuntimePackExcludedRuntimeIdentifiers=android
                                     RuntimePackNamePatterns=Microsoft.AspNetCore.App.Runtime.**RID**
                                     RuntimePackRuntimeIdentifiers=win-x64;win-x86;win-arm;osx-x64;linux-musl-x64;linux-musl-arm64;linux-x64;linux-arm;linux-arm64;linux-musl-arm;win-arm64;osx-arm64;linux-s390x;linux-ppc64le
                                     TargetFramework=net7.0
                                     TargetingPackName=Microsoft.AspNetCore.App.Ref
                                     TargetingPackVersion=7.0.20
                             Microsoft.NETCore.App
                                     DefaultRuntimeFrameworkVersion=6.0.0
                                     LatestRuntimeFrameworkVersion=6.0.36
                                     RuntimeFrameworkName=Microsoft.NETCore.App
                                     RuntimePackNamePatterns=Microsoft.NETCore.App.Runtime.**RID**
                                     RuntimePackRuntimeIdentifiers=linux-arm;linux-arm64;linux-musl-arm64;linux-musl-x64;linux-x64;osx-x64;rhel.6-x64;tizen.4.0.0-armel;tizen.5.0.0-armel;win-arm;win-arm64;win-x64;win-x86;linux-musl-arm;osx-arm64;linux-s390x
                                     TargetFramework=net6.0
                                     TargetingPackName=Microsoft.NETCore.App.Ref
                                     TargetingPackVersion=6.0.36
                             Microsoft.WindowsDesktop.App
                                     DefaultRuntimeFrameworkVersion=6.0.0
                                     IsWindowsOnly=true
                                     LatestRuntimeFrameworkVersion=6.0.36
                                     RuntimeFrameworkName=Microsoft.WindowsDesktop.App
                                     RuntimePackNamePatterns=Microsoft.WindowsDesktop.App.Runtime.**RID**
                                     RuntimePackRuntimeIdentifiers=win-x64;win-x86;win-arm64
                                     TargetFramework=net6.0
                                     TargetingPackName=Microsoft.WindowsDesktop.App.Ref
                                     TargetingPackVersion=6.0.36
                             Microsoft.WindowsDesktop.App.WPF
                                     DefaultRuntimeFrameworkVersion=6.0.0
                                     IsWindowsOnly=true
                                     LatestRuntimeFrameworkVersion=6.0.36
                                     Profile=WPF
                                     RuntimeFrameworkName=Microsoft.WindowsDesktop.App
                                     RuntimePackNamePatterns=Microsoft.WindowsDesktop.App.Runtime.**RID**
                                     RuntimePackRuntimeIdentifiers=win-x64;win-x86;win-arm64
                                     TargetFramework=net6.0
                                     TargetingPackName=Microsoft.WindowsDesktop.App.Ref
                                     TargetingPackVersion=6.0.36
                             Microsoft.WindowsDesktop.App.WindowsForms
                                     DefaultRuntimeFrameworkVersion=6.0.0
                                     IsWindowsOnly=true
                                     LatestRuntimeFrameworkVersion=6.0.36
                                     Profile=WindowsForms
                                     RuntimeFrameworkName=Microsoft.WindowsDesktop.App
                                     RuntimePackNamePatterns=Microsoft.WindowsDesktop.App.Runtime.**RID**
                                     RuntimePackRuntimeIdentifiers=win-x64;win-x86;win-arm64
                                     TargetFramework=net6.0
                                     TargetingPackName=Microsoft.WindowsDesktop.App.Ref
                                     TargetingPackVersion=6.0.36
                             Microsoft.AspNetCore.App
                                     DefaultRuntimeFrameworkVersion=6.0.0
                                     LatestRuntimeFrameworkVersion=6.0.36
                                     RuntimeFrameworkName=Microsoft.AspNetCore.App
                                     RuntimePackNamePatterns=Microsoft.AspNetCore.App.Runtime.**RID**
                                     RuntimePackRuntimeIdentifiers=win-x64;win-x86;win-arm;osx-x64;linux-musl-x64;linux-musl-arm64;linux-x64;linux-arm;linux-arm64;linux-musl-arm;win-arm64;osx-arm64;linux-s390x
                                     TargetFramework=net6.0
                                     TargetingPackName=Microsoft.AspNetCore.App.Ref
                                     TargetingPackVersion=6.0.36
                             Microsoft.NETCore.App
                                     DefaultRuntimeFrameworkVersion=5.0.0
                                     IsTrimmable=true
                                     LatestRuntimeFrameworkVersion=5.0.17
                                     RuntimeFrameworkName=Microsoft.NETCore.App
                                     RuntimePackNamePatterns=Microsoft.NETCore.App.Runtime.**RID**
                                     RuntimePackRuntimeIdentifiers=linux-arm;linux-arm64;linux-musl-arm64;linux-musl-x64;linux-x64;osx-x64;rhel.6-x64;tizen.4.0.0-armel;tizen.5.0.0-armel;win-arm;win-arm64;win-x64;win-x86;linux-musl-arm;browser-wasm
                                     TargetFramework=net5.0
                                     TargetingPackName=Microsoft.NETCore.App.Ref
                                     TargetingPackVersion=5.0.0
                             Microsoft.WindowsDesktop.App
                                     DefaultRuntimeFrameworkVersion=5.0.0
                                     IsWindowsOnly=true
                                     LatestRuntimeFrameworkVersion=5.0.17
                                     RuntimeFrameworkName=Microsoft.WindowsDesktop.App
                                     RuntimePackNamePatterns=Microsoft.WindowsDesktop.App.Runtime.**RID**
                                     RuntimePackRuntimeIdentifiers=win-x64;win-x86;win-arm64
                                     TargetFramework=net5.0
                                     TargetingPackName=Microsoft.WindowsDesktop.App.Ref
                                     TargetingPackVersion=5.0.0
                             Microsoft.WindowsDesktop.App.WPF
                                     DefaultRuntimeFrameworkVersion=5.0.0
                                     IsWindowsOnly=true
                                     LatestRuntimeFrameworkVersion=5.0.17
                                     Profile=WPF
                                     RuntimeFrameworkName=Microsoft.WindowsDesktop.App
                                     RuntimePackNamePatterns=Microsoft.WindowsDesktop.App.Runtime.**RID**
                                     RuntimePackRuntimeIdentifiers=win-x64;win-x86;win-arm64
                                     TargetFramework=net5.0
                                     TargetingPackName=Microsoft.WindowsDesktop.App.Ref
                                     TargetingPackVersion=5.0.0
                             Microsoft.WindowsDesktop.App.WindowsForms
                                     DefaultRuntimeFrameworkVersion=5.0.0
                                     IsWindowsOnly=true
                                     LatestRuntimeFrameworkVersion=5.0.17
                                     Profile=WindowsForms
                                     RuntimeFrameworkName=Microsoft.WindowsDesktop.App
                                     RuntimePackNamePatterns=Microsoft.WindowsDesktop.App.Runtime.**RID**
                                     RuntimePackRuntimeIdentifiers=win-x64;win-x86;win-arm64
                                     TargetFramework=net5.0
                                     TargetingPackName=Microsoft.WindowsDesktop.App.Ref
                                     TargetingPackVersion=5.0.0
                             Microsoft.AspNetCore.App
                                     DefaultRuntimeFrameworkVersion=5.0.0
                                     LatestRuntimeFrameworkVersion=5.0.17
                                     RuntimeFrameworkName=Microsoft.AspNetCore.App
                                     RuntimePackNamePatterns=Microsoft.AspNetCore.App.Runtime.**RID**
                                     RuntimePackRuntimeIdentifiers=win-x64;win-x86;win-arm;osx-x64;linux-musl-x64;linux-musl-arm64;linux-x64;linux-arm;linux-arm64;linux-musl-arm;win-arm64
                                     TargetFramework=net5.0
                                     TargetingPackName=Microsoft.AspNetCore.App.Ref
                                     TargetingPackVersion=5.0.0
                             Microsoft.NETCore.App
                                     DefaultRuntimeFrameworkVersion=3.1.0
                                     IsTrimmable=true
                                     LatestRuntimeFrameworkVersion=3.1.32
                                     RuntimeFrameworkName=Microsoft.NETCore.App
                                     RuntimePackNamePatterns=Microsoft.NETCore.App.Runtime.**RID**
                                     RuntimePackRuntimeIdentifiers=linux-arm;linux-arm64;linux-musl-arm64;linux-musl-x64;linux-x64;osx-x64;rhel.6-x64;tizen.4.0.0-armel;tizen.5.0.0-armel;win-arm;win-arm64;win-x64;win-x86
                                     TargetFramework=netcoreapp3.1
                                     TargetingPackName=Microsoft.NETCore.App.Ref
                                     TargetingPackVersion=3.1.0
                             Microsoft.WindowsDesktop.App
                                     DefaultRuntimeFrameworkVersion=3.1.0
                                     IsWindowsOnly=true
                                     LatestRuntimeFrameworkVersion=3.1.32
                                     RuntimeFrameworkName=Microsoft.WindowsDesktop.App
                                     RuntimePackNamePatterns=Microsoft.WindowsDesktop.App.Runtime.**RID**
                                     RuntimePackRuntimeIdentifiers=win-x64;win-x86
                                     TargetFramework=netcoreapp3.1
                                     TargetingPackName=Microsoft.WindowsDesktop.App.Ref
                                     TargetingPackVersion=3.1.0
                             Microsoft.WindowsDesktop.App.WPF
                                     DefaultRuntimeFrameworkVersion=3.1.0
                                     IsWindowsOnly=true
                                     LatestRuntimeFrameworkVersion=3.1.32
                                     Profile=WPF
                                     RuntimeFrameworkName=Microsoft.WindowsDesktop.App
                                     RuntimePackNamePatterns=Microsoft.WindowsDesktop.App.Runtime.**RID**
                                     RuntimePackRuntimeIdentifiers=win-x64;win-x86
                                     TargetFramework=netcoreapp3.1
                                     TargetingPackName=Microsoft.WindowsDesktop.App.Ref
                                     TargetingPackVersion=3.1.0
                             Microsoft.WindowsDesktop.App.WindowsForms
                                     DefaultRuntimeFrameworkVersion=3.1.0
                                     IsWindowsOnly=true
                                     LatestRuntimeFrameworkVersion=3.1.32
                                     Profile=WindowsForms
                                     RuntimeFrameworkName=Microsoft.WindowsDesktop.App
                                     RuntimePackNamePatterns=Microsoft.WindowsDesktop.App.Runtime.**RID**
                                     RuntimePackRuntimeIdentifiers=win-x64;win-x86
                                     TargetFramework=netcoreapp3.1
                                     TargetingPackName=Microsoft.WindowsDesktop.App.Ref
                                     TargetingPackVersion=3.1.0
                             Microsoft.AspNetCore.App
                                     DefaultRuntimeFrameworkVersion=3.1.0
                                     LatestRuntimeFrameworkVersion=3.1.32
                                     RuntimeFrameworkName=Microsoft.AspNetCore.App
                                     RuntimePackNamePatterns=Microsoft.AspNetCore.App.Runtime.**RID**
                                     RuntimePackRuntimeIdentifiers=win-x64;win-x86;win-arm;osx-x64;linux-musl-x64;linux-musl-arm64;linux-x64;linux-arm;linux-arm64
                                     TargetFramework=netcoreapp3.1
                                     TargetingPackName=Microsoft.AspNetCore.App.Ref
                                     TargetingPackVersion=3.1.10
                             Microsoft.NETCore.App
                                     DefaultRuntimeFrameworkVersion=3.0.0
                                     IsTrimmable=true
                                     LatestRuntimeFrameworkVersion=3.0.3
                                     RuntimeFrameworkName=Microsoft.NETCore.App
                                     RuntimePackNamePatterns=Microsoft.NETCore.App.Runtime.**RID**
                                     RuntimePackRuntimeIdentifiers=linux-arm;linux-arm64;linux-musl-arm64;linux-musl-x64;linux-x64;osx-x64;rhel.6-x64;tizen.4.0.0-armel;tizen.5.0.0-armel;win-arm;win-arm64;win-x64;win-x86
                                     TargetFramework=netcoreapp3.0
                                     TargetingPackName=Microsoft.NETCore.App.Ref
                                     TargetingPackVersion=3.0.0
                             Microsoft.WindowsDesktop.App
                                     DefaultRuntimeFrameworkVersion=3.0.0
                                     IsWindowsOnly=true
                                     LatestRuntimeFrameworkVersion=3.0.3
                                     RuntimeFrameworkName=Microsoft.WindowsDesktop.App
                                     RuntimePackNamePatterns=Microsoft.WindowsDesktop.App.Runtime.**RID**
                                     RuntimePackRuntimeIdentifiers=win-x64;win-x86
                                     TargetFramework=netcoreapp3.0
                                     TargetingPackName=Microsoft.WindowsDesktop.App.Ref
                                     TargetingPackVersion=3.0.0
                             Microsoft.WindowsDesktop.App.WPF
                                     DefaultRuntimeFrameworkVersion=3.0.0
                                     IsWindowsOnly=true
                                     LatestRuntimeFrameworkVersion=3.0.3
                                     Profile=WPF
                                     RuntimeFrameworkName=Microsoft.WindowsDesktop.App
                                     RuntimePackNamePatterns=Microsoft.WindowsDesktop.App.Runtime.**RID**
                                     RuntimePackRuntimeIdentifiers=win-x64;win-x86
                                     TargetFramework=netcoreapp3.0
                                     TargetingPackName=Microsoft.WindowsDesktop.App.Ref
                                     TargetingPackVersion=3.0.0
                             Microsoft.WindowsDesktop.App.WindowsForms
                                     DefaultRuntimeFrameworkVersion=3.0.0
                                     IsWindowsOnly=true
                                     LatestRuntimeFrameworkVersion=3.0.3
                                     Profile=WindowsForms
                                     RuntimeFrameworkName=Microsoft.WindowsDesktop.App
                                     RuntimePackNamePatterns=Microsoft.WindowsDesktop.App.Runtime.**RID**
                                     RuntimePackRuntimeIdentifiers=win-x64;win-x86
                                     TargetFramework=netcoreapp3.0
                                     TargetingPackName=Microsoft.WindowsDesktop.App.Ref
                                     TargetingPackVersion=3.0.0
                             Microsoft.AspNetCore.App
                                     DefaultRuntimeFrameworkVersion=3.0.0
                                     LatestRuntimeFrameworkVersion=3.0.3
                                     RuntimeFrameworkName=Microsoft.AspNetCore.App
                                     RuntimePackNamePatterns=Microsoft.AspNetCore.App.Runtime.**RID**
                                     RuntimePackRuntimeIdentifiers=win-x64;win-x86;win-arm;osx-x64;linux-musl-x64;linux-musl-arm64;linux-x64;linux-arm;linux-arm64
                                     TargetFramework=netcoreapp3.0
                                     TargetingPackName=Microsoft.AspNetCore.App.Ref
                                     TargetingPackVersion=3.0.1
                             NETStandard.Library
                                     TargetFramework=netstandard2.1
                                     TargetingPackName=NETStandard.Library.Ref
                                     TargetingPackVersion=2.1.0
                             Microsoft.Windows.SDK.NET.Ref
                                     DefaultRuntimeFrameworkVersion=10.0.26100.56
                                     IsWindowsOnly=true
                                     LatestRuntimeFrameworkVersion=10.0.26100.56
                                     RuntimeFrameworkName=Microsoft.Windows.SDK.NET.Ref
                                     RuntimePackAlwaysCopyLocal=true
                                     RuntimePackNamePatterns=Microsoft.Windows.SDK.NET.Ref
                                     RuntimePackRuntimeIdentifiers=any
                                     TargetFramework=net8.0-windows10.0.26100.0
                                     TargetingPackName=Microsoft.Windows.SDK.NET.Ref
                                     TargetingPackVersion=10.0.26100.56
                             Microsoft.Windows.SDK.NET.Ref
                                     DefaultRuntimeFrameworkVersion=10.0.22621.56
                                     IsWindowsOnly=true
                                     LatestRuntimeFrameworkVersion=10.0.22621.56
                                     RuntimeFrameworkName=Microsoft.Windows.SDK.NET.Ref
                                     RuntimePackAlwaysCopyLocal=true
                                     RuntimePackNamePatterns=Microsoft.Windows.SDK.NET.Ref
                                     RuntimePackRuntimeIdentifiers=any
                                     TargetFramework=net8.0-windows10.0.22621.0
                                     TargetingPackName=Microsoft.Windows.SDK.NET.Ref
                                     TargetingPackVersion=10.0.22621.56
                             Microsoft.Windows.SDK.NET.Ref
                                     DefaultRuntimeFrameworkVersion=10.0.22000.56
                                     IsWindowsOnly=true
                                     LatestRuntimeFrameworkVersion=10.0.22000.56
                                     RuntimeFrameworkName=Microsoft.Windows.SDK.NET.Ref
                                     RuntimePackAlwaysCopyLocal=true
                                     RuntimePackNamePatterns=Microsoft.Windows.SDK.NET.Ref
                                     RuntimePackRuntimeIdentifiers=any
                                     TargetFramework=net8.0-windows10.0.22000.0
                                     TargetingPackName=Microsoft.Windows.SDK.NET.Ref
                                     TargetingPackVersion=10.0.22000.56
                             Microsoft.Windows.SDK.NET.Ref
                                     DefaultRuntimeFrameworkVersion=10.0.20348.56
                                     IsWindowsOnly=true
                                     LatestRuntimeFrameworkVersion=10.0.20348.56
                                     RuntimeFrameworkName=Microsoft.Windows.SDK.NET.Ref
                                     RuntimePackAlwaysCopyLocal=true
                                     RuntimePackNamePatterns=Microsoft.Windows.SDK.NET.Ref
                                     RuntimePackRuntimeIdentifiers=any
                                     TargetFramework=net8.0-windows10.0.20348.0
                                     TargetingPackName=Microsoft.Windows.SDK.NET.Ref
                                     TargetingPackVersion=10.0.20348.56
                             Microsoft.Windows.SDK.NET.Ref
                                     DefaultRuntimeFrameworkVersion=10.0.19041.56
                                     IsWindowsOnly=true
                                     LatestRuntimeFrameworkVersion=10.0.19041.56
                                     RuntimeFrameworkName=Microsoft.Windows.SDK.NET.Ref
                                     RuntimePackAlwaysCopyLocal=true
                                     RuntimePackNamePatterns=Microsoft.Windows.SDK.NET.Ref
                                     RuntimePackRuntimeIdentifiers=any
                                     TargetFramework=net8.0-windows10.0.19041.0
                                     TargetingPackName=Microsoft.Windows.SDK.NET.Ref
                                     TargetingPackVersion=10.0.19041.56
                             Microsoft.Windows.SDK.NET.Ref
                                     DefaultRuntimeFrameworkVersion=10.0.18362.56
                                     IsWindowsOnly=true
                                     LatestRuntimeFrameworkVersion=10.0.18362.56
                                     RuntimeFrameworkName=Microsoft.Windows.SDK.NET.Ref
                                     RuntimePackAlwaysCopyLocal=true
                                     RuntimePackNamePatterns=Microsoft.Windows.SDK.NET.Ref
                                     RuntimePackRuntimeIdentifiers=any
                                     TargetFramework=net8.0-windows10.0.18362.0
                                     TargetingPackName=Microsoft.Windows.SDK.NET.Ref
                                     TargetingPackVersion=10.0.18362.56
                             Microsoft.Windows.SDK.NET.Ref
                                     DefaultRuntimeFrameworkVersion=10.0.17763.56
                                     IsWindowsOnly=true
                                     LatestRuntimeFrameworkVersion=10.0.17763.56
                                     RuntimeFrameworkName=Microsoft.Windows.SDK.NET.Ref
                                     RuntimePackAlwaysCopyLocal=true
                                     RuntimePackNamePatterns=Microsoft.Windows.SDK.NET.Ref
                                     RuntimePackRuntimeIdentifiers=any
                                     TargetFramework=net8.0-windows10.0.17763.0
                                     TargetingPackName=Microsoft.Windows.SDK.NET.Ref
                                     TargetingPackVersion=10.0.17763.56 (TaskId:8)
                     Task Parameter:EnableTargetingPackDownload=True (TaskId:8)
                     Task Parameter:SelfContained=False (TaskId:8)
                     Task Parameter:
                         FrameworkReferences=
                             Microsoft.NETCore.App
                                     IsImplicitlyDefined=true
                                     Pack=false
                                     PrivateAssets=All
                             Microsoft.WindowsDesktop.App.WPF
                                     IsImplicitlyDefined=true (TaskId:8)
                     Task Parameter:
                         KnownCrossgen2Packs=
                             Microsoft.NETCore.App.Crossgen2
                                     Crossgen2PackNamePattern=Microsoft.NETCore.App.Crossgen2.**RID**
                                     Crossgen2PackVersion=8.0.25
                                     Crossgen2RuntimeIdentifiers=linux-musl-x64;linux-x64;win-x64;linux-arm;linux-arm64;linux-musl-arm;linux-musl-arm64;osx-arm64;osx-x64;win-arm64;win-x86
                                     TargetFramework=net8.0
                             Microsoft.NETCore.App.Crossgen2
                                     Crossgen2PackNamePattern=Microsoft.NETCore.App.Crossgen2.**RID**
                                     Crossgen2PackVersion=7.0.20
                                     Crossgen2RuntimeIdentifiers=linux-musl-x64;linux-x64;win-x64;linux-arm;linux-arm64;linux-musl-arm;linux-musl-arm64;osx-arm64;osx-x64;win-arm;win-arm64;win-x86
                                     TargetFramework=net7.0
                             Microsoft.NETCore.App.Crossgen2
                                     Crossgen2PackNamePattern=Microsoft.NETCore.App.Crossgen2.**RID**
                                     Crossgen2PackVersion=6.0.36
                                     Crossgen2RuntimeIdentifiers=linux-musl-x64;linux-x64;win-x64;linux-arm;linux-arm64;linux-musl-arm;linux-musl-arm64;osx-arm64;osx-x64;win-arm;win-arm64;win-x86
                                     TargetFramework=net6.0
                             Microsoft.NETCore.App.Crossgen2
                                     Crossgen2PackNamePattern=Microsoft.NETCore.App.Crossgen2.**RID**
                                     Crossgen2PackVersion=5.0.17
                                     Crossgen2RuntimeIdentifiers=linux-musl-x64;linux-x64;win-x64
                                     TargetFramework=net5.0 (TaskId:8)
                     Output Item(s): 
                         RuntimeFramework=
                             Microsoft.NETCore.App
                                     FrameworkName=Microsoft.NETCore.App
                                     Version=8.0.0
                             Microsoft.WindowsDesktop.App
                                     FrameworkName=Microsoft.WindowsDesktop.App
                                     Version=8.0.0
                             Microsoft.WindowsDesktop.App
                                     FrameworkName=Microsoft.WindowsDesktop.App.WPF
                                     Version=8.0.0
                             Microsoft.WindowsDesktop.App
                                     FrameworkName=Microsoft.WindowsDesktop.App.WindowsForms
                                     Version=8.0.0
                             Microsoft.AspNetCore.App
                                     FrameworkName=Microsoft.AspNetCore.App
                                     Version=8.0.0 (TaskId:8)
                     Output Item(s): 
                         TargetingPack=
                             Microsoft.NETCore.App
                                     NuGetPackageId=Microsoft.NETCore.App.Ref
                                     NuGetPackageVersion=8.0.25
                                     PackageConflictPreferredPackages=Microsoft.NETCore.App.Ref;Microsoft.NETCore.App.Runtime.linux-arm;Microsoft.NETCore.App.Runtime.linux-arm64;Microsoft.NETCore.App.Runtime.linux-musl-arm64;Microsoft.NETCore.App.Runtime.linux-musl-x64;Microsoft.NETCore.App.Runtime.linux-x64;Microsoft.NETCore.App.Runtime.osx-x64;Microsoft.NETCore.App.Runtime.rhel.6-x64;Microsoft.NETCore.App.Runtime.tizen.4.0.0-armel;Microsoft.NETCore.App.Runtime.tizen.5.0.0-armel;Microsoft.NETCore.App.Runtime.win-arm64;Microsoft.NETCore.App.Runtime.win-x64;Microsoft.NETCore.App.Runtime.win-x86;Microsoft.NETCore.App.Runtime.linux-musl-arm;Microsoft.NETCore.App.Runtime.osx-arm64;Microsoft.NETCore.App.Runtime.linux-s390x;Microsoft.NETCore.App.Runtime.linux-bionic-arm;Microsoft.NETCore.App.Runtime.linux-bionic-arm64;Microsoft.NETCore.App.Runtime.linux-bionic-x64;Microsoft.NETCore.App.Runtime.linux-bionic-x86;Microsoft.NETCore.App.Runtime.linux-ppc64le
                                     PackageDirectory=C:\Program Files\dotnet\packs\Microsoft.NETCore.App.Ref\8.0.25
                                     Path=C:\Program Files\dotnet\packs\Microsoft.NETCore.App.Ref\8.0.25
                                     RuntimeFrameworkName=Microsoft.NETCore.App
                                     RuntimePackRuntimeIdentifiers=linux-arm;linux-arm64;linux-musl-arm64;linux-musl-x64;linux-x64;osx-x64;rhel.6-x64;tizen.4.0.0-armel;tizen.5.0.0-armel;win-arm64;win-x64;win-x86;linux-musl-arm;osx-arm64;linux-s390x;linux-bionic-arm;linux-bionic-arm64;linux-bionic-x64;linux-bionic-x86;linux-ppc64le
                                     TargetFramework=net8.0
                                     TargetingPackFormat=
                             Microsoft.WindowsDesktop.App
                                     NuGetPackageId=Microsoft.WindowsDesktop.App.Ref
                                     NuGetPackageVersion=8.0.25
                                     PackageConflictPreferredPackages=Microsoft.WindowsDesktop.App.Ref;Microsoft.WindowsDesktop.App.Runtime.win-x64;Microsoft.WindowsDesktop.App.Runtime.win-x86;Microsoft.WindowsDesktop.App.Runtime.win-arm64
                                     PackageDirectory=C:\Program Files\dotnet\packs\Microsoft.WindowsDesktop.App.Ref\8.0.25
                                     Path=C:\Program Files\dotnet\packs\Microsoft.WindowsDesktop.App.Ref\8.0.25
                                     RuntimeFrameworkName=Microsoft.WindowsDesktop.App
                                     RuntimePackRuntimeIdentifiers=win-x64;win-x86;win-arm64
                                     TargetFramework=net8.0
                                     TargetingPackFormat=
                             Microsoft.WindowsDesktop.App.WPF
                                     NuGetPackageId=Microsoft.WindowsDesktop.App.Ref
                                     NuGetPackageVersion=8.0.25
                                     PackageConflictPreferredPackages=Microsoft.WindowsDesktop.App.Ref;Microsoft.WindowsDesktop.App.Runtime.win-x64;Microsoft.WindowsDesktop.App.Runtime.win-x86;Microsoft.WindowsDesktop.App.Runtime.win-arm64
                                     PackageDirectory=C:\Program Files\dotnet\packs\Microsoft.WindowsDesktop.App.Ref\8.0.25
                                     Path=C:\Program Files\dotnet\packs\Microsoft.WindowsDesktop.App.Ref\8.0.25
                                     Profile=WPF
                                     RuntimeFrameworkName=Microsoft.WindowsDesktop.App
                                     RuntimePackRuntimeIdentifiers=win-x64;win-x86;win-arm64
                                     TargetFramework=net8.0
                                     TargetingPackFormat=
                             Microsoft.WindowsDesktop.App.WindowsForms
                                     NuGetPackageId=Microsoft.WindowsDesktop.App.Ref
                                     NuGetPackageVersion=8.0.25
                                     PackageConflictPreferredPackages=Microsoft.WindowsDesktop.App.Ref;Microsoft.WindowsDesktop.App.Runtime.win-x64;Microsoft.WindowsDesktop.App.Runtime.win-x86;Microsoft.WindowsDesktop.App.Runtime.win-arm64
                                     PackageDirectory=C:\Program Files\dotnet\packs\Microsoft.WindowsDesktop.App.Ref\8.0.25
                                     Path=C:\Program Files\dotnet\packs\Microsoft.WindowsDesktop.App.Ref\8.0.25
                                     Profile=WindowsForms
                                     RuntimeFrameworkName=Microsoft.WindowsDesktop.App
                                     RuntimePackRuntimeIdentifiers=win-x64;win-x86;win-arm64
                                     TargetFramework=net8.0
                                     TargetingPackFormat=
                             Microsoft.AspNetCore.App
                                     NuGetPackageId=Microsoft.AspNetCore.App.Ref
                                     NuGetPackageVersion=8.0.25
                                     PackageConflictPreferredPackages=Microsoft.AspNetCore.App.Ref;Microsoft.AspNetCore.App.Runtime.win-x64;Microsoft.AspNetCore.App.Runtime.win-x86;Microsoft.AspNetCore.App.Runtime.win-arm;Microsoft.AspNetCore.App.Runtime.osx-x64;Microsoft.AspNetCore.App.Runtime.linux-musl-x64;Microsoft.AspNetCore.App.Runtime.linux-musl-arm64;Microsoft.AspNetCore.App.Runtime.linux-x64;Microsoft.AspNetCore.App.Runtime.linux-arm;Microsoft.AspNetCore.App.Runtime.linux-arm64;Microsoft.AspNetCore.App.Runtime.linux-musl-arm;Microsoft.AspNetCore.App.Runtime.win-arm64;Microsoft.AspNetCore.App.Runtime.osx-arm64;Microsoft.AspNetCore.App.Runtime.linux-s390x;Microsoft.AspNetCore.App.Runtime.linux-ppc64le
                                     PackageDirectory=C:\Program Files\dotnet\packs\Microsoft.AspNetCore.App.Ref\8.0.25
                                     Path=C:\Program Files\dotnet\packs\Microsoft.AspNetCore.App.Ref\8.0.25
                                     RuntimeFrameworkName=Microsoft.AspNetCore.App
                                     RuntimePackRuntimeIdentifiers=win-x64;win-x86;win-arm;osx-x64;linux-musl-x64;linux-musl-arm64;linux-x64;linux-arm;linux-arm64;linux-musl-arm;win-arm64;osx-arm64;linux-s390x;linux-ppc64le
                                     TargetFramework=net8.0
                                     TargetingPackFormat= (TaskId:8)
                     Output Item(s): 
                         _KnownRuntimeIdentifierPlatformsForTargetFramework=
                             linux
                             linux-musl
                             osx
                             rhel.6
                             tizen.4.0.0
                             tizen.5.0.0
                             win
                             linux-bionic
                             ios
                             iossimulator
                             tvos
                             tvossimulator
                             maccatalyst
                             browser
                             android (TaskId:8)
                   Done executing task "ProcessFrameworkReferences". (TaskId:8)
                   Set Property: AppHostRuntimeIdentifier=
                   Set Property: AppHostRuntimeIdentifier=win-x64
                   Using "ResolveAppHosts" task from assembly "C:\Program Files\dotnet\sdk\8.0.419\Sdks\Microsoft.NET.Sdk\targets\..\tools\net8.0\Microsoft.NET.Build.Tasks.dll".
                   Task "ResolveAppHosts" (TaskId:9)
                     Task Parameter:RuntimeGraphPath=C:\Program Files\dotnet\sdk\8.0.419/PortableRuntimeIdentifierGraph.json (TaskId:9)
                     Task Parameter:AppHostRuntimeIdentifier=win-x64 (TaskId:9)
                     Task Parameter:DotNetIjwHostLibraryNameWithoutExtension=Ijwhost (TaskId:9)
                     Task Parameter:TargetingPackRoot=C:\Program Files\dotnet\packs (TaskId:9)
                     Task Parameter:DotNetAppHostExecutableNameWithoutExtension=apphost (TaskId:9)
                     Task Parameter:DotNetSingleFileHostExecutableNameWithoutExtension=singlefilehost (TaskId:9)
                     Task Parameter:TargetFrameworkVersion=8.0 (TaskId:9)
                     Task Parameter:TargetFrameworkIdentifier=.NETCoreApp (TaskId:9)
                     Task Parameter:DotNetComHostLibraryNameWithoutExtension=comhost (TaskId:9)
                     Task Parameter:
                         KnownAppHostPacks=
                             Microsoft.NETCore.App
                                     AppHostPackNamePattern=Microsoft.NETCore.App.Host.**RID**
                                     AppHostPackVersion=8.0.25
                                     AppHostRuntimeIdentifiers=linux-arm;linux-arm64;linux-musl-arm64;linux-musl-x64;linux-x64;osx-x64;rhel.6-x64;tizen.4.0.0-armel;tizen.5.0.0-armel;win-arm64;win-x64;win-x86;linux-musl-arm;osx-arm64;linux-s390x;linux-bionic-arm;linux-bionic-arm64;linux-bionic-x64;linux-bionic-x86;linux-ppc64le
                                     ExcludedRuntimeIdentifiers=android
                                     TargetFramework=net8.0
                             Microsoft.NETCore.App
                                     AppHostPackNamePattern=Microsoft.NETCore.App.Host.**RID**
                                     AppHostPackVersion=7.0.20
                                     AppHostRuntimeIdentifiers=linux-arm;linux-arm64;linux-musl-arm64;linux-musl-x64;linux-x64;osx-x64;rhel.6-x64;tizen.4.0.0-armel;tizen.5.0.0-armel;win-arm;win-arm64;win-x64;win-x86;linux-musl-arm;osx-arm64;linux-s390x;linux-bionic-arm;linux-bionic-arm64;linux-bionic-x64;linux-bionic-x86;linux-ppc64le
                                     ExcludedRuntimeIdentifiers=android
                                     TargetFramework=net7.0
                             Microsoft.NETCore.App
                                     AppHostPackNamePattern=Microsoft.NETCore.App.Host.**RID**
                                     AppHostPackVersion=6.0.36
                                     AppHostRuntimeIdentifiers=linux-arm;linux-arm64;linux-musl-arm64;linux-musl-x64;linux-x64;osx-x64;rhel.6-x64;tizen.4.0.0-armel;tizen.5.0.0-armel;win-arm;win-arm64;win-x64;win-x86;linux-musl-arm;osx-arm64;linux-s390x
                                     ExcludedRuntimeIdentifiers=android
                                     TargetFramework=net6.0
                             Microsoft.NETCore.App
                                     AppHostPackNamePattern=Microsoft.NETCore.App.Host.**RID**
                                     AppHostPackVersion=5.0.17
                                     AppHostRuntimeIdentifiers=linux-arm;linux-arm64;linux-musl-arm64;linux-musl-x64;linux-x64;osx-x64;rhel.6-x64;tizen.4.0.0-armel;tizen.5.0.0-armel;win-arm;win-arm64;win-x64;win-x86;linux-musl-arm
                                     TargetFramework=net5.0
                             Microsoft.NETCore.App
                                     AppHostPackNamePattern=Microsoft.NETCore.App.Host.**RID**
                                     AppHostPackVersion=3.1.32
                                     AppHostRuntimeIdentifiers=linux-arm;linux-arm64;linux-musl-arm64;linux-musl-x64;linux-x64;osx-x64;rhel.6-x64;tizen.4.0.0-armel;tizen.5.0.0-armel;win-arm;win-arm64;win-x64;win-x86
                                     TargetFramework=netcoreapp3.1
                             Microsoft.NETCore.App
                                     AppHostPackNamePattern=Microsoft.NETCore.App.Host.**RID**
                                     AppHostPackVersion=3.0.3
                                     AppHostRuntimeIdentifiers=linux-arm;linux-arm64;linux-musl-arm64;linux-musl-x64;linux-x64;osx-x64;rhel.6-x64;tizen.4.0.0-armel;tizen.5.0.0-armel;win-arm;win-arm64;win-x64;win-x86
                                     TargetFramework=netcoreapp3.0 (TaskId:9)
                     Task Parameter:NetCoreTargetingPackRoot=C:\Program Files\dotnet\packs (TaskId:9)
                     Output Item(s): 
                         AppHostPack=
                             AppHost
                                     PackageDirectory=C:\Program Files\dotnet\packs\Microsoft.NETCore.App.Host.win-x64\8.0.25
                                     Path=C:\Program Files\dotnet\packs\Microsoft.NETCore.App.Host.win-x64\8.0.25\runtimes\win-x64\native\apphost.exe
                                     PathInPackage=runtimes\win-x64\native\apphost.exe
                                     RuntimeIdentifier=win-x64 (TaskId:9)
                     Output Item(s): 
                         SingleFileHostPack=
                             SingleFileHost
                                     PackageDirectory=C:\Program Files\dotnet\packs\Microsoft.NETCore.App.Host.win-x64\8.0.25
                                     Path=C:\Program Files\dotnet\packs\Microsoft.NETCore.App.Host.win-x64\8.0.25\runtimes\win-x64\native\singlefilehost.exe
                                     PathInPackage=runtimes\win-x64\native\singlefilehost.exe
                                     RuntimeIdentifier=win-x64 (TaskId:9)
                     Output Item(s): 
                         ComHostPack=
                             ComHost
                                     PackageDirectory=C:\Program Files\dotnet\packs\Microsoft.NETCore.App.Host.win-x64\8.0.25
                                     Path=C:\Program Files\dotnet\packs\Microsoft.NETCore.App.Host.win-x64\8.0.25\runtimes\win-x64\native\comhost.dll
                                     PathInPackage=runtimes\win-x64\native\comhost.dll
                                     RuntimeIdentifier=win-x64 (TaskId:9)
                     Output Item(s): 
                         IjwHostPack=
                             IjwHost
                                     PackageDirectory=C:\Program Files\dotnet\packs\Microsoft.NETCore.App.Host.win-x64\8.0.25
                                     Path=C:\Program Files\dotnet\packs\Microsoft.NETCore.App.Host.win-x64\8.0.25\runtimes\win-x64\native\Ijwhost.dll
                                     PathInPackage=runtimes\win-x64\native\Ijwhost.dll
                                     RuntimeIdentifier=win-x64 (TaskId:9)
                   Done executing task "ResolveAppHosts". (TaskId:9)
                   Set Property: UsePackageDownload=true
                   Set Property: UsePackageDownload=true
13:12:35.061     1>Done building target "ProcessFrameworkReferences" in project "CelestialMechanics.Desktop.csproj".: (TargetId:11)
13:12:35.061     1>Target "_DefaultMicrosoftNETPlatformLibrary: (TargetId:12)" in file "C:\Program Files\dotnet\sdk\8.0.419\Sdks\Microsoft.NET.Sdk\targets\Microsoft.NET.Sdk.Shared.targets" from project "C:\sharon\projects\celestial-mechanics-desktop\src\CelestialMechanics.Desktop\CelestialMechanics.Desktop.csproj" (target "ResolvePackageAssets" depends on it):
13:12:35.061     1>Done building target "_DefaultMicrosoftNETPlatformLibrary" in project "CelestialMechanics.Desktop.csproj".: (TargetId:12)
13:12:35.061     1>Target "_ComputePackageReferencePublish: (TargetId:13)" in file "C:\Program Files\dotnet\sdk\8.0.419\Sdks\Microsoft.NET.Sdk\targets\Microsoft.NET.Sdk.Shared.targets" from project "C:\sharon\projects\celestial-mechanics-desktop\src\CelestialMechanics.Desktop\CelestialMechanics.Desktop.csproj" (target "ResolvePackageAssets" depends on it):
13:12:35.061     1>Done building target "_ComputePackageReferencePublish" in project "CelestialMechanics.Desktop.csproj".: (TargetId:13)
                   Target "_ResolveCompilerVersion" skipped, due to false condition; ('$(CompilerApiVersion)' == '' And
                                        ('$(Language)' == 'C#' Or '$(Language)' == 'VB') And
                                        Exists('$(RoslynTargetsPath)\Microsoft.Build.Tasks.CodeAnalysis.dll')) was evaluated as ('roslyn4.11' == '' And
                                        ('C#' == 'C#' Or 'C#' == 'VB') And
                                        Exists('C:\Program Files\dotnet\sdk\8.0.419\Roslyn\Microsoft.Build.Tasks.CodeAnalysis.dll')).
13:12:35.061     1>Target "ResolvePackageAssets: (TargetId:14)" in file "C:\Program Files\dotnet\sdk\8.0.419\Sdks\Microsoft.NET.Sdk\targets\Microsoft.PackageDependencyResolution.targets" from project "C:\sharon\projects\celestial-mechanics-desktop\src\CelestialMechanics.Desktop\CelestialMechanics.Desktop.csproj" (target "ResolveLockFileReferences" depends on it):
                   Set Property: UseAppHostFromAssetsFile=false
                   Set Property: CopyLocalRuntimeTargetAssets=true
                   Using "ResolvePackageAssets" task from assembly "C:\Program Files\dotnet\sdk\8.0.419\Sdks\Microsoft.NET.Sdk\targets\..\tools\net8.0\Microsoft.NET.Build.Tasks.dll".
                   Task "ResolvePackageAssets" (TaskId:10)
                     Task Parameter:IsSelfContained=False (TaskId:10)
                     Task Parameter:ProjectPath=C:\sharon\projects\celestial-mechanics-desktop\src\CelestialMechanics.Desktop\CelestialMechanics.Desktop.csproj (TaskId:10)
                     Task Parameter:DotNetAppHostExecutableNameWithoutExtension=apphost (TaskId:10)
                     Task Parameter:CopyLocalRuntimeTargetAssets=True (TaskId:10)
                     Task Parameter:DefaultImplicitPackages=Microsoft.NETCore.App;NETStandard.Library (TaskId:10)
                     Task Parameter:ProjectAssetsCacheFile=C:\sharon\projects\celestial-mechanics-desktop\src\CelestialMechanics.Desktop\obj\Debug\net8.0-windows\CelestialMechanics.Desktop.assets.cache (TaskId:10)
                     Task Parameter:VerifyMatchingImplicitPackageVersion=True (TaskId:10)
                     Task Parameter:ProjectAssetsFile=C:\sharon\projects\celestial-mechanics-desktop\src\CelestialMechanics.Desktop\obj\project.assets.json (TaskId:10)
                     Task Parameter:CompilerApiVersion=roslyn4.11 (TaskId:10)
                     Task Parameter:TargetFramework=net8.0-windows (TaskId:10)
                     Task Parameter:EmitAssetsLogMessages=True (TaskId:10)
                     Task Parameter:
                         PackageReferences=
                             Silk.NET.OpenGL
                                     Version=2.23.0
                             CommunityToolkit.Mvvm
                                     Version=8.4.0
                             Microsoft.Extensions.DependencyInjection
                                     Version=9.0.4
                             HelixToolkit.Wpf.SharpDX
                                     Version=2.27.0 (TaskId:10)
                     Task Parameter:
                         RuntimeFrameworks=
                             Microsoft.NETCore.App
                                     FrameworkName=Microsoft.NETCore.App
                                     Version=8.0.0
                             Microsoft.WindowsDesktop.App
                                     FrameworkName=Microsoft.WindowsDesktop.App
                                     Version=8.0.0
                             Microsoft.WindowsDesktop.App
                                     FrameworkName=Microsoft.WindowsDesktop.App.WPF
                                     Version=8.0.0
                             Microsoft.WindowsDesktop.App
                                     FrameworkName=Microsoft.WindowsDesktop.App.WindowsForms
                                     Version=8.0.0
                             Microsoft.AspNetCore.App
                                     FrameworkName=Microsoft.AspNetCore.App
                                     Version=8.0.0 (TaskId:10)
                     Task Parameter:ProjectLanguage=C# (TaskId:10)
                     Task Parameter:MarkPackageReferencesAsExternallyResolved=True (TaskId:10)
                     Output Item(s): 
                         ResolvedAnalyzers=
                             C:\Users\Lenovo\.nuget\packages\communitytoolkit.mvvm\8.4.0\analyzers\dotnet\roslyn4.3\cs\CommunityToolkit.Mvvm.CodeFixers.dll
                                     NuGetPackageId=CommunityToolkit.Mvvm
                                     NuGetPackageVersion=8.4.0
                             C:\Users\Lenovo\.nuget\packages\communitytoolkit.mvvm\8.4.0\analyzers\dotnet\roslyn4.3\cs\CommunityToolkit.Mvvm.SourceGenerators.dll
                                     NuGetPackageId=CommunityToolkit.Mvvm
                                     NuGetPackageVersion=8.4.0
                             C:\Users\Lenovo\.nuget\packages\microsoft.extensions.logging.abstractions\6.0.0\analyzers\dotnet\roslyn4.0\cs\Microsoft.Extensions.Logging.Generators.dll
                                     NuGetPackageId=Microsoft.Extensions.Logging.Abstractions
                                     NuGetPackageVersion=6.0.0
                             C:\Users\Lenovo\.nuget\packages\system.text.json\9.0.9\analyzers\dotnet\roslyn4.4\cs\System.Text.Json.SourceGeneration.dll
                                     NuGetPackageId=System.Text.Json
                                     NuGetPackageVersion=9.0.9 (TaskId:10)
                     Output Item(s): 
                         _DebugSymbolsFiles=
                             C:\Users\Lenovo\.nuget\packages\communitytoolkit.mvvm\8.4.0\lib\net8.0\CommunityToolkit.Mvvm.pdb
                                     NuGetPackageId=CommunityToolkit.Mvvm
                                     NuGetPackageVersion=8.4.0
                             C:\Users\Lenovo\.nuget\packages\sharpdx\4.2.0\lib\netstandard1.1\SharpDX.pdb
                                     NuGetPackageId=SharpDX
                                     NuGetPackageVersion=4.2.0
                             C:\Users\Lenovo\.nuget\packages\sharpdx.d3dcompiler\4.2.0\lib\netstandard1.1\SharpDX.D3DCompiler.pdb
                                     NuGetPackageId=SharpDX.D3DCompiler
                                     NuGetPackageVersion=4.2.0
                             C:\Users\Lenovo\.nuget\packages\sharpdx.direct2d1\4.2.0\lib\netstandard1.1\SharpDX.Direct2D1.pdb
                                     NuGetPackageId=SharpDX.Direct2D1
                                     NuGetPackageVersion=4.2.0
                             C:\Users\Lenovo\.nuget\packages\sharpdx.direct3d11\4.2.0\lib\netstandard1.1\SharpDX.Direct3D11.pdb
                                     NuGetPackageId=SharpDX.Direct3D11
                                     NuGetPackageVersion=4.2.0
                             C:\Users\Lenovo\.nuget\packages\sharpdx.direct3d9\4.2.0\lib\netstandard1.3\SharpDX.Direct3D9.pdb
                                     NuGetPackageId=SharpDX.Direct3D9
                                     NuGetPackageVersion=4.2.0
                             C:\Users\Lenovo\.nuget\packages\sharpdx.dxgi\4.2.0\lib\netstandard1.1\SharpDX.DXGI.pdb
                                     NuGetPackageId=SharpDX.DXGI
                                     NuGetPackageVersion=4.2.0
                             C:\Users\Lenovo\.nuget\packages\sharpdx.mathematics\4.2.0\lib\netstandard1.1\SharpDX.Mathematics.pdb
                                     NuGetPackageId=SharpDX.Mathematics
                                     NuGetPackageVersion=4.2.0 (TaskId:10)
                     Output Item(s): 
                         _ReferenceDocumentationFiles=
                             C:\Users\Lenovo\.nuget\packages\communitytoolkit.mvvm\8.4.0\lib\net8.0\CommunityToolkit.Mvvm.xml
                                     NuGetPackageId=CommunityToolkit.Mvvm
                                     NuGetPackageVersion=8.4.0
                             C:\Users\Lenovo\.nuget\packages\cyotek.drawing.bitmapfont\2.0.0\lib\netcoreapp3.1\Cyotek.Drawing.BitmapFont.xml
                                     NuGetPackageId=Cyotek.Drawing.BitmapFont
                                     NuGetPackageVersion=2.0.0
                             C:\Users\Lenovo\.nuget\packages\helixtoolkit\2.27.0\lib\netstandard2.0\HelixToolkit.xml
                                     NuGetPackageId=HelixToolkit
                                     NuGetPackageVersion=2.27.0
                             C:\Users\Lenovo\.nuget\packages\microsoft.dotnet.platformabstractions\3.1.6\lib\netstandard2.0\Microsoft.DotNet.PlatformAbstractions.xml
                                     NuGetPackageId=Microsoft.DotNet.PlatformAbstractions
                                     NuGetPackageVersion=3.1.6
                             C:\Users\Lenovo\.nuget\packages\microsoft.extensions.dependencyinjection\9.0.4\lib\net8.0\Microsoft.Extensions.DependencyInjection.xml
                                     NuGetPackageId=Microsoft.Extensions.DependencyInjection
                                     NuGetPackageVersion=9.0.4
                             C:\Users\Lenovo\.nuget\packages\microsoft.extensions.dependencyinjection.abstractions\9.0.4\lib\net8.0\Microsoft.Extensions.DependencyInjection.Abstractions.xml
                                     NuGetPackageId=Microsoft.Extensions.DependencyInjection.Abstractions
                                     NuGetPackageVersion=9.0.4
                             C:\Users\Lenovo\.nuget\packages\microsoft.extensions.dependencymodel\9.0.9\lib\net8.0\Microsoft.Extensions.DependencyModel.xml
                                     NuGetPackageId=Microsoft.Extensions.DependencyModel
                                     NuGetPackageVersion=9.0.9
                             C:\Users\Lenovo\.nuget\packages\microsoft.extensions.logging.abstractions\6.0.0\lib\net6.0\Microsoft.Extensions.Logging.Abstractions.xml
                                     NuGetPackageId=Microsoft.Extensions.Logging.Abstractions
                                     NuGetPackageVersion=6.0.0
                             C:\Users\Lenovo\.nuget\packages\microsoft.win32.primitives\4.3.0\ref\netstandard1.3\Microsoft.Win32.Primitives.xml
                                     NuGetPackageId=Microsoft.Win32.Primitives
                                     NuGetPackageVersion=4.3.0
                             C:\Users\Lenovo\.nuget\packages\sharpdx.d3dcompiler\4.2.0\lib\netstandard1.1\SharpDX.D3DCompiler.xml
                                     NuGetPackageId=SharpDX.D3DCompiler
                                     NuGetPackageVersion=4.2.0
                             C:\Users\Lenovo\.nuget\packages\sharpdx.direct2d1\4.2.0\lib\netstandard1.1\SharpDX.Direct2D1.xml
                                     NuGetPackageId=SharpDX.Direct2D1
                                     NuGetPackageVersion=4.2.0
                             C:\Users\Lenovo\.nuget\packages\sharpdx.direct3d11\4.2.0\lib\netstandard1.1\SharpDX.Direct3D11.xml
                                     NuGetPackageId=SharpDX.Direct3D11
                                     NuGetPackageVersion=4.2.0
                             C:\Users\Lenovo\.nuget\packages\sharpdx.direct3d9\4.2.0\lib\netstandard1.3\SharpDX.Direct3D9.xml
                                     NuGetPackageId=SharpDX.Direct3D9
                                     NuGetPackageVersion=4.2.0
                             C:\Users\Lenovo\.nuget\packages\sharpdx.dxgi\4.2.0\lib\netstandard1.1\SharpDX.DXGI.xml
                                     NuGetPackageId=SharpDX.DXGI
                                     NuGetPackageVersion=4.2.0
                             C:\Users\Lenovo\.nuget\packages\sharpdx.mathematics\4.2.0\lib\netstandard1.1\SharpDX.Mathematics.xml
                                     NuGetPackageId=SharpDX.Mathematics
                                     NuGetPackageVersion=4.2.0
                             C:\Users\Lenovo\.nuget\packages\silk.net.core\2.23.0\lib\net6.0\Silk.NET.Core.xml
                                     NuGetPackageId=Silk.NET.Core
                                     NuGetPackageVersion=2.23.0
                             C:\Users\Lenovo\.nuget\packages\silk.net.glfw\2.23.0\lib\net5.0\Silk.NET.GLFW.xml
                                     NuGetPackageId=Silk.NET.GLFW
                                     NuGetPackageVersion=2.23.0
                             C:\Users\Lenovo\.nuget\packages\silk.net.input.common\2.23.0\lib\net5.0\Silk.NET.Input.Common.xml
                                     NuGetPackageId=Silk.NET.Input.Common
                                     NuGetPackageVersion=2.23.0
                             C:\Users\Lenovo\.nuget\packages\silk.net.input.glfw\2.23.0\lib\net5.0\Silk.NET.Input.Glfw.xml
                                     NuGetPackageId=Silk.NET.Input.Glfw
                                     NuGetPackageVersion=2.23.0
                             C:\Users\Lenovo\.nuget\packages\silk.net.maths\2.23.0\lib\net5.0\Silk.NET.Maths.xml
                                     NuGetPackageId=Silk.NET.Maths
                                     NuGetPackageVersion=2.23.0
                             C:\Users\Lenovo\.nuget\packages\silk.net.opengl\2.23.0\lib\net5.0\Silk.NET.OpenGL.xml
                                     NuGetPackageId=Silk.NET.OpenGL
                                     NuGetPackageVersion=2.23.0
                             C:\Users\Lenovo\.nuget\packages\silk.net.windowing.common\2.23.0\lib\netstandard2.1\Silk.NET.Windowing.Common.xml
                                     NuGetPackageId=Silk.NET.Windowing.Common
                                     NuGetPackageVersion=2.23.0
                             C:\Users\Lenovo\.nuget\packages\silk.net.windowing.glfw\2.23.0\lib\net5.0\Silk.NET.Windowing.Glfw.xml
                                     NuGetPackageId=Silk.NET.Windowing.Glfw
                                     NuGetPackageVersion=2.23.0
                             C:\Users\Lenovo\.nuget\packages\system.appcontext\4.3.0\ref\netstandard1.6\System.AppContext.xml
                                     NuGetPackageId=System.AppContext
                                     NuGetPackageVersion=4.3.0
                             C:\Users\Lenovo\.nuget\packages\system.collections\4.3.0\ref\netstandard1.3\System.Collections.xml
                                     NuGetPackageId=System.Collections
                                     NuGetPackageVersion=4.3.0
                             C:\Users\Lenovo\.nuget\packages\system.collections.concurrent\4.3.0\ref\netstandard1.3\System.Collections.Concurrent.xml
                                     NuGetPackageId=System.Collections.Concurrent
                                     NuGetPackageVersion=4.3.0
                             C:\Users\Lenovo\.nuget\packages\system.console\4.3.0\ref\netstandard1.3\System.Console.xml
                                     NuGetPackageId=System.Console
                                     NuGetPackageVersion=4.3.0
                             C:\Users\Lenovo\.nuget\packages\system.diagnostics.debug\4.3.0\ref\netstandard1.3\System.Diagnostics.Debug.xml
                                     NuGetPackageId=System.Diagnostics.Debug
                                     NuGetPackageVersion=4.3.0
                             C:\Users\Lenovo\.nuget\packages\system.diagnostics.tools\4.3.0\ref\netstandard1.0\System.Diagnostics.Tools.xml
                                     NuGetPackageId=System.Diagnostics.Tools
                                     NuGetPackageVersion=4.3.0
                             C:\Users\Lenovo\.nuget\packages\system.diagnostics.tracing\4.3.0\ref\netstandard1.5\System.Diagnostics.Tracing.xml
                                     NuGetPackageId=System.Diagnostics.Tracing
                                     NuGetPackageVersion=4.3.0
                             C:\Users\Lenovo\.nuget\packages\system.globalization\4.3.0\ref\netstandard1.3\System.Globalization.xml
                                     NuGetPackageId=System.Globalization
                                     NuGetPackageVersion=4.3.0
                             C:\Users\Lenovo\.nuget\packages\system.globalization.calendars\4.3.0\ref\netstandard1.3\System.Globalization.Calendars.xml
                                     NuGetPackageId=System.Globalization.Calendars
                                     NuGetPackageVersion=4.3.0
                             C:\Users\Lenovo\.nuget\packages\system.io\4.3.0\ref\netstandard1.5\System.IO.xml
                                     NuGetPackageId=System.IO
                                     NuGetPackageVersion=4.3.0
                             C:\Users\Lenovo\.nuget\packages\system.io.compression\4.3.0\ref\netstandard1.3\System.IO.Compression.xml
                                     NuGetPackageId=System.IO.Compression
                                     NuGetPackageVersion=4.3.0
                             C:\Users\Lenovo\.nuget\packages\system.io.compression.zipfile\4.3.0\ref\netstandard1.3\System.IO.Compression.ZipFile.xml
                                     NuGetPackageId=System.IO.Compression.ZipFile
                                     NuGetPackageVersion=4.3.0
                             C:\Users\Lenovo\.nuget\packages\system.io.filesystem\4.3.0\ref\netstandard1.3\System.IO.FileSystem.xml
                                     NuGetPackageId=System.IO.FileSystem
                                     NuGetPackageVersion=4.3.0
                             C:\Users\Lenovo\.nuget\packages\system.io.filesystem.primitives\4.3.0\ref\netstandard1.3\System.IO.FileSystem.Primitives.xml
                                     NuGetPackageId=System.IO.FileSystem.Primitives
                                     NuGetPackageVersion=4.3.0
                             C:\Users\Lenovo\.nuget\packages\system.io.pipelines\9.0.9\lib\net8.0\System.IO.Pipelines.xml
                                     NuGetPackageId=System.IO.Pipelines
                                     NuGetPackageVersion=9.0.9
                             C:\Users\Lenovo\.nuget\packages\system.linq\4.3.0\ref\netstandard1.6\System.Linq.xml
                                     NuGetPackageId=System.Linq
                                     NuGetPackageVersion=4.3.0
                             C:\Users\Lenovo\.nuget\packages\system.linq.expressions\4.3.0\ref\netstandard1.6\System.Linq.Expressions.xml
                                     NuGetPackageId=System.Linq.Expressions
                                     NuGetPackageVersion=4.3.0
                             C:\Users\Lenovo\.nuget\packages\system.net.http\4.3.0\ref\netstandard1.3\System.Net.Http.xml
                                     NuGetPackageId=System.Net.Http
                                     NuGetPackageVersion=4.3.0
                             C:\Users\Lenovo\.nuget\packages\system.net.primitives\4.3.0\ref\netstandard1.3\System.Net.Primitives.xml
                                     NuGetPackageId=System.Net.Primitives
                                     NuGetPackageVersion=4.3.0
                             C:\Users\Lenovo\.nuget\packages\system.net.sockets\4.3.0\ref\netstandard1.3\System.Net.Sockets.xml
                                     NuGetPackageId=System.Net.Sockets
                                     NuGetPackageVersion=4.3.0
                             C:\Users\Lenovo\.nuget\packages\system.objectmodel\4.3.0\ref\netstandard1.3\System.ObjectModel.xml
                                     NuGetPackageId=System.ObjectModel
                                     NuGetPackageVersion=4.3.0
                             C:\Users\Lenovo\.nuget\packages\system.reflection\4.3.0\ref\netstandard1.5\System.Reflection.xml
                                     NuGetPackageId=System.Reflection
                                     NuGetPackageVersion=4.3.0
                             C:\Users\Lenovo\.nuget\packages\system.reflection.extensions\4.3.0\ref\netstandard1.0\System.Reflection.Extensions.xml
                                     NuGetPackageId=System.Reflection.Extensions
                                     NuGetPackageVersion=4.3.0
                             C:\Users\Lenovo\.nuget\packages\system.reflection.primitives\4.3.0\ref\netstandard1.0\System.Reflection.Primitives.xml
                                     NuGetPackageId=System.Reflection.Primitives
                                     NuGetPackageVersion=4.3.0
                             C:\Users\Lenovo\.nuget\packages\system.resources.resourcemanager\4.3.0\ref\netstandard1.0\System.Resources.ResourceManager.xml
                                     NuGetPackageId=System.Resources.ResourceManager
                                     NuGetPackageVersion=4.3.0
                             C:\Users\Lenovo\.nuget\packages\system.runtime\4.3.0\ref\netstandard1.5\System.Runtime.xml
                                     NuGetPackageId=System.Runtime
                                     NuGetPackageVersion=4.3.0
                             C:\Users\Lenovo\.nuget\packages\system.runtime.extensions\4.3.0\ref\netstandard1.5\System.Runtime.Extensions.xml
                                     NuGetPackageId=System.Runtime.Extensions
                                     NuGetPackageVersion=4.3.0
                             C:\Users\Lenovo\.nuget\packages\system.runtime.handles\4.3.0\ref\netstandard1.3\System.Runtime.Handles.xml
                                     NuGetPackageId=System.Runtime.Handles
                                     NuGetPackageVersion=4.3.0
                             C:\Users\Lenovo\.nuget\packages\system.runtime.numerics\4.3.0\ref\netstandard1.1\System.Runtime.Numerics.xml
                                     NuGetPackageId=System.Runtime.Numerics
                                     NuGetPackageVersion=4.3.0
                             C:\Users\Lenovo\.nuget\packages\system.security.cryptography.encoding\4.3.0\ref\netstandard1.3\System.Security.Cryptography.Encoding.xml
                                     NuGetPackageId=System.Security.Cryptography.Encoding
                                     NuGetPackageVersion=4.3.0
                             C:\Users\Lenovo\.nuget\packages\system.security.cryptography.x509certificates\4.3.0\ref\netstandard1.4\System.Security.Cryptography.X509Certificates.xml
                                     NuGetPackageId=System.Security.Cryptography.X509Certificates
                                     NuGetPackageVersion=4.3.0
                             C:\Users\Lenovo\.nuget\packages\system.text.encoding\4.3.0\ref\netstandard1.3\System.Text.Encoding.xml
                                     NuGetPackageId=System.Text.Encoding
                                     NuGetPackageVersion=4.3.0
                             C:\Users\Lenovo\.nuget\packages\system.text.encoding.extensions\4.3.0\ref\netstandard1.3\System.Text.Encoding.Extensions.xml
                                     NuGetPackageId=System.Text.Encoding.Extensions
                                     NuGetPackageVersion=4.3.0
                             C:\Users\Lenovo\.nuget\packages\system.text.encodings.web\9.0.9\lib\net8.0\System.Text.Encodings.Web.xml
                                     NuGetPackageId=System.Text.Encodings.Web
                                     NuGetPackageVersion=9.0.9
                             C:\Users\Lenovo\.nuget\packages\system.text.json\9.0.9\lib\net8.0\System.Text.Json.xml
                                     NuGetPackageId=System.Text.Json
                                     NuGetPackageVersion=9.0.9
                             C:\Users\Lenovo\.nuget\packages\system.threading\4.3.0\ref\netstandard1.3\System.Threading.xml
                                     NuGetPackageId=System.Threading
                                     NuGetPackageVersion=4.3.0
                             C:\Users\Lenovo\.nuget\packages\system.threading.tasks\4.3.0\ref\netstandard1.3\System.Threading.Tasks.xml
                                     NuGetPackageId=System.Threading.Tasks
                                     NuGetPackageVersion=4.3.0
                             C:\Users\Lenovo\.nuget\packages\system.threading.timer\4.3.0\ref\netstandard1.2\System.Threading.Timer.xml
                                     NuGetPackageId=System.Threading.Timer
                                     NuGetPackageVersion=4.3.0
                             C:\Users\Lenovo\.nuget\packages\system.xml.readerwriter\4.3.0\ref\netstandard1.3\System.Xml.ReaderWriter.xml
                                     NuGetPackageId=System.Xml.ReaderWriter
                                     NuGetPackageVersion=4.3.0
                             C:\Users\Lenovo\.nuget\packages\system.xml.xdocument\4.3.0\ref\netstandard1.3\System.Xml.XDocument.xml
                                     NuGetPackageId=System.Xml.XDocument
                                     NuGetPackageVersion=4.3.0 (TaskId:10)
                     Output Item(s): 
                         RuntimeCopyLocalItems=
                             C:\Users\Lenovo\.nuget\packages\communitytoolkit.mvvm\8.4.0\lib\net8.0\CommunityToolkit.Mvvm.dll
                                     AssetType=runtime
                                     CopyLocal=true
                                     DestinationSubPath=CommunityToolkit.Mvvm.dll
                                     NuGetPackageId=CommunityToolkit.Mvvm
                                     NuGetPackageVersion=8.4.0
                                     PathInPackage=lib/net8.0/CommunityToolkit.Mvvm.dll
                             C:\Users\Lenovo\.nuget\packages\cyotek.drawing.bitmapfont\2.0.0\lib\netcoreapp3.1\Cyotek.Drawing.BitmapFont.dll
                                     AssetType=runtime
                                     CopyLocal=true
                                     DestinationSubPath=Cyotek.Drawing.BitmapFont.dll
                                     NuGetPackageId=Cyotek.Drawing.BitmapFont
                                     NuGetPackageVersion=2.0.0
                                     PathInPackage=lib/netcoreapp3.1/Cyotek.Drawing.BitmapFont.dll
                             C:\Users\Lenovo\.nuget\packages\helixtoolkit\2.27.0\lib\netstandard2.0\HelixToolkit.dll
                                     AssetType=runtime
                                     CopyLocal=true
                                     DestinationSubPath=HelixToolkit.dll
                                     NuGetPackageId=HelixToolkit
                                     NuGetPackageVersion=2.27.0
                                     PathInPackage=lib/netstandard2.0/HelixToolkit.dll
                             C:\Users\Lenovo\.nuget\packages\helixtoolkit.wpf.sharpdx\2.27.0\lib\net462\HelixToolkit.Wpf.SharpDX.dll
                                     AssetType=runtime
                                     CopyLocal=true
                                     DestinationSubPath=HelixToolkit.Wpf.SharpDX.dll
                                     NuGetPackageId=HelixToolkit.Wpf.SharpDX
                                     NuGetPackageVersion=2.27.0
                                     PathInPackage=lib/net462/HelixToolkit.Wpf.SharpDX.dll
                             C:\Users\Lenovo\.nuget\packages\microsoft.dotnet.platformabstractions\3.1.6\lib\netstandard2.0\Microsoft.DotNet.PlatformAbstractions.dll
                                     AssetType=runtime
                                     CopyLocal=true
                                     DestinationSubPath=Microsoft.DotNet.PlatformAbstractions.dll
                                     NuGetPackageId=Microsoft.DotNet.PlatformAbstractions
                                     NuGetPackageVersion=3.1.6
                                     PathInPackage=lib/netstandard2.0/Microsoft.DotNet.PlatformAbstractions.dll
                             C:\Users\Lenovo\.nuget\packages\microsoft.extensions.dependencyinjection\9.0.4\lib\net8.0\Microsoft.Extensions.DependencyInjection.dll
                                     AssetType=runtime
                                     CopyLocal=true
                                     DestinationSubPath=Microsoft.Extensions.DependencyInjection.dll
                                     NuGetPackageId=Microsoft.Extensions.DependencyInjection
                                     NuGetPackageVersion=9.0.4
                                     PathInPackage=lib/net8.0/Microsoft.Extensions.DependencyInjection.dll
                             C:\Users\Lenovo\.nuget\packages\microsoft.extensions.dependencyinjection.abstractions\9.0.4\lib\net8.0\Microsoft.Extensions.DependencyInjection.Abstractions.dll
                                     AssetType=runtime
                                     CopyLocal=true
                                     DestinationSubPath=Microsoft.Extensions.DependencyInjection.Abstractions.dll
                                     NuGetPackageId=Microsoft.Extensions.DependencyInjection.Abstractions
                                     NuGetPackageVersion=9.0.4
                                     PathInPackage=lib/net8.0/Microsoft.Extensions.DependencyInjection.Abstractions.dll
                             C:\Users\Lenovo\.nuget\packages\microsoft.extensions.dependencymodel\9.0.9\lib\net8.0\Microsoft.Extensions.DependencyModel.dll
                                     AssetType=runtime
                                     CopyLocal=true
                                     DestinationSubPath=Microsoft.Extensions.DependencyModel.dll
                                     NuGetPackageId=Microsoft.Extensions.DependencyModel
                                     NuGetPackageVersion=9.0.9
                                     PathInPackage=lib/net8.0/Microsoft.Extensions.DependencyModel.dll
                             C:\Users\Lenovo\.nuget\packages\microsoft.extensions.logging.abstractions\6.0.0\lib\net6.0\Microsoft.Extensions.Logging.Abstractions.dll
                                     AssetType=runtime
                                     CopyLocal=true
                                     DestinationSubPath=Microsoft.Extensions.Logging.Abstractions.dll
                                     NuGetPackageId=Microsoft.Extensions.Logging.Abstractions
                                     NuGetPackageVersion=6.0.0
                                     PathInPackage=lib/net6.0/Microsoft.Extensions.Logging.Abstractions.dll
                             C:\Users\Lenovo\.nuget\packages\sharpdx\4.2.0\lib\netstandard1.1\SharpDX.dll
                                     AssetType=runtime
                                     CopyLocal=true
                                     DestinationSubPath=SharpDX.dll
                                     NuGetPackageId=SharpDX
                                     NuGetPackageVersion=4.2.0
                                     PathInPackage=lib/netstandard1.1/SharpDX.dll
                             C:\Users\Lenovo\.nuget\packages\sharpdx.d3dcompiler\4.2.0\lib\netstandard1.1\SharpDX.D3DCompiler.dll
                                     AssetType=runtime
                                     CopyLocal=true
                                     DestinationSubPath=SharpDX.D3DCompiler.dll
                                     NuGetPackageId=SharpDX.D3DCompiler
                                     NuGetPackageVersion=4.2.0
                                     PathInPackage=lib/netstandard1.1/SharpDX.D3DCompiler.dll
                             C:\Users\Lenovo\.nuget\packages\sharpdx.direct2d1\4.2.0\lib\netstandard1.1\SharpDX.Direct2D1.dll
                                     AssetType=runtime
                                     CopyLocal=true
                                     DestinationSubPath=SharpDX.Direct2D1.dll
                                     NuGetPackageId=SharpDX.Direct2D1
                                     NuGetPackageVersion=4.2.0
                                     PathInPackage=lib/netstandard1.1/SharpDX.Direct2D1.dll
                             C:\Users\Lenovo\.nuget\packages\sharpdx.direct3d11\4.2.0\lib\netstandard1.1\SharpDX.Direct3D11.dll
                                     AssetType=runtime
                                     CopyLocal=true
                                     DestinationSubPath=SharpDX.Direct3D11.dll
                                     NuGetPackageId=SharpDX.Direct3D11
                                     NuGetPackageVersion=4.2.0
                                     PathInPackage=lib/netstandard1.1/SharpDX.Direct3D11.dll
                             C:\Users\Lenovo\.nuget\packages\sharpdx.direct3d9\4.2.0\lib\netstandard1.3\SharpDX.Direct3D9.dll
                                     AssetType=runtime
                                     CopyLocal=true
                                     DestinationSubPath=SharpDX.Direct3D9.dll
                                     NuGetPackageId=SharpDX.Direct3D9
                                     NuGetPackageVersion=4.2.0
                                     PathInPackage=lib/netstandard1.3/SharpDX.Direct3D9.dll
                             C:\Users\Lenovo\.nuget\packages\sharpdx.dxgi\4.2.0\lib\netstandard1.1\SharpDX.DXGI.dll
                                     AssetType=runtime
                                     CopyLocal=true
                                     DestinationSubPath=SharpDX.DXGI.dll
                                     NuGetPackageId=SharpDX.DXGI
                                     NuGetPackageVersion=4.2.0
                                     PathInPackage=lib/netstandard1.1/SharpDX.DXGI.dll
                             C:\Users\Lenovo\.nuget\packages\sharpdx.mathematics\4.2.0\lib\netstandard1.1\SharpDX.Mathematics.dll
                                     AssetType=runtime
                                     CopyLocal=true
                                     DestinationSubPath=SharpDX.Mathematics.dll
                                     NuGetPackageId=SharpDX.Mathematics
                                     NuGetPackageVersion=4.2.0
                                     PathInPackage=lib/netstandard1.1/SharpDX.Mathematics.dll
                             C:\Users\Lenovo\.nuget\packages\silk.net.core\2.23.0\lib\net6.0\Silk.NET.Core.dll
                                     AssetType=runtime
                                     CopyLocal=true
                                     DestinationSubPath=Silk.NET.Core.dll
                                     NuGetPackageId=Silk.NET.Core
                                     NuGetPackageVersion=2.23.0
                                     PathInPackage=lib/net6.0/Silk.NET.Core.dll
                             C:\Users\Lenovo\.nuget\packages\silk.net.glfw\2.23.0\lib\net5.0\Silk.NET.GLFW.dll
                                     AssetType=runtime
                                     CopyLocal=true
                                     DestinationSubPath=Silk.NET.GLFW.dll
                                     NuGetPackageId=Silk.NET.GLFW
                                     NuGetPackageVersion=2.23.0
                                     PathInPackage=lib/net5.0/Silk.NET.GLFW.dll
                             C:\Users\Lenovo\.nuget\packages\silk.net.input.common\2.23.0\lib\net5.0\Silk.NET.Input.Common.dll
                                     AssetType=runtime
                                     CopyLocal=true
                                     DestinationSubPath=Silk.NET.Input.Common.dll
                                     NuGetPackageId=Silk.NET.Input.Common
                                     NuGetPackageVersion=2.23.0
                                     PathInPackage=lib/net5.0/Silk.NET.Input.Common.dll
                             C:\Users\Lenovo\.nuget\packages\silk.net.input.glfw\2.23.0\lib\net5.0\Silk.NET.Input.Glfw.dll
                                     AssetType=runtime
                                     CopyLocal=true
                                     DestinationSubPath=Silk.NET.Input.Glfw.dll
                                     NuGetPackageId=Silk.NET.Input.Glfw
                                     NuGetPackageVersion=2.23.0
                                     PathInPackage=lib/net5.0/Silk.NET.Input.Glfw.dll
                             C:\Users\Lenovo\.nuget\packages\silk.net.maths\2.23.0\lib\net5.0\Silk.NET.Maths.dll
                                     AssetType=runtime
                                     CopyLocal=true
                                     DestinationSubPath=Silk.NET.Maths.dll
                                     NuGetPackageId=Silk.NET.Maths
                                     NuGetPackageVersion=2.23.0
                                     PathInPackage=lib/net5.0/Silk.NET.Maths.dll
                             C:\Users\Lenovo\.nuget\packages\silk.net.opengl\2.23.0\lib\net5.0\Silk.NET.OpenGL.dll
                                     AssetType=runtime
                                     CopyLocal=true
                                     DestinationSubPath=Silk.NET.OpenGL.dll
                                     NuGetPackageId=Silk.NET.OpenGL
                                     NuGetPackageVersion=2.23.0
                                     PathInPackage=lib/net5.0/Silk.NET.OpenGL.dll
                             C:\Users\Lenovo\.nuget\packages\silk.net.windowing.common\2.23.0\lib\netstandard2.1\Silk.NET.Windowing.Common.dll
                                     AssetType=runtime
                                     CopyLocal=true
                                     DestinationSubPath=Silk.NET.Windowing.Common.dll
                                     NuGetPackageId=Silk.NET.Windowing.Common
                                     NuGetPackageVersion=2.23.0
                                     PathInPackage=lib/netstandard2.1/Silk.NET.Windowing.Common.dll
                             C:\Users\Lenovo\.nuget\packages\silk.net.windowing.glfw\2.23.0\lib\net5.0\Silk.NET.Windowing.Glfw.dll
                                     AssetType=runtime
                                     CopyLocal=true
                                     DestinationSubPath=Silk.NET.Windowing.Glfw.dll
                                     NuGetPackageId=Silk.NET.Windowing.Glfw
                                     NuGetPackageVersion=2.23.0
                                     PathInPackage=lib/net5.0/Silk.NET.Windowing.Glfw.dll
                             C:\Users\Lenovo\.nuget\packages\system.appcontext\4.3.0\lib\netstandard1.6\System.AppContext.dll
                                     AssetType=runtime
                                     CopyLocal=true
                                     DestinationSubPath=System.AppContext.dll
                                     NuGetPackageId=System.AppContext
                                     NuGetPackageVersion=4.3.0
                                     PathInPackage=lib/netstandard1.6/System.AppContext.dll
                             C:\Users\Lenovo\.nuget\packages\system.buffers\4.3.0\lib\netstandard1.1\System.Buffers.dll
                                     AssetType=runtime
                                     CopyLocal=true
                                     DestinationSubPath=System.Buffers.dll
                                     NuGetPackageId=System.Buffers
                                     NuGetPackageVersion=4.3.0
                                     PathInPackage=lib/netstandard1.1/System.Buffers.dll
                             C:\Users\Lenovo\.nuget\packages\system.collections.concurrent\4.3.0\lib\netstandard1.3\System.Collections.Concurrent.dll
                                     AssetType=runtime
                                     CopyLocal=true
                                     DestinationSubPath=System.Collections.Concurrent.dll
                                     NuGetPackageId=System.Collections.Concurrent
                                     NuGetPackageVersion=4.3.0
                                     PathInPackage=lib/netstandard1.3/System.Collections.Concurrent.dll
                             C:\Users\Lenovo\.nuget\packages\system.diagnostics.diagnosticsource\4.3.0\lib\netstandard1.3\System.Diagnostics.DiagnosticSource.dll
                                     AssetType=runtime
                                     CopyLocal=true
                                     DestinationSubPath=System.Diagnostics.DiagnosticSource.dll
                                     NuGetPackageId=System.Diagnostics.DiagnosticSource
                                     NuGetPackageVersion=4.3.0
                                     PathInPackage=lib/netstandard1.3/System.Diagnostics.DiagnosticSource.dll
                             C:\Users\Lenovo\.nuget\packages\system.io.compression.zipfile\4.3.0\lib\netstandard1.3\System.IO.Compression.ZipFile.dll
                                     AssetType=runtime
                                     CopyLocal=true
                                     DestinationSubPath=System.IO.Compression.ZipFile.dll
                                     NuGetPackageId=System.IO.Compression.ZipFile
                                     NuGetPackageVersion=4.3.0
                                     PathInPackage=lib/netstandard1.3/System.IO.Compression.ZipFile.dll
                             C:\Users\Lenovo\.nuget\packages\system.io.filesystem.primitives\4.3.0\lib\netstandard1.3\System.IO.FileSystem.Primitives.dll
                                     AssetType=runtime
                                     CopyLocal=true
                                     DestinationSubPath=System.IO.FileSystem.Primitives.dll
                                     NuGetPackageId=System.IO.FileSystem.Primitives
                                     NuGetPackageVersion=4.3.0
                                     PathInPackage=lib/netstandard1.3/System.IO.FileSystem.Primitives.dll
                             C:\Users\Lenovo\.nuget\packages\system.io.pipelines\9.0.9\lib\net8.0\System.IO.Pipelines.dll
                                     AssetType=runtime
                                     CopyLocal=true
                                     DestinationSubPath=System.IO.Pipelines.dll
                                     NuGetPackageId=System.IO.Pipelines
                                     NuGetPackageVersion=9.0.9
                                     PathInPackage=lib/net8.0/System.IO.Pipelines.dll
                             C:\Users\Lenovo\.nuget\packages\system.linq\4.3.0\lib\netstandard1.6\System.Linq.dll
                                     AssetType=runtime
                                     CopyLocal=true
                                     DestinationSubPath=System.Linq.dll
                                     NuGetPackageId=System.Linq
                                     NuGetPackageVersion=4.3.0
                                     PathInPackage=lib/netstandard1.6/System.Linq.dll
                             C:\Users\Lenovo\.nuget\packages\system.linq.expressions\4.3.0\lib\netstandard1.6\System.Linq.Expressions.dll
                                     AssetType=runtime
                                     CopyLocal=true
                                     DestinationSubPath=System.Linq.Expressions.dll
                                     NuGetPackageId=System.Linq.Expressions
                                     NuGetPackageVersion=4.3.0
                                     PathInPackage=lib/netstandard1.6/System.Linq.Expressions.dll
                             C:\Users\Lenovo\.nuget\packages\system.objectmodel\4.3.0\lib\netstandard1.3\System.ObjectModel.dll
                                     AssetType=runtime
                                     CopyLocal=true
                                     DestinationSubPath=System.ObjectModel.dll
                                     NuGetPackageId=System.ObjectModel
                                     NuGetPackageVersion=4.3.0
                                     PathInPackage=lib/netstandard1.3/System.ObjectModel.dll
                             C:\Users\Lenovo\.nuget\packages\system.reflection.emit\4.3.0\lib\netstandard1.3\System.Reflection.Emit.dll
                                     AssetType=runtime
                                     CopyLocal=true
                                     DestinationSubPath=System.Reflection.Emit.dll
                                     NuGetPackageId=System.Reflection.Emit
                                     NuGetPackageVersion=4.3.0
                                     PathInPackage=lib/netstandard1.3/System.Reflection.Emit.dll
                             C:\Users\Lenovo\.nuget\packages\system.reflection.emit.ilgeneration\4.3.0\lib\netstandard1.3\System.Reflection.Emit.ILGeneration.dll
                                     AssetType=runtime
                                     CopyLocal=true
                                     DestinationSubPath=System.Reflection.Emit.ILGeneration.dll
                                     NuGetPackageId=System.Reflection.Emit.ILGeneration
                                     NuGetPackageVersion=4.3.0
                                     PathInPackage=lib/netstandard1.3/System.Reflection.Emit.ILGeneration.dll
                             C:\Users\Lenovo\.nuget\packages\system.reflection.emit.lightweight\4.3.0\lib\netstandard1.3\System.Reflection.Emit.Lightweight.dll
                                     AssetType=runtime
                                     CopyLocal=true
                                     DestinationSubPath=System.Reflection.Emit.Lightweight.dll
                                     NuGetPackageId=System.Reflection.Emit.Lightweight
                                     NuGetPackageVersion=4.3.0
                                     PathInPackage=lib/netstandard1.3/System.Reflection.Emit.Lightweight.dll
                             C:\Users\Lenovo\.nuget\packages\system.reflection.typeextensions\4.3.0\lib\netstandard1.5\System.Reflection.TypeExtensions.dll
                                     AssetType=runtime
                                     CopyLocal=true
                                     DestinationSubPath=System.Reflection.TypeExtensions.dll
                                     NuGetPackageId=System.Reflection.TypeExtensions
                                     NuGetPackageVersion=4.3.0
                                     PathInPackage=lib/netstandard1.5/System.Reflection.TypeExtensions.dll
                             C:\Users\Lenovo\.nuget\packages\system.runtime.interopservices.runtimeinformation\4.3.0\lib\netstandard1.1\System.Runtime.InteropServices.RuntimeInformation.dll
                                     AssetType=runtime
                                     CopyLocal=true
                                     DestinationSubPath=System.Runtime.InteropServices.RuntimeInformation.dll
                                     NuGetPackageId=System.Runtime.InteropServices.RuntimeInformation
                                     NuGetPackageVersion=4.3.0
                                     PathInPackage=lib/netstandard1.1/System.Runtime.InteropServices.RuntimeInformation.dll
                             C:\Users\Lenovo\.nuget\packages\system.runtime.numerics\4.3.0\lib\netstandard1.3\System.Runtime.Numerics.dll
                                     AssetType=runtime
                                     CopyLocal=true
                                     DestinationSubPath=System.Runtime.Numerics.dll
                                     NuGetPackageId=System.Runtime.Numerics
                                     NuGetPackageVersion=4.3.0
                                     PathInPackage=lib/netstandard1.3/System.Runtime.Numerics.dll
                             C:\Users\Lenovo\.nuget\packages\system.security.cryptography.openssl\4.3.0\lib\netstandard1.6\System.Security.Cryptography.OpenSsl.dll
                                     AssetType=runtime
                                     CopyLocal=true
                                     DestinationSubPath=System.Security.Cryptography.OpenSsl.dll
                                     NuGetPackageId=System.Security.Cryptography.OpenSsl
                                     NuGetPackageVersion=4.3.0
                                     PathInPackage=lib/netstandard1.6/System.Security.Cryptography.OpenSsl.dll
                             C:\Users\Lenovo\.nuget\packages\system.security.cryptography.primitives\4.3.0\lib\netstandard1.3\System.Security.Cryptography.Primitives.dll
                                     AssetType=runtime
                                     CopyLocal=true
                                     DestinationSubPath=System.Security.Cryptography.Primitives.dll
                                     NuGetPackageId=System.Security.Cryptography.Primitives
                                     NuGetPackageVersion=4.3.0
                                     PathInPackage=lib/netstandard1.3/System.Security.Cryptography.Primitives.dll
                             C:\Users\Lenovo\.nuget\packages\system.text.encodings.web\9.0.9\lib\net8.0\System.Text.Encodings.Web.dll
                                     AssetType=runtime
                                     CopyLocal=true
                                     DestinationSubPath=System.Text.Encodings.Web.dll
                                     NuGetPackageId=System.Text.Encodings.Web
                                     NuGetPackageVersion=9.0.9
                                     PathInPackage=lib/net8.0/System.Text.Encodings.Web.dll
                             C:\Users\Lenovo\.nuget\packages\system.text.json\9.0.9\lib\net8.0\System.Text.Json.dll
                                     AssetType=runtime
                                     CopyLocal=true
                                     DestinationSubPath=System.Text.Json.dll
                                     NuGetPackageId=System.Text.Json
                                     NuGetPackageVersion=9.0.9
                                     PathInPackage=lib/net8.0/System.Text.Json.dll
                             C:\Users\Lenovo\.nuget\packages\system.text.regularexpressions\4.3.0\lib\netstandard1.6\System.Text.RegularExpressions.dll
                                     AssetType=runtime
                                     CopyLocal=true
                                     DestinationSubPath=System.Text.RegularExpressions.dll
                                     NuGetPackageId=System.Text.RegularExpressions
                                     NuGetPackageVersion=4.3.0
                                     PathInPackage=lib/netstandard1.6/System.Text.RegularExpressions.dll
                             C:\Users\Lenovo\.nuget\packages\system.threading\4.3.0\lib\netstandard1.3\System.Threading.dll
                                     AssetType=runtime
                                     CopyLocal=true
                                     DestinationSubPath=System.Threading.dll
                                     NuGetPackageId=System.Threading
                                     NuGetPackageVersion=4.3.0
                                     PathInPackage=lib/netstandard1.3/System.Threading.dll
                             C:\Users\Lenovo\.nuget\packages\system.threading.tasks.extensions\4.3.0\lib\netstandard1.0\System.Threading.Tasks.Extensions.dll
                                     AssetType=runtime
                                     CopyLocal=true
                                     DestinationSubPath=System.Threading.Tasks.Extensions.dll
                                     NuGetPackageId=System.Threading.Tasks.Extensions
                                     NuGetPackageVersion=4.3.0
                                     PathInPackage=lib/netstandard1.0/System.Threading.Tasks.Extensions.dll
                             C:\Users\Lenovo\.nuget\packages\system.xml.readerwriter\4.3.0\lib\netstandard1.3\System.Xml.ReaderWriter.dll
                                     AssetType=runtime
                                     CopyLocal=true
                                     DestinationSubPath=System.Xml.ReaderWriter.dll
                                     NuGetPackageId=System.Xml.ReaderWriter
                                     NuGetPackageVersion=4.3.0
                                     PathInPackage=lib/netstandard1.3/System.Xml.ReaderWriter.dll
                             C:\Users\Lenovo\.nuget\packages\system.xml.xdocument\4.3.0\lib\netstandard1.3\System.Xml.XDocument.dll
                                     AssetType=runtime
                                     CopyLocal=true
                                     DestinationSubPath=System.Xml.XDocument.dll
                                     NuGetPackageId=System.Xml.XDocument
                                     NuGetPackageVersion=4.3.0
                                     PathInPackage=lib/netstandard1.3/System.Xml.XDocument.dll (TaskId:10)
                     Output Item(s): 
                         RuntimeTargetsCopyLocalItems=
                             C:\Users\Lenovo\.nuget\packages\runtime.debian.8-x64.runtime.native.system.security.cryptography.openssl\4.3.0\runtimes\debian.8-x64\native\System.Security.Cryptography.Native.OpenSsl.so
                                     AssetType=native
                                     CopyLocal=true
                                     DestinationSubDirectory=runtimes\debian.8-x64\native\
                                     DestinationSubPath=runtimes\debian.8-x64\native\System.Security.Cryptography.Native.OpenSsl.so
                                     NuGetPackageId=runtime.debian.8-x64.runtime.native.System.Security.Cryptography.OpenSsl
                                     NuGetPackageVersion=4.3.0
                                     PathInPackage=runtimes/debian.8-x64/native/System.Security.Cryptography.Native.OpenSsl.so
                                     RuntimeIdentifier=debian.8-x64
                             C:\Users\Lenovo\.nuget\packages\runtime.fedora.23-x64.runtime.native.system.security.cryptography.openssl\4.3.0\runtimes\fedora.23-x64\native\System.Security.Cryptography.Native.OpenSsl.so
                                     AssetType=native
                                     CopyLocal=true
                                     DestinationSubDirectory=runtimes\fedora.23-x64\native\
                                     DestinationSubPath=runtimes\fedora.23-x64\native\System.Security.Cryptography.Native.OpenSsl.so
                                     NuGetPackageId=runtime.fedora.23-x64.runtime.native.System.Security.Cryptography.OpenSsl
                                     NuGetPackageVersion=4.3.0
                                     PathInPackage=runtimes/fedora.23-x64/native/System.Security.Cryptography.Native.OpenSsl.so
                                     RuntimeIdentifier=fedora.23-x64
                             C:\Users\Lenovo\.nuget\packages\runtime.fedora.24-x64.runtime.native.system.security.cryptography.openssl\4.3.0\runtimes\fedora.24-x64\native\System.Security.Cryptography.Native.OpenSsl.so
                                     AssetType=native
                                     CopyLocal=true
                                     DestinationSubDirectory=runtimes\fedora.24-x64\native\
                                     DestinationSubPath=runtimes\fedora.24-x64\native\System.Security.Cryptography.Native.OpenSsl.so
                                     NuGetPackageId=runtime.fedora.24-x64.runtime.native.System.Security.Cryptography.OpenSsl
                                     NuGetPackageVersion=4.3.0
                                     PathInPackage=runtimes/fedora.24-x64/native/System.Security.Cryptography.Native.OpenSsl.so
                                     RuntimeIdentifier=fedora.24-x64
                             C:\Users\Lenovo\.nuget\packages\runtime.opensuse.13.2-x64.runtime.native.system.security.cryptography.openssl\4.3.0\runtimes\opensuse.13.2-x64\native\System.Security.Cryptography.Native.OpenSsl.so
                                     AssetType=native
                                     CopyLocal=true
                                     DestinationSubDirectory=runtimes\opensuse.13.2-x64\native\
                                     DestinationSubPath=runtimes\opensuse.13.2-x64\native\System.Security.Cryptography.Native.OpenSsl.so
                                     NuGetPackageId=runtime.opensuse.13.2-x64.runtime.native.System.Security.Cryptography.OpenSsl
                                     NuGetPackageVersion=4.3.0
                                     PathInPackage=runtimes/opensuse.13.2-x64/native/System.Security.Cryptography.Native.OpenSsl.so
                                     RuntimeIdentifier=opensuse.13.2-x64
                             C:\Users\Lenovo\.nuget\packages\runtime.opensuse.42.1-x64.runtime.native.system.security.cryptography.openssl\4.3.0\runtimes\opensuse.42.1-x64\native\System.Security.Cryptography.Native.OpenSsl.so
                                     AssetType=native
                                     CopyLocal=true
                                     DestinationSubDirectory=runtimes\opensuse.42.1-x64\native\
                                     DestinationSubPath=runtimes\opensuse.42.1-x64\native\System.Security.Cryptography.Native.OpenSsl.so
                                     NuGetPackageId=runtime.opensuse.42.1-x64.runtime.native.System.Security.Cryptography.OpenSsl
                                     NuGetPackageVersion=4.3.0
                                     PathInPackage=runtimes/opensuse.42.1-x64/native/System.Security.Cryptography.Native.OpenSsl.so
                                     RuntimeIdentifier=opensuse.42.1-x64
                             C:\Users\Lenovo\.nuget\packages\runtime.osx.10.10-x64.runtime.native.system.security.cryptography.apple\4.3.0\runtimes\osx.10.10-x64\native\System.Security.Cryptography.Native.Apple.dylib
                                     AssetType=native
                                     CopyLocal=true
                                     DestinationSubDirectory=runtimes\osx.10.10-x64\native\
                                     DestinationSubPath=runtimes\osx.10.10-x64\native\System.Security.Cryptography.Native.Apple.dylib
                                     NuGetPackageId=runtime.osx.10.10-x64.runtime.native.System.Security.Cryptography.Apple
                                     NuGetPackageVersion=4.3.0
                                     PathInPackage=runtimes/osx.10.10-x64/native/System.Security.Cryptography.Native.Apple.dylib
                                     RuntimeIdentifier=osx.10.10-x64
                             C:\Users\Lenovo\.nuget\packages\runtime.osx.10.10-x64.runtime.native.system.security.cryptography.openssl\4.3.0\runtimes\osx.10.10-x64\native\System.Security.Cryptography.Native.OpenSsl.dylib
                                     AssetType=native
                                     CopyLocal=true
                                     DestinationSubDirectory=runtimes\osx.10.10-x64\native\
                                     DestinationSubPath=runtimes\osx.10.10-x64\native\System.Security.Cryptography.Native.OpenSsl.dylib
                                     NuGetPackageId=runtime.osx.10.10-x64.runtime.native.System.Security.Cryptography.OpenSsl
                                     NuGetPackageVersion=4.3.0
                                     PathInPackage=runtimes/osx.10.10-x64/native/System.Security.Cryptography.Native.OpenSsl.dylib
                                     RuntimeIdentifier=osx.10.10-x64
                             C:\Users\Lenovo\.nuget\packages\runtime.rhel.7-x64.runtime.native.system.security.cryptography.openssl\4.3.0\runtimes\rhel.7-x64\native\System.Security.Cryptography.Native.OpenSsl.so
                                     AssetType=native
                                     CopyLocal=true
                                     DestinationSubDirectory=runtimes\rhel.7-x64\native\
                                     DestinationSubPath=runtimes\rhel.7-x64\native\System.Security.Cryptography.Native.OpenSsl.so
                                     NuGetPackageId=runtime.rhel.7-x64.runtime.native.System.Security.Cryptography.OpenSsl
                                     NuGetPackageVersion=4.3.0
                                     PathInPackage=runtimes/rhel.7-x64/native/System.Security.Cryptography.Native.OpenSsl.so
                                     RuntimeIdentifier=rhel.7-x64
                             C:\Users\Lenovo\.nuget\packages\runtime.ubuntu.14.04-x64.runtime.native.system.security.cryptography.openssl\4.3.0\runtimes\ubuntu.14.04-x64\native\System.Security.Cryptography.Native.OpenSsl.so
                                     AssetType=native
                                     CopyLocal=true
                                     DestinationSubDirectory=runtimes\ubuntu.14.04-x64\native\
                                     DestinationSubPath=runtimes\ubuntu.14.04-x64\native\System.Security.Cryptography.Native.OpenSsl.so
                                     NuGetPackageId=runtime.ubuntu.14.04-x64.runtime.native.System.Security.Cryptography.OpenSsl
                                     NuGetPackageVersion=4.3.0
                                     PathInPackage=runtimes/ubuntu.14.04-x64/native/System.Security.Cryptography.Native.OpenSsl.so
                                     RuntimeIdentifier=ubuntu.14.04-x64
                             C:\Users\Lenovo\.nuget\packages\runtime.ubuntu.16.04-x64.runtime.native.system.security.cryptography.openssl\4.3.0\runtimes\ubuntu.16.04-x64\native\System.Security.Cryptography.Native.OpenSsl.so
                                     AssetType=native
                                     CopyLocal=true
                                     DestinationSubDirectory=runtimes\ubuntu.16.04-x64\native\
                                     DestinationSubPath=runtimes\ubuntu.16.04-x64\native\System.Security.Cryptography.Native.OpenSsl.so
                                     NuGetPackageId=runtime.ubuntu.16.04-x64.runtime.native.System.Security.Cryptography.OpenSsl
                                     NuGetPackageVersion=4.3.0
                                     PathInPackage=runtimes/ubuntu.16.04-x64/native/System.Security.Cryptography.Native.OpenSsl.so
                                     RuntimeIdentifier=ubuntu.16.04-x64
                             C:\Users\Lenovo\.nuget\packages\runtime.ubuntu.16.10-x64.runtime.native.system.security.cryptography.openssl\4.3.0\runtimes\ubuntu.16.10-x64\native\System.Security.Cryptography.Native.OpenSsl.so
                                     AssetType=native
                                     CopyLocal=true
                                     DestinationSubDirectory=runtimes\ubuntu.16.10-x64\native\
                                     DestinationSubPath=runtimes\ubuntu.16.10-x64\native\System.Security.Cryptography.Native.OpenSsl.so
                                     NuGetPackageId=runtime.ubuntu.16.10-x64.runtime.native.System.Security.Cryptography.OpenSsl
                                     NuGetPackageVersion=4.3.0
                                     PathInPackage=runtimes/ubuntu.16.10-x64/native/System.Security.Cryptography.Native.OpenSsl.so
                                     RuntimeIdentifier=ubuntu.16.10-x64
                             C:\Users\Lenovo\.nuget\packages\system.globalization.extensions\4.3.0\runtimes\unix\lib\netstandard1.3\System.Globalization.Extensions.dll
                                     AssetType=runtime
                                     CopyLocal=true
                                     DestinationSubDirectory=runtimes\unix\lib\netstandard1.3\
                                     DestinationSubPath=runtimes\unix\lib\netstandard1.3\System.Globalization.Extensions.dll
                                     NuGetPackageId=System.Globalization.Extensions
                                     NuGetPackageVersion=4.3.0
                                     PathInPackage=runtimes/unix/lib/netstandard1.3/System.Globalization.Extensions.dll
                                     RuntimeIdentifier=unix
                             C:\Users\Lenovo\.nuget\packages\system.globalization.extensions\4.3.0\runtimes\win\lib\netstandard1.3\System.Globalization.Extensions.dll
                                     AssetType=runtime
                                     CopyLocal=true
                                     DestinationSubDirectory=runtimes\win\lib\netstandard1.3\
                                     DestinationSubPath=runtimes\win\lib\netstandard1.3\System.Globalization.Extensions.dll
                                     NuGetPackageId=System.Globalization.Extensions
                                     NuGetPackageVersion=4.3.0
                                     PathInPackage=runtimes/win/lib/netstandard1.3/System.Globalization.Extensions.dll
                                     RuntimeIdentifier=win
                             C:\Users\Lenovo\.nuget\packages\system.io.compression\4.3.0\runtimes\unix\lib\netstandard1.3\System.IO.Compression.dll
                                     AssetType=runtime
                                     CopyLocal=true
                                     DestinationSubDirectory=runtimes\unix\lib\netstandard1.3\
                                     DestinationSubPath=runtimes\unix\lib\netstandard1.3\System.IO.Compression.dll
                                     NuGetPackageId=System.IO.Compression
                                     NuGetPackageVersion=4.3.0
                                     PathInPackage=runtimes/unix/lib/netstandard1.3/System.IO.Compression.dll
                                     RuntimeIdentifier=unix
                             C:\Users\Lenovo\.nuget\packages\system.io.compression\4.3.0\runtimes\win\lib\netstandard1.3\System.IO.Compression.dll
                                     AssetType=runtime
                                     CopyLocal=true
                                     DestinationSubDirectory=runtimes\win\lib\netstandard1.3\
                                     DestinationSubPath=runtimes\win\lib\netstandard1.3\System.IO.Compression.dll
                                     NuGetPackageId=System.IO.Compression
                                     NuGetPackageVersion=4.3.0
                                     PathInPackage=runtimes/win/lib/netstandard1.3/System.IO.Compression.dll
                                     RuntimeIdentifier=win
                             C:\Users\Lenovo\.nuget\packages\system.net.http\4.3.0\runtimes\unix\lib\netstandard1.6\System.Net.Http.dll
                                     AssetType=runtime
                                     CopyLocal=true
                                     DestinationSubDirectory=runtimes\unix\lib\netstandard1.6\
                                     DestinationSubPath=runtimes\unix\lib\netstandard1.6\System.Net.Http.dll
                                     NuGetPackageId=System.Net.Http
                                     NuGetPackageVersion=4.3.0
                                     PathInPackage=runtimes/unix/lib/netstandard1.6/System.Net.Http.dll
                                     RuntimeIdentifier=unix
                             C:\Users\Lenovo\.nuget\packages\system.net.http\4.3.0\runtimes\win\lib\netstandard1.3\System.Net.Http.dll
                                     AssetType=runtime
                                     CopyLocal=true
                                     DestinationSubDirectory=runtimes\win\lib\netstandard1.3\
                                     DestinationSubPath=runtimes\win\lib\netstandard1.3\System.Net.Http.dll
                                     NuGetPackageId=System.Net.Http
                                     NuGetPackageVersion=4.3.0
                                     PathInPackage=runtimes/win/lib/netstandard1.3/System.Net.Http.dll
                                     RuntimeIdentifier=win
                             C:\Users\Lenovo\.nuget\packages\system.runtime.interopservices.runtimeinformation\4.3.0\runtimes\unix\lib\netstandard1.1\System.Runtime.InteropServices.RuntimeInformation.dll
                                     AssetType=runtime
                                     CopyLocal=true
                                     DestinationSubDirectory=runtimes\unix\lib\netstandard1.1\
                                     DestinationSubPath=runtimes\unix\lib\netstandard1.1\System.Runtime.InteropServices.RuntimeInformation.dll
                                     NuGetPackageId=System.Runtime.InteropServices.RuntimeInformation
                                     NuGetPackageVersion=4.3.0
                                     PathInPackage=runtimes/unix/lib/netstandard1.1/System.Runtime.InteropServices.RuntimeInformation.dll
                                     RuntimeIdentifier=unix
                             C:\Users\Lenovo\.nuget\packages\system.runtime.interopservices.runtimeinformation\4.3.0\runtimes\win\lib\netstandard1.1\System.Runtime.InteropServices.RuntimeInformation.dll
                                     AssetType=runtime
                                     CopyLocal=true
                                     DestinationSubDirectory=runtimes\win\lib\netstandard1.1\
                                     DestinationSubPath=runtimes\win\lib\netstandard1.1\System.Runtime.InteropServices.RuntimeInformation.dll
                                     NuGetPackageId=System.Runtime.InteropServices.RuntimeInformation
                                     NuGetPackageVersion=4.3.0
                                     PathInPackage=runtimes/win/lib/netstandard1.1/System.Runtime.InteropServices.RuntimeInformation.dll
                                     RuntimeIdentifier=win
                             C:\Users\Lenovo\.nuget\packages\system.security.cryptography.algorithms\4.3.0\runtimes\osx\lib\netstandard1.6\System.Security.Cryptography.Algorithms.dll
                                     AssetType=runtime
                                     CopyLocal=true
                                     DestinationSubDirectory=runtimes\osx\lib\netstandard1.6\
                                     DestinationSubPath=runtimes\osx\lib\netstandard1.6\System.Security.Cryptography.Algorithms.dll
                                     NuGetPackageId=System.Security.Cryptography.Algorithms
                                     NuGetPackageVersion=4.3.0
                                     PathInPackage=runtimes/osx/lib/netstandard1.6/System.Security.Cryptography.Algorithms.dll
                                     RuntimeIdentifier=osx
                             C:\Users\Lenovo\.nuget\packages\system.security.cryptography.algorithms\4.3.0\runtimes\unix\lib\netstandard1.6\System.Security.Cryptography.Algorithms.dll
                                     AssetType=runtime
                                     CopyLocal=true
                                     DestinationSubDirectory=runtimes\unix\lib\netstandard1.6\
                                     DestinationSubPath=runtimes\unix\lib\netstandard1.6\System.Security.Cryptography.Algorithms.dll
                                     NuGetPackageId=System.Security.Cryptography.Algorithms
                                     NuGetPackageVersion=4.3.0
                                     PathInPackage=runtimes/unix/lib/netstandard1.6/System.Security.Cryptography.Algorithms.dll
                                     RuntimeIdentifier=unix
                             C:\Users\Lenovo\.nuget\packages\system.security.cryptography.algorithms\4.3.0\runtimes\win\lib\netstandard1.6\System.Security.Cryptography.Algorithms.dll
                                     AssetType=runtime
                                     CopyLocal=true
                                     DestinationSubDirectory=runtimes\win\lib\netstandard1.6\
                                     DestinationSubPath=runtimes\win\lib\netstandard1.6\System.Security.Cryptography.Algorithms.dll
                                     NuGetPackageId=System.Security.Cryptography.Algorithms
                                     NuGetPackageVersion=4.3.0
                                     PathInPackage=runtimes/win/lib/netstandard1.6/System.Security.Cryptography.Algorithms.dll
                                     RuntimeIdentifier=win
                             C:\Users\Lenovo\.nuget\packages\system.security.cryptography.cng\4.3.0\runtimes\unix\lib\netstandard1.6\System.Security.Cryptography.Cng.dll
                                     AssetType=runtime
                                     CopyLocal=true
                                     DestinationSubDirectory=runtimes\unix\lib\netstandard1.6\
                                     DestinationSubPath=runtimes\unix\lib\netstandard1.6\System.Security.Cryptography.Cng.dll
                                     NuGetPackageId=System.Security.Cryptography.Cng
                                     NuGetPackageVersion=4.3.0
                                     PathInPackage=runtimes/unix/lib/netstandard1.6/System.Security.Cryptography.Cng.dll
                                     RuntimeIdentifier=unix
                             C:\Users\Lenovo\.nuget\packages\system.security.cryptography.cng\4.3.0\runtimes\win\lib\netstandard1.6\System.Security.Cryptography.Cng.dll
                                     AssetType=runtime
                                     CopyLocal=true
                                     DestinationSubDirectory=runtimes\win\lib\netstandard1.6\
                                     DestinationSubPath=runtimes\win\lib\netstandard1.6\System.Security.Cryptography.Cng.dll
                                     NuGetPackageId=System.Security.Cryptography.Cng
                                     NuGetPackageVersion=4.3.0
                                     PathInPackage=runtimes/win/lib/netstandard1.6/System.Security.Cryptography.Cng.dll
                                     RuntimeIdentifier=win
                             C:\Users\Lenovo\.nuget\packages\system.security.cryptography.csp\4.3.0\runtimes\unix\lib\netstandard1.3\System.Security.Cryptography.Csp.dll
                                     AssetType=runtime
                                     CopyLocal=true
                                     DestinationSubDirectory=runtimes\unix\lib\netstandard1.3\
                                     DestinationSubPath=runtimes\unix\lib\netstandard1.3\System.Security.Cryptography.Csp.dll
                                     NuGetPackageId=System.Security.Cryptography.Csp
                                     NuGetPackageVersion=4.3.0
                                     PathInPackage=runtimes/unix/lib/netstandard1.3/System.Security.Cryptography.Csp.dll
                                     RuntimeIdentifier=unix
                             C:\Users\Lenovo\.nuget\packages\system.security.cryptography.csp\4.3.0\runtimes\win\lib\netstandard1.3\System.Security.Cryptography.Csp.dll
                                     AssetType=runtime
                                     CopyLocal=true
                                     DestinationSubDirectory=runtimes\win\lib\netstandard1.3\
                                     DestinationSubPath=runtimes\win\lib\netstandard1.3\System.Security.Cryptography.Csp.dll
                                     NuGetPackageId=System.Security.Cryptography.Csp
                                     NuGetPackageVersion=4.3.0
                                     PathInPackage=runtimes/win/lib/netstandard1.3/System.Security.Cryptography.Csp.dll
                                     RuntimeIdentifier=win
                             C:\Users\Lenovo\.nuget\packages\system.security.cryptography.encoding\4.3.0\runtimes\unix\lib\netstandard1.3\System.Security.Cryptography.Encoding.dll
                                     AssetType=runtime
                                     CopyLocal=true
                                     DestinationSubDirectory=runtimes\unix\lib\netstandard1.3\
                                     DestinationSubPath=runtimes\unix\lib\netstandard1.3\System.Security.Cryptography.Encoding.dll
                                     NuGetPackageId=System.Security.Cryptography.Encoding
                                     NuGetPackageVersion=4.3.0
                                     PathInPackage=runtimes/unix/lib/netstandard1.3/System.Security.Cryptography.Encoding.dll
                                     RuntimeIdentifier=unix
                             C:\Users\Lenovo\.nuget\packages\system.security.cryptography.encoding\4.3.0\runtimes\win\lib\netstandard1.3\System.Security.Cryptography.Encoding.dll
                                     AssetType=runtime
                                     CopyLocal=true
                                     DestinationSubDirectory=runtimes\win\lib\netstandard1.3\
                                     DestinationSubPath=runtimes\win\lib\netstandard1.3\System.Security.Cryptography.Encoding.dll
                                     NuGetPackageId=System.Security.Cryptography.Encoding
                                     NuGetPackageVersion=4.3.0
                                     PathInPackage=runtimes/win/lib/netstandard1.3/System.Security.Cryptography.Encoding.dll
                                     RuntimeIdentifier=win
                             C:\Users\Lenovo\.nuget\packages\system.security.cryptography.openssl\4.3.0\runtimes\unix\lib\netstandard1.6\System.Security.Cryptography.OpenSsl.dll
                                     AssetType=runtime
                                     CopyLocal=true
                                     DestinationSubDirectory=runtimes\unix\lib\netstandard1.6\
                                     DestinationSubPath=runtimes\unix\lib\netstandard1.6\System.Security.Cryptography.OpenSsl.dll
                                     NuGetPackageId=System.Security.Cryptography.OpenSsl
                                     NuGetPackageVersion=4.3.0
                                     PathInPackage=runtimes/unix/lib/netstandard1.6/System.Security.Cryptography.OpenSsl.dll
                                     RuntimeIdentifier=unix
                             C:\Users\Lenovo\.nuget\packages\system.security.cryptography.x509certificates\4.3.0\runtimes\unix\lib\netstandard1.6\System.Security.Cryptography.X509Certificates.dll
                                     AssetType=runtime
                                     CopyLocal=true
                                     DestinationSubDirectory=runtimes\unix\lib\netstandard1.6\
                                     DestinationSubPath=runtimes\unix\lib\netstandard1.6\System.Security.Cryptography.X509Certificates.dll
                                     NuGetPackageId=System.Security.Cryptography.X509Certificates
                                     NuGetPackageVersion=4.3.0
                                     PathInPackage=runtimes/unix/lib/netstandard1.6/System.Security.Cryptography.X509Certificates.dll
                                     RuntimeIdentifier=unix
                             C:\Users\Lenovo\.nuget\packages\system.security.cryptography.x509certificates\4.3.0\runtimes\win\lib\netstandard1.6\System.Security.Cryptography.X509Certificates.dll
                                     AssetType=runtime
                                     CopyLocal=true
                                     DestinationSubDirectory=runtimes\win\lib\netstandard1.6\
                                     DestinationSubPath=runtimes\win\lib\netstandard1.6\System.Security.Cryptography.X509Certificates.dll
                                     NuGetPackageId=System.Security.Cryptography.X509Certificates
                                     NuGetPackageVersion=4.3.0
                                     PathInPackage=runtimes/win/lib/netstandard1.6/System.Security.Cryptography.X509Certificates.dll
                                     RuntimeIdentifier=win
                             C:\Users\Lenovo\.nuget\packages\system.text.encodings.web\9.0.9\runtimes\browser\lib\net8.0\System.Text.Encodings.Web.dll
                                     AssetType=runtime
                                     CopyLocal=true
                                     DestinationSubDirectory=runtimes\browser\lib\net8.0\
                                     DestinationSubPath=runtimes\browser\lib\net8.0\System.Text.Encodings.Web.dll
                                     NuGetPackageId=System.Text.Encodings.Web
                                     NuGetPackageVersion=9.0.9
                                     PathInPackage=runtimes/browser/lib/net8.0/System.Text.Encodings.Web.dll
                                     RuntimeIdentifier=browser
                             C:\Users\Lenovo\.nuget\packages\ultz.native.glfw\3.4.0\runtimes\linux-arm\native\libglfw.so.3
                                     AssetType=native
                                     CopyLocal=true
                                     DestinationSubDirectory=runtimes\linux-arm\native\
                                     DestinationSubPath=runtimes\linux-arm\native\libglfw.so.3
                                     NuGetPackageId=Ultz.Native.GLFW
                                     NuGetPackageVersion=3.4.0
                                     PathInPackage=runtimes/linux-arm/native/libglfw.so.3
                                     RuntimeIdentifier=linux-arm
                             C:\Users\Lenovo\.nuget\packages\ultz.native.glfw\3.4.0\runtimes\linux-arm64\native\libglfw.so.3
                                     AssetType=native
                                     CopyLocal=true
                                     DestinationSubDirectory=runtimes\linux-arm64\native\
                                     DestinationSubPath=runtimes\linux-arm64\native\libglfw.so.3
                                     NuGetPackageId=Ultz.Native.GLFW
                                     NuGetPackageVersion=3.4.0
                                     PathInPackage=runtimes/linux-arm64/native/libglfw.so.3
                                     RuntimeIdentifier=linux-arm64
                             C:\Users\Lenovo\.nuget\packages\ultz.native.glfw\3.4.0\runtimes\linux-x64\native\libglfw.so.3
                                     AssetType=native
                                     CopyLocal=true
                                     DestinationSubDirectory=runtimes\linux-x64\native\
                                     DestinationSubPath=runtimes\linux-x64\native\libglfw.so.3
                                     NuGetPackageId=Ultz.Native.GLFW
                                     NuGetPackageVersion=3.4.0
                                     PathInPackage=runtimes/linux-x64/native/libglfw.so.3
                                     RuntimeIdentifier=linux-x64
                             C:\Users\Lenovo\.nuget\packages\ultz.native.glfw\3.4.0\runtimes\osx-arm64\native\libglfw.3.dylib
                                     AssetType=native
                                     CopyLocal=true
                                     DestinationSubDirectory=runtimes\osx-arm64\native\
                                     DestinationSubPath=runtimes\osx-arm64\native\libglfw.3.dylib
                                     NuGetPackageId=Ultz.Native.GLFW
                                     NuGetPackageVersion=3.4.0
                                     PathInPackage=runtimes/osx-arm64/native/libglfw.3.dylib
                                     RuntimeIdentifier=osx-arm64
                             C:\Users\Lenovo\.nuget\packages\ultz.native.glfw\3.4.0\runtimes\osx-x64\native\libglfw.3.dylib
                                     AssetType=native
                                     CopyLocal=true
                                     DestinationSubDirectory=runtimes\osx-x64\native\
                                     DestinationSubPath=runtimes\osx-x64\native\libglfw.3.dylib
                                     NuGetPackageId=Ultz.Native.GLFW
                                     NuGetPackageVersion=3.4.0
                                     PathInPackage=runtimes/osx-x64/native/libglfw.3.dylib
                                     RuntimeIdentifier=osx-x64
                             C:\Users\Lenovo\.nuget\packages\ultz.native.glfw\3.4.0\runtimes\win-arm64\native\glfw3.dll
                                     AssetType=native
                                     CopyLocal=true
                                     DestinationSubDirectory=runtimes\win-arm64\native\
                                     DestinationSubPath=runtimes\win-arm64\native\glfw3.dll
                                     NuGetPackageId=Ultz.Native.GLFW
                                     NuGetPackageVersion=3.4.0
                                     PathInPackage=runtimes/win-arm64/native/glfw3.dll
                                     RuntimeIdentifier=win-arm64
                             C:\Users\Lenovo\.nuget\packages\ultz.native.glfw\3.4.0\runtimes\win-x64\native\glfw3.dll
                                     AssetType=native
                                     CopyLocal=true
                                     DestinationSubDirectory=runtimes\win-x64\native\
                                     DestinationSubPath=runtimes\win-x64\native\glfw3.dll
                                     NuGetPackageId=Ultz.Native.GLFW
                                     NuGetPackageVersion=3.4.0
                                     PathInPackage=runtimes/win-x64/native/glfw3.dll
                                     RuntimeIdentifier=win-x64
                             C:\Users\Lenovo\.nuget\packages\ultz.native.glfw\3.4.0\runtimes\win-x86\native\glfw3.dll
                                     AssetType=native
                                     CopyLocal=true
                                     DestinationSubDirectory=runtimes\win-x86\native\
                                     DestinationSubPath=runtimes\win-x86\native\glfw3.dll
                                     NuGetPackageId=Ultz.Native.GLFW
                                     NuGetPackageVersion=3.4.0
                                     PathInPackage=runtimes/win-x86/native/glfw3.dll
                                     RuntimeIdentifier=win-x86 (TaskId:10)
                     Output Item(s): 
                         ResolvedCompileFileDefinitions=
                             C:\Users\Lenovo\.nuget\packages\communitytoolkit.mvvm\8.4.0\lib\net8.0\CommunityToolkit.Mvvm.dll
                                     ExternallyResolved=true
                                     HintPath=C:\Users\Lenovo\.nuget\packages\communitytoolkit.mvvm\8.4.0\lib\net8.0\CommunityToolkit.Mvvm.dll
                                     NuGetPackageId=CommunityToolkit.Mvvm
                                     NuGetPackageVersion=8.4.0
                                     NuGetSourceType=Package
                                     PathInPackage=lib/net8.0/CommunityToolkit.Mvvm.dll
                                     Private=false
                             C:\Users\Lenovo\.nuget\packages\cyotek.drawing.bitmapfont\2.0.0\lib\netcoreapp3.1\Cyotek.Drawing.BitmapFont.dll
                                     ExternallyResolved=true
                                     HintPath=C:\Users\Lenovo\.nuget\packages\cyotek.drawing.bitmapfont\2.0.0\lib\netcoreapp3.1\Cyotek.Drawing.BitmapFont.dll
                                     NuGetPackageId=Cyotek.Drawing.BitmapFont
                                     NuGetPackageVersion=2.0.0
                                     NuGetSourceType=Package
                                     PathInPackage=lib/netcoreapp3.1/Cyotek.Drawing.BitmapFont.dll
                                     Private=false
                             C:\Users\Lenovo\.nuget\packages\helixtoolkit\2.27.0\lib\netstandard2.0\HelixToolkit.dll
                                     ExternallyResolved=true
                                     HintPath=C:\Users\Lenovo\.nuget\packages\helixtoolkit\2.27.0\lib\netstandard2.0\HelixToolkit.dll
                                     NuGetPackageId=HelixToolkit
                                     NuGetPackageVersion=2.27.0
                                     NuGetSourceType=Package
                                     PathInPackage=lib/netstandard2.0/HelixToolkit.dll
                                     Private=false
                             C:\Users\Lenovo\.nuget\packages\helixtoolkit.wpf.sharpdx\2.27.0\lib\net462\HelixToolkit.Wpf.SharpDX.dll
                                     ExternallyResolved=true
                                     HintPath=C:\Users\Lenovo\.nuget\packages\helixtoolkit.wpf.sharpdx\2.27.0\lib\net462\HelixToolkit.Wpf.SharpDX.dll
                                     NuGetPackageId=HelixToolkit.Wpf.SharpDX
                                     NuGetPackageVersion=2.27.0
                                     NuGetSourceType=Package
                                     PathInPackage=lib/net462/HelixToolkit.Wpf.SharpDX.dll
                                     Private=false
                             C:\Users\Lenovo\.nuget\packages\microsoft.dotnet.platformabstractions\3.1.6\lib\netstandard2.0\Microsoft.DotNet.PlatformAbstractions.dll
                                     ExternallyResolved=true
                                     HintPath=C:\Users\Lenovo\.nuget\packages\microsoft.dotnet.platformabstractions\3.1.6\lib\netstandard2.0\Microsoft.DotNet.PlatformAbstractions.dll
                                     NuGetPackageId=Microsoft.DotNet.PlatformAbstractions
                                     NuGetPackageVersion=3.1.6
                                     NuGetSourceType=Package
                                     PathInPackage=lib/netstandard2.0/Microsoft.DotNet.PlatformAbstractions.dll
                                     Private=false
                             C:\Users\Lenovo\.nuget\packages\microsoft.extensions.dependencyinjection\9.0.4\lib\net8.0\Microsoft.Extensions.DependencyInjection.dll
                                     ExternallyResolved=true
                                     HintPath=C:\Users\Lenovo\.nuget\packages\microsoft.extensions.dependencyinjection\9.0.4\lib\net8.0\Microsoft.Extensions.DependencyInjection.dll
                                     NuGetPackageId=Microsoft.Extensions.DependencyInjection
                                     NuGetPackageVersion=9.0.4
                                     NuGetSourceType=Package
                                     PathInPackage=lib/net8.0/Microsoft.Extensions.DependencyInjection.dll
                                     Private=false
                             C:\Users\Lenovo\.nuget\packages\microsoft.extensions.dependencyinjection.abstractions\9.0.4\lib\net8.0\Microsoft.Extensions.DependencyInjection.Abstractions.dll
                                     ExternallyResolved=true
                                     HintPath=C:\Users\Lenovo\.nuget\packages\microsoft.extensions.dependencyinjection.abstractions\9.0.4\lib\net8.0\Microsoft.Extensions.DependencyInjection.Abstractions.dll
                                     NuGetPackageId=Microsoft.Extensions.DependencyInjection.Abstractions
                                     NuGetPackageVersion=9.0.4
                                     NuGetSourceType=Package
                                     PathInPackage=lib/net8.0/Microsoft.Extensions.DependencyInjection.Abstractions.dll
                                     Private=false
                             C:\Users\Lenovo\.nuget\packages\microsoft.extensions.dependencymodel\9.0.9\lib\net8.0\Microsoft.Extensions.DependencyModel.dll
                                     ExternallyResolved=true
                                     HintPath=C:\Users\Lenovo\.nuget\packages\microsoft.extensions.dependencymodel\9.0.9\lib\net8.0\Microsoft.Extensions.DependencyModel.dll
                                     NuGetPackageId=Microsoft.Extensions.DependencyModel
                                     NuGetPackageVersion=9.0.9
                                     NuGetSourceType=Package
                                     PathInPackage=lib/net8.0/Microsoft.Extensions.DependencyModel.dll
                                     Private=false
                             C:\Users\Lenovo\.nuget\packages\microsoft.extensions.logging.abstractions\6.0.0\lib\net6.0\Microsoft.Extensions.Logging.Abstractions.dll
                                     ExternallyResolved=true
                                     HintPath=C:\Users\Lenovo\.nuget\packages\microsoft.extensions.logging.abstractions\6.0.0\lib\net6.0\Microsoft.Extensions.Logging.Abstractions.dll
                                     NuGetPackageId=Microsoft.Extensions.Logging.Abstractions
                                     NuGetPackageVersion=6.0.0
                                     NuGetSourceType=Package
                                     PathInPackage=lib/net6.0/Microsoft.Extensions.Logging.Abstractions.dll
                                     Private=false
                             C:\Users\Lenovo\.nuget\packages\microsoft.win32.primitives\4.3.0\ref\netstandard1.3\Microsoft.Win32.Primitives.dll
                                     ExternallyResolved=true
                                     HintPath=C:\Users\Lenovo\.nuget\packages\microsoft.win32.primitives\4.3.0\ref\netstandard1.3\Microsoft.Win32.Primitives.dll
                                     NuGetPackageId=Microsoft.Win32.Primitives
                                     NuGetPackageVersion=4.3.0
                                     NuGetSourceType=Package
                                     PathInPackage=ref/netstandard1.3/Microsoft.Win32.Primitives.dll
                                     Private=false
                             C:\Users\Lenovo\.nuget\packages\sharpdx\4.2.0\lib\netstandard1.1\SharpDX.dll
                                     ExternallyResolved=true
                                     HintPath=C:\Users\Lenovo\.nuget\packages\sharpdx\4.2.0\lib\netstandard1.1\SharpDX.dll
                                     NuGetPackageId=SharpDX
                                     NuGetPackageVersion=4.2.0
                                     NuGetSourceType=Package
                                     PathInPackage=lib/netstandard1.1/SharpDX.dll
                                     Private=false
                             C:\Users\Lenovo\.nuget\packages\sharpdx.d3dcompiler\4.2.0\lib\netstandard1.1\SharpDX.D3DCompiler.dll
                                     ExternallyResolved=true
                                     HintPath=C:\Users\Lenovo\.nuget\packages\sharpdx.d3dcompiler\4.2.0\lib\netstandard1.1\SharpDX.D3DCompiler.dll
                                     NuGetPackageId=SharpDX.D3DCompiler
                                     NuGetPackageVersion=4.2.0
                                     NuGetSourceType=Package
                                     PathInPackage=lib/netstandard1.1/SharpDX.D3DCompiler.dll
                                     Private=false
                             C:\Users\Lenovo\.nuget\packages\sharpdx.direct2d1\4.2.0\lib\netstandard1.1\SharpDX.Direct2D1.dll
                                     ExternallyResolved=true
                                     HintPath=C:\Users\Lenovo\.nuget\packages\sharpdx.direct2d1\4.2.0\lib\netstandard1.1\SharpDX.Direct2D1.dll
                                     NuGetPackageId=SharpDX.Direct2D1
                                     NuGetPackageVersion=4.2.0
                                     NuGetSourceType=Package
                                     PathInPackage=lib/netstandard1.1/SharpDX.Direct2D1.dll
                                     Private=false
                             C:\Users\Lenovo\.nuget\packages\sharpdx.direct3d11\4.2.0\lib\netstandard1.1\SharpDX.Direct3D11.dll
                                     ExternallyResolved=true
                                     HintPath=C:\Users\Lenovo\.nuget\packages\sharpdx.direct3d11\4.2.0\lib\netstandard1.1\SharpDX.Direct3D11.dll
                                     NuGetPackageId=SharpDX.Direct3D11
                                     NuGetPackageVersion=4.2.0
                                     NuGetSourceType=Package
                                     PathInPackage=lib/netstandard1.1/SharpDX.Direct3D11.dll
                                     Private=false
                             C:\Users\Lenovo\.nuget\packages\sharpdx.direct3d9\4.2.0\lib\netstandard1.3\SharpDX.Direct3D9.dll
                                     ExternallyResolved=true
                                     HintPath=C:\Users\Lenovo\.nuget\packages\sharpdx.direct3d9\4.2.0\lib\netstandard1.3\SharpDX.Direct3D9.dll
                                     NuGetPackageId=SharpDX.Direct3D9
                                     NuGetPackageVersion=4.2.0
                                     NuGetSourceType=Package
                                     PathInPackage=lib/netstandard1.3/SharpDX.Direct3D9.dll
                                     Private=false
                             C:\Users\Lenovo\.nuget\packages\sharpdx.dxgi\4.2.0\lib\netstandard1.1\SharpDX.DXGI.dll
                                     ExternallyResolved=true
                                     HintPath=C:\Users\Lenovo\.nuget\packages\sharpdx.dxgi\4.2.0\lib\netstandard1.1\SharpDX.DXGI.dll
                                     NuGetPackageId=SharpDX.DXGI
                                     NuGetPackageVersion=4.2.0
                                     NuGetSourceType=Package
                                     PathInPackage=lib/netstandard1.1/SharpDX.DXGI.dll
                                     Private=false
                             C:\Users\Lenovo\.nuget\packages\sharpdx.mathematics\4.2.0\lib\netstandard1.1\SharpDX.Mathematics.dll
                                     ExternallyResolved=true
                                     HintPath=C:\Users\Lenovo\.nuget\packages\sharpdx.mathematics\4.2.0\lib\netstandard1.1\SharpDX.Mathematics.dll
                                     NuGetPackageId=SharpDX.Mathematics
                                     NuGetPackageVersion=4.2.0
                                     NuGetSourceType=Package
                                     PathInPackage=lib/netstandard1.1/SharpDX.Mathematics.dll
                                     Private=false
                             C:\Users\Lenovo\.nuget\packages\silk.net.core\2.23.0\lib\net6.0\Silk.NET.Core.dll
                                     ExternallyResolved=true
                                     HintPath=C:\Users\Lenovo\.nuget\packages\silk.net.core\2.23.0\lib\net6.0\Silk.NET.Core.dll
                                     NuGetPackageId=Silk.NET.Core
                                     NuGetPackageVersion=2.23.0
                                     NuGetSourceType=Package
                                     PathInPackage=lib/net6.0/Silk.NET.Core.dll
                                     Private=false
                             C:\Users\Lenovo\.nuget\packages\silk.net.glfw\2.23.0\lib\net5.0\Silk.NET.GLFW.dll
                                     ExternallyResolved=true
                                     HintPath=C:\Users\Lenovo\.nuget\packages\silk.net.glfw\2.23.0\lib\net5.0\Silk.NET.GLFW.dll
                                     NuGetPackageId=Silk.NET.GLFW
                                     NuGetPackageVersion=2.23.0
                                     NuGetSourceType=Package
                                     PathInPackage=lib/net5.0/Silk.NET.GLFW.dll
                                     Private=false
                             C:\Users\Lenovo\.nuget\packages\silk.net.input.common\2.23.0\lib\net5.0\Silk.NET.Input.Common.dll
                                     ExternallyResolved=true
                                     HintPath=C:\Users\Lenovo\.nuget\packages\silk.net.input.common\2.23.0\lib\net5.0\Silk.NET.Input.Common.dll
                                     NuGetPackageId=Silk.NET.Input.Common
                                     NuGetPackageVersion=2.23.0
                                     NuGetSourceType=Package
                                     PathInPackage=lib/net5.0/Silk.NET.Input.Common.dll
                                     Private=false
                             C:\Users\Lenovo\.nuget\packages\silk.net.input.glfw\2.23.0\lib\net5.0\Silk.NET.Input.Glfw.dll
                                     ExternallyResolved=true
                                     HintPath=C:\Users\Lenovo\.nuget\packages\silk.net.input.glfw\2.23.0\lib\net5.0\Silk.NET.Input.Glfw.dll
                                     NuGetPackageId=Silk.NET.Input.Glfw
                                     NuGetPackageVersion=2.23.0
                                     NuGetSourceType=Package
                                     PathInPackage=lib/net5.0/Silk.NET.Input.Glfw.dll
                                     Private=false
                             C:\Users\Lenovo\.nuget\packages\silk.net.maths\2.23.0\lib\net5.0\Silk.NET.Maths.dll
                                     ExternallyResolved=true
                                     HintPath=C:\Users\Lenovo\.nuget\packages\silk.net.maths\2.23.0\lib\net5.0\Silk.NET.Maths.dll
                                     NuGetPackageId=Silk.NET.Maths
                                     NuGetPackageVersion=2.23.0
                                     NuGetSourceType=Package
                                     PathInPackage=lib/net5.0/Silk.NET.Maths.dll
                                     Private=false
                             C:\Users\Lenovo\.nuget\packages\silk.net.opengl\2.23.0\lib\net5.0\Silk.NET.OpenGL.dll
                                     ExternallyResolved=true
                                     HintPath=C:\Users\Lenovo\.nuget\packages\silk.net.opengl\2.23.0\lib\net5.0\Silk.NET.OpenGL.dll
                                     NuGetPackageId=Silk.NET.OpenGL
                                     NuGetPackageVersion=2.23.0
                                     NuGetSourceType=Package
                                     PathInPackage=lib/net5.0/Silk.NET.OpenGL.dll
                                     Private=false
                             C:\Users\Lenovo\.nuget\packages\silk.net.windowing.common\2.23.0\lib\netstandard2.1\Silk.NET.Windowing.Common.dll
                                     ExternallyResolved=true
                                     HintPath=C:\Users\Lenovo\.nuget\packages\silk.net.windowing.common\2.23.0\lib\netstandard2.1\Silk.NET.Windowing.Common.dll
                                     NuGetPackageId=Silk.NET.Windowing.Common
                                     NuGetPackageVersion=2.23.0
                                     NuGetSourceType=Package
                                     PathInPackage=lib/netstandard2.1/Silk.NET.Windowing.Common.dll
                                     Private=false
                             C:\Users\Lenovo\.nuget\packages\silk.net.windowing.glfw\2.23.0\lib\net5.0\Silk.NET.Windowing.Glfw.dll
                                     ExternallyResolved=true
                                     HintPath=C:\Users\Lenovo\.nuget\packages\silk.net.windowing.glfw\2.23.0\lib\net5.0\Silk.NET.Windowing.Glfw.dll
                                     NuGetPackageId=Silk.NET.Windowing.Glfw
                                     NuGetPackageVersion=2.23.0
                                     NuGetSourceType=Package
                                     PathInPackage=lib/net5.0/Silk.NET.Windowing.Glfw.dll
                                     Private=false
                             C:\Users\Lenovo\.nuget\packages\system.appcontext\4.3.0\ref\netstandard1.6\System.AppContext.dll
                                     ExternallyResolved=true
                                     HintPath=C:\Users\Lenovo\.nuget\packages\system.appcontext\4.3.0\ref\netstandard1.6\System.AppContext.dll
                                     NuGetPackageId=System.AppContext
                                     NuGetPackageVersion=4.3.0
                                     NuGetSourceType=Package
                                     PathInPackage=ref/netstandard1.6/System.AppContext.dll
                                     Private=false
                             C:\Users\Lenovo\.nuget\packages\system.collections\4.3.0\ref\netstandard1.3\System.Collections.dll
                                     ExternallyResolved=true
                                     HintPath=C:\Users\Lenovo\.nuget\packages\system.collections\4.3.0\ref\netstandard1.3\System.Collections.dll
                                     NuGetPackageId=System.Collections
                                     NuGetPackageVersion=4.3.0
                                     NuGetSourceType=Package
                                     PathInPackage=ref/netstandard1.3/System.Collections.dll
                                     Private=false
                             C:\Users\Lenovo\.nuget\packages\system.collections.concurrent\4.3.0\ref\netstandard1.3\System.Collections.Concurrent.dll
                                     ExternallyResolved=true
                                     HintPath=C:\Users\Lenovo\.nuget\packages\system.collections.concurrent\4.3.0\ref\netstandard1.3\System.Collections.Concurrent.dll
                                     NuGetPackageId=System.Collections.Concurrent
                                     NuGetPackageVersion=4.3.0
                                     NuGetSourceType=Package
                                     PathInPackage=ref/netstandard1.3/System.Collections.Concurrent.dll
                                     Private=false
                             C:\Users\Lenovo\.nuget\packages\system.console\4.3.0\ref\netstandard1.3\System.Console.dll
                                     ExternallyResolved=true
                                     HintPath=C:\Users\Lenovo\.nuget\packages\system.console\4.3.0\ref\netstandard1.3\System.Console.dll
                                     NuGetPackageId=System.Console
                                     NuGetPackageVersion=4.3.0
                                     NuGetSourceType=Package
                                     PathInPackage=ref/netstandard1.3/System.Console.dll
                                     Private=false
                             C:\Users\Lenovo\.nuget\packages\system.diagnostics.debug\4.3.0\ref\netstandard1.3\System.Diagnostics.Debug.dll
                                     ExternallyResolved=true
                                     HintPath=C:\Users\Lenovo\.nuget\packages\system.diagnostics.debug\4.3.0\ref\netstandard1.3\System.Diagnostics.Debug.dll
                                     NuGetPackageId=System.Diagnostics.Debug
                                     NuGetPackageVersion=4.3.0
                                     NuGetSourceType=Package
                                     PathInPackage=ref/netstandard1.3/System.Diagnostics.Debug.dll
                                     Private=false
                             C:\Users\Lenovo\.nuget\packages\system.diagnostics.tools\4.3.0\ref\netstandard1.0\System.Diagnostics.Tools.dll
                                     ExternallyResolved=true
                                     HintPath=C:\Users\Lenovo\.nuget\packages\system.diagnostics.tools\4.3.0\ref\netstandard1.0\System.Diagnostics.Tools.dll
                                     NuGetPackageId=System.Diagnostics.Tools
                                     NuGetPackageVersion=4.3.0
                                     NuGetSourceType=Package
                                     PathInPackage=ref/netstandard1.0/System.Diagnostics.Tools.dll
                                     Private=false
                             C:\Users\Lenovo\.nuget\packages\system.diagnostics.tracing\4.3.0\ref\netstandard1.5\System.Diagnostics.Tracing.dll
                                     ExternallyResolved=true
                                     HintPath=C:\Users\Lenovo\.nuget\packages\system.diagnostics.tracing\4.3.0\ref\netstandard1.5\System.Diagnostics.Tracing.dll
                                     NuGetPackageId=System.Diagnostics.Tracing
                                     NuGetPackageVersion=4.3.0
                                     NuGetSourceType=Package
                                     PathInPackage=ref/netstandard1.5/System.Diagnostics.Tracing.dll
                                     Private=false
                             C:\Users\Lenovo\.nuget\packages\system.globalization\4.3.0\ref\netstandard1.3\System.Globalization.dll
                                     ExternallyResolved=true
                                     HintPath=C:\Users\Lenovo\.nuget\packages\system.globalization\4.3.0\ref\netstandard1.3\System.Globalization.dll
                                     NuGetPackageId=System.Globalization
                                     NuGetPackageVersion=4.3.0
                                     NuGetSourceType=Package
                                     PathInPackage=ref/netstandard1.3/System.Globalization.dll
                                     Private=false
                             C:\Users\Lenovo\.nuget\packages\system.globalization.calendars\4.3.0\ref\netstandard1.3\System.Globalization.Calendars.dll
                                     ExternallyResolved=true
                                     HintPath=C:\Users\Lenovo\.nuget\packages\system.globalization.calendars\4.3.0\ref\netstandard1.3\System.Globalization.Calendars.dll
                                     NuGetPackageId=System.Globalization.Calendars
                                     NuGetPackageVersion=4.3.0
                                     NuGetSourceType=Package
                                     PathInPackage=ref/netstandard1.3/System.Globalization.Calendars.dll
                                     Private=false
                             C:\Users\Lenovo\.nuget\packages\system.io\4.3.0\ref\netstandard1.5\System.IO.dll
                                     ExternallyResolved=true
                                     HintPath=C:\Users\Lenovo\.nuget\packages\system.io\4.3.0\ref\netstandard1.5\System.IO.dll
                                     NuGetPackageId=System.IO
                                     NuGetPackageVersion=4.3.0
                                     NuGetSourceType=Package
                                     PathInPackage=ref/netstandard1.5/System.IO.dll
                                     Private=false
                             C:\Users\Lenovo\.nuget\packages\system.io.compression\4.3.0\ref\netstandard1.3\System.IO.Compression.dll
                                     ExternallyResolved=true
                                     HintPath=C:\Users\Lenovo\.nuget\packages\system.io.compression\4.3.0\ref\netstandard1.3\System.IO.Compression.dll
                                     NuGetPackageId=System.IO.Compression
                                     NuGetPackageVersion=4.3.0
                                     NuGetSourceType=Package
                                     PathInPackage=ref/netstandard1.3/System.IO.Compression.dll
                                     Private=false
                             C:\Users\Lenovo\.nuget\packages\system.io.compression.zipfile\4.3.0\ref\netstandard1.3\System.IO.Compression.ZipFile.dll
                                     ExternallyResolved=true
                                     HintPath=C:\Users\Lenovo\.nuget\packages\system.io.compression.zipfile\4.3.0\ref\netstandard1.3\System.IO.Compression.ZipFile.dll
                                     NuGetPackageId=System.IO.Compression.ZipFile
                                     NuGetPackageVersion=4.3.0
                                     NuGetSourceType=Package
                                     PathInPackage=ref/netstandard1.3/System.IO.Compression.ZipFile.dll
                                     Private=false
                             C:\Users\Lenovo\.nuget\packages\system.io.filesystem\4.3.0\ref\netstandard1.3\System.IO.FileSystem.dll
                                     ExternallyResolved=true
                                     HintPath=C:\Users\Lenovo\.nuget\packages\system.io.filesystem\4.3.0\ref\netstandard1.3\System.IO.FileSystem.dll
                                     NuGetPackageId=System.IO.FileSystem
                                     NuGetPackageVersion=4.3.0
                                     NuGetSourceType=Package
                                     PathInPackage=ref/netstandard1.3/System.IO.FileSystem.dll
                                     Private=false
                             C:\Users\Lenovo\.nuget\packages\system.io.filesystem.primitives\4.3.0\ref\netstandard1.3\System.IO.FileSystem.Primitives.dll
                                     ExternallyResolved=true
                                     HintPath=C:\Users\Lenovo\.nuget\packages\system.io.filesystem.primitives\4.3.0\ref\netstandard1.3\System.IO.FileSystem.Primitives.dll
                                     NuGetPackageId=System.IO.FileSystem.Primitives
                                     NuGetPackageVersion=4.3.0
                                     NuGetSourceType=Package
                                     PathInPackage=ref/netstandard1.3/System.IO.FileSystem.Primitives.dll
                                     Private=false
                             C:\Users\Lenovo\.nuget\packages\system.io.pipelines\9.0.9\lib\net8.0\System.IO.Pipelines.dll
                                     ExternallyResolved=true
                                     HintPath=C:\Users\Lenovo\.nuget\packages\system.io.pipelines\9.0.9\lib\net8.0\System.IO.Pipelines.dll
                                     NuGetPackageId=System.IO.Pipelines
                                     NuGetPackageVersion=9.0.9
                                     NuGetSourceType=Package
                                     PathInPackage=lib/net8.0/System.IO.Pipelines.dll
                                     Private=false
                             C:\Users\Lenovo\.nuget\packages\system.linq\4.3.0\ref\netstandard1.6\System.Linq.dll
                                     ExternallyResolved=true
                                     HintPath=C:\Users\Lenovo\.nuget\packages\system.linq\4.3.0\ref\netstandard1.6\System.Linq.dll
                                     NuGetPackageId=System.Linq
                                     NuGetPackageVersion=4.3.0
                                     NuGetSourceType=Package
                                     PathInPackage=ref/netstandard1.6/System.Linq.dll
                                     Private=false
                             C:\Users\Lenovo\.nuget\packages\system.linq.expressions\4.3.0\ref\netstandard1.6\System.Linq.Expressions.dll
                                     ExternallyResolved=true
                                     HintPath=C:\Users\Lenovo\.nuget\packages\system.linq.expressions\4.3.0\ref\netstandard1.6\System.Linq.Expressions.dll
                                     NuGetPackageId=System.Linq.Expressions
                                     NuGetPackageVersion=4.3.0
                                     NuGetSourceType=Package
                                     PathInPackage=ref/netstandard1.6/System.Linq.Expressions.dll
                                     Private=false
                             C:\Users\Lenovo\.nuget\packages\system.net.http\4.3.0\ref\netstandard1.3\System.Net.Http.dll
                                     ExternallyResolved=true
                                     HintPath=C:\Users\Lenovo\.nuget\packages\system.net.http\4.3.0\ref\netstandard1.3\System.Net.Http.dll
                                     NuGetPackageId=System.Net.Http
                                     NuGetPackageVersion=4.3.0
                                     NuGetSourceType=Package
                                     PathInPackage=ref/netstandard1.3/System.Net.Http.dll
                                     Private=false
                             C:\Users\Lenovo\.nuget\packages\system.net.primitives\4.3.0\ref\netstandard1.3\System.Net.Primitives.dll
                                     ExternallyResolved=true
                                     HintPath=C:\Users\Lenovo\.nuget\packages\system.net.primitives\4.3.0\ref\netstandard1.3\System.Net.Primitives.dll
                                     NuGetPackageId=System.Net.Primitives
                                     NuGetPackageVersion=4.3.0
                                     NuGetSourceType=Package
                                     PathInPackage=ref/netstandard1.3/System.Net.Primitives.dll
                                     Private=false
                             C:\Users\Lenovo\.nuget\packages\system.net.sockets\4.3.0\ref\netstandard1.3\System.Net.Sockets.dll
                                     ExternallyResolved=true
                                     HintPath=C:\Users\Lenovo\.nuget\packages\system.net.sockets\4.3.0\ref\netstandard1.3\System.Net.Sockets.dll
                                     NuGetPackageId=System.Net.Sockets
                                     NuGetPackageVersion=4.3.0
                                     NuGetSourceType=Package
                                     PathInPackage=ref/netstandard1.3/System.Net.Sockets.dll
                                     Private=false
                             C:\Users\Lenovo\.nuget\packages\system.objectmodel\4.3.0\ref\netstandard1.3\System.ObjectModel.dll
                                     ExternallyResolved=true
                                     HintPath=C:\Users\Lenovo\.nuget\packages\system.objectmodel\4.3.0\ref\netstandard1.3\System.ObjectModel.dll
                                     NuGetPackageId=System.ObjectModel
                                     NuGetPackageVersion=4.3.0
                                     NuGetSourceType=Package
                                     PathInPackage=ref/netstandard1.3/System.ObjectModel.dll
                                     Private=false
                             C:\Users\Lenovo\.nuget\packages\system.reflection\4.3.0\ref\netstandard1.5\System.Reflection.dll
                                     ExternallyResolved=true
                                     HintPath=C:\Users\Lenovo\.nuget\packages\system.reflection\4.3.0\ref\netstandard1.5\System.Reflection.dll
                                     NuGetPackageId=System.Reflection
                                     NuGetPackageVersion=4.3.0
                                     NuGetSourceType=Package
                                     PathInPackage=ref/netstandard1.5/System.Reflection.dll
                                     Private=false
                             C:\Users\Lenovo\.nuget\packages\system.reflection.extensions\4.3.0\ref\netstandard1.0\System.Reflection.Extensions.dll
                                     ExternallyResolved=true
                                     HintPath=C:\Users\Lenovo\.nuget\packages\system.reflection.extensions\4.3.0\ref\netstandard1.0\System.Reflection.Extensions.dll
                                     NuGetPackageId=System.Reflection.Extensions
                                     NuGetPackageVersion=4.3.0
                                     NuGetSourceType=Package
                                     PathInPackage=ref/netstandard1.0/System.Reflection.Extensions.dll
                                     Private=false
                             C:\Users\Lenovo\.nuget\packages\system.reflection.primitives\4.3.0\ref\netstandard1.0\System.Reflection.Primitives.dll
                                     ExternallyResolved=true
                                     HintPath=C:\Users\Lenovo\.nuget\packages\system.reflection.primitives\4.3.0\ref\netstandard1.0\System.Reflection.Primitives.dll
                                     NuGetPackageId=System.Reflection.Primitives
                                     NuGetPackageVersion=4.3.0
                                     NuGetSourceType=Package
                                     PathInPackage=ref/netstandard1.0/System.Reflection.Primitives.dll
                                     Private=false
                             C:\Users\Lenovo\.nuget\packages\system.resources.resourcemanager\4.3.0\ref\netstandard1.0\System.Resources.ResourceManager.dll
                                     ExternallyResolved=true
                                     HintPath=C:\Users\Lenovo\.nuget\packages\system.resources.resourcemanager\4.3.0\ref\netstandard1.0\System.Resources.ResourceManager.dll
                                     NuGetPackageId=System.Resources.ResourceManager
                                     NuGetPackageVersion=4.3.0
                                     NuGetSourceType=Package
                                     PathInPackage=ref/netstandard1.0/System.Resources.ResourceManager.dll
                                     Private=false
                             C:\Users\Lenovo\.nuget\packages\system.runtime\4.3.0\ref\netstandard1.5\System.Runtime.dll
                                     ExternallyResolved=true
                                     HintPath=C:\Users\Lenovo\.nuget\packages\system.runtime\4.3.0\ref\netstandard1.5\System.Runtime.dll
                                     NuGetPackageId=System.Runtime
                                     NuGetPackageVersion=4.3.0
                                     NuGetSourceType=Package
                                     PathInPackage=ref/netstandard1.5/System.Runtime.dll
                                     Private=false
                             C:\Users\Lenovo\.nuget\packages\system.runtime.extensions\4.3.0\ref\netstandard1.5\System.Runtime.Extensions.dll
                                     ExternallyResolved=true
                                     HintPath=C:\Users\Lenovo\.nuget\packages\system.runtime.extensions\4.3.0\ref\netstandard1.5\System.Runtime.Extensions.dll
                                     NuGetPackageId=System.Runtime.Extensions
                                     NuGetPackageVersion=4.3.0
                                     NuGetSourceType=Package
                                     PathInPackage=ref/netstandard1.5/System.Runtime.Extensions.dll
                                     Private=false
                             C:\Users\Lenovo\.nuget\packages\system.runtime.handles\4.3.0\ref\netstandard1.3\System.Runtime.Handles.dll
                                     ExternallyResolved=true
                                     HintPath=C:\Users\Lenovo\.nuget\packages\system.runtime.handles\4.3.0\ref\netstandard1.3\System.Runtime.Handles.dll
                                     NuGetPackageId=System.Runtime.Handles
                                     NuGetPackageVersion=4.3.0
                                     NuGetSourceType=Package
                                     PathInPackage=ref/netstandard1.3/System.Runtime.Handles.dll
                                     Private=false
                             C:\Users\Lenovo\.nuget\packages\system.runtime.interopservices\4.3.0\ref\netcoreapp1.1\System.Runtime.InteropServices.dll
                                     ExternallyResolved=true
                                     HintPath=C:\Users\Lenovo\.nuget\packages\system.runtime.interopservices\4.3.0\ref\netcoreapp1.1\System.Runtime.InteropServices.dll
                                     NuGetPackageId=System.Runtime.InteropServices
                                     NuGetPackageVersion=4.3.0
                                     NuGetSourceType=Package
                                     PathInPackage=ref/netcoreapp1.1/System.Runtime.InteropServices.dll
                                     Private=false
                             C:\Users\Lenovo\.nuget\packages\system.runtime.interopservices.runtimeinformation\4.3.0\ref\netstandard1.1\System.Runtime.InteropServices.RuntimeInformation.dll
                                     ExternallyResolved=true
                                     HintPath=C:\Users\Lenovo\.nuget\packages\system.runtime.interopservices.runtimeinformation\4.3.0\ref\netstandard1.1\System.Runtime.InteropServices.RuntimeInformation.dll
                                     NuGetPackageId=System.Runtime.InteropServices.RuntimeInformation
                                     NuGetPackageVersion=4.3.0
                                     NuGetSourceType=Package
                                     PathInPackage=ref/netstandard1.1/System.Runtime.InteropServices.RuntimeInformation.dll
                                     Private=false
                             C:\Users\Lenovo\.nuget\packages\system.runtime.numerics\4.3.0\ref\netstandard1.1\System.Runtime.Numerics.dll
                                     ExternallyResolved=true
                                     HintPath=C:\Users\Lenovo\.nuget\packages\system.runtime.numerics\4.3.0\ref\netstandard1.1\System.Runtime.Numerics.dll
                                     NuGetPackageId=System.Runtime.Numerics
                                     NuGetPackageVersion=4.3.0
                                     NuGetSourceType=Package
                                     PathInPackage=ref/netstandard1.1/System.Runtime.Numerics.dll
                                     Private=false
                             C:\Users\Lenovo\.nuget\packages\system.security.cryptography.algorithms\4.3.0\ref\netstandard1.6\System.Security.Cryptography.Algorithms.dll
                                     ExternallyResolved=true
                                     HintPath=C:\Users\Lenovo\.nuget\packages\system.security.cryptography.algorithms\4.3.0\ref\netstandard1.6\System.Security.Cryptography.Algorithms.dll
                                     NuGetPackageId=System.Security.Cryptography.Algorithms
                                     NuGetPackageVersion=4.3.0
                                     NuGetSourceType=Package
                                     PathInPackage=ref/netstandard1.6/System.Security.Cryptography.Algorithms.dll
                                     Private=false
                             C:\Users\Lenovo\.nuget\packages\system.security.cryptography.encoding\4.3.0\ref\netstandard1.3\System.Security.Cryptography.Encoding.dll
                                     ExternallyResolved=true
                                     HintPath=C:\Users\Lenovo\.nuget\packages\system.security.cryptography.encoding\4.3.0\ref\netstandard1.3\System.Security.Cryptography.Encoding.dll
                                     NuGetPackageId=System.Security.Cryptography.Encoding
                                     NuGetPackageVersion=4.3.0
                                     NuGetSourceType=Package
                                     PathInPackage=ref/netstandard1.3/System.Security.Cryptography.Encoding.dll
                                     Private=false
                             C:\Users\Lenovo\.nuget\packages\system.security.cryptography.primitives\4.3.0\ref\netstandard1.3\System.Security.Cryptography.Primitives.dll
                                     ExternallyResolved=true
                                     HintPath=C:\Users\Lenovo\.nuget\packages\system.security.cryptography.primitives\4.3.0\ref\netstandard1.3\System.Security.Cryptography.Primitives.dll
                                     NuGetPackageId=System.Security.Cryptography.Primitives
                                     NuGetPackageVersion=4.3.0
                                     NuGetSourceType=Package
                                     PathInPackage=ref/netstandard1.3/System.Security.Cryptography.Primitives.dll
                                     Private=false
                             C:\Users\Lenovo\.nuget\packages\system.security.cryptography.x509certificates\4.3.0\ref\netstandard1.4\System.Security.Cryptography.X509Certificates.dll
                                     ExternallyResolved=true
                                     HintPath=C:\Users\Lenovo\.nuget\packages\system.security.cryptography.x509certificates\4.3.0\ref\netstandard1.4\System.Security.Cryptography.X509Certificates.dll
                                     NuGetPackageId=System.Security.Cryptography.X509Certificates
                                     NuGetPackageVersion=4.3.0
                                     NuGetSourceType=Package
                                     PathInPackage=ref/netstandard1.4/System.Security.Cryptography.X509Certificates.dll
                                     Private=false
                             C:\Users\Lenovo\.nuget\packages\system.text.encoding\4.3.0\ref\netstandard1.3\System.Text.Encoding.dll
                                     ExternallyResolved=true
                                     HintPath=C:\Users\Lenovo\.nuget\packages\system.text.encoding\4.3.0\ref\netstandard1.3\System.Text.Encoding.dll
                                     NuGetPackageId=System.Text.Encoding
                                     NuGetPackageVersion=4.3.0
                                     NuGetSourceType=Package
                                     PathInPackage=ref/netstandard1.3/System.Text.Encoding.dll
                                     Private=false
                             C:\Users\Lenovo\.nuget\packages\system.text.encoding.extensions\4.3.0\ref\netstandard1.3\System.Text.Encoding.Extensions.dll
                                     ExternallyResolved=true
                                     HintPath=C:\Users\Lenovo\.nuget\packages\system.text.encoding.extensions\4.3.0\ref\netstandard1.3\System.Text.Encoding.Extensions.dll
                                     NuGetPackageId=System.Text.Encoding.Extensions
                                     NuGetPackageVersion=4.3.0
                                     NuGetSourceType=Package
                                     PathInPackage=ref/netstandard1.3/System.Text.Encoding.Extensions.dll
                                     Private=false
                             C:\Users\Lenovo\.nuget\packages\system.text.encodings.web\9.0.9\lib\net8.0\System.Text.Encodings.Web.dll
                                     ExternallyResolved=true
                                     HintPath=C:\Users\Lenovo\.nuget\packages\system.text.encodings.web\9.0.9\lib\net8.0\System.Text.Encodings.Web.dll
                                     NuGetPackageId=System.Text.Encodings.Web
                                     NuGetPackageVersion=9.0.9
                                     NuGetSourceType=Package
                                     PathInPackage=lib/net8.0/System.Text.Encodings.Web.dll
                                     Private=false
                             C:\Users\Lenovo\.nuget\packages\system.text.json\9.0.9\lib\net8.0\System.Text.Json.dll
                                     ExternallyResolved=true
                                     HintPath=C:\Users\Lenovo\.nuget\packages\system.text.json\9.0.9\lib\net8.0\System.Text.Json.dll
                                     NuGetPackageId=System.Text.Json
                                     NuGetPackageVersion=9.0.9
                                     NuGetSourceType=Package
                                     PathInPackage=lib/net8.0/System.Text.Json.dll
                                     Private=false
                             C:\Users\Lenovo\.nuget\packages\system.text.regularexpressions\4.3.0\ref\netcoreapp1.1\System.Text.RegularExpressions.dll
                                     ExternallyResolved=true
                                     HintPath=C:\Users\Lenovo\.nuget\packages\system.text.regularexpressions\4.3.0\ref\netcoreapp1.1\System.Text.RegularExpressions.dll
                                     NuGetPackageId=System.Text.RegularExpressions
                                     NuGetPackageVersion=4.3.0
                                     NuGetSourceType=Package
                                     PathInPackage=ref/netcoreapp1.1/System.Text.RegularExpressions.dll
                                     Private=false
                             C:\Users\Lenovo\.nuget\packages\system.threading\4.3.0\ref\netstandard1.3\System.Threading.dll
                                     ExternallyResolved=true
                                     HintPath=C:\Users\Lenovo\.nuget\packages\system.threading\4.3.0\ref\netstandard1.3\System.Threading.dll
                                     NuGetPackageId=System.Threading
                                     NuGetPackageVersion=4.3.0
                                     NuGetSourceType=Package
                                     PathInPackage=ref/netstandard1.3/System.Threading.dll
                                     Private=false
                             C:\Users\Lenovo\.nuget\packages\system.threading.tasks\4.3.0\ref\netstandard1.3\System.Threading.Tasks.dll
                                     ExternallyResolved=true
                                     HintPath=C:\Users\Lenovo\.nuget\packages\system.threading.tasks\4.3.0\ref\netstandard1.3\System.Threading.Tasks.dll
                                     NuGetPackageId=System.Threading.Tasks
                                     NuGetPackageVersion=4.3.0
                                     NuGetSourceType=Package
                                     PathInPackage=ref/netstandard1.3/System.Threading.Tasks.dll
                                     Private=false
                             C:\Users\Lenovo\.nuget\packages\system.threading.timer\4.3.0\ref\netstandard1.2\System.Threading.Timer.dll
                                     ExternallyResolved=true
                                     HintPath=C:\Users\Lenovo\.nuget\packages\system.threading.timer\4.3.0\ref\netstandard1.2\System.Threading.Timer.dll
                                     NuGetPackageId=System.Threading.Timer
                                     NuGetPackageVersion=4.3.0
                                     NuGetSourceType=Package
                                     PathInPackage=ref/netstandard1.2/System.Threading.Timer.dll
                                     Private=false
                             C:\Users\Lenovo\.nuget\packages\system.xml.readerwriter\4.3.0\ref\netstandard1.3\System.Xml.ReaderWriter.dll
                                     ExternallyResolved=true
                                     HintPath=C:\Users\Lenovo\.nuget\packages\system.xml.readerwriter\4.3.0\ref\netstandard1.3\System.Xml.ReaderWriter.dll
                                     NuGetPackageId=System.Xml.ReaderWriter
                                     NuGetPackageVersion=4.3.0
                                     NuGetSourceType=Package
                                     PathInPackage=ref/netstandard1.3/System.Xml.ReaderWriter.dll
                                     Private=false
                             C:\Users\Lenovo\.nuget\packages\system.xml.xdocument\4.3.0\ref\netstandard1.3\System.Xml.XDocument.dll
                                     ExternallyResolved=true
                                     HintPath=C:\Users\Lenovo\.nuget\packages\system.xml.xdocument\4.3.0\ref\netstandard1.3\System.Xml.XDocument.dll
                                     NuGetPackageId=System.Xml.XDocument
                                     NuGetPackageVersion=4.3.0
                                     NuGetSourceType=Package
                                     PathInPackage=ref/netstandard1.3/System.Xml.XDocument.dll
                                     Private=false (TaskId:10)
                     Output Item(s): AssetsFilePackageFolder=C:\Users\Lenovo\.nuget\packages\ (TaskId:10)
                     Output Item(s): 
                         PackageDependencies=
                             CommunityToolkit.Mvvm
                             Cyotek.Drawing.BitmapFont
                             HelixToolkit
                             HelixToolkit.Wpf.SharpDX
                             Microsoft.CSharp
                             Microsoft.DotNet.PlatformAbstractions
                             Microsoft.Extensions.DependencyInjection
                             Microsoft.Extensions.DependencyInjection.Abstractions
                             Microsoft.Extensions.DependencyModel
                             Microsoft.Extensions.Logging.Abstractions
                             Microsoft.NETCore.Platforms
                             Microsoft.NETCore.Targets
                             Microsoft.Win32.Primitives
                             NETStandard.Library
                             runtime.debian.8-x64.runtime.native.System.Security.Cryptography.OpenSsl
                             runtime.fedora.23-x64.runtime.native.System.Security.Cryptography.OpenSsl
                             runtime.fedora.24-x64.runtime.native.System.Security.Cryptography.OpenSsl
                             runtime.native.System
                             runtime.native.System.IO.Compression
                             runtime.native.System.Net.Http
                             runtime.native.System.Security.Cryptography.Apple
                             runtime.native.System.Security.Cryptography.OpenSsl
                             runtime.opensuse.13.2-x64.runtime.native.System.Security.Cryptography.OpenSsl
                             runtime.opensuse.42.1-x64.runtime.native.System.Security.Cryptography.OpenSsl
                             runtime.osx.10.10-x64.runtime.native.System.Security.Cryptography.Apple
                             runtime.osx.10.10-x64.runtime.native.System.Security.Cryptography.OpenSsl
                             runtime.rhel.7-x64.runtime.native.System.Security.Cryptography.OpenSsl
                             runtime.ubuntu.14.04-x64.runtime.native.System.Security.Cryptography.OpenSsl
                             runtime.ubuntu.16.04-x64.runtime.native.System.Security.Cryptography.OpenSsl
                             runtime.ubuntu.16.10-x64.runtime.native.System.Security.Cryptography.OpenSsl
                             SharpDX
                             SharpDX.D3DCompiler
                             SharpDX.Direct2D1
                             SharpDX.Direct3D11
                             SharpDX.Direct3D9
                             SharpDX.DXGI
                             SharpDX.Mathematics
                             Silk.NET.Core
                             Silk.NET.GLFW
                             Silk.NET.Input
                             Silk.NET.Input.Common
                             Silk.NET.Input.Glfw
                             Silk.NET.Maths
                             Silk.NET.OpenGL
                             Silk.NET.Windowing
                             Silk.NET.Windowing.Common
                             Silk.NET.Windowing.Glfw
                             System.AppContext
                             System.Buffers
                             System.Collections
                             System.Collections.Concurrent
                             System.Console
                             System.Diagnostics.Debug
                             System.Diagnostics.DiagnosticSource
                             System.Diagnostics.Tools
                             System.Diagnostics.Tracing
                             System.Globalization
                             System.Globalization.Calendars
                             System.Globalization.Extensions
                             System.IO
                             System.IO.Compression
                             System.IO.Compression.ZipFile
                             System.IO.FileSystem
                             System.IO.FileSystem.Primitives
                             System.IO.Pipelines
                             System.Linq
                             System.Linq.Expressions
                             System.Memory
                             System.Net.Http
                             System.Net.Primitives
                             System.Net.Sockets
                             System.Numerics.Vectors
                             System.ObjectModel
                             System.Reflection
                             System.Reflection.Emit
                             System.Reflection.Emit.ILGeneration
                             System.Reflection.Emit.Lightweight
                             System.Reflection.Extensions
                             System.Reflection.Primitives
                             System.Reflection.TypeExtensions
                             System.Resources.ResourceManager
                             System.Runtime
                             System.Runtime.CompilerServices.Unsafe
                             System.Runtime.Extensions
                             System.Runtime.Handles
                             System.Runtime.InteropServices
                             System.Runtime.InteropServices.RuntimeInformation
                             System.Runtime.Numerics
                             System.Security.Cryptography.Algorithms
                             System.Security.Cryptography.Cng
                             System.Security.Cryptography.Csp
                             System.Security.Cryptography.Encoding
                             System.Security.Cryptography.OpenSsl
                             System.Security.Cryptography.Primitives
                             System.Security.Cryptography.X509Certificates
                             System.Text.Encoding
                             System.Text.Encoding.Extensions
                             System.Text.Encodings.Web
                             System.Text.Json
                             System.Text.RegularExpressions
                             System.Threading
                             System.Threading.Tasks
                             System.Threading.Tasks.Extensions
                             System.Threading.Timer
                             System.Xml.ReaderWriter
                             System.Xml.XDocument
                             Ultz.Native.GLFW (TaskId:10)
                     Output Item(s): 
                         _PackageDependenciesDesignTime=
                             CommunityToolkit.Mvvm/8.4.0
                                     IsImplicitlyDefined=False
                                     Name=CommunityToolkit.Mvvm
                                     Path=C:\Users\Lenovo\.nuget\packages\communitytoolkit.mvvm\8.4.0
                                     Resolved=True
                                     Version=8.4.0
                             HelixToolkit.Wpf.SharpDX/2.27.0
                                     IsImplicitlyDefined=False
                                     Name=HelixToolkit.Wpf.SharpDX
                                     Path=C:\Users\Lenovo\.nuget\packages\helixtoolkit.wpf.sharpdx\2.27.0
                                     Resolved=True
                                     Version=2.27.0
                             Microsoft.Extensions.DependencyInjection/9.0.4
                                     IsImplicitlyDefined=False
                                     Name=Microsoft.Extensions.DependencyInjection
                                     Path=C:\Users\Lenovo\.nuget\packages\microsoft.extensions.dependencyinjection\9.0.4
                                     Resolved=True
                                     Version=9.0.4
                             Silk.NET.OpenGL/2.23.0
                                     IsImplicitlyDefined=False
                                     Name=Silk.NET.OpenGL
                                     Path=C:\Users\Lenovo\.nuget\packages\silk.net.opengl\2.23.0
                                     Resolved=True
                                     Version=2.23.0 (TaskId:10)
                   Done executing task "ResolvePackageAssets". (TaskId:10)
13:12:35.088     1>Done building target "ResolvePackageAssets" in project "CelestialMechanics.Desktop.csproj".: (TargetId:14)
                   Target "AdjustDefaultPlatformTargetForNetFrameworkExeWithNoNativeCopyLocalItems" skipped, due to false condition; ('$(_UsingDefaultPlatformTarget)' == 'true' and
                                        '$(_UsingDefaultRuntimeIdentifier)' == 'true') was evaluated as ('true' == 'true' and
                                        '' == 'true').
                   Target "_CheckForTransitiveWindowsDesktopDependencies" skipped, due to false condition; ('$(TargetFrameworkIdentifier)' == '.NETCoreApp' and $([MSBuild]::VersionGreaterThanOrEquals($(_TargetFrameworkVersionWithoutV), '5.0')) and '$(TargetPlatformIdentifier)' != 'Windows' and '@(TransitiveFrameworkReference)' != '') was evaluated as ('.NETCoreApp' == '.NETCoreApp' and True and 'Windows' != 'Windows' and '' != '').
                   Target "AddTransitiveFrameworkReferences" skipped, due to false condition; ('@(TransitiveFrameworkReference)' != '') was evaluated as ('' != '').
                   Target "_WarnForUnsupportedUseUwpFeatureEnabled" skipped, due to false condition; ( '$(IncludeWindowsSDKRefFrameworkReferences)' == 'true'
                                         and '$(UseUwp)' == 'true') was evaluated as ( '' == 'true'
                                         and '' == 'true').
13:12:35.088     1>Target "ResolveLockFileReferences: (TargetId:15)" in file "C:\Program Files\dotnet\sdk\8.0.419\Sdks\Microsoft.NET.Sdk\targets\Microsoft.PackageDependencyResolution.targets" from project "C:\sharon\projects\celestial-mechanics-desktop\src\CelestialMechanics.Desktop\CelestialMechanics.Desktop.csproj" (target "ResolvePackageDependenciesForBuild" depends on it):
                   Using "JoinItems" task from assembly "C:\Program Files\dotnet\sdk\8.0.419\Sdks\Microsoft.NET.Sdk\targets\..\tools\net8.0\Microsoft.NET.Build.Tasks.dll".
                   Task "JoinItems" (TaskId:11)
                     Task Parameter:LeftMetadata=* (TaskId:11)
                     Task Parameter:
                         Left=
                             C:\Users\Lenovo\.nuget\packages\communitytoolkit.mvvm\8.4.0\lib\net8.0\CommunityToolkit.Mvvm.dll
                                     ExternallyResolved=true
                                     HintPath=C:\Users\Lenovo\.nuget\packages\communitytoolkit.mvvm\8.4.0\lib\net8.0\CommunityToolkit.Mvvm.dll
                                     NuGetPackageId=CommunityToolkit.Mvvm
                                     NuGetPackageVersion=8.4.0
                                     NuGetSourceType=Package
                                     PathInPackage=lib/net8.0/CommunityToolkit.Mvvm.dll
                                     Private=false
                             C:\Users\Lenovo\.nuget\packages\cyotek.drawing.bitmapfont\2.0.0\lib\netcoreapp3.1\Cyotek.Drawing.BitmapFont.dll
                                     ExternallyResolved=true
                                     HintPath=C:\Users\Lenovo\.nuget\packages\cyotek.drawing.bitmapfont\2.0.0\lib\netcoreapp3.1\Cyotek.Drawing.BitmapFont.dll
                                     NuGetPackageId=Cyotek.Drawing.BitmapFont
                                     NuGetPackageVersion=2.0.0
                                     NuGetSourceType=Package
                                     PathInPackage=lib/netcoreapp3.1/Cyotek.Drawing.BitmapFont.dll
                                     Private=false
                             C:\Users\Lenovo\.nuget\packages\helixtoolkit\2.27.0\lib\netstandard2.0\HelixToolkit.dll
                                     ExternallyResolved=true
                                     HintPath=C:\Users\Lenovo\.nuget\packages\helixtoolkit\2.27.0\lib\netstandard2.0\HelixToolkit.dll
                                     NuGetPackageId=HelixToolkit
                                     NuGetPackageVersion=2.27.0
                                     NuGetSourceType=Package
                                     PathInPackage=lib/netstandard2.0/HelixToolkit.dll
                                     Private=false
                             C:\Users\Lenovo\.nuget\packages\helixtoolkit.wpf.sharpdx\2.27.0\lib\net462\HelixToolkit.Wpf.SharpDX.dll
                                     ExternallyResolved=true
                                     HintPath=C:\Users\Lenovo\.nuget\packages\helixtoolkit.wpf.sharpdx\2.27.0\lib\net462\HelixToolkit.Wpf.SharpDX.dll
                                     NuGetPackageId=HelixToolkit.Wpf.SharpDX
                                     NuGetPackageVersion=2.27.0
                                     NuGetSourceType=Package
                                     PathInPackage=lib/net462/HelixToolkit.Wpf.SharpDX.dll
                                     Private=false
                             C:\Users\Lenovo\.nuget\packages\microsoft.dotnet.platformabstractions\3.1.6\lib\netstandard2.0\Microsoft.DotNet.PlatformAbstractions.dll
                                     ExternallyResolved=true
                                     HintPath=C:\Users\Lenovo\.nuget\packages\microsoft.dotnet.platformabstractions\3.1.6\lib\netstandard2.0\Microsoft.DotNet.PlatformAbstractions.dll
                                     NuGetPackageId=Microsoft.DotNet.PlatformAbstractions
                                     NuGetPackageVersion=3.1.6
                                     NuGetSourceType=Package
                                     PathInPackage=lib/netstandard2.0/Microsoft.DotNet.PlatformAbstractions.dll
                                     Private=false
                             C:\Users\Lenovo\.nuget\packages\microsoft.extensions.dependencyinjection\9.0.4\lib\net8.0\Microsoft.Extensions.DependencyInjection.dll
                                     ExternallyResolved=true
                                     HintPath=C:\Users\Lenovo\.nuget\packages\microsoft.extensions.dependencyinjection\9.0.4\lib\net8.0\Microsoft.Extensions.DependencyInjection.dll
                                     NuGetPackageId=Microsoft.Extensions.DependencyInjection
                                     NuGetPackageVersion=9.0.4
                                     NuGetSourceType=Package
                                     PathInPackage=lib/net8.0/Microsoft.Extensions.DependencyInjection.dll
                                     Private=false
                             C:\Users\Lenovo\.nuget\packages\microsoft.extensions.dependencyinjection.abstractions\9.0.4\lib\net8.0\Microsoft.Extensions.DependencyInjection.Abstractions.dll
                                     ExternallyResolved=true
                                     HintPath=C:\Users\Lenovo\.nuget\packages\microsoft.extensions.dependencyinjection.abstractions\9.0.4\lib\net8.0\Microsoft.Extensions.DependencyInjection.Abstractions.dll
                                     NuGetPackageId=Microsoft.Extensions.DependencyInjection.Abstractions
                                     NuGetPackageVersion=9.0.4
                                     NuGetSourceType=Package
                                     PathInPackage=lib/net8.0/Microsoft.Extensions.DependencyInjection.Abstractions.dll
                                     Private=false
                             C:\Users\Lenovo\.nuget\packages\microsoft.extensions.dependencymodel\9.0.9\lib\net8.0\Microsoft.Extensions.DependencyModel.dll
                                     ExternallyResolved=true
                                     HintPath=C:\Users\Lenovo\.nuget\packages\microsoft.extensions.dependencymodel\9.0.9\lib\net8.0\Microsoft.Extensions.DependencyModel.dll
                                     NuGetPackageId=Microsoft.Extensions.DependencyModel
                                     NuGetPackageVersion=9.0.9
                                     NuGetSourceType=Package
                                     PathInPackage=lib/net8.0/Microsoft.Extensions.DependencyModel.dll
                                     Private=false
                             C:\Users\Lenovo\.nuget\packages\microsoft.extensions.logging.abstractions\6.0.0\lib\net6.0\Microsoft.Extensions.Logging.Abstractions.dll
                                     ExternallyResolved=true
                                     HintPath=C:\Users\Lenovo\.nuget\packages\microsoft.extensions.logging.abstractions\6.0.0\lib\net6.0\Microsoft.Extensions.Logging.Abstractions.dll
                                     NuGetPackageId=Microsoft.Extensions.Logging.Abstractions
                                     NuGetPackageVersion=6.0.0
                                     NuGetSourceType=Package
                                     PathInPackage=lib/net6.0/Microsoft.Extensions.Logging.Abstractions.dll
                                     Private=false
                             C:\Users\Lenovo\.nuget\packages\microsoft.win32.primitives\4.3.0\ref\netstandard1.3\Microsoft.Win32.Primitives.dll
                                     ExternallyResolved=true
                                     HintPath=C:\Users\Lenovo\.nuget\packages\microsoft.win32.primitives\4.3.0\ref\netstandard1.3\Microsoft.Win32.Primitives.dll
                                     NuGetPackageId=Microsoft.Win32.Primitives
                                     NuGetPackageVersion=4.3.0
                                     NuGetSourceType=Package
                                     PathInPackage=ref/netstandard1.3/Microsoft.Win32.Primitives.dll
                                     Private=false
                             C:\Users\Lenovo\.nuget\packages\sharpdx\4.2.0\lib\netstandard1.1\SharpDX.dll
                                     ExternallyResolved=true
                                     HintPath=C:\Users\Lenovo\.nuget\packages\sharpdx\4.2.0\lib\netstandard1.1\SharpDX.dll
                                     NuGetPackageId=SharpDX
                                     NuGetPackageVersion=4.2.0
                                     NuGetSourceType=Package
                                     PathInPackage=lib/netstandard1.1/SharpDX.dll
                                     Private=false
                             C:\Users\Lenovo\.nuget\packages\sharpdx.d3dcompiler\4.2.0\lib\netstandard1.1\SharpDX.D3DCompiler.dll
                                     ExternallyResolved=true
                                     HintPath=C:\Users\Lenovo\.nuget\packages\sharpdx.d3dcompiler\4.2.0\lib\netstandard1.1\SharpDX.D3DCompiler.dll
                                     NuGetPackageId=SharpDX.D3DCompiler
                                     NuGetPackageVersion=4.2.0
                                     NuGetSourceType=Package
                                     PathInPackage=lib/netstandard1.1/SharpDX.D3DCompiler.dll
                                     Private=false
                             C:\Users\Lenovo\.nuget\packages\sharpdx.direct2d1\4.2.0\lib\netstandard1.1\SharpDX.Direct2D1.dll
                                     ExternallyResolved=true
                                     HintPath=C:\Users\Lenovo\.nuget\packages\sharpdx.direct2d1\4.2.0\lib\netstandard1.1\SharpDX.Direct2D1.dll
                                     NuGetPackageId=SharpDX.Direct2D1
                                     NuGetPackageVersion=4.2.0
                                     NuGetSourceType=Package
                                     PathInPackage=lib/netstandard1.1/SharpDX.Direct2D1.dll
                                     Private=false
                             C:\Users\Lenovo\.nuget\packages\sharpdx.direct3d11\4.2.0\lib\netstandard1.1\SharpDX.Direct3D11.dll
                                     ExternallyResolved=true
                                     HintPath=C:\Users\Lenovo\.nuget\packages\sharpdx.direct3d11\4.2.0\lib\netstandard1.1\SharpDX.Direct3D11.dll
                                     NuGetPackageId=SharpDX.Direct3D11
                                     NuGetPackageVersion=4.2.0
                                     NuGetSourceType=Package
                                     PathInPackage=lib/netstandard1.1/SharpDX.Direct3D11.dll
                                     Private=false
                             C:\Users\Lenovo\.nuget\packages\sharpdx.direct3d9\4.2.0\lib\netstandard1.3\SharpDX.Direct3D9.dll
                                     ExternallyResolved=true
                                     HintPath=C:\Users\Lenovo\.nuget\packages\sharpdx.direct3d9\4.2.0\lib\netstandard1.3\SharpDX.Direct3D9.dll
                                     NuGetPackageId=SharpDX.Direct3D9
                                     NuGetPackageVersion=4.2.0
                                     NuGetSourceType=Package
                                     PathInPackage=lib/netstandard1.3/SharpDX.Direct3D9.dll
                                     Private=false
                             C:\Users\Lenovo\.nuget\packages\sharpdx.dxgi\4.2.0\lib\netstandard1.1\SharpDX.DXGI.dll
                                     ExternallyResolved=true
                                     HintPath=C:\Users\Lenovo\.nuget\packages\sharpdx.dxgi\4.2.0\lib\netstandard1.1\SharpDX.DXGI.dll
                                     NuGetPackageId=SharpDX.DXGI
                                     NuGetPackageVersion=4.2.0
                                     NuGetSourceType=Package
                                     PathInPackage=lib/netstandard1.1/SharpDX.DXGI.dll
                                     Private=false
                             C:\Users\Lenovo\.nuget\packages\sharpdx.mathematics\4.2.0\lib\netstandard1.1\SharpDX.Mathematics.dll
                                     ExternallyResolved=true
                                     HintPath=C:\Users\Lenovo\.nuget\packages\sharpdx.mathematics\4.2.0\lib\netstandard1.1\SharpDX.Mathematics.dll
                                     NuGetPackageId=SharpDX.Mathematics
                                     NuGetPackageVersion=4.2.0
                                     NuGetSourceType=Package
                                     PathInPackage=lib/netstandard1.1/SharpDX.Mathematics.dll
                                     Private=false
                             C:\Users\Lenovo\.nuget\packages\silk.net.core\2.23.0\lib\net6.0\Silk.NET.Core.dll
                                     ExternallyResolved=true
                                     HintPath=C:\Users\Lenovo\.nuget\packages\silk.net.core\2.23.0\lib\net6.0\Silk.NET.Core.dll
                                     NuGetPackageId=Silk.NET.Core
                                     NuGetPackageVersion=2.23.0
                                     NuGetSourceType=Package
                                     PathInPackage=lib/net6.0/Silk.NET.Core.dll
                                     Private=false
                             C:\Users\Lenovo\.nuget\packages\silk.net.glfw\2.23.0\lib\net5.0\Silk.NET.GLFW.dll
                                     ExternallyResolved=true
                                     HintPath=C:\Users\Lenovo\.nuget\packages\silk.net.glfw\2.23.0\lib\net5.0\Silk.NET.GLFW.dll
                                     NuGetPackageId=Silk.NET.GLFW
                                     NuGetPackageVersion=2.23.0
                                     NuGetSourceType=Package
                                     PathInPackage=lib/net5.0/Silk.NET.GLFW.dll
                                     Private=false
                             C:\Users\Lenovo\.nuget\packages\silk.net.input.common\2.23.0\lib\net5.0\Silk.NET.Input.Common.dll
                                     ExternallyResolved=true
                                     HintPath=C:\Users\Lenovo\.nuget\packages\silk.net.input.common\2.23.0\lib\net5.0\Silk.NET.Input.Common.dll
                                     NuGetPackageId=Silk.NET.Input.Common
                                     NuGetPackageVersion=2.23.0
                                     NuGetSourceType=Package
                                     PathInPackage=lib/net5.0/Silk.NET.Input.Common.dll
                                     Private=false
                             C:\Users\Lenovo\.nuget\packages\silk.net.input.glfw\2.23.0\lib\net5.0\Silk.NET.Input.Glfw.dll
                                     ExternallyResolved=true
                                     HintPath=C:\Users\Lenovo\.nuget\packages\silk.net.input.glfw\2.23.0\lib\net5.0\Silk.NET.Input.Glfw.dll
                                     NuGetPackageId=Silk.NET.Input.Glfw
                                     NuGetPackageVersion=2.23.0
                                     NuGetSourceType=Package
                                     PathInPackage=lib/net5.0/Silk.NET.Input.Glfw.dll
                                     Private=false
                             C:\Users\Lenovo\.nuget\packages\silk.net.maths\2.23.0\lib\net5.0\Silk.NET.Maths.dll
                                     ExternallyResolved=true
                                     HintPath=C:\Users\Lenovo\.nuget\packages\silk.net.maths\2.23.0\lib\net5.0\Silk.NET.Maths.dll
                                     NuGetPackageId=Silk.NET.Maths
                                     NuGetPackageVersion=2.23.0
                                     NuGetSourceType=Package
                                     PathInPackage=lib/net5.0/Silk.NET.Maths.dll
                                     Private=false
                             C:\Users\Lenovo\.nuget\packages\silk.net.opengl\2.23.0\lib\net5.0\Silk.NET.OpenGL.dll
                                     ExternallyResolved=true
                                     HintPath=C:\Users\Lenovo\.nuget\packages\silk.net.opengl\2.23.0\lib\net5.0\Silk.NET.OpenGL.dll
                                     NuGetPackageId=Silk.NET.OpenGL
                                     NuGetPackageVersion=2.23.0
                                     NuGetSourceType=Package
                                     PathInPackage=lib/net5.0/Silk.NET.OpenGL.dll
                                     Private=false
                             C:\Users\Lenovo\.nuget\packages\silk.net.windowing.common\2.23.0\lib\netstandard2.1\Silk.NET.Windowing.Common.dll
                                     ExternallyResolved=true
                                     HintPath=C:\Users\Lenovo\.nuget\packages\silk.net.windowing.common\2.23.0\lib\netstandard2.1\Silk.NET.Windowing.Common.dll
                                     NuGetPackageId=Silk.NET.Windowing.Common
                                     NuGetPackageVersion=2.23.0
                                     NuGetSourceType=Package
                                     PathInPackage=lib/netstandard2.1/Silk.NET.Windowing.Common.dll
                                     Private=false
                             C:\Users\Lenovo\.nuget\packages\silk.net.windowing.glfw\2.23.0\lib\net5.0\Silk.NET.Windowing.Glfw.dll
                                     ExternallyResolved=true
                                     HintPath=C:\Users\Lenovo\.nuget\packages\silk.net.windowing.glfw\2.23.0\lib\net5.0\Silk.NET.Windowing.Glfw.dll
                                     NuGetPackageId=Silk.NET.Windowing.Glfw
                                     NuGetPackageVersion=2.23.0
                                     NuGetSourceType=Package
                                     PathInPackage=lib/net5.0/Silk.NET.Windowing.Glfw.dll
                                     Private=false
                             C:\Users\Lenovo\.nuget\packages\system.appcontext\4.3.0\ref\netstandard1.6\System.AppContext.dll
                                     ExternallyResolved=true
                                     HintPath=C:\Users\Lenovo\.nuget\packages\system.appcontext\4.3.0\ref\netstandard1.6\System.AppContext.dll
                                     NuGetPackageId=System.AppContext
                                     NuGetPackageVersion=4.3.0
                                     NuGetSourceType=Package
                                     PathInPackage=ref/netstandard1.6/System.AppContext.dll
                                     Private=false
                             C:\Users\Lenovo\.nuget\packages\system.collections\4.3.0\ref\netstandard1.3\System.Collections.dll
                                     ExternallyResolved=true
                                     HintPath=C:\Users\Lenovo\.nuget\packages\system.collections\4.3.0\ref\netstandard1.3\System.Collections.dll
                                     NuGetPackageId=System.Collections
                                     NuGetPackageVersion=4.3.0
                                     NuGetSourceType=Package
                                     PathInPackage=ref/netstandard1.3/System.Collections.dll
                                     Private=false
                             C:\Users\Lenovo\.nuget\packages\system.collections.concurrent\4.3.0\ref\netstandard1.3\System.Collections.Concurrent.dll
                                     ExternallyResolved=true
                                     HintPath=C:\Users\Lenovo\.nuget\packages\system.collections.concurrent\4.3.0\ref\netstandard1.3\System.Collections.Concurrent.dll
                                     NuGetPackageId=System.Collections.Concurrent
                                     NuGetPackageVersion=4.3.0
                                     NuGetSourceType=Package
                                     PathInPackage=ref/netstandard1.3/System.Collections.Concurrent.dll
                                     Private=false
                             C:\Users\Lenovo\.nuget\packages\system.console\4.3.0\ref\netstandard1.3\System.Console.dll
                                     ExternallyResolved=true
                                     HintPath=C:\Users\Lenovo\.nuget\packages\system.console\4.3.0\ref\netstandard1.3\System.Console.dll
                                     NuGetPackageId=System.Console
                                     NuGetPackageVersion=4.3.0
                                     NuGetSourceType=Package
                                     PathInPackage=ref/netstandard1.3/System.Console.dll
                                     Private=false
                             C:\Users\Lenovo\.nuget\packages\system.diagnostics.debug\4.3.0\ref\netstandard1.3\System.Diagnostics.Debug.dll
                                     ExternallyResolved=true
                                     HintPath=C:\Users\Lenovo\.nuget\packages\system.diagnostics.debug\4.3.0\ref\netstandard1.3\System.Diagnostics.Debug.dll
                                     NuGetPackageId=System.Diagnostics.Debug
                                     NuGetPackageVersion=4.3.0
                                     NuGetSourceType=Package
                                     PathInPackage=ref/netstandard1.3/System.Diagnostics.Debug.dll
                                     Private=false
                             C:\Users\Lenovo\.nuget\packages\system.diagnostics.tools\4.3.0\ref\netstandard1.0\System.Diagnostics.Tools.dll
                                     ExternallyResolved=true
                                     HintPath=C:\Users\Lenovo\.nuget\packages\system.diagnostics.tools\4.3.0\ref\netstandard1.0\System.Diagnostics.Tools.dll
                                     NuGetPackageId=System.Diagnostics.Tools
                                     NuGetPackageVersion=4.3.0
                                     NuGetSourceType=Package
                                     PathInPackage=ref/netstandard1.0/System.Diagnostics.Tools.dll
                                     Private=false
                             C:\Users\Lenovo\.nuget\packages\system.diagnostics.tracing\4.3.0\ref\netstandard1.5\System.Diagnostics.Tracing.dll
                                     ExternallyResolved=true
                                     HintPath=C:\Users\Lenovo\.nuget\packages\system.diagnostics.tracing\4.3.0\ref\netstandard1.5\System.Diagnostics.Tracing.dll
                                     NuGetPackageId=System.Diagnostics.Tracing
                                     NuGetPackageVersion=4.3.0
                                     NuGetSourceType=Package
                                     PathInPackage=ref/netstandard1.5/System.Diagnostics.Tracing.dll
                                     Private=false
                             C:\Users\Lenovo\.nuget\packages\system.globalization\4.3.0\ref\netstandard1.3\System.Globalization.dll
                                     ExternallyResolved=true
                                     HintPath=C:\Users\Lenovo\.nuget\packages\system.globalization\4.3.0\ref\netstandard1.3\System.Globalization.dll
                                     NuGetPackageId=System.Globalization
                                     NuGetPackageVersion=4.3.0
                                     NuGetSourceType=Package
                                     PathInPackage=ref/netstandard1.3/System.Globalization.dll
                                     Private=false
                             C:\Users\Lenovo\.nuget\packages\system.globalization.calendars\4.3.0\ref\netstandard1.3\System.Globalization.Calendars.dll
                                     ExternallyResolved=true
                                     HintPath=C:\Users\Lenovo\.nuget\packages\system.globalization.calendars\4.3.0\ref\netstandard1.3\System.Globalization.Calendars.dll
                                     NuGetPackageId=System.Globalization.Calendars
                                     NuGetPackageVersion=4.3.0
                                     NuGetSourceType=Package
                                     PathInPackage=ref/netstandard1.3/System.Globalization.Calendars.dll
                                     Private=false
                             C:\Users\Lenovo\.nuget\packages\system.io\4.3.0\ref\netstandard1.5\System.IO.dll
                                     ExternallyResolved=true
                                     HintPath=C:\Users\Lenovo\.nuget\packages\system.io\4.3.0\ref\netstandard1.5\System.IO.dll
                                     NuGetPackageId=System.IO
                                     NuGetPackageVersion=4.3.0
                                     NuGetSourceType=Package
                                     PathInPackage=ref/netstandard1.5/System.IO.dll
                                     Private=false
                             C:\Users\Lenovo\.nuget\packages\system.io.compression\4.3.0\ref\netstandard1.3\System.IO.Compression.dll
                                     ExternallyResolved=true
                                     HintPath=C:\Users\Lenovo\.nuget\packages\system.io.compression\4.3.0\ref\netstandard1.3\System.IO.Compression.dll
                                     NuGetPackageId=System.IO.Compression
                                     NuGetPackageVersion=4.3.0
                                     NuGetSourceType=Package
                                     PathInPackage=ref/netstandard1.3/System.IO.Compression.dll
                                     Private=false
                             C:\Users\Lenovo\.nuget\packages\system.io.compression.zipfile\4.3.0\ref\netstandard1.3\System.IO.Compression.ZipFile.dll
                                     ExternallyResolved=true
                                     HintPath=C:\Users\Lenovo\.nuget\packages\system.io.compression.zipfile\4.3.0\ref\netstandard1.3\System.IO.Compression.ZipFile.dll
                                     NuGetPackageId=System.IO.Compression.ZipFile
                                     NuGetPackageVersion=4.3.0
                                     NuGetSourceType=Package
                                     PathInPackage=ref/netstandard1.3/System.IO.Compression.ZipFile.dll
                                     Private=false
                             C:\Users\Lenovo\.nuget\packages\system.io.filesystem\4.3.0\ref\netstandard1.3\System.IO.FileSystem.dll
                                     ExternallyResolved=true
                                     HintPath=C:\Users\Lenovo\.nuget\packages\system.io.filesystem\4.3.0\ref\netstandard1.3\System.IO.FileSystem.dll
                                     NuGetPackageId=System.IO.FileSystem
                                     NuGetPackageVersion=4.3.0
                                     NuGetSourceType=Package
                                     PathInPackage=ref/netstandard1.3/System.IO.FileSystem.dll
                                     Private=false
                             C:\Users\Lenovo\.nuget\packages\system.io.filesystem.primitives\4.3.0\ref\netstandard1.3\System.IO.FileSystem.Primitives.dll
                                     ExternallyResolved=true
                                     HintPath=C:\Users\Lenovo\.nuget\packages\system.io.filesystem.primitives\4.3.0\ref\netstandard1.3\System.IO.FileSystem.Primitives.dll
                                     NuGetPackageId=System.IO.FileSystem.Primitives
                                     NuGetPackageVersion=4.3.0
                                     NuGetSourceType=Package
                                     PathInPackage=ref/netstandard1.3/System.IO.FileSystem.Primitives.dll
                                     Private=false
                             C:\Users\Lenovo\.nuget\packages\system.io.pipelines\9.0.9\lib\net8.0\System.IO.Pipelines.dll
                                     ExternallyResolved=true
                                     HintPath=C:\Users\Lenovo\.nuget\packages\system.io.pipelines\9.0.9\lib\net8.0\System.IO.Pipelines.dll
                                     NuGetPackageId=System.IO.Pipelines
                                     NuGetPackageVersion=9.0.9
                                     NuGetSourceType=Package
                                     PathInPackage=lib/net8.0/System.IO.Pipelines.dll
                                     Private=false
                             C:\Users\Lenovo\.nuget\packages\system.linq\4.3.0\ref\netstandard1.6\System.Linq.dll
                                     ExternallyResolved=true
                                     HintPath=C:\Users\Lenovo\.nuget\packages\system.linq\4.3.0\ref\netstandard1.6\System.Linq.dll
                                     NuGetPackageId=System.Linq
                                     NuGetPackageVersion=4.3.0
                                     NuGetSourceType=Package
                                     PathInPackage=ref/netstandard1.6/System.Linq.dll
                                     Private=false
                             C:\Users\Lenovo\.nuget\packages\system.linq.expressions\4.3.0\ref\netstandard1.6\System.Linq.Expressions.dll
                                     ExternallyResolved=true
                                     HintPath=C:\Users\Lenovo\.nuget\packages\system.linq.expressions\4.3.0\ref\netstandard1.6\System.Linq.Expressions.dll
                                     NuGetPackageId=System.Linq.Expressions
                                     NuGetPackageVersion=4.3.0
                                     NuGetSourceType=Package
                                     PathInPackage=ref/netstandard1.6/System.Linq.Expressions.dll
                                     Private=false
                             C:\Users\Lenovo\.nuget\packages\system.net.http\4.3.0\ref\netstandard1.3\System.Net.Http.dll
                                     ExternallyResolved=true
                                     HintPath=C:\Users\Lenovo\.nuget\packages\system.net.http\4.3.0\ref\netstandard1.3\System.Net.Http.dll
                                     NuGetPackageId=System.Net.Http
                                     NuGetPackageVersion=4.3.0
                                     NuGetSourceType=Package
                                     PathInPackage=ref/netstandard1.3/System.Net.Http.dll
                                     Private=false
                             C:\Users\Lenovo\.nuget\packages\system.net.primitives\4.3.0\ref\netstandard1.3\System.Net.Primitives.dll
                                     ExternallyResolved=true
                                     HintPath=C:\Users\Lenovo\.nuget\packages\system.net.primitives\4.3.0\ref\netstandard1.3\System.Net.Primitives.dll
                                     NuGetPackageId=System.Net.Primitives
                                     NuGetPackageVersion=4.3.0
                                     NuGetSourceType=Package
                                     PathInPackage=ref/netstandard1.3/System.Net.Primitives.dll
                                     Private=false
                             C:\Users\Lenovo\.nuget\packages\system.net.sockets\4.3.0\ref\netstandard1.3\System.Net.Sockets.dll
                                     ExternallyResolved=true
                                     HintPath=C:\Users\Lenovo\.nuget\packages\system.net.sockets\4.3.0\ref\netstandard1.3\System.Net.Sockets.dll
                                     NuGetPackageId=System.Net.Sockets
                                     NuGetPackageVersion=4.3.0
                                     NuGetSourceType=Package
                                     PathInPackage=ref/netstandard1.3/System.Net.Sockets.dll
                                     Private=false
                             C:\Users\Lenovo\.nuget\packages\system.objectmodel\4.3.0\ref\netstandard1.3\System.ObjectModel.dll
                                     ExternallyResolved=true
                                     HintPath=C:\Users\Lenovo\.nuget\packages\system.objectmodel\4.3.0\ref\netstandard1.3\System.ObjectModel.dll
                                     NuGetPackageId=System.ObjectModel
                                     NuGetPackageVersion=4.3.0
                                     NuGetSourceType=Package
                                     PathInPackage=ref/netstandard1.3/System.ObjectModel.dll
                                     Private=false
                             C:\Users\Lenovo\.nuget\packages\system.reflection\4.3.0\ref\netstandard1.5\System.Reflection.dll
                                     ExternallyResolved=true
                                     HintPath=C:\Users\Lenovo\.nuget\packages\system.reflection\4.3.0\ref\netstandard1.5\System.Reflection.dll
                                     NuGetPackageId=System.Reflection
                                     NuGetPackageVersion=4.3.0
                                     NuGetSourceType=Package
                                     PathInPackage=ref/netstandard1.5/System.Reflection.dll
                                     Private=false
                             C:\Users\Lenovo\.nuget\packages\system.reflection.extensions\4.3.0\ref\netstandard1.0\System.Reflection.Extensions.dll
                                     ExternallyResolved=true
                                     HintPath=C:\Users\Lenovo\.nuget\packages\system.reflection.extensions\4.3.0\ref\netstandard1.0\System.Reflection.Extensions.dll
                                     NuGetPackageId=System.Reflection.Extensions
                                     NuGetPackageVersion=4.3.0
                                     NuGetSourceType=Package
                                     PathInPackage=ref/netstandard1.0/System.Reflection.Extensions.dll
                                     Private=false
                             C:\Users\Lenovo\.nuget\packages\system.reflection.primitives\4.3.0\ref\netstandard1.0\System.Reflection.Primitives.dll
                                     ExternallyResolved=true
                                     HintPath=C:\Users\Lenovo\.nuget\packages\system.reflection.primitives\4.3.0\ref\netstandard1.0\System.Reflection.Primitives.dll
                                     NuGetPackageId=System.Reflection.Primitives
                                     NuGetPackageVersion=4.3.0
                                     NuGetSourceType=Package
                                     PathInPackage=ref/netstandard1.0/System.Reflection.Primitives.dll
                                     Private=false
                             C:\Users\Lenovo\.nuget\packages\system.resources.resourcemanager\4.3.0\ref\netstandard1.0\System.Resources.ResourceManager.dll
                                     ExternallyResolved=true
                                     HintPath=C:\Users\Lenovo\.nuget\packages\system.resources.resourcemanager\4.3.0\ref\netstandard1.0\System.Resources.ResourceManager.dll
                                     NuGetPackageId=System.Resources.ResourceManager
                                     NuGetPackageVersion=4.3.0
                                     NuGetSourceType=Package
                                     PathInPackage=ref/netstandard1.0/System.Resources.ResourceManager.dll
                                     Private=false
                             C:\Users\Lenovo\.nuget\packages\system.runtime\4.3.0\ref\netstandard1.5\System.Runtime.dll
                                     ExternallyResolved=true
                                     HintPath=C:\Users\Lenovo\.nuget\packages\system.runtime\4.3.0\ref\netstandard1.5\System.Runtime.dll
                                     NuGetPackageId=System.Runtime
                                     NuGetPackageVersion=4.3.0
                                     NuGetSourceType=Package
                                     PathInPackage=ref/netstandard1.5/System.Runtime.dll
                                     Private=false
                             C:\Users\Lenovo\.nuget\packages\system.runtime.extensions\4.3.0\ref\netstandard1.5\System.Runtime.Extensions.dll
                                     ExternallyResolved=true
                                     HintPath=C:\Users\Lenovo\.nuget\packages\system.runtime.extensions\4.3.0\ref\netstandard1.5\System.Runtime.Extensions.dll
                                     NuGetPackageId=System.Runtime.Extensions
                                     NuGetPackageVersion=4.3.0
                                     NuGetSourceType=Package
                                     PathInPackage=ref/netstandard1.5/System.Runtime.Extensions.dll
                                     Private=false
                             C:\Users\Lenovo\.nuget\packages\system.runtime.handles\4.3.0\ref\netstandard1.3\System.Runtime.Handles.dll
                                     ExternallyResolved=true
                                     HintPath=C:\Users\Lenovo\.nuget\packages\system.runtime.handles\4.3.0\ref\netstandard1.3\System.Runtime.Handles.dll
                                     NuGetPackageId=System.Runtime.Handles
                                     NuGetPackageVersion=4.3.0
                                     NuGetSourceType=Package
                                     PathInPackage=ref/netstandard1.3/System.Runtime.Handles.dll
                                     Private=false
                             C:\Users\Lenovo\.nuget\packages\system.runtime.interopservices\4.3.0\ref\netcoreapp1.1\System.Runtime.InteropServices.dll
                                     ExternallyResolved=true
                                     HintPath=C:\Users\Lenovo\.nuget\packages\system.runtime.interopservices\4.3.0\ref\netcoreapp1.1\System.Runtime.InteropServices.dll
                                     NuGetPackageId=System.Runtime.InteropServices
                                     NuGetPackageVersion=4.3.0
                                     NuGetSourceType=Package
                                     PathInPackage=ref/netcoreapp1.1/System.Runtime.InteropServices.dll
                                     Private=false
                             C:\Users\Lenovo\.nuget\packages\system.runtime.interopservices.runtimeinformation\4.3.0\ref\netstandard1.1\System.Runtime.InteropServices.RuntimeInformation.dll
                                     ExternallyResolved=true
                                     HintPath=C:\Users\Lenovo\.nuget\packages\system.runtime.interopservices.runtimeinformation\4.3.0\ref\netstandard1.1\System.Runtime.InteropServices.RuntimeInformation.dll
                                     NuGetPackageId=System.Runtime.InteropServices.RuntimeInformation
                                     NuGetPackageVersion=4.3.0
                                     NuGetSourceType=Package
                                     PathInPackage=ref/netstandard1.1/System.Runtime.InteropServices.RuntimeInformation.dll
                                     Private=false
                             C:\Users\Lenovo\.nuget\packages\system.runtime.numerics\4.3.0\ref\netstandard1.1\System.Runtime.Numerics.dll
                                     ExternallyResolved=true
                                     HintPath=C:\Users\Lenovo\.nuget\packages\system.runtime.numerics\4.3.0\ref\netstandard1.1\System.Runtime.Numerics.dll
                                     NuGetPackageId=System.Runtime.Numerics
                                     NuGetPackageVersion=4.3.0
                                     NuGetSourceType=Package
                                     PathInPackage=ref/netstandard1.1/System.Runtime.Numerics.dll
                                     Private=false
                             C:\Users\Lenovo\.nuget\packages\system.security.cryptography.algorithms\4.3.0\ref\netstandard1.6\System.Security.Cryptography.Algorithms.dll
                                     ExternallyResolved=true
                                     HintPath=C:\Users\Lenovo\.nuget\packages\system.security.cryptography.algorithms\4.3.0\ref\netstandard1.6\System.Security.Cryptography.Algorithms.dll
                                     NuGetPackageId=System.Security.Cryptography.Algorithms
                                     NuGetPackageVersion=4.3.0
                                     NuGetSourceType=Package
                                     PathInPackage=ref/netstandard1.6/System.Security.Cryptography.Algorithms.dll
                                     Private=false
                             C:\Users\Lenovo\.nuget\packages\system.security.cryptography.encoding\4.3.0\ref\netstandard1.3\System.Security.Cryptography.Encoding.dll
                                     ExternallyResolved=true
                                     HintPath=C:\Users\Lenovo\.nuget\packages\system.security.cryptography.encoding\4.3.0\ref\netstandard1.3\System.Security.Cryptography.Encoding.dll
                                     NuGetPackageId=System.Security.Cryptography.Encoding
                                     NuGetPackageVersion=4.3.0
                                     NuGetSourceType=Package
                                     PathInPackage=ref/netstandard1.3/System.Security.Cryptography.Encoding.dll
                                     Private=false
                             C:\Users\Lenovo\.nuget\packages\system.security.cryptography.primitives\4.3.0\ref\netstandard1.3\System.Security.Cryptography.Primitives.dll
                                     ExternallyResolved=true
                                     HintPath=C:\Users\Lenovo\.nuget\packages\system.security.cryptography.primitives\4.3.0\ref\netstandard1.3\System.Security.Cryptography.Primitives.dll
                                     NuGetPackageId=System.Security.Cryptography.Primitives
                                     NuGetPackageVersion=4.3.0
                                     NuGetSourceType=Package
                                     PathInPackage=ref/netstandard1.3/System.Security.Cryptography.Primitives.dll
                                     Private=false
                             C:\Users\Lenovo\.nuget\packages\system.security.cryptography.x509certificates\4.3.0\ref\netstandard1.4\System.Security.Cryptography.X509Certificates.dll
                                     ExternallyResolved=true
                                     HintPath=C:\Users\Lenovo\.nuget\packages\system.security.cryptography.x509certificates\4.3.0\ref\netstandard1.4\System.Security.Cryptography.X509Certificates.dll
                                     NuGetPackageId=System.Security.Cryptography.X509Certificates
                                     NuGetPackageVersion=4.3.0
                                     NuGetSourceType=Package
                                     PathInPackage=ref/netstandard1.4/System.Security.Cryptography.X509Certificates.dll
                                     Private=false
                             C:\Users\Lenovo\.nuget\packages\system.text.encoding\4.3.0\ref\netstandard1.3\System.Text.Encoding.dll
                                     ExternallyResolved=true
                                     HintPath=C:\Users\Lenovo\.nuget\packages\system.text.encoding\4.3.0\ref\netstandard1.3\System.Text.Encoding.dll
                                     NuGetPackageId=System.Text.Encoding
                                     NuGetPackageVersion=4.3.0
                                     NuGetSourceType=Package
                                     PathInPackage=ref/netstandard1.3/System.Text.Encoding.dll
                                     Private=false
                             C:\Users\Lenovo\.nuget\packages\system.text.encoding.extensions\4.3.0\ref\netstandard1.3\System.Text.Encoding.Extensions.dll
                                     ExternallyResolved=true
                                     HintPath=C:\Users\Lenovo\.nuget\packages\system.text.encoding.extensions\4.3.0\ref\netstandard1.3\System.Text.Encoding.Extensions.dll
                                     NuGetPackageId=System.Text.Encoding.Extensions
                                     NuGetPackageVersion=4.3.0
                                     NuGetSourceType=Package
                                     PathInPackage=ref/netstandard1.3/System.Text.Encoding.Extensions.dll
                                     Private=false
                             C:\Users\Lenovo\.nuget\packages\system.text.encodings.web\9.0.9\lib\net8.0\System.Text.Encodings.Web.dll
                                     ExternallyResolved=true
                                     HintPath=C:\Users\Lenovo\.nuget\packages\system.text.encodings.web\9.0.9\lib\net8.0\System.Text.Encodings.Web.dll
                                     NuGetPackageId=System.Text.Encodings.Web
                                     NuGetPackageVersion=9.0.9
                                     NuGetSourceType=Package
                                     PathInPackage=lib/net8.0/System.Text.Encodings.Web.dll
                                     Private=false
                             C:\Users\Lenovo\.nuget\packages\system.text.json\9.0.9\lib\net8.0\System.Text.Json.dll
                                     ExternallyResolved=true
                                     HintPath=C:\Users\Lenovo\.nuget\packages\system.text.json\9.0.9\lib\net8.0\System.Text.Json.dll
                                     NuGetPackageId=System.Text.Json
                                     NuGetPackageVersion=9.0.9
                                     NuGetSourceType=Package
                                     PathInPackage=lib/net8.0/System.Text.Json.dll
                                     Private=false
                             C:\Users\Lenovo\.nuget\packages\system.text.regularexpressions\4.3.0\ref\netcoreapp1.1\System.Text.RegularExpressions.dll
                                     ExternallyResolved=true
                                     HintPath=C:\Users\Lenovo\.nuget\packages\system.text.regularexpressions\4.3.0\ref\netcoreapp1.1\System.Text.RegularExpressions.dll
                                     NuGetPackageId=System.Text.RegularExpressions
                                     NuGetPackageVersion=4.3.0
                                     NuGetSourceType=Package
                                     PathInPackage=ref/netcoreapp1.1/System.Text.RegularExpressions.dll
                                     Private=false
                             C:\Users\Lenovo\.nuget\packages\system.threading\4.3.0\ref\netstandard1.3\System.Threading.dll
                                     ExternallyResolved=true
                                     HintPath=C:\Users\Lenovo\.nuget\packages\system.threading\4.3.0\ref\netstandard1.3\System.Threading.dll
                                     NuGetPackageId=System.Threading
                                     NuGetPackageVersion=4.3.0
                                     NuGetSourceType=Package
                                     PathInPackage=ref/netstandard1.3/System.Threading.dll
                                     Private=false
                             C:\Users\Lenovo\.nuget\packages\system.threading.tasks\4.3.0\ref\netstandard1.3\System.Threading.Tasks.dll
                                     ExternallyResolved=true
                                     HintPath=C:\Users\Lenovo\.nuget\packages\system.threading.tasks\4.3.0\ref\netstandard1.3\System.Threading.Tasks.dll
                                     NuGetPackageId=System.Threading.Tasks
                                     NuGetPackageVersion=4.3.0
                                     NuGetSourceType=Package
                                     PathInPackage=ref/netstandard1.3/System.Threading.Tasks.dll
                                     Private=false
                             C:\Users\Lenovo\.nuget\packages\system.threading.timer\4.3.0\ref\netstandard1.2\System.Threading.Timer.dll
                                     ExternallyResolved=true
                                     HintPath=C:\Users\Lenovo\.nuget\packages\system.threading.timer\4.3.0\ref\netstandard1.2\System.Threading.Timer.dll
                                     NuGetPackageId=System.Threading.Timer
                                     NuGetPackageVersion=4.3.0
                                     NuGetSourceType=Package
                                     PathInPackage=ref/netstandard1.2/System.Threading.Timer.dll
                                     Private=false
                             C:\Users\Lenovo\.nuget\packages\system.xml.readerwriter\4.3.0\ref\netstandard1.3\System.Xml.ReaderWriter.dll
                                     ExternallyResolved=true
                                     HintPath=C:\Users\Lenovo\.nuget\packages\system.xml.readerwriter\4.3.0\ref\netstandard1.3\System.Xml.ReaderWriter.dll
                                     NuGetPackageId=System.Xml.ReaderWriter
                                     NuGetPackageVersion=4.3.0
                                     NuGetSourceType=Package
                                     PathInPackage=ref/netstandard1.3/System.Xml.ReaderWriter.dll
                                     Private=false
                             C:\Users\Lenovo\.nuget\packages\system.xml.xdocument\4.3.0\ref\netstandard1.3\System.Xml.XDocument.dll
                                     ExternallyResolved=true
                                     HintPath=C:\Users\Lenovo\.nuget\packages\system.xml.xdocument\4.3.0\ref\netstandard1.3\System.Xml.XDocument.dll
                                     NuGetPackageId=System.Xml.XDocument
                                     NuGetPackageVersion=4.3.0
                                     NuGetSourceType=Package
                                     PathInPackage=ref/netstandard1.3/System.Xml.XDocument.dll
                                     Private=false (TaskId:11)
                     Task Parameter:RightMetadata=* (TaskId:11)
                     Task Parameter:LeftKey=FileName (TaskId:11)
                   Done executing task "JoinItems". (TaskId:11)
                   Added Item(s): 
                       ResolvedCompileFileDefinitionsToAdd=
                           C:\Users\Lenovo\.nuget\packages\communitytoolkit.mvvm\8.4.0\lib\net8.0\CommunityToolkit.Mvvm.dll
                                   ExternallyResolved=true
                                   HintPath=C:\Users\Lenovo\.nuget\packages\communitytoolkit.mvvm\8.4.0\lib\net8.0\CommunityToolkit.Mvvm.dll
                                   NuGetPackageId=CommunityToolkit.Mvvm
                                   NuGetPackageVersion=8.4.0
                                   NuGetSourceType=Package
                                   PathInPackage=lib/net8.0/CommunityToolkit.Mvvm.dll
                                   Private=false
                           C:\Users\Lenovo\.nuget\packages\cyotek.drawing.bitmapfont\2.0.0\lib\netcoreapp3.1\Cyotek.Drawing.BitmapFont.dll
                                   ExternallyResolved=true
                                   HintPath=C:\Users\Lenovo\.nuget\packages\cyotek.drawing.bitmapfont\2.0.0\lib\netcoreapp3.1\Cyotek.Drawing.BitmapFont.dll
                                   NuGetPackageId=Cyotek.Drawing.BitmapFont
                                   NuGetPackageVersion=2.0.0
                                   NuGetSourceType=Package
                                   PathInPackage=lib/netcoreapp3.1/Cyotek.Drawing.BitmapFont.dll
                                   Private=false
                           C:\Users\Lenovo\.nuget\packages\helixtoolkit\2.27.0\lib\netstandard2.0\HelixToolkit.dll
                                   ExternallyResolved=true
                                   HintPath=C:\Users\Lenovo\.nuget\packages\helixtoolkit\2.27.0\lib\netstandard2.0\HelixToolkit.dll
                                   NuGetPackageId=HelixToolkit
                                   NuGetPackageVersion=2.27.0
                                   NuGetSourceType=Package
                                   PathInPackage=lib/netstandard2.0/HelixToolkit.dll
                                   Private=false
                           C:\Users\Lenovo\.nuget\packages\helixtoolkit.wpf.sharpdx\2.27.0\lib\net462\HelixToolkit.Wpf.SharpDX.dll
                                   ExternallyResolved=true
                                   HintPath=C:\Users\Lenovo\.nuget\packages\helixtoolkit.wpf.sharpdx\2.27.0\lib\net462\HelixToolkit.Wpf.SharpDX.dll
                                   NuGetPackageId=HelixToolkit.Wpf.SharpDX
                                   NuGetPackageVersion=2.27.0
                                   NuGetSourceType=Package
                                   PathInPackage=lib/net462/HelixToolkit.Wpf.SharpDX.dll
                                   Private=false
                           C:\Users\Lenovo\.nuget\packages\microsoft.dotnet.platformabstractions\3.1.6\lib\netstandard2.0\Microsoft.DotNet.PlatformAbstractions.dll
                                   ExternallyResolved=true
                                   HintPath=C:\Users\Lenovo\.nuget\packages\microsoft.dotnet.platformabstractions\3.1.6\lib\netstandard2.0\Microsoft.DotNet.PlatformAbstractions.dll
                                   NuGetPackageId=Microsoft.DotNet.PlatformAbstractions
                                   NuGetPackageVersion=3.1.6
                                   NuGetSourceType=Package
                                   PathInPackage=lib/netstandard2.0/Microsoft.DotNet.PlatformAbstractions.dll
                                   Private=false
                           C:\Users\Lenovo\.nuget\packages\microsoft.extensions.dependencyinjection\9.0.4\lib\net8.0\Microsoft.Extensions.DependencyInjection.dll
                                   ExternallyResolved=true
                                   HintPath=C:\Users\Lenovo\.nuget\packages\microsoft.extensions.dependencyinjection\9.0.4\lib\net8.0\Microsoft.Extensions.DependencyInjection.dll
                                   NuGetPackageId=Microsoft.Extensions.DependencyInjection
                                   NuGetPackageVersion=9.0.4
                                   NuGetSourceType=Package
                                   PathInPackage=lib/net8.0/Microsoft.Extensions.DependencyInjection.dll
                                   Private=false
                           C:\Users\Lenovo\.nuget\packages\microsoft.extensions.dependencyinjection.abstractions\9.0.4\lib\net8.0\Microsoft.Extensions.DependencyInjection.Abstractions.dll
                                   ExternallyResolved=true
                                   HintPath=C:\Users\Lenovo\.nuget\packages\microsoft.extensions.dependencyinjection.abstractions\9.0.4\lib\net8.0\Microsoft.Extensions.DependencyInjection.Abstractions.dll
                                   NuGetPackageId=Microsoft.Extensions.DependencyInjection.Abstractions
                                   NuGetPackageVersion=9.0.4
                                   NuGetSourceType=Package
                                   PathInPackage=lib/net8.0/Microsoft.Extensions.DependencyInjection.Abstractions.dll
                                   Private=false
                           C:\Users\Lenovo\.nuget\packages\microsoft.extensions.dependencymodel\9.0.9\lib\net8.0\Microsoft.Extensions.DependencyModel.dll
                                   ExternallyResolved=true
                                   HintPath=C:\Users\Lenovo\.nuget\packages\microsoft.extensions.dependencymodel\9.0.9\lib\net8.0\Microsoft.Extensions.DependencyModel.dll
                                   NuGetPackageId=Microsoft.Extensions.DependencyModel
                                   NuGetPackageVersion=9.0.9
                                   NuGetSourceType=Package
                                   PathInPackage=lib/net8.0/Microsoft.Extensions.DependencyModel.dll
                                   Private=false
                           C:\Users\Lenovo\.nuget\packages\microsoft.extensions.logging.abstractions\6.0.0\lib\net6.0\Microsoft.Extensions.Logging.Abstractions.dll
                                   ExternallyResolved=true
                                   HintPath=C:\Users\Lenovo\.nuget\packages\microsoft.extensions.logging.abstractions\6.0.0\lib\net6.0\Microsoft.Extensions.Logging.Abstractions.dll
                                   NuGetPackageId=Microsoft.Extensions.Logging.Abstractions
                                   NuGetPackageVersion=6.0.0
                                   NuGetSourceType=Package
                                   PathInPackage=lib/net6.0/Microsoft.Extensions.Logging.Abstractions.dll
                                   Private=false
                           C:\Users\Lenovo\.nuget\packages\microsoft.win32.primitives\4.3.0\ref\netstandard1.3\Microsoft.Win32.Primitives.dll
                                   ExternallyResolved=true
                                   HintPath=C:\Users\Lenovo\.nuget\packages\microsoft.win32.primitives\4.3.0\ref\netstandard1.3\Microsoft.Win32.Primitives.dll
                                   NuGetPackageId=Microsoft.Win32.Primitives
                                   NuGetPackageVersion=4.3.0
                                   NuGetSourceType=Package
                                   PathInPackage=ref/netstandard1.3/Microsoft.Win32.Primitives.dll
                                   Private=false
                           C:\Users\Lenovo\.nuget\packages\sharpdx\4.2.0\lib\netstandard1.1\SharpDX.dll
                                   ExternallyResolved=true
                                   HintPath=C:\Users\Lenovo\.nuget\packages\sharpdx\4.2.0\lib\netstandard1.1\SharpDX.dll
                                   NuGetPackageId=SharpDX
                                   NuGetPackageVersion=4.2.0
                                   NuGetSourceType=Package
                                   PathInPackage=lib/netstandard1.1/SharpDX.dll
                                   Private=false
                           C:\Users\Lenovo\.nuget\packages\sharpdx.d3dcompiler\4.2.0\lib\netstandard1.1\SharpDX.D3DCompiler.dll
                                   ExternallyResolved=true
                                   HintPath=C:\Users\Lenovo\.nuget\packages\sharpdx.d3dcompiler\4.2.0\lib\netstandard1.1\SharpDX.D3DCompiler.dll
                                   NuGetPackageId=SharpDX.D3DCompiler
                                   NuGetPackageVersion=4.2.0
                                   NuGetSourceType=Package
                                   PathInPackage=lib/netstandard1.1/SharpDX.D3DCompiler.dll
                                   Private=false
                           C:\Users\Lenovo\.nuget\packages\sharpdx.direct2d1\4.2.0\lib\netstandard1.1\SharpDX.Direct2D1.dll
                                   ExternallyResolved=true
                                   HintPath=C:\Users\Lenovo\.nuget\packages\sharpdx.direct2d1\4.2.0\lib\netstandard1.1\SharpDX.Direct2D1.dll
                                   NuGetPackageId=SharpDX.Direct2D1
                                   NuGetPackageVersion=4.2.0
                                   NuGetSourceType=Package
                                   PathInPackage=lib/netstandard1.1/SharpDX.Direct2D1.dll
                                   Private=false
                           C:\Users\Lenovo\.nuget\packages\sharpdx.direct3d11\4.2.0\lib\netstandard1.1\SharpDX.Direct3D11.dll
                                   ExternallyResolved=true
                                   HintPath=C:\Users\Lenovo\.nuget\packages\sharpdx.direct3d11\4.2.0\lib\netstandard1.1\SharpDX.Direct3D11.dll
                                   NuGetPackageId=SharpDX.Direct3D11
                                   NuGetPackageVersion=4.2.0
                                   NuGetSourceType=Package
                                   PathInPackage=lib/netstandard1.1/SharpDX.Direct3D11.dll
                                   Private=false
                           C:\Users\Lenovo\.nuget\packages\sharpdx.direct3d9\4.2.0\lib\netstandard1.3\SharpDX.Direct3D9.dll
                                   ExternallyResolved=true
                                   HintPath=C:\Users\Lenovo\.nuget\packages\sharpdx.direct3d9\4.2.0\lib\netstandard1.3\SharpDX.Direct3D9.dll
                                   NuGetPackageId=SharpDX.Direct3D9
                                   NuGetPackageVersion=4.2.0
                                   NuGetSourceType=Package
                                   PathInPackage=lib/netstandard1.3/SharpDX.Direct3D9.dll
                                   Private=false
                           C:\Users\Lenovo\.nuget\packages\sharpdx.dxgi\4.2.0\lib\netstandard1.1\SharpDX.DXGI.dll
                                   ExternallyResolved=true
                                   HintPath=C:\Users\Lenovo\.nuget\packages\sharpdx.dxgi\4.2.0\lib\netstandard1.1\SharpDX.DXGI.dll
                                   NuGetPackageId=SharpDX.DXGI
                                   NuGetPackageVersion=4.2.0
                                   NuGetSourceType=Package
                                   PathInPackage=lib/netstandard1.1/SharpDX.DXGI.dll
                                   Private=false
                           C:\Users\Lenovo\.nuget\packages\sharpdx.mathematics\4.2.0\lib\netstandard1.1\SharpDX.Mathematics.dll
                                   ExternallyResolved=true
                                   HintPath=C:\Users\Lenovo\.nuget\packages\sharpdx.mathematics\4.2.0\lib\netstandard1.1\SharpDX.Mathematics.dll
                                   NuGetPackageId=SharpDX.Mathematics
                                   NuGetPackageVersion=4.2.0
                                   NuGetSourceType=Package
                                   PathInPackage=lib/netstandard1.1/SharpDX.Mathematics.dll
                                   Private=false
                           C:\Users\Lenovo\.nuget\packages\silk.net.core\2.23.0\lib\net6.0\Silk.NET.Core.dll
                                   ExternallyResolved=true
                                   HintPath=C:\Users\Lenovo\.nuget\packages\silk.net.core\2.23.0\lib\net6.0\Silk.NET.Core.dll
                                   NuGetPackageId=Silk.NET.Core
                                   NuGetPackageVersion=2.23.0
                                   NuGetSourceType=Package
                                   PathInPackage=lib/net6.0/Silk.NET.Core.dll
                                   Private=false
                           C:\Users\Lenovo\.nuget\packages\silk.net.glfw\2.23.0\lib\net5.0\Silk.NET.GLFW.dll
                                   ExternallyResolved=true
                                   HintPath=C:\Users\Lenovo\.nuget\packages\silk.net.glfw\2.23.0\lib\net5.0\Silk.NET.GLFW.dll
                                   NuGetPackageId=Silk.NET.GLFW
                                   NuGetPackageVersion=2.23.0
                                   NuGetSourceType=Package
                                   PathInPackage=lib/net5.0/Silk.NET.GLFW.dll
                                   Private=false
                           C:\Users\Lenovo\.nuget\packages\silk.net.input.common\2.23.0\lib\net5.0\Silk.NET.Input.Common.dll
                                   ExternallyResolved=true
                                   HintPath=C:\Users\Lenovo\.nuget\packages\silk.net.input.common\2.23.0\lib\net5.0\Silk.NET.Input.Common.dll
                                   NuGetPackageId=Silk.NET.Input.Common
                                   NuGetPackageVersion=2.23.0
                                   NuGetSourceType=Package
                                   PathInPackage=lib/net5.0/Silk.NET.Input.Common.dll
                                   Private=false
                           C:\Users\Lenovo\.nuget\packages\silk.net.input.glfw\2.23.0\lib\net5.0\Silk.NET.Input.Glfw.dll
                                   ExternallyResolved=true
                                   HintPath=C:\Users\Lenovo\.nuget\packages\silk.net.input.glfw\2.23.0\lib\net5.0\Silk.NET.Input.Glfw.dll
                                   NuGetPackageId=Silk.NET.Input.Glfw
                                   NuGetPackageVersion=2.23.0
                                   NuGetSourceType=Package
                                   PathInPackage=lib/net5.0/Silk.NET.Input.Glfw.dll
                                   Private=false
                           C:\Users\Lenovo\.nuget\packages\silk.net.maths\2.23.0\lib\net5.0\Silk.NET.Maths.dll
                                   ExternallyResolved=true
                                   HintPath=C:\Users\Lenovo\.nuget\packages\silk.net.maths\2.23.0\lib\net5.0\Silk.NET.Maths.dll
                                   NuGetPackageId=Silk.NET.Maths
                                   NuGetPackageVersion=2.23.0
                                   NuGetSourceType=Package
                                   PathInPackage=lib/net5.0/Silk.NET.Maths.dll
                                   Private=false
                           C:\Users\Lenovo\.nuget\packages\silk.net.opengl\2.23.0\lib\net5.0\Silk.NET.OpenGL.dll
                                   ExternallyResolved=true
                                   HintPath=C:\Users\Lenovo\.nuget\packages\silk.net.opengl\2.23.0\lib\net5.0\Silk.NET.OpenGL.dll
                                   NuGetPackageId=Silk.NET.OpenGL
                                   NuGetPackageVersion=2.23.0
                                   NuGetSourceType=Package
                                   PathInPackage=lib/net5.0/Silk.NET.OpenGL.dll
                                   Private=false
                           C:\Users\Lenovo\.nuget\packages\silk.net.windowing.common\2.23.0\lib\netstandard2.1\Silk.NET.Windowing.Common.dll
                                   ExternallyResolved=true
                                   HintPath=C:\Users\Lenovo\.nuget\packages\silk.net.windowing.common\2.23.0\lib\netstandard2.1\Silk.NET.Windowing.Common.dll
                                   NuGetPackageId=Silk.NET.Windowing.Common
                                   NuGetPackageVersion=2.23.0
                                   NuGetSourceType=Package
                                   PathInPackage=lib/netstandard2.1/Silk.NET.Windowing.Common.dll
                                   Private=false
                           C:\Users\Lenovo\.nuget\packages\silk.net.windowing.glfw\2.23.0\lib\net5.0\Silk.NET.Windowing.Glfw.dll
                                   ExternallyResolved=true
                                   HintPath=C:\Users\Lenovo\.nuget\packages\silk.net.windowing.glfw\2.23.0\lib\net5.0\Silk.NET.Windowing.Glfw.dll
                                   NuGetPackageId=Silk.NET.Windowing.Glfw
                                   NuGetPackageVersion=2.23.0
                                   NuGetSourceType=Package
                                   PathInPackage=lib/net5.0/Silk.NET.Windowing.Glfw.dll
                                   Private=false
                           C:\Users\Lenovo\.nuget\packages\system.appcontext\4.3.0\ref\netstandard1.6\System.AppContext.dll
                                   ExternallyResolved=true
                                   HintPath=C:\Users\Lenovo\.nuget\packages\system.appcontext\4.3.0\ref\netstandard1.6\System.AppContext.dll
                                   NuGetPackageId=System.AppContext
                                   NuGetPackageVersion=4.3.0
                                   NuGetSourceType=Package
                                   PathInPackage=ref/netstandard1.6/System.AppContext.dll
                                   Private=false
                           C:\Users\Lenovo\.nuget\packages\system.collections\4.3.0\ref\netstandard1.3\System.Collections.dll
                                   ExternallyResolved=true
                                   HintPath=C:\Users\Lenovo\.nuget\packages\system.collections\4.3.0\ref\netstandard1.3\System.Collections.dll
                                   NuGetPackageId=System.Collections
                                   NuGetPackageVersion=4.3.0
                                   NuGetSourceType=Package
                                   PathInPackage=ref/netstandard1.3/System.Collections.dll
                                   Private=false
                           C:\Users\Lenovo\.nuget\packages\system.collections.concurrent\4.3.0\ref\netstandard1.3\System.Collections.Concurrent.dll
                                   ExternallyResolved=true
                                   HintPath=C:\Users\Lenovo\.nuget\packages\system.collections.concurrent\4.3.0\ref\netstandard1.3\System.Collections.Concurrent.dll
                                   NuGetPackageId=System.Collections.Concurrent
                                   NuGetPackageVersion=4.3.0
                                   NuGetSourceType=Package
                                   PathInPackage=ref/netstandard1.3/System.Collections.Concurrent.dll
                                   Private=false
                           C:\Users\Lenovo\.nuget\packages\system.console\4.3.0\ref\netstandard1.3\System.Console.dll
                                   ExternallyResolved=true
                                   HintPath=C:\Users\Lenovo\.nuget\packages\system.console\4.3.0\ref\netstandard1.3\System.Console.dll
                                   NuGetPackageId=System.Console
                                   NuGetPackageVersion=4.3.0
                                   NuGetSourceType=Package
                                   PathInPackage=ref/netstandard1.3/System.Console.dll
                                   Private=false
                           C:\Users\Lenovo\.nuget\packages\system.diagnostics.debug\4.3.0\ref\netstandard1.3\System.Diagnostics.Debug.dll
                                   ExternallyResolved=true
                                   HintPath=C:\Users\Lenovo\.nuget\packages\system.diagnostics.debug\4.3.0\ref\netstandard1.3\System.Diagnostics.Debug.dll
                                   NuGetPackageId=System.Diagnostics.Debug
                                   NuGetPackageVersion=4.3.0
                                   NuGetSourceType=Package
                                   PathInPackage=ref/netstandard1.3/System.Diagnostics.Debug.dll
                                   Private=false
                           C:\Users\Lenovo\.nuget\packages\system.diagnostics.tools\4.3.0\ref\netstandard1.0\System.Diagnostics.Tools.dll
                                   ExternallyResolved=true
                                   HintPath=C:\Users\Lenovo\.nuget\packages\system.diagnostics.tools\4.3.0\ref\netstandard1.0\System.Diagnostics.Tools.dll
                                   NuGetPackageId=System.Diagnostics.Tools
                                   NuGetPackageVersion=4.3.0
                                   NuGetSourceType=Package
                                   PathInPackage=ref/netstandard1.0/System.Diagnostics.Tools.dll
                                   Private=false
                           C:\Users\Lenovo\.nuget\packages\system.diagnostics.tracing\4.3.0\ref\netstandard1.5\System.Diagnostics.Tracing.dll
                                   ExternallyResolved=true
                                   HintPath=C:\Users\Lenovo\.nuget\packages\system.diagnostics.tracing\4.3.0\ref\netstandard1.5\System.Diagnostics.Tracing.dll
                                   NuGetPackageId=System.Diagnostics.Tracing
                                   NuGetPackageVersion=4.3.0
                                   NuGetSourceType=Package
                                   PathInPackage=ref/netstandard1.5/System.Diagnostics.Tracing.dll
                                   Private=false
                           C:\Users\Lenovo\.nuget\packages\system.globalization\4.3.0\ref\netstandard1.3\System.Globalization.dll
                                   ExternallyResolved=true
                                   HintPath=C:\Users\Lenovo\.nuget\packages\system.globalization\4.3.0\ref\netstandard1.3\System.Globalization.dll
                                   NuGetPackageId=System.Globalization
                                   NuGetPackageVersion=4.3.0
                                   NuGetSourceType=Package
                                   PathInPackage=ref/netstandard1.3/System.Globalization.dll
                                   Private=false
                           C:\Users\Lenovo\.nuget\packages\system.globalization.calendars\4.3.0\ref\netstandard1.3\System.Globalization.Calendars.dll
                                   ExternallyResolved=true
                                   HintPath=C:\Users\Lenovo\.nuget\packages\system.globalization.calendars\4.3.0\ref\netstandard1.3\System.Globalization.Calendars.dll
                                   NuGetPackageId=System.Globalization.Calendars
                                   NuGetPackageVersion=4.3.0
                                   NuGetSourceType=Package
                                   PathInPackage=ref/netstandard1.3/System.Globalization.Calendars.dll
                                   Private=false
                           C:\Users\Lenovo\.nuget\packages\system.io\4.3.0\ref\netstandard1.5\System.IO.dll
                                   ExternallyResolved=true
                                   HintPath=C:\Users\Lenovo\.nuget\packages\system.io\4.3.0\ref\netstandard1.5\System.IO.dll
                                   NuGetPackageId=System.IO
                                   NuGetPackageVersion=4.3.0
                                   NuGetSourceType=Package
                                   PathInPackage=ref/netstandard1.5/System.IO.dll
                                   Private=false
                           C:\Users\Lenovo\.nuget\packages\system.io.compression\4.3.0\ref\netstandard1.3\System.IO.Compression.dll
                                   ExternallyResolved=true
                                   HintPath=C:\Users\Lenovo\.nuget\packages\system.io.compression\4.3.0\ref\netstandard1.3\System.IO.Compression.dll
                                   NuGetPackageId=System.IO.Compression
                                   NuGetPackageVersion=4.3.0
                                   NuGetSourceType=Package
                                   PathInPackage=ref/netstandard1.3/System.IO.Compression.dll
                                   Private=false
                           C:\Users\Lenovo\.nuget\packages\system.io.compression.zipfile\4.3.0\ref\netstandard1.3\System.IO.Compression.ZipFile.dll
                                   ExternallyResolved=true
                                   HintPath=C:\Users\Lenovo\.nuget\packages\system.io.compression.zipfile\4.3.0\ref\netstandard1.3\System.IO.Compression.ZipFile.dll
                                   NuGetPackageId=System.IO.Compression.ZipFile
                                   NuGetPackageVersion=4.3.0
                                   NuGetSourceType=Package
                                   PathInPackage=ref/netstandard1.3/System.IO.Compression.ZipFile.dll
                                   Private=false
                           C:\Users\Lenovo\.nuget\packages\system.io.filesystem\4.3.0\ref\netstandard1.3\System.IO.FileSystem.dll
                                   ExternallyResolved=true
                                   HintPath=C:\Users\Lenovo\.nuget\packages\system.io.filesystem\4.3.0\ref\netstandard1.3\System.IO.FileSystem.dll
                                   NuGetPackageId=System.IO.FileSystem
                                   NuGetPackageVersion=4.3.0
                                   NuGetSourceType=Package
                                   PathInPackage=ref/netstandard1.3/System.IO.FileSystem.dll
                                   Private=false
                           C:\Users\Lenovo\.nuget\packages\system.io.filesystem.primitives\4.3.0\ref\netstandard1.3\System.IO.FileSystem.Primitives.dll
                                   ExternallyResolved=true
                                   HintPath=C:\Users\Lenovo\.nuget\packages\system.io.filesystem.primitives\4.3.0\ref\netstandard1.3\System.IO.FileSystem.Primitives.dll
                                   NuGetPackageId=System.IO.FileSystem.Primitives
                                   NuGetPackageVersion=4.3.0
                                   NuGetSourceType=Package
                                   PathInPackage=ref/netstandard1.3/System.IO.FileSystem.Primitives.dll
                                   Private=false
                           C:\Users\Lenovo\.nuget\packages\system.io.pipelines\9.0.9\lib\net8.0\System.IO.Pipelines.dll
                                   ExternallyResolved=true
                                   HintPath=C:\Users\Lenovo\.nuget\packages\system.io.pipelines\9.0.9\lib\net8.0\System.IO.Pipelines.dll
                                   NuGetPackageId=System.IO.Pipelines
                                   NuGetPackageVersion=9.0.9
                                   NuGetSourceType=Package
                                   PathInPackage=lib/net8.0/System.IO.Pipelines.dll
                                   Private=false
                           C:\Users\Lenovo\.nuget\packages\system.linq\4.3.0\ref\netstandard1.6\System.Linq.dll
                                   ExternallyResolved=true
                                   HintPath=C:\Users\Lenovo\.nuget\packages\system.linq\4.3.0\ref\netstandard1.6\System.Linq.dll
                                   NuGetPackageId=System.Linq
                                   NuGetPackageVersion=4.3.0
                                   NuGetSourceType=Package
                                   PathInPackage=ref/netstandard1.6/System.Linq.dll
                                   Private=false
                           C:\Users\Lenovo\.nuget\packages\system.linq.expressions\4.3.0\ref\netstandard1.6\System.Linq.Expressions.dll
                                   ExternallyResolved=true
                                   HintPath=C:\Users\Lenovo\.nuget\packages\system.linq.expressions\4.3.0\ref\netstandard1.6\System.Linq.Expressions.dll
                                   NuGetPackageId=System.Linq.Expressions
                                   NuGetPackageVersion=4.3.0
                                   NuGetSourceType=Package
                                   PathInPackage=ref/netstandard1.6/System.Linq.Expressions.dll
                                   Private=false
                           C:\Users\Lenovo\.nuget\packages\system.net.http\4.3.0\ref\netstandard1.3\System.Net.Http.dll
                                   ExternallyResolved=true
                                   HintPath=C:\Users\Lenovo\.nuget\packages\system.net.http\4.3.0\ref\netstandard1.3\System.Net.Http.dll
                                   NuGetPackageId=System.Net.Http
                                   NuGetPackageVersion=4.3.0
                                   NuGetSourceType=Package
                                   PathInPackage=ref/netstandard1.3/System.Net.Http.dll
                                   Private=false
                           C:\Users\Lenovo\.nuget\packages\system.net.primitives\4.3.0\ref\netstandard1.3\System.Net.Primitives.dll
                                   ExternallyResolved=true
                                   HintPath=C:\Users\Lenovo\.nuget\packages\system.net.primitives\4.3.0\ref\netstandard1.3\System.Net.Primitives.dll
                                   NuGetPackageId=System.Net.Primitives
                                   NuGetPackageVersion=4.3.0
                                   NuGetSourceType=Package
                                   PathInPackage=ref/netstandard1.3/System.Net.Primitives.dll
                                   Private=false
                           C:\Users\Lenovo\.nuget\packages\system.net.sockets\4.3.0\ref\netstandard1.3\System.Net.Sockets.dll
                                   ExternallyResolved=true
                                   HintPath=C:\Users\Lenovo\.nuget\packages\system.net.sockets\4.3.0\ref\netstandard1.3\System.Net.Sockets.dll
                                   NuGetPackageId=System.Net.Sockets
                                   NuGetPackageVersion=4.3.0
                                   NuGetSourceType=Package
                                   PathInPackage=ref/netstandard1.3/System.Net.Sockets.dll
                                   Private=false
                           C:\Users\Lenovo\.nuget\packages\system.objectmodel\4.3.0\ref\netstandard1.3\System.ObjectModel.dll
                                   ExternallyResolved=true
                                   HintPath=C:\Users\Lenovo\.nuget\packages\system.objectmodel\4.3.0\ref\netstandard1.3\System.ObjectModel.dll
                                   NuGetPackageId=System.ObjectModel
                                   NuGetPackageVersion=4.3.0
                                   NuGetSourceType=Package
                                   PathInPackage=ref/netstandard1.3/System.ObjectModel.dll
                                   Private=false
                           C:\Users\Lenovo\.nuget\packages\system.reflection\4.3.0\ref\netstandard1.5\System.Reflection.dll
                                   ExternallyResolved=true
                                   HintPath=C:\Users\Lenovo\.nuget\packages\system.reflection\4.3.0\ref\netstandard1.5\System.Reflection.dll
                                   NuGetPackageId=System.Reflection
                                   NuGetPackageVersion=4.3.0
                                   NuGetSourceType=Package
                                   PathInPackage=ref/netstandard1.5/System.Reflection.dll
                                   Private=false
                           C:\Users\Lenovo\.nuget\packages\system.reflection.extensions\4.3.0\ref\netstandard1.0\System.Reflection.Extensions.dll
                                   ExternallyResolved=true
                                   HintPath=C:\Users\Lenovo\.nuget\packages\system.reflection.extensions\4.3.0\ref\netstandard1.0\System.Reflection.Extensions.dll
                                   NuGetPackageId=System.Reflection.Extensions
                                   NuGetPackageVersion=4.3.0
                                   NuGetSourceType=Package
                                   PathInPackage=ref/netstandard1.0/System.Reflection.Extensions.dll
                                   Private=false
                           C:\Users\Lenovo\.nuget\packages\system.reflection.primitives\4.3.0\ref\netstandard1.0\System.Reflection.Primitives.dll
                                   ExternallyResolved=true
                                   HintPath=C:\Users\Lenovo\.nuget\packages\system.reflection.primitives\4.3.0\ref\netstandard1.0\System.Reflection.Primitives.dll
                                   NuGetPackageId=System.Reflection.Primitives
                                   NuGetPackageVersion=4.3.0
                                   NuGetSourceType=Package
                                   PathInPackage=ref/netstandard1.0/System.Reflection.Primitives.dll
                                   Private=false
                           C:\Users\Lenovo\.nuget\packages\system.resources.resourcemanager\4.3.0\ref\netstandard1.0\System.Resources.ResourceManager.dll
                                   ExternallyResolved=true
                                   HintPath=C:\Users\Lenovo\.nuget\packages\system.resources.resourcemanager\4.3.0\ref\netstandard1.0\System.Resources.ResourceManager.dll
                                   NuGetPackageId=System.Resources.ResourceManager
                                   NuGetPackageVersion=4.3.0
                                   NuGetSourceType=Package
                                   PathInPackage=ref/netstandard1.0/System.Resources.ResourceManager.dll
                                   Private=false
                           C:\Users\Lenovo\.nuget\packages\system.runtime\4.3.0\ref\netstandard1.5\System.Runtime.dll
                                   ExternallyResolved=true
                                   HintPath=C:\Users\Lenovo\.nuget\packages\system.runtime\4.3.0\ref\netstandard1.5\System.Runtime.dll
                                   NuGetPackageId=System.Runtime
                                   NuGetPackageVersion=4.3.0
                                   NuGetSourceType=Package
                                   PathInPackage=ref/netstandard1.5/System.Runtime.dll
                                   Private=false
                           C:\Users\Lenovo\.nuget\packages\system.runtime.extensions\4.3.0\ref\netstandard1.5\System.Runtime.Extensions.dll
                                   ExternallyResolved=true
                                   HintPath=C:\Users\Lenovo\.nuget\packages\system.runtime.extensions\4.3.0\ref\netstandard1.5\System.Runtime.Extensions.dll
                                   NuGetPackageId=System.Runtime.Extensions
                                   NuGetPackageVersion=4.3.0
                                   NuGetSourceType=Package
                                   PathInPackage=ref/netstandard1.5/System.Runtime.Extensions.dll
                                   Private=false
                           C:\Users\Lenovo\.nuget\packages\system.runtime.handles\4.3.0\ref\netstandard1.3\System.Runtime.Handles.dll
                                   ExternallyResolved=true
                                   HintPath=C:\Users\Lenovo\.nuget\packages\system.runtime.handles\4.3.0\ref\netstandard1.3\System.Runtime.Handles.dll
                                   NuGetPackageId=System.Runtime.Handles
                                   NuGetPackageVersion=4.3.0
                                   NuGetSourceType=Package
                                   PathInPackage=ref/netstandard1.3/System.Runtime.Handles.dll
                                   Private=false
                           C:\Users\Lenovo\.nuget\packages\system.runtime.interopservices\4.3.0\ref\netcoreapp1.1\System.Runtime.InteropServices.dll
                                   ExternallyResolved=true
                                   HintPath=C:\Users\Lenovo\.nuget\packages\system.runtime.interopservices\4.3.0\ref\netcoreapp1.1\System.Runtime.InteropServices.dll
                                   NuGetPackageId=System.Runtime.InteropServices
                                   NuGetPackageVersion=4.3.0
                                   NuGetSourceType=Package
                                   PathInPackage=ref/netcoreapp1.1/System.Runtime.InteropServices.dll
                                   Private=false
                           C:\Users\Lenovo\.nuget\packages\system.runtime.interopservices.runtimeinformation\4.3.0\ref\netstandard1.1\System.Runtime.InteropServices.RuntimeInformation.dll
                                   ExternallyResolved=true
                                   HintPath=C:\Users\Lenovo\.nuget\packages\system.runtime.interopservices.runtimeinformation\4.3.0\ref\netstandard1.1\System.Runtime.InteropServices.RuntimeInformation.dll
                                   NuGetPackageId=System.Runtime.InteropServices.RuntimeInformation
                                   NuGetPackageVersion=4.3.0
                                   NuGetSourceType=Package
                                   PathInPackage=ref/netstandard1.1/System.Runtime.InteropServices.RuntimeInformation.dll
                                   Private=false
                           C:\Users\Lenovo\.nuget\packages\system.runtime.numerics\4.3.0\ref\netstandard1.1\System.Runtime.Numerics.dll
                                   ExternallyResolved=true
                                   HintPath=C:\Users\Lenovo\.nuget\packages\system.runtime.numerics\4.3.0\ref\netstandard1.1\System.Runtime.Numerics.dll
                                   NuGetPackageId=System.Runtime.Numerics
                                   NuGetPackageVersion=4.3.0
                                   NuGetSourceType=Package
                                   PathInPackage=ref/netstandard1.1/System.Runtime.Numerics.dll
                                   Private=false
                           C:\Users\Lenovo\.nuget\packages\system.security.cryptography.algorithms\4.3.0\ref\netstandard1.6\System.Security.Cryptography.Algorithms.dll
                                   ExternallyResolved=true
                                   HintPath=C:\Users\Lenovo\.nuget\packages\system.security.cryptography.algorithms\4.3.0\ref\netstandard1.6\System.Security.Cryptography.Algorithms.dll
                                   NuGetPackageId=System.Security.Cryptography.Algorithms
                                   NuGetPackageVersion=4.3.0
                                   NuGetSourceType=Package
                                   PathInPackage=ref/netstandard1.6/System.Security.Cryptography.Algorithms.dll
                                   Private=false
                           C:\Users\Lenovo\.nuget\packages\system.security.cryptography.encoding\4.3.0\ref\netstandard1.3\System.Security.Cryptography.Encoding.dll
                                   ExternallyResolved=true
                                   HintPath=C:\Users\Lenovo\.nuget\packages\system.security.cryptography.encoding\4.3.0\ref\netstandard1.3\System.Security.Cryptography.Encoding.dll
                                   NuGetPackageId=System.Security.Cryptography.Encoding
                                   NuGetPackageVersion=4.3.0
                                   NuGetSourceType=Package
                                   PathInPackage=ref/netstandard1.3/System.Security.Cryptography.Encoding.dll
                                   Private=false
                           C:\Users\Lenovo\.nuget\packages\system.security.cryptography.primitives\4.3.0\ref\netstandard1.3\System.Security.Cryptography.Primitives.dll
                                   ExternallyResolved=true
                                   HintPath=C:\Users\Lenovo\.nuget\packages\system.security.cryptography.primitives\4.3.0\ref\netstandard1.3\System.Security.Cryptography.Primitives.dll
                                   NuGetPackageId=System.Security.Cryptography.Primitives
                                   NuGetPackageVersion=4.3.0
                                   NuGetSourceType=Package
                                   PathInPackage=ref/netstandard1.3/System.Security.Cryptography.Primitives.dll
                                   Private=false
                           C:\Users\Lenovo\.nuget\packages\system.security.cryptography.x509certificates\4.3.0\ref\netstandard1.4\System.Security.Cryptography.X509Certificates.dll
                                   ExternallyResolved=true
                                   HintPath=C:\Users\Lenovo\.nuget\packages\system.security.cryptography.x509certificates\4.3.0\ref\netstandard1.4\System.Security.Cryptography.X509Certificates.dll
                                   NuGetPackageId=System.Security.Cryptography.X509Certificates
                                   NuGetPackageVersion=4.3.0
                                   NuGetSourceType=Package
                                   PathInPackage=ref/netstandard1.4/System.Security.Cryptography.X509Certificates.dll
                                   Private=false
                           C:\Users\Lenovo\.nuget\packages\system.text.encoding\4.3.0\ref\netstandard1.3\System.Text.Encoding.dll
                                   ExternallyResolved=true
                                   HintPath=C:\Users\Lenovo\.nuget\packages\system.text.encoding\4.3.0\ref\netstandard1.3\System.Text.Encoding.dll
                                   NuGetPackageId=System.Text.Encoding
                                   NuGetPackageVersion=4.3.0
                                   NuGetSourceType=Package
                                   PathInPackage=ref/netstandard1.3/System.Text.Encoding.dll
                                   Private=false
                           C:\Users\Lenovo\.nuget\packages\system.text.encoding.extensions\4.3.0\ref\netstandard1.3\System.Text.Encoding.Extensions.dll
                                   ExternallyResolved=true
                                   HintPath=C:\Users\Lenovo\.nuget\packages\system.text.encoding.extensions\4.3.0\ref\netstandard1.3\System.Text.Encoding.Extensions.dll
                                   NuGetPackageId=System.Text.Encoding.Extensions
                                   NuGetPackageVersion=4.3.0
                                   NuGetSourceType=Package
                                   PathInPackage=ref/netstandard1.3/System.Text.Encoding.Extensions.dll
                                   Private=false
                           C:\Users\Lenovo\.nuget\packages\system.text.encodings.web\9.0.9\lib\net8.0\System.Text.Encodings.Web.dll
                                   ExternallyResolved=true
                                   HintPath=C:\Users\Lenovo\.nuget\packages\system.text.encodings.web\9.0.9\lib\net8.0\System.Text.Encodings.Web.dll
                                   NuGetPackageId=System.Text.Encodings.Web
                                   NuGetPackageVersion=9.0.9
                                   NuGetSourceType=Package
                                   PathInPackage=lib/net8.0/System.Text.Encodings.Web.dll
                                   Private=false
                           C:\Users\Lenovo\.nuget\packages\system.text.json\9.0.9\lib\net8.0\System.Text.Json.dll
                                   ExternallyResolved=true
                                   HintPath=C:\Users\Lenovo\.nuget\packages\system.text.json\9.0.9\lib\net8.0\System.Text.Json.dll
                                   NuGetPackageId=System.Text.Json
                                   NuGetPackageVersion=9.0.9
                                   NuGetSourceType=Package
                                   PathInPackage=lib/net8.0/System.Text.Json.dll
                                   Private=false
                           C:\Users\Lenovo\.nuget\packages\system.text.regularexpressions\4.3.0\ref\netcoreapp1.1\System.Text.RegularExpressions.dll
                                   ExternallyResolved=true
                                   HintPath=C:\Users\Lenovo\.nuget\packages\system.text.regularexpressions\4.3.0\ref\netcoreapp1.1\System.Text.RegularExpressions.dll
                                   NuGetPackageId=System.Text.RegularExpressions
                                   NuGetPackageVersion=4.3.0
                                   NuGetSourceType=Package
                                   PathInPackage=ref/netcoreapp1.1/System.Text.RegularExpressions.dll
                                   Private=false
                           C:\Users\Lenovo\.nuget\packages\system.threading\4.3.0\ref\netstandard1.3\System.Threading.dll
                                   ExternallyResolved=true
                                   HintPath=C:\Users\Lenovo\.nuget\packages\system.threading\4.3.0\ref\netstandard1.3\System.Threading.dll
                                   NuGetPackageId=System.Threading
                                   NuGetPackageVersion=4.3.0
                                   NuGetSourceType=Package
                                   PathInPackage=ref/netstandard1.3/System.Threading.dll
                                   Private=false
                           C:\Users\Lenovo\.nuget\packages\system.threading.tasks\4.3.0\ref\netstandard1.3\System.Threading.Tasks.dll
                                   ExternallyResolved=true
                                   HintPath=C:\Users\Lenovo\.nuget\packages\system.threading.tasks\4.3.0\ref\netstandard1.3\System.Threading.Tasks.dll
                                   NuGetPackageId=System.Threading.Tasks
                                   NuGetPackageVersion=4.3.0
                                   NuGetSourceType=Package
                                   PathInPackage=ref/netstandard1.3/System.Threading.Tasks.dll
                                   Private=false
                           C:\Users\Lenovo\.nuget\packages\system.threading.timer\4.3.0\ref\netstandard1.2\System.Threading.Timer.dll
                                   ExternallyResolved=true
                                   HintPath=C:\Users\Lenovo\.nuget\packages\system.threading.timer\4.3.0\ref\netstandard1.2\System.Threading.Timer.dll
                                   NuGetPackageId=System.Threading.Timer
                                   NuGetPackageVersion=4.3.0
                                   NuGetSourceType=Package
                                   PathInPackage=ref/netstandard1.2/System.Threading.Timer.dll
                                   Private=false
                           C:\Users\Lenovo\.nuget\packages\system.xml.readerwriter\4.3.0\ref\netstandard1.3\System.Xml.ReaderWriter.dll
                                   ExternallyResolved=true
                                   HintPath=C:\Users\Lenovo\.nuget\packages\system.xml.readerwriter\4.3.0\ref\netstandard1.3\System.Xml.ReaderWriter.dll
                                   NuGetPackageId=System.Xml.ReaderWriter
                                   NuGetPackageVersion=4.3.0
                                   NuGetSourceType=Package
                                   PathInPackage=ref/netstandard1.3/System.Xml.ReaderWriter.dll
                                   Private=false
                           C:\Users\Lenovo\.nuget\packages\system.xml.xdocument\4.3.0\ref\netstandard1.3\System.Xml.XDocument.dll
                                   ExternallyResolved=true
                                   HintPath=C:\Users\Lenovo\.nuget\packages\system.xml.xdocument\4.3.0\ref\netstandard1.3\System.Xml.XDocument.dll
                                   NuGetPackageId=System.Xml.XDocument
                                   NuGetPackageVersion=4.3.0
                                   NuGetSourceType=Package
                                   PathInPackage=ref/netstandard1.3/System.Xml.XDocument.dll
                                   Private=false
                   Added Item(s): 
                       Reference=
                           C:\Users\Lenovo\.nuget\packages\communitytoolkit.mvvm\8.4.0\lib\net8.0\CommunityToolkit.Mvvm.dll
                                   ExternallyResolved=true
                                   HintPath=C:\Users\Lenovo\.nuget\packages\communitytoolkit.mvvm\8.4.0\lib\net8.0\CommunityToolkit.Mvvm.dll
                                   NuGetPackageId=CommunityToolkit.Mvvm
                                   NuGetPackageVersion=8.4.0
                                   NuGetSourceType=Package
                                   PathInPackage=lib/net8.0/CommunityToolkit.Mvvm.dll
                                   Private=false
                           C:\Users\Lenovo\.nuget\packages\cyotek.drawing.bitmapfont\2.0.0\lib\netcoreapp3.1\Cyotek.Drawing.BitmapFont.dll
                                   ExternallyResolved=true
                                   HintPath=C:\Users\Lenovo\.nuget\packages\cyotek.drawing.bitmapfont\2.0.0\lib\netcoreapp3.1\Cyotek.Drawing.BitmapFont.dll
                                   NuGetPackageId=Cyotek.Drawing.BitmapFont
                                   NuGetPackageVersion=2.0.0
                                   NuGetSourceType=Package
                                   PathInPackage=lib/netcoreapp3.1/Cyotek.Drawing.BitmapFont.dll
                                   Private=false
                           C:\Users\Lenovo\.nuget\packages\helixtoolkit\2.27.0\lib\netstandard2.0\HelixToolkit.dll
                                   ExternallyResolved=true
                                   HintPath=C:\Users\Lenovo\.nuget\packages\helixtoolkit\2.27.0\lib\netstandard2.0\HelixToolkit.dll
                                   NuGetPackageId=HelixToolkit
                                   NuGetPackageVersion=2.27.0
                                   NuGetSourceType=Package
                                   PathInPackage=lib/netstandard2.0/HelixToolkit.dll
                                   Private=false
                           C:\Users\Lenovo\.nuget\packages\helixtoolkit.wpf.sharpdx\2.27.0\lib\net462\HelixToolkit.Wpf.SharpDX.dll
                                   ExternallyResolved=true
                                   HintPath=C:\Users\Lenovo\.nuget\packages\helixtoolkit.wpf.sharpdx\2.27.0\lib\net462\HelixToolkit.Wpf.SharpDX.dll
                                   NuGetPackageId=HelixToolkit.Wpf.SharpDX
                                   NuGetPackageVersion=2.27.0
                                   NuGetSourceType=Package
                                   PathInPackage=lib/net462/HelixToolkit.Wpf.SharpDX.dll
                                   Private=false
                           C:\Users\Lenovo\.nuget\packages\microsoft.dotnet.platformabstractions\3.1.6\lib\netstandard2.0\Microsoft.DotNet.PlatformAbstractions.dll
                                   ExternallyResolved=true
                                   HintPath=C:\Users\Lenovo\.nuget\packages\microsoft.dotnet.platformabstractions\3.1.6\lib\netstandard2.0\Microsoft.DotNet.PlatformAbstractions.dll
                                   NuGetPackageId=Microsoft.DotNet.PlatformAbstractions
                                   NuGetPackageVersion=3.1.6
                                   NuGetSourceType=Package
                                   PathInPackage=lib/netstandard2.0/Microsoft.DotNet.PlatformAbstractions.dll
                                   Private=false
                           C:\Users\Lenovo\.nuget\packages\microsoft.extensions.dependencyinjection\9.0.4\lib\net8.0\Microsoft.Extensions.DependencyInjection.dll
                                   ExternallyResolved=true
                                   HintPath=C:\Users\Lenovo\.nuget\packages\microsoft.extensions.dependencyinjection\9.0.4\lib\net8.0\Microsoft.Extensions.DependencyInjection.dll
                                   NuGetPackageId=Microsoft.Extensions.DependencyInjection
                                   NuGetPackageVersion=9.0.4
                                   NuGetSourceType=Package
                                   PathInPackage=lib/net8.0/Microsoft.Extensions.DependencyInjection.dll
                                   Private=false
                           C:\Users\Lenovo\.nuget\packages\microsoft.extensions.dependencyinjection.abstractions\9.0.4\lib\net8.0\Microsoft.Extensions.DependencyInjection.Abstractions.dll
                                   ExternallyResolved=true
                                   HintPath=C:\Users\Lenovo\.nuget\packages\microsoft.extensions.dependencyinjection.abstractions\9.0.4\lib\net8.0\Microsoft.Extensions.DependencyInjection.Abstractions.dll
                                   NuGetPackageId=Microsoft.Extensions.DependencyInjection.Abstractions
                                   NuGetPackageVersion=9.0.4
                                   NuGetSourceType=Package
                                   PathInPackage=lib/net8.0/Microsoft.Extensions.DependencyInjection.Abstractions.dll
                                   Private=false
                           C:\Users\Lenovo\.nuget\packages\microsoft.extensions.dependencymodel\9.0.9\lib\net8.0\Microsoft.Extensions.DependencyModel.dll
                                   ExternallyResolved=true
                                   HintPath=C:\Users\Lenovo\.nuget\packages\microsoft.extensions.dependencymodel\9.0.9\lib\net8.0\Microsoft.Extensions.DependencyModel.dll
                                   NuGetPackageId=Microsoft.Extensions.DependencyModel
                                   NuGetPackageVersion=9.0.9
                                   NuGetSourceType=Package
                                   PathInPackage=lib/net8.0/Microsoft.Extensions.DependencyModel.dll
                                   Private=false
                           C:\Users\Lenovo\.nuget\packages\microsoft.extensions.logging.abstractions\6.0.0\lib\net6.0\Microsoft.Extensions.Logging.Abstractions.dll
                                   ExternallyResolved=true
                                   HintPath=C:\Users\Lenovo\.nuget\packages\microsoft.extensions.logging.abstractions\6.0.0\lib\net6.0\Microsoft.Extensions.Logging.Abstractions.dll
                                   NuGetPackageId=Microsoft.Extensions.Logging.Abstractions
                                   NuGetPackageVersion=6.0.0
                                   NuGetSourceType=Package
                                   PathInPackage=lib/net6.0/Microsoft.Extensions.Logging.Abstractions.dll
                                   Private=false
                           C:\Users\Lenovo\.nuget\packages\microsoft.win32.primitives\4.3.0\ref\netstandard1.3\Microsoft.Win32.Primitives.dll
                                   ExternallyResolved=true
                                   HintPath=C:\Users\Lenovo\.nuget\packages\microsoft.win32.primitives\4.3.0\ref\netstandard1.3\Microsoft.Win32.Primitives.dll
                                   NuGetPackageId=Microsoft.Win32.Primitives
                                   NuGetPackageVersion=4.3.0
                                   NuGetSourceType=Package
                                   PathInPackage=ref/netstandard1.3/Microsoft.Win32.Primitives.dll
                                   Private=false
                           C:\Users\Lenovo\.nuget\packages\sharpdx\4.2.0\lib\netstandard1.1\SharpDX.dll
                                   ExternallyResolved=true
                                   HintPath=C:\Users\Lenovo\.nuget\packages\sharpdx\4.2.0\lib\netstandard1.1\SharpDX.dll
                                   NuGetPackageId=SharpDX
                                   NuGetPackageVersion=4.2.0
                                   NuGetSourceType=Package
                                   PathInPackage=lib/netstandard1.1/SharpDX.dll
                                   Private=false
                           C:\Users\Lenovo\.nuget\packages\sharpdx.d3dcompiler\4.2.0\lib\netstandard1.1\SharpDX.D3DCompiler.dll
                                   ExternallyResolved=true
                                   HintPath=C:\Users\Lenovo\.nuget\packages\sharpdx.d3dcompiler\4.2.0\lib\netstandard1.1\SharpDX.D3DCompiler.dll
                                   NuGetPackageId=SharpDX.D3DCompiler
                                   NuGetPackageVersion=4.2.0
                                   NuGetSourceType=Package
                                   PathInPackage=lib/netstandard1.1/SharpDX.D3DCompiler.dll
                                   Private=false
                           C:\Users\Lenovo\.nuget\packages\sharpdx.direct2d1\4.2.0\lib\netstandard1.1\SharpDX.Direct2D1.dll
                                   ExternallyResolved=true
                                   HintPath=C:\Users\Lenovo\.nuget\packages\sharpdx.direct2d1\4.2.0\lib\netstandard1.1\SharpDX.Direct2D1.dll
                                   NuGetPackageId=SharpDX.Direct2D1
                                   NuGetPackageVersion=4.2.0
                                   NuGetSourceType=Package
                                   PathInPackage=lib/netstandard1.1/SharpDX.Direct2D1.dll
                                   Private=false
                           C:\Users\Lenovo\.nuget\packages\sharpdx.direct3d11\4.2.0\lib\netstandard1.1\SharpDX.Direct3D11.dll
                                   ExternallyResolved=true
                                   HintPath=C:\Users\Lenovo\.nuget\packages\sharpdx.direct3d11\4.2.0\lib\netstandard1.1\SharpDX.Direct3D11.dll
                                   NuGetPackageId=SharpDX.Direct3D11
                                   NuGetPackageVersion=4.2.0
                                   NuGetSourceType=Package
                                   PathInPackage=lib/netstandard1.1/SharpDX.Direct3D11.dll
                                   Private=false
                           C:\Users\Lenovo\.nuget\packages\sharpdx.direct3d9\4.2.0\lib\netstandard1.3\SharpDX.Direct3D9.dll
                                   ExternallyResolved=true
                                   HintPath=C:\Users\Lenovo\.nuget\packages\sharpdx.direct3d9\4.2.0\lib\netstandard1.3\SharpDX.Direct3D9.dll
                                   NuGetPackageId=SharpDX.Direct3D9
                                   NuGetPackageVersion=4.2.0
                                   NuGetSourceType=Package
                                   PathInPackage=lib/netstandard1.3/SharpDX.Direct3D9.dll
                                   Private=false
                           C:\Users\Lenovo\.nuget\packages\sharpdx.dxgi\4.2.0\lib\netstandard1.1\SharpDX.DXGI.dll
                                   ExternallyResolved=true
                                   HintPath=C:\Users\Lenovo\.nuget\packages\sharpdx.dxgi\4.2.0\lib\netstandard1.1\SharpDX.DXGI.dll
                                   NuGetPackageId=SharpDX.DXGI
                                   NuGetPackageVersion=4.2.0
                                   NuGetSourceType=Package
                                   PathInPackage=lib/netstandard1.1/SharpDX.DXGI.dll
                                   Private=false
                           C:\Users\Lenovo\.nuget\packages\sharpdx.mathematics\4.2.0\lib\netstandard1.1\SharpDX.Mathematics.dll
                                   ExternallyResolved=true
                                   HintPath=C:\Users\Lenovo\.nuget\packages\sharpdx.mathematics\4.2.0\lib\netstandard1.1\SharpDX.Mathematics.dll
                                   NuGetPackageId=SharpDX.Mathematics
                                   NuGetPackageVersion=4.2.0
                                   NuGetSourceType=Package
                                   PathInPackage=lib/netstandard1.1/SharpDX.Mathematics.dll
                                   Private=false
                           C:\Users\Lenovo\.nuget\packages\silk.net.core\2.23.0\lib\net6.0\Silk.NET.Core.dll
                                   ExternallyResolved=true
                                   HintPath=C:\Users\Lenovo\.nuget\packages\silk.net.core\2.23.0\lib\net6.0\Silk.NET.Core.dll
                                   NuGetPackageId=Silk.NET.Core
                                   NuGetPackageVersion=2.23.0
                                   NuGetSourceType=Package
                                   PathInPackage=lib/net6.0/Silk.NET.Core.dll
                                   Private=false
                           C:\Users\Lenovo\.nuget\packages\silk.net.glfw\2.23.0\lib\net5.0\Silk.NET.GLFW.dll
                                   ExternallyResolved=true
                                   HintPath=C:\Users\Lenovo\.nuget\packages\silk.net.glfw\2.23.0\lib\net5.0\Silk.NET.GLFW.dll
                                   NuGetPackageId=Silk.NET.GLFW
                                   NuGetPackageVersion=2.23.0
                                   NuGetSourceType=Package
                                   PathInPackage=lib/net5.0/Silk.NET.GLFW.dll
                                   Private=false
                           C:\Users\Lenovo\.nuget\packages\silk.net.input.common\2.23.0\lib\net5.0\Silk.NET.Input.Common.dll
                                   ExternallyResolved=true
                                   HintPath=C:\Users\Lenovo\.nuget\packages\silk.net.input.common\2.23.0\lib\net5.0\Silk.NET.Input.Common.dll
                                   NuGetPackageId=Silk.NET.Input.Common
                                   NuGetPackageVersion=2.23.0
                                   NuGetSourceType=Package
                                   PathInPackage=lib/net5.0/Silk.NET.Input.Common.dll
                                   Private=false
                           C:\Users\Lenovo\.nuget\packages\silk.net.input.glfw\2.23.0\lib\net5.0\Silk.NET.Input.Glfw.dll
                                   ExternallyResolved=true
                                   HintPath=C:\Users\Lenovo\.nuget\packages\silk.net.input.glfw\2.23.0\lib\net5.0\Silk.NET.Input.Glfw.dll
                                   NuGetPackageId=Silk.NET.Input.Glfw
                                   NuGetPackageVersion=2.23.0
                                   NuGetSourceType=Package
                                   PathInPackage=lib/net5.0/Silk.NET.Input.Glfw.dll
                                   Private=false
                           C:\Users\Lenovo\.nuget\packages\silk.net.maths\2.23.0\lib\net5.0\Silk.NET.Maths.dll
                                   ExternallyResolved=true
                                   HintPath=C:\Users\Lenovo\.nuget\packages\silk.net.maths\2.23.0\lib\net5.0\Silk.NET.Maths.dll
                                   NuGetPackageId=Silk.NET.Maths
                                   NuGetPackageVersion=2.23.0
                                   NuGetSourceType=Package
                                   PathInPackage=lib/net5.0/Silk.NET.Maths.dll
                                   Private=false
                           C:\Users\Lenovo\.nuget\packages\silk.net.opengl\2.23.0\lib\net5.0\Silk.NET.OpenGL.dll
                                   ExternallyResolved=true
                                   HintPath=C:\Users\Lenovo\.nuget\packages\silk.net.opengl\2.23.0\lib\net5.0\Silk.NET.OpenGL.dll
                                   NuGetPackageId=Silk.NET.OpenGL
                                   NuGetPackageVersion=2.23.0
                                   NuGetSourceType=Package
                                   PathInPackage=lib/net5.0/Silk.NET.OpenGL.dll
                                   Private=false
                           C:\Users\Lenovo\.nuget\packages\silk.net.windowing.common\2.23.0\lib\netstandard2.1\Silk.NET.Windowing.Common.dll
                                   ExternallyResolved=true
                                   HintPath=C:\Users\Lenovo\.nuget\packages\silk.net.windowing.common\2.23.0\lib\netstandard2.1\Silk.NET.Windowing.Common.dll
                                   NuGetPackageId=Silk.NET.Windowing.Common
                                   NuGetPackageVersion=2.23.0
                                   NuGetSourceType=Package
                                   PathInPackage=lib/netstandard2.1/Silk.NET.Windowing.Common.dll
                                   Private=false
                           C:\Users\Lenovo\.nuget\packages\silk.net.windowing.glfw\2.23.0\lib\net5.0\Silk.NET.Windowing.Glfw.dll
                                   ExternallyResolved=true
                                   HintPath=C:\Users\Lenovo\.nuget\packages\silk.net.windowing.glfw\2.23.0\lib\net5.0\Silk.NET.Windowing.Glfw.dll
                                   NuGetPackageId=Silk.NET.Windowing.Glfw
                                   NuGetPackageVersion=2.23.0
                                   NuGetSourceType=Package
                                   PathInPackage=lib/net5.0/Silk.NET.Windowing.Glfw.dll
                                   Private=false
                           C:\Users\Lenovo\.nuget\packages\system.appcontext\4.3.0\ref\netstandard1.6\System.AppContext.dll
                                   ExternallyResolved=true
                                   HintPath=C:\Users\Lenovo\.nuget\packages\system.appcontext\4.3.0\ref\netstandard1.6\System.AppContext.dll
                                   NuGetPackageId=System.AppContext
                                   NuGetPackageVersion=4.3.0
                                   NuGetSourceType=Package
                                   PathInPackage=ref/netstandard1.6/System.AppContext.dll
                                   Private=false
                           C:\Users\Lenovo\.nuget\packages\system.collections\4.3.0\ref\netstandard1.3\System.Collections.dll
                                   ExternallyResolved=true
                                   HintPath=C:\Users\Lenovo\.nuget\packages\system.collections\4.3.0\ref\netstandard1.3\System.Collections.dll
                                   NuGetPackageId=System.Collections
                                   NuGetPackageVersion=4.3.0
                                   NuGetSourceType=Package
                                   PathInPackage=ref/netstandard1.3/System.Collections.dll
                                   Private=false
                           C:\Users\Lenovo\.nuget\packages\system.collections.concurrent\4.3.0\ref\netstandard1.3\System.Collections.Concurrent.dll
                                   ExternallyResolved=true
                                   HintPath=C:\Users\Lenovo\.nuget\packages\system.collections.concurrent\4.3.0\ref\netstandard1.3\System.Collections.Concurrent.dll
                                   NuGetPackageId=System.Collections.Concurrent
                                   NuGetPackageVersion=4.3.0
                                   NuGetSourceType=Package
                                   PathInPackage=ref/netstandard1.3/System.Collections.Concurrent.dll
                                   Private=false
                           C:\Users\Lenovo\.nuget\packages\system.console\4.3.0\ref\netstandard1.3\System.Console.dll
                                   ExternallyResolved=true
                                   HintPath=C:\Users\Lenovo\.nuget\packages\system.console\4.3.0\ref\netstandard1.3\System.Console.dll
                                   NuGetPackageId=System.Console
                                   NuGetPackageVersion=4.3.0
                                   NuGetSourceType=Package
                                   PathInPackage=ref/netstandard1.3/System.Console.dll
                                   Private=false
                           C:\Users\Lenovo\.nuget\packages\system.diagnostics.debug\4.3.0\ref\netstandard1.3\System.Diagnostics.Debug.dll
                                   ExternallyResolved=true
                                   HintPath=C:\Users\Lenovo\.nuget\packages\system.diagnostics.debug\4.3.0\ref\netstandard1.3\System.Diagnostics.Debug.dll
                                   NuGetPackageId=System.Diagnostics.Debug
                                   NuGetPackageVersion=4.3.0
                                   NuGetSourceType=Package
                                   PathInPackage=ref/netstandard1.3/System.Diagnostics.Debug.dll
                                   Private=false
                           C:\Users\Lenovo\.nuget\packages\system.diagnostics.tools\4.3.0\ref\netstandard1.0\System.Diagnostics.Tools.dll
                                   ExternallyResolved=true
                                   HintPath=C:\Users\Lenovo\.nuget\packages\system.diagnostics.tools\4.3.0\ref\netstandard1.0\System.Diagnostics.Tools.dll
                                   NuGetPackageId=System.Diagnostics.Tools
                                   NuGetPackageVersion=4.3.0
                                   NuGetSourceType=Package
                                   PathInPackage=ref/netstandard1.0/System.Diagnostics.Tools.dll
                                   Private=false
                           C:\Users\Lenovo\.nuget\packages\system.diagnostics.tracing\4.3.0\ref\netstandard1.5\System.Diagnostics.Tracing.dll
                                   ExternallyResolved=true
                                   HintPath=C:\Users\Lenovo\.nuget\packages\system.diagnostics.tracing\4.3.0\ref\netstandard1.5\System.Diagnostics.Tracing.dll
                                   NuGetPackageId=System.Diagnostics.Tracing
                                   NuGetPackageVersion=4.3.0
                                   NuGetSourceType=Package
                                   PathInPackage=ref/netstandard1.5/System.Diagnostics.Tracing.dll
                                   Private=false
                           C:\Users\Lenovo\.nuget\packages\system.globalization\4.3.0\ref\netstandard1.3\System.Globalization.dll
                                   ExternallyResolved=true
                                   HintPath=C:\Users\Lenovo\.nuget\packages\system.globalization\4.3.0\ref\netstandard1.3\System.Globalization.dll
                                   NuGetPackageId=System.Globalization
                                   NuGetPackageVersion=4.3.0
                                   NuGetSourceType=Package
                                   PathInPackage=ref/netstandard1.3/System.Globalization.dll
                                   Private=false
                           C:\Users\Lenovo\.nuget\packages\system.globalization.calendars\4.3.0\ref\netstandard1.3\System.Globalization.Calendars.dll
                                   ExternallyResolved=true
                                   HintPath=C:\Users\Lenovo\.nuget\packages\system.globalization.calendars\4.3.0\ref\netstandard1.3\System.Globalization.Calendars.dll
                                   NuGetPackageId=System.Globalization.Calendars
                                   NuGetPackageVersion=4.3.0
                                   NuGetSourceType=Package
                                   PathInPackage=ref/netstandard1.3/System.Globalization.Calendars.dll
                                   Private=false
                           C:\Users\Lenovo\.nuget\packages\system.io\4.3.0\ref\netstandard1.5\System.IO.dll
                                   ExternallyResolved=true
                                   HintPath=C:\Users\Lenovo\.nuget\packages\system.io\4.3.0\ref\netstandard1.5\System.IO.dll
                                   NuGetPackageId=System.IO
                                   NuGetPackageVersion=4.3.0
                                   NuGetSourceType=Package
                                   PathInPackage=ref/netstandard1.5/System.IO.dll
                                   Private=false
                           C:\Users\Lenovo\.nuget\packages\system.io.compression\4.3.0\ref\netstandard1.3\System.IO.Compression.dll
                                   ExternallyResolved=true
                                   HintPath=C:\Users\Lenovo\.nuget\packages\system.io.compression\4.3.0\ref\netstandard1.3\System.IO.Compression.dll
                                   NuGetPackageId=System.IO.Compression
                                   NuGetPackageVersion=4.3.0
                                   NuGetSourceType=Package
                                   PathInPackage=ref/netstandard1.3/System.IO.Compression.dll
                                   Private=false
                           C:\Users\Lenovo\.nuget\packages\system.io.compression.zipfile\4.3.0\ref\netstandard1.3\System.IO.Compression.ZipFile.dll
                                   ExternallyResolved=true
                                   HintPath=C:\Users\Lenovo\.nuget\packages\system.io.compression.zipfile\4.3.0\ref\netstandard1.3\System.IO.Compression.ZipFile.dll
                                   NuGetPackageId=System.IO.Compression.ZipFile
                                   NuGetPackageVersion=4.3.0
                                   NuGetSourceType=Package
                                   PathInPackage=ref/netstandard1.3/System.IO.Compression.ZipFile.dll
                                   Private=false
                           C:\Users\Lenovo\.nuget\packages\system.io.filesystem\4.3.0\ref\netstandard1.3\System.IO.FileSystem.dll
                                   ExternallyResolved=true
                                   HintPath=C:\Users\Lenovo\.nuget\packages\system.io.filesystem\4.3.0\ref\netstandard1.3\System.IO.FileSystem.dll
                                   NuGetPackageId=System.IO.FileSystem
                                   NuGetPackageVersion=4.3.0
                                   NuGetSourceType=Package
                                   PathInPackage=ref/netstandard1.3/System.IO.FileSystem.dll
                                   Private=false
                           C:\Users\Lenovo\.nuget\packages\system.io.filesystem.primitives\4.3.0\ref\netstandard1.3\System.IO.FileSystem.Primitives.dll
                                   ExternallyResolved=true
                                   HintPath=C:\Users\Lenovo\.nuget\packages\system.io.filesystem.primitives\4.3.0\ref\netstandard1.3\System.IO.FileSystem.Primitives.dll
                                   NuGetPackageId=System.IO.FileSystem.Primitives
                                   NuGetPackageVersion=4.3.0
                                   NuGetSourceType=Package
                                   PathInPackage=ref/netstandard1.3/System.IO.FileSystem.Primitives.dll
                                   Private=false
                           C:\Users\Lenovo\.nuget\packages\system.io.pipelines\9.0.9\lib\net8.0\System.IO.Pipelines.dll
                                   ExternallyResolved=true
                                   HintPath=C:\Users\Lenovo\.nuget\packages\system.io.pipelines\9.0.9\lib\net8.0\System.IO.Pipelines.dll
                                   NuGetPackageId=System.IO.Pipelines
                                   NuGetPackageVersion=9.0.9
                                   NuGetSourceType=Package
                                   PathInPackage=lib/net8.0/System.IO.Pipelines.dll
                                   Private=false
                           C:\Users\Lenovo\.nuget\packages\system.linq\4.3.0\ref\netstandard1.6\System.Linq.dll
                                   ExternallyResolved=true
                                   HintPath=C:\Users\Lenovo\.nuget\packages\system.linq\4.3.0\ref\netstandard1.6\System.Linq.dll
                                   NuGetPackageId=System.Linq
                                   NuGetPackageVersion=4.3.0
                                   NuGetSourceType=Package
                                   PathInPackage=ref/netstandard1.6/System.Linq.dll
                                   Private=false
                           C:\Users\Lenovo\.nuget\packages\system.linq.expressions\4.3.0\ref\netstandard1.6\System.Linq.Expressions.dll
                                   ExternallyResolved=true
                                   HintPath=C:\Users\Lenovo\.nuget\packages\system.linq.expressions\4.3.0\ref\netstandard1.6\System.Linq.Expressions.dll
                                   NuGetPackageId=System.Linq.Expressions
                                   NuGetPackageVersion=4.3.0
                                   NuGetSourceType=Package
                                   PathInPackage=ref/netstandard1.6/System.Linq.Expressions.dll
                                   Private=false
                           C:\Users\Lenovo\.nuget\packages\system.net.http\4.3.0\ref\netstandard1.3\System.Net.Http.dll
                                   ExternallyResolved=true
                                   HintPath=C:\Users\Lenovo\.nuget\packages\system.net.http\4.3.0\ref\netstandard1.3\System.Net.Http.dll
                                   NuGetPackageId=System.Net.Http
                                   NuGetPackageVersion=4.3.0
                                   NuGetSourceType=Package
                                   PathInPackage=ref/netstandard1.3/System.Net.Http.dll
                                   Private=false
                           C:\Users\Lenovo\.nuget\packages\system.net.primitives\4.3.0\ref\netstandard1.3\System.Net.Primitives.dll
                                   ExternallyResolved=true
                                   HintPath=C:\Users\Lenovo\.nuget\packages\system.net.primitives\4.3.0\ref\netstandard1.3\System.Net.Primitives.dll
                                   NuGetPackageId=System.Net.Primitives
                                   NuGetPackageVersion=4.3.0
                                   NuGetSourceType=Package
                                   PathInPackage=ref/netstandard1.3/System.Net.Primitives.dll
                                   Private=false
                           C:\Users\Lenovo\.nuget\packages\system.net.sockets\4.3.0\ref\netstandard1.3\System.Net.Sockets.dll
                                   ExternallyResolved=true
                                   HintPath=C:\Users\Lenovo\.nuget\packages\system.net.sockets\4.3.0\ref\netstandard1.3\System.Net.Sockets.dll
                                   NuGetPackageId=System.Net.Sockets
                                   NuGetPackageVersion=4.3.0
                                   NuGetSourceType=Package
                                   PathInPackage=ref/netstandard1.3/System.Net.Sockets.dll
                                   Private=false
                           C:\Users\Lenovo\.nuget\packages\system.objectmodel\4.3.0\ref\netstandard1.3\System.ObjectModel.dll
                                   ExternallyResolved=true
                                   HintPath=C:\Users\Lenovo\.nuget\packages\system.objectmodel\4.3.0\ref\netstandard1.3\System.ObjectModel.dll
                                   NuGetPackageId=System.ObjectModel
                                   NuGetPackageVersion=4.3.0
                                   NuGetSourceType=Package
                                   PathInPackage=ref/netstandard1.3/System.ObjectModel.dll
                                   Private=false
                           C:\Users\Lenovo\.nuget\packages\system.reflection\4.3.0\ref\netstandard1.5\System.Reflection.dll
                                   ExternallyResolved=true
                                   HintPath=C:\Users\Lenovo\.nuget\packages\system.reflection\4.3.0\ref\netstandard1.5\System.Reflection.dll
                                   NuGetPackageId=System.Reflection
                                   NuGetPackageVersion=4.3.0
                                   NuGetSourceType=Package
                                   PathInPackage=ref/netstandard1.5/System.Reflection.dll
                                   Private=false
                           C:\Users\Lenovo\.nuget\packages\system.reflection.extensions\4.3.0\ref\netstandard1.0\System.Reflection.Extensions.dll
                                   ExternallyResolved=true
                                   HintPath=C:\Users\Lenovo\.nuget\packages\system.reflection.extensions\4.3.0\ref\netstandard1.0\System.Reflection.Extensions.dll
                                   NuGetPackageId=System.Reflection.Extensions
                                   NuGetPackageVersion=4.3.0
                                   NuGetSourceType=Package
                                   PathInPackage=ref/netstandard1.0/System.Reflection.Extensions.dll
                                   Private=false
                           C:\Users\Lenovo\.nuget\packages\system.reflection.primitives\4.3.0\ref\netstandard1.0\System.Reflection.Primitives.dll
                                   ExternallyResolved=true
                                   HintPath=C:\Users\Lenovo\.nuget\packages\system.reflection.primitives\4.3.0\ref\netstandard1.0\System.Reflection.Primitives.dll
                                   NuGetPackageId=System.Reflection.Primitives
                                   NuGetPackageVersion=4.3.0
                                   NuGetSourceType=Package
                                   PathInPackage=ref/netstandard1.0/System.Reflection.Primitives.dll
                                   Private=false
                           C:\Users\Lenovo\.nuget\packages\system.resources.resourcemanager\4.3.0\ref\netstandard1.0\System.Resources.ResourceManager.dll
                                   ExternallyResolved=true
                                   HintPath=C:\Users\Lenovo\.nuget\packages\system.resources.resourcemanager\4.3.0\ref\netstandard1.0\System.Resources.ResourceManager.dll
                                   NuGetPackageId=System.Resources.ResourceManager
                                   NuGetPackageVersion=4.3.0
                                   NuGetSourceType=Package
                                   PathInPackage=ref/netstandard1.0/System.Resources.ResourceManager.dll
                                   Private=false
                           C:\Users\Lenovo\.nuget\packages\system.runtime\4.3.0\ref\netstandard1.5\System.Runtime.dll
                                   ExternallyResolved=true
                                   HintPath=C:\Users\Lenovo\.nuget\packages\system.runtime\4.3.0\ref\netstandard1.5\System.Runtime.dll
                                   NuGetPackageId=System.Runtime
                                   NuGetPackageVersion=4.3.0
                                   NuGetSourceType=Package
                                   PathInPackage=ref/netstandard1.5/System.Runtime.dll
                                   Private=false
                           C:\Users\Lenovo\.nuget\packages\system.runtime.extensions\4.3.0\ref\netstandard1.5\System.Runtime.Extensions.dll
                                   ExternallyResolved=true
                                   HintPath=C:\Users\Lenovo\.nuget\packages\system.runtime.extensions\4.3.0\ref\netstandard1.5\System.Runtime.Extensions.dll
                                   NuGetPackageId=System.Runtime.Extensions
                                   NuGetPackageVersion=4.3.0
                                   NuGetSourceType=Package
                                   PathInPackage=ref/netstandard1.5/System.Runtime.Extensions.dll
                                   Private=false
                           C:\Users\Lenovo\.nuget\packages\system.runtime.handles\4.3.0\ref\netstandard1.3\System.Runtime.Handles.dll
                                   ExternallyResolved=true
                                   HintPath=C:\Users\Lenovo\.nuget\packages\system.runtime.handles\4.3.0\ref\netstandard1.3\System.Runtime.Handles.dll
                                   NuGetPackageId=System.Runtime.Handles
                                   NuGetPackageVersion=4.3.0
                                   NuGetSourceType=Package
                                   PathInPackage=ref/netstandard1.3/System.Runtime.Handles.dll
                                   Private=false
                           C:\Users\Lenovo\.nuget\packages\system.runtime.interopservices\4.3.0\ref\netcoreapp1.1\System.Runtime.InteropServices.dll
                                   ExternallyResolved=true
                                   HintPath=C:\Users\Lenovo\.nuget\packages\system.runtime.interopservices\4.3.0\ref\netcoreapp1.1\System.Runtime.InteropServices.dll
                                   NuGetPackageId=System.Runtime.InteropServices
                                   NuGetPackageVersion=4.3.0
                                   NuGetSourceType=Package
                                   PathInPackage=ref/netcoreapp1.1/System.Runtime.InteropServices.dll
                                   Private=false
                           C:\Users\Lenovo\.nuget\packages\system.runtime.interopservices.runtimeinformation\4.3.0\ref\netstandard1.1\System.Runtime.InteropServices.RuntimeInformation.dll
                                   ExternallyResolved=true
                                   HintPath=C:\Users\Lenovo\.nuget\packages\system.runtime.interopservices.runtimeinformation\4.3.0\ref\netstandard1.1\System.Runtime.InteropServices.RuntimeInformation.dll
                                   NuGetPackageId=System.Runtime.InteropServices.RuntimeInformation
                                   NuGetPackageVersion=4.3.0
                                   NuGetSourceType=Package
                                   PathInPackage=ref/netstandard1.1/System.Runtime.InteropServices.RuntimeInformation.dll
                                   Private=false
                           C:\Users\Lenovo\.nuget\packages\system.runtime.numerics\4.3.0\ref\netstandard1.1\System.Runtime.Numerics.dll
                                   ExternallyResolved=true
                                   HintPath=C:\Users\Lenovo\.nuget\packages\system.runtime.numerics\4.3.0\ref\netstandard1.1\System.Runtime.Numerics.dll
                                   NuGetPackageId=System.Runtime.Numerics
                                   NuGetPackageVersion=4.3.0
                                   NuGetSourceType=Package
                                   PathInPackage=ref/netstandard1.1/System.Runtime.Numerics.dll
                                   Private=false
                           C:\Users\Lenovo\.nuget\packages\system.security.cryptography.algorithms\4.3.0\ref\netstandard1.6\System.Security.Cryptography.Algorithms.dll
                                   ExternallyResolved=true
                                   HintPath=C:\Users\Lenovo\.nuget\packages\system.security.cryptography.algorithms\4.3.0\ref\netstandard1.6\System.Security.Cryptography.Algorithms.dll
                                   NuGetPackageId=System.Security.Cryptography.Algorithms
                                   NuGetPackageVersion=4.3.0
                                   NuGetSourceType=Package
                                   PathInPackage=ref/netstandard1.6/System.Security.Cryptography.Algorithms.dll
                                   Private=false
                           C:\Users\Lenovo\.nuget\packages\system.security.cryptography.encoding\4.3.0\ref\netstandard1.3\System.Security.Cryptography.Encoding.dll
                                   ExternallyResolved=true
                                   HintPath=C:\Users\Lenovo\.nuget\packages\system.security.cryptography.encoding\4.3.0\ref\netstandard1.3\System.Security.Cryptography.Encoding.dll
                                   NuGetPackageId=System.Security.Cryptography.Encoding
                                   NuGetPackageVersion=4.3.0
                                   NuGetSourceType=Package
                                   PathInPackage=ref/netstandard1.3/System.Security.Cryptography.Encoding.dll
                                   Private=false
                           C:\Users\Lenovo\.nuget\packages\system.security.cryptography.primitives\4.3.0\ref\netstandard1.3\System.Security.Cryptography.Primitives.dll
                                   ExternallyResolved=true
                                   HintPath=C:\Users\Lenovo\.nuget\packages\system.security.cryptography.primitives\4.3.0\ref\netstandard1.3\System.Security.Cryptography.Primitives.dll
                                   NuGetPackageId=System.Security.Cryptography.Primitives
                                   NuGetPackageVersion=4.3.0
                                   NuGetSourceType=Package
                                   PathInPackage=ref/netstandard1.3/System.Security.Cryptography.Primitives.dll
                                   Private=false
                           C:\Users\Lenovo\.nuget\packages\system.security.cryptography.x509certificates\4.3.0\ref\netstandard1.4\System.Security.Cryptography.X509Certificates.dll
                                   ExternallyResolved=true
                                   HintPath=C:\Users\Lenovo\.nuget\packages\system.security.cryptography.x509certificates\4.3.0\ref\netstandard1.4\System.Security.Cryptography.X509Certificates.dll
                                   NuGetPackageId=System.Security.Cryptography.X509Certificates
                                   NuGetPackageVersion=4.3.0
                                   NuGetSourceType=Package
                                   PathInPackage=ref/netstandard1.4/System.Security.Cryptography.X509Certificates.dll
                                   Private=false
                           C:\Users\Lenovo\.nuget\packages\system.text.encoding\4.3.0\ref\netstandard1.3\System.Text.Encoding.dll
                                   ExternallyResolved=true
                                   HintPath=C:\Users\Lenovo\.nuget\packages\system.text.encoding\4.3.0\ref\netstandard1.3\System.Text.Encoding.dll
                                   NuGetPackageId=System.Text.Encoding
                                   NuGetPackageVersion=4.3.0
                                   NuGetSourceType=Package
                                   PathInPackage=ref/netstandard1.3/System.Text.Encoding.dll
                                   Private=false
                           C:\Users\Lenovo\.nuget\packages\system.text.encoding.extensions\4.3.0\ref\netstandard1.3\System.Text.Encoding.Extensions.dll
                                   ExternallyResolved=true
                                   HintPath=C:\Users\Lenovo\.nuget\packages\system.text.encoding.extensions\4.3.0\ref\netstandard1.3\System.Text.Encoding.Extensions.dll
                                   NuGetPackageId=System.Text.Encoding.Extensions
                                   NuGetPackageVersion=4.3.0
                                   NuGetSourceType=Package
                                   PathInPackage=ref/netstandard1.3/System.Text.Encoding.Extensions.dll
                                   Private=false
                           C:\Users\Lenovo\.nuget\packages\system.text.encodings.web\9.0.9\lib\net8.0\System.Text.Encodings.Web.dll
                                   ExternallyResolved=true
                                   HintPath=C:\Users\Lenovo\.nuget\packages\system.text.encodings.web\9.0.9\lib\net8.0\System.Text.Encodings.Web.dll
                                   NuGetPackageId=System.Text.Encodings.Web
                                   NuGetPackageVersion=9.0.9
                                   NuGetSourceType=Package
                                   PathInPackage=lib/net8.0/System.Text.Encodings.Web.dll
                                   Private=false
                           C:\Users\Lenovo\.nuget\packages\system.text.json\9.0.9\lib\net8.0\System.Text.Json.dll
                                   ExternallyResolved=true
                                   HintPath=C:\Users\Lenovo\.nuget\packages\system.text.json\9.0.9\lib\net8.0\System.Text.Json.dll
                                   NuGetPackageId=System.Text.Json
                                   NuGetPackageVersion=9.0.9
                                   NuGetSourceType=Package
                                   PathInPackage=lib/net8.0/System.Text.Json.dll
                                   Private=false
                           C:\Users\Lenovo\.nuget\packages\system.text.regularexpressions\4.3.0\ref\netcoreapp1.1\System.Text.RegularExpressions.dll
                                   ExternallyResolved=true
                                   HintPath=C:\Users\Lenovo\.nuget\packages\system.text.regularexpressions\4.3.0\ref\netcoreapp1.1\System.Text.RegularExpressions.dll
                                   NuGetPackageId=System.Text.RegularExpressions
                                   NuGetPackageVersion=4.3.0
                                   NuGetSourceType=Package
                                   PathInPackage=ref/netcoreapp1.1/System.Text.RegularExpressions.dll
                                   Private=false
                           C:\Users\Lenovo\.nuget\packages\system.threading\4.3.0\ref\netstandard1.3\System.Threading.dll
                                   ExternallyResolved=true
                                   HintPath=C:\Users\Lenovo\.nuget\packages\system.threading\4.3.0\ref\netstandard1.3\System.Threading.dll
                                   NuGetPackageId=System.Threading
                                   NuGetPackageVersion=4.3.0
                                   NuGetSourceType=Package
                                   PathInPackage=ref/netstandard1.3/System.Threading.dll
                                   Private=false
                           C:\Users\Lenovo\.nuget\packages\system.threading.tasks\4.3.0\ref\netstandard1.3\System.Threading.Tasks.dll
                                   ExternallyResolved=true
                                   HintPath=C:\Users\Lenovo\.nuget\packages\system.threading.tasks\4.3.0\ref\netstandard1.3\System.Threading.Tasks.dll
                                   NuGetPackageId=System.Threading.Tasks
                                   NuGetPackageVersion=4.3.0
                                   NuGetSourceType=Package
                                   PathInPackage=ref/netstandard1.3/System.Threading.Tasks.dll
                                   Private=false
                           C:\Users\Lenovo\.nuget\packages\system.threading.timer\4.3.0\ref\netstandard1.2\System.Threading.Timer.dll
                                   ExternallyResolved=true
                                   HintPath=C:\Users\Lenovo\.nuget\packages\system.threading.timer\4.3.0\ref\netstandard1.2\System.Threading.Timer.dll
                                   NuGetPackageId=System.Threading.Timer
                                   NuGetPackageVersion=4.3.0
                                   NuGetSourceType=Package
                                   PathInPackage=ref/netstandard1.2/System.Threading.Timer.dll
                                   Private=false
                           C:\Users\Lenovo\.nuget\packages\system.xml.readerwriter\4.3.0\ref\netstandard1.3\System.Xml.ReaderWriter.dll
                                   ExternallyResolved=true
                                   HintPath=C:\Users\Lenovo\.nuget\packages\system.xml.readerwriter\4.3.0\ref\netstandard1.3\System.Xml.ReaderWriter.dll
                                   NuGetPackageId=System.Xml.ReaderWriter
                                   NuGetPackageVersion=4.3.0
                                   NuGetSourceType=Package
                                   PathInPackage=ref/netstandard1.3/System.Xml.ReaderWriter.dll
                                   Private=false
                           C:\Users\Lenovo\.nuget\packages\system.xml.xdocument\4.3.0\ref\netstandard1.3\System.Xml.XDocument.dll
                                   ExternallyResolved=true
                                   HintPath=C:\Users\Lenovo\.nuget\packages\system.xml.xdocument\4.3.0\ref\netstandard1.3\System.Xml.XDocument.dll
                                   NuGetPackageId=System.Xml.XDocument
                                   NuGetPackageVersion=4.3.0
                                   NuGetSourceType=Package
                                   PathInPackage=ref/netstandard1.3/System.Xml.XDocument.dll
                                   Private=false
13:12:35.089     1>Done building target "ResolveLockFileReferences" in project "CelestialMechanics.Desktop.csproj".: (TargetId:15)
                   Target "ResolvePackageAssets" skipped. Previously built successfully.
13:12:35.089     1>Target "ResolveLockFileAnalyzers: (TargetId:16)" in file "C:\Program Files\dotnet\sdk\8.0.419\Sdks\Microsoft.NET.Sdk\targets\Microsoft.PackageDependencyResolution.targets" from project "C:\sharon\projects\celestial-mechanics-desktop\src\CelestialMechanics.Desktop\CelestialMechanics.Desktop.csproj" (target "ResolvePackageDependenciesForBuild" depends on it):
                   Added Item(s): 
                       Analyzer=
                           C:\Users\Lenovo\.nuget\packages\communitytoolkit.mvvm\8.4.0\analyzers\dotnet\roslyn4.3\cs\CommunityToolkit.Mvvm.CodeFixers.dll
                                   NuGetPackageId=CommunityToolkit.Mvvm
                                   NuGetPackageVersion=8.4.0
                           C:\Users\Lenovo\.nuget\packages\communitytoolkit.mvvm\8.4.0\analyzers\dotnet\roslyn4.3\cs\CommunityToolkit.Mvvm.SourceGenerators.dll
                                   NuGetPackageId=CommunityToolkit.Mvvm
                                   NuGetPackageVersion=8.4.0
                           C:\Users\Lenovo\.nuget\packages\microsoft.extensions.logging.abstractions\6.0.0\analyzers\dotnet\roslyn4.0\cs\Microsoft.Extensions.Logging.Generators.dll
                                   NuGetPackageId=Microsoft.Extensions.Logging.Abstractions
                                   NuGetPackageVersion=6.0.0
                           C:\Users\Lenovo\.nuget\packages\system.text.json\9.0.9\analyzers\dotnet\roslyn4.4\cs\System.Text.Json.SourceGeneration.dll
                                   NuGetPackageId=System.Text.Json
                                   NuGetPackageVersion=9.0.9
13:12:35.089     1>Done building target "ResolveLockFileAnalyzers" in project "CelestialMechanics.Desktop.csproj".: (TargetId:16)
                   Target "ResolvePackageAssets" skipped. Previously built successfully.
                   Target "RunProduceContentAssets" skipped, due to false condition; ('@(_ContentFilesToPreprocess)' != '' and '$(_CleaningWithoutRebuilding)' != 'true') was evaluated as ('' != '' and '' != 'true').
13:12:35.089     1>Target "ResolveLockFileCopyLocalFiles: (TargetId:17)" in file "C:\Program Files\dotnet\sdk\8.0.419\Sdks\Microsoft.NET.Sdk\targets\Microsoft.PackageDependencyResolution.targets" from project "C:\sharon\projects\celestial-mechanics-desktop\src\CelestialMechanics.Desktop\CelestialMechanics.Desktop.csproj" (target "ResolvePackageDependenciesForBuild" depends on it):
                   Added Item(s): 
                       _ResolvedCopyLocalBuildAssets=
                           C:\Users\Lenovo\.nuget\packages\communitytoolkit.mvvm\8.4.0\lib\net8.0\CommunityToolkit.Mvvm.dll
                                   AssetType=runtime
                                   CopyLocal=true
                                   DestinationSubPath=CommunityToolkit.Mvvm.dll
                                   NuGetPackageId=CommunityToolkit.Mvvm
                                   NuGetPackageVersion=8.4.0
                                   PathInPackage=lib/net8.0/CommunityToolkit.Mvvm.dll
                           C:\Users\Lenovo\.nuget\packages\cyotek.drawing.bitmapfont\2.0.0\lib\netcoreapp3.1\Cyotek.Drawing.BitmapFont.dll
                                   AssetType=runtime
                                   CopyLocal=true
                                   DestinationSubPath=Cyotek.Drawing.BitmapFont.dll
                                   NuGetPackageId=Cyotek.Drawing.BitmapFont
                                   NuGetPackageVersion=2.0.0
                                   PathInPackage=lib/netcoreapp3.1/Cyotek.Drawing.BitmapFont.dll
                           C:\Users\Lenovo\.nuget\packages\helixtoolkit\2.27.0\lib\netstandard2.0\HelixToolkit.dll
                                   AssetType=runtime
                                   CopyLocal=true
                                   DestinationSubPath=HelixToolkit.dll
                                   NuGetPackageId=HelixToolkit
                                   NuGetPackageVersion=2.27.0
                                   PathInPackage=lib/netstandard2.0/HelixToolkit.dll
                           C:\Users\Lenovo\.nuget\packages\helixtoolkit.wpf.sharpdx\2.27.0\lib\net462\HelixToolkit.Wpf.SharpDX.dll
                                   AssetType=runtime
                                   CopyLocal=true
                                   DestinationSubPath=HelixToolkit.Wpf.SharpDX.dll
                                   NuGetPackageId=HelixToolkit.Wpf.SharpDX
                                   NuGetPackageVersion=2.27.0
                                   PathInPackage=lib/net462/HelixToolkit.Wpf.SharpDX.dll
                           C:\Users\Lenovo\.nuget\packages\microsoft.dotnet.platformabstractions\3.1.6\lib\netstandard2.0\Microsoft.DotNet.PlatformAbstractions.dll
                                   AssetType=runtime
                                   CopyLocal=true
                                   DestinationSubPath=Microsoft.DotNet.PlatformAbstractions.dll
                                   NuGetPackageId=Microsoft.DotNet.PlatformAbstractions
                                   NuGetPackageVersion=3.1.6
                                   PathInPackage=lib/netstandard2.0/Microsoft.DotNet.PlatformAbstractions.dll
                           C:\Users\Lenovo\.nuget\packages\microsoft.extensions.dependencyinjection\9.0.4\lib\net8.0\Microsoft.Extensions.DependencyInjection.dll
                                   AssetType=runtime
                                   CopyLocal=true
                                   DestinationSubPath=Microsoft.Extensions.DependencyInjection.dll
                                   NuGetPackageId=Microsoft.Extensions.DependencyInjection
                                   NuGetPackageVersion=9.0.4
                                   PathInPackage=lib/net8.0/Microsoft.Extensions.DependencyInjection.dll
                           C:\Users\Lenovo\.nuget\packages\microsoft.extensions.dependencyinjection.abstractions\9.0.4\lib\net8.0\Microsoft.Extensions.DependencyInjection.Abstractions.dll
                                   AssetType=runtime
                                   CopyLocal=true
                                   DestinationSubPath=Microsoft.Extensions.DependencyInjection.Abstractions.dll
                                   NuGetPackageId=Microsoft.Extensions.DependencyInjection.Abstractions
                                   NuGetPackageVersion=9.0.4
                                   PathInPackage=lib/net8.0/Microsoft.Extensions.DependencyInjection.Abstractions.dll
                           C:\Users\Lenovo\.nuget\packages\microsoft.extensions.dependencymodel\9.0.9\lib\net8.0\Microsoft.Extensions.DependencyModel.dll
                                   AssetType=runtime
                                   CopyLocal=true
                                   DestinationSubPath=Microsoft.Extensions.DependencyModel.dll
                                   NuGetPackageId=Microsoft.Extensions.DependencyModel
                                   NuGetPackageVersion=9.0.9
                                   PathInPackage=lib/net8.0/Microsoft.Extensions.DependencyModel.dll
                           C:\Users\Lenovo\.nuget\packages\microsoft.extensions.logging.abstractions\6.0.0\lib\net6.0\Microsoft.Extensions.Logging.Abstractions.dll
                                   AssetType=runtime
                                   CopyLocal=true
                                   DestinationSubPath=Microsoft.Extensions.Logging.Abstractions.dll
                                   NuGetPackageId=Microsoft.Extensions.Logging.Abstractions
                                   NuGetPackageVersion=6.0.0
                                   PathInPackage=lib/net6.0/Microsoft.Extensions.Logging.Abstractions.dll
                           C:\Users\Lenovo\.nuget\packages\sharpdx\4.2.0\lib\netstandard1.1\SharpDX.dll
                                   AssetType=runtime
                                   CopyLocal=true
                                   DestinationSubPath=SharpDX.dll
                                   NuGetPackageId=SharpDX
                                   NuGetPackageVersion=4.2.0
                                   PathInPackage=lib/netstandard1.1/SharpDX.dll
                           C:\Users\Lenovo\.nuget\packages\sharpdx.d3dcompiler\4.2.0\lib\netstandard1.1\SharpDX.D3DCompiler.dll
                                   AssetType=runtime
                                   CopyLocal=true
                                   DestinationSubPath=SharpDX.D3DCompiler.dll
                                   NuGetPackageId=SharpDX.D3DCompiler
                                   NuGetPackageVersion=4.2.0
                                   PathInPackage=lib/netstandard1.1/SharpDX.D3DCompiler.dll
                           C:\Users\Lenovo\.nuget\packages\sharpdx.direct2d1\4.2.0\lib\netstandard1.1\SharpDX.Direct2D1.dll
                                   AssetType=runtime
                                   CopyLocal=true
                                   DestinationSubPath=SharpDX.Direct2D1.dll
                                   NuGetPackageId=SharpDX.Direct2D1
                                   NuGetPackageVersion=4.2.0
                                   PathInPackage=lib/netstandard1.1/SharpDX.Direct2D1.dll
                           C:\Users\Lenovo\.nuget\packages\sharpdx.direct3d11\4.2.0\lib\netstandard1.1\SharpDX.Direct3D11.dll
                                   AssetType=runtime
                                   CopyLocal=true
                                   DestinationSubPath=SharpDX.Direct3D11.dll
                                   NuGetPackageId=SharpDX.Direct3D11
                                   NuGetPackageVersion=4.2.0
                                   PathInPackage=lib/netstandard1.1/SharpDX.Direct3D11.dll
                           C:\Users\Lenovo\.nuget\packages\sharpdx.direct3d9\4.2.0\lib\netstandard1.3\SharpDX.Direct3D9.dll
                                   AssetType=runtime
                                   CopyLocal=true
                                   DestinationSubPath=SharpDX.Direct3D9.dll
                                   NuGetPackageId=SharpDX.Direct3D9
                                   NuGetPackageVersion=4.2.0
                                   PathInPackage=lib/netstandard1.3/SharpDX.Direct3D9.dll
                           C:\Users\Lenovo\.nuget\packages\sharpdx.dxgi\4.2.0\lib\netstandard1.1\SharpDX.DXGI.dll
                                   AssetType=runtime
                                   CopyLocal=true
                                   DestinationSubPath=SharpDX.DXGI.dll
                                   NuGetPackageId=SharpDX.DXGI
                                   NuGetPackageVersion=4.2.0
                                   PathInPackage=lib/netstandard1.1/SharpDX.DXGI.dll
                           C:\Users\Lenovo\.nuget\packages\sharpdx.mathematics\4.2.0\lib\netstandard1.1\SharpDX.Mathematics.dll
                                   AssetType=runtime
                                   CopyLocal=true
                                   DestinationSubPath=SharpDX.Mathematics.dll
                                   NuGetPackageId=SharpDX.Mathematics
                                   NuGetPackageVersion=4.2.0
                                   PathInPackage=lib/netstandard1.1/SharpDX.Mathematics.dll
                           C:\Users\Lenovo\.nuget\packages\silk.net.core\2.23.0\lib\net6.0\Silk.NET.Core.dll
                                   AssetType=runtime
                                   CopyLocal=true
                                   DestinationSubPath=Silk.NET.Core.dll
                                   NuGetPackageId=Silk.NET.Core
                                   NuGetPackageVersion=2.23.0
                                   PathInPackage=lib/net6.0/Silk.NET.Core.dll
                           C:\Users\Lenovo\.nuget\packages\silk.net.glfw\2.23.0\lib\net5.0\Silk.NET.GLFW.dll
                                   AssetType=runtime
                                   CopyLocal=true
                                   DestinationSubPath=Silk.NET.GLFW.dll
                                   NuGetPackageId=Silk.NET.GLFW
                                   NuGetPackageVersion=2.23.0
                                   PathInPackage=lib/net5.0/Silk.NET.GLFW.dll
                           C:\Users\Lenovo\.nuget\packages\silk.net.input.common\2.23.0\lib\net5.0\Silk.NET.Input.Common.dll
                                   AssetType=runtime
                                   CopyLocal=true
                                   DestinationSubPath=Silk.NET.Input.Common.dll
                                   NuGetPackageId=Silk.NET.Input.Common
                                   NuGetPackageVersion=2.23.0
                                   PathInPackage=lib/net5.0/Silk.NET.Input.Common.dll
                           C:\Users\Lenovo\.nuget\packages\silk.net.input.glfw\2.23.0\lib\net5.0\Silk.NET.Input.Glfw.dll
                                   AssetType=runtime
                                   CopyLocal=true
                                   DestinationSubPath=Silk.NET.Input.Glfw.dll
                                   NuGetPackageId=Silk.NET.Input.Glfw
                                   NuGetPackageVersion=2.23.0
                                   PathInPackage=lib/net5.0/Silk.NET.Input.Glfw.dll
                           C:\Users\Lenovo\.nuget\packages\silk.net.maths\2.23.0\lib\net5.0\Silk.NET.Maths.dll
                                   AssetType=runtime
                                   CopyLocal=true
                                   DestinationSubPath=Silk.NET.Maths.dll
                                   NuGetPackageId=Silk.NET.Maths
                                   NuGetPackageVersion=2.23.0
                                   PathInPackage=lib/net5.0/Silk.NET.Maths.dll
                           C:\Users\Lenovo\.nuget\packages\silk.net.opengl\2.23.0\lib\net5.0\Silk.NET.OpenGL.dll
                                   AssetType=runtime
                                   CopyLocal=true
                                   DestinationSubPath=Silk.NET.OpenGL.dll
                                   NuGetPackageId=Silk.NET.OpenGL
                                   NuGetPackageVersion=2.23.0
                                   PathInPackage=lib/net5.0/Silk.NET.OpenGL.dll
                           C:\Users\Lenovo\.nuget\packages\silk.net.windowing.common\2.23.0\lib\netstandard2.1\Silk.NET.Windowing.Common.dll
                                   AssetType=runtime
                                   CopyLocal=true
                                   DestinationSubPath=Silk.NET.Windowing.Common.dll
                                   NuGetPackageId=Silk.NET.Windowing.Common
                                   NuGetPackageVersion=2.23.0
                                   PathInPackage=lib/netstandard2.1/Silk.NET.Windowing.Common.dll
                           C:\Users\Lenovo\.nuget\packages\silk.net.windowing.glfw\2.23.0\lib\net5.0\Silk.NET.Windowing.Glfw.dll
                                   AssetType=runtime
                                   CopyLocal=true
                                   DestinationSubPath=Silk.NET.Windowing.Glfw.dll
                                   NuGetPackageId=Silk.NET.Windowing.Glfw
                                   NuGetPackageVersion=2.23.0
                                   PathInPackage=lib/net5.0/Silk.NET.Windowing.Glfw.dll
                           C:\Users\Lenovo\.nuget\packages\system.appcontext\4.3.0\lib\netstandard1.6\System.AppContext.dll
                                   AssetType=runtime
                                   CopyLocal=true
                                   DestinationSubPath=System.AppContext.dll
                                   NuGetPackageId=System.AppContext
                                   NuGetPackageVersion=4.3.0
                                   PathInPackage=lib/netstandard1.6/System.AppContext.dll
                           C:\Users\Lenovo\.nuget\packages\system.buffers\4.3.0\lib\netstandard1.1\System.Buffers.dll
                                   AssetType=runtime
                                   CopyLocal=true
                                   DestinationSubPath=System.Buffers.dll
                                   NuGetPackageId=System.Buffers
                                   NuGetPackageVersion=4.3.0
                                   PathInPackage=lib/netstandard1.1/System.Buffers.dll
                           C:\Users\Lenovo\.nuget\packages\system.collections.concurrent\4.3.0\lib\netstandard1.3\System.Collections.Concurrent.dll
                                   AssetType=runtime
                                   CopyLocal=true
                                   DestinationSubPath=System.Collections.Concurrent.dll
                                   NuGetPackageId=System.Collections.Concurrent
                                   NuGetPackageVersion=4.3.0
                                   PathInPackage=lib/netstandard1.3/System.Collections.Concurrent.dll
                           C:\Users\Lenovo\.nuget\packages\system.diagnostics.diagnosticsource\4.3.0\lib\netstandard1.3\System.Diagnostics.DiagnosticSource.dll
                                   AssetType=runtime
                                   CopyLocal=true
                                   DestinationSubPath=System.Diagnostics.DiagnosticSource.dll
                                   NuGetPackageId=System.Diagnostics.DiagnosticSource
                                   NuGetPackageVersion=4.3.0
                                   PathInPackage=lib/netstandard1.3/System.Diagnostics.DiagnosticSource.dll
                           C:\Users\Lenovo\.nuget\packages\system.io.compression.zipfile\4.3.0\lib\netstandard1.3\System.IO.Compression.ZipFile.dll
                                   AssetType=runtime
                                   CopyLocal=true
                                   DestinationSubPath=System.IO.Compression.ZipFile.dll
                                   NuGetPackageId=System.IO.Compression.ZipFile
                                   NuGetPackageVersion=4.3.0
                                   PathInPackage=lib/netstandard1.3/System.IO.Compression.ZipFile.dll
                           C:\Users\Lenovo\.nuget\packages\system.io.filesystem.primitives\4.3.0\lib\netstandard1.3\System.IO.FileSystem.Primitives.dll
                                   AssetType=runtime
                                   CopyLocal=true
                                   DestinationSubPath=System.IO.FileSystem.Primitives.dll
                                   NuGetPackageId=System.IO.FileSystem.Primitives
                                   NuGetPackageVersion=4.3.0
                                   PathInPackage=lib/netstandard1.3/System.IO.FileSystem.Primitives.dll
                           C:\Users\Lenovo\.nuget\packages\system.io.pipelines\9.0.9\lib\net8.0\System.IO.Pipelines.dll
                                   AssetType=runtime
                                   CopyLocal=true
                                   DestinationSubPath=System.IO.Pipelines.dll
                                   NuGetPackageId=System.IO.Pipelines
                                   NuGetPackageVersion=9.0.9
                                   PathInPackage=lib/net8.0/System.IO.Pipelines.dll
                           C:\Users\Lenovo\.nuget\packages\system.linq\4.3.0\lib\netstandard1.6\System.Linq.dll
                                   AssetType=runtime
                                   CopyLocal=true
                                   DestinationSubPath=System.Linq.dll
                                   NuGetPackageId=System.Linq
                                   NuGetPackageVersion=4.3.0
                                   PathInPackage=lib/netstandard1.6/System.Linq.dll
                           C:\Users\Lenovo\.nuget\packages\system.linq.expressions\4.3.0\lib\netstandard1.6\System.Linq.Expressions.dll
                                   AssetType=runtime
                                   CopyLocal=true
                                   DestinationSubPath=System.Linq.Expressions.dll
                                   NuGetPackageId=System.Linq.Expressions
                                   NuGetPackageVersion=4.3.0
                                   PathInPackage=lib/netstandard1.6/System.Linq.Expressions.dll
                           C:\Users\Lenovo\.nuget\packages\system.objectmodel\4.3.0\lib\netstandard1.3\System.ObjectModel.dll
                                   AssetType=runtime
                                   CopyLocal=true
                                   DestinationSubPath=System.ObjectModel.dll
                                   NuGetPackageId=System.ObjectModel
                                   NuGetPackageVersion=4.3.0
                                   PathInPackage=lib/netstandard1.3/System.ObjectModel.dll
                           C:\Users\Lenovo\.nuget\packages\system.reflection.emit\4.3.0\lib\netstandard1.3\System.Reflection.Emit.dll
                                   AssetType=runtime
                                   CopyLocal=true
                                   DestinationSubPath=System.Reflection.Emit.dll
                                   NuGetPackageId=System.Reflection.Emit
                                   NuGetPackageVersion=4.3.0
                                   PathInPackage=lib/netstandard1.3/System.Reflection.Emit.dll
                           C:\Users\Lenovo\.nuget\packages\system.reflection.emit.ilgeneration\4.3.0\lib\netstandard1.3\System.Reflection.Emit.ILGeneration.dll
                                   AssetType=runtime
                                   CopyLocal=true
                                   DestinationSubPath=System.Reflection.Emit.ILGeneration.dll
                                   NuGetPackageId=System.Reflection.Emit.ILGeneration
                                   NuGetPackageVersion=4.3.0
                                   PathInPackage=lib/netstandard1.3/System.Reflection.Emit.ILGeneration.dll
                           C:\Users\Lenovo\.nuget\packages\system.reflection.emit.lightweight\4.3.0\lib\netstandard1.3\System.Reflection.Emit.Lightweight.dll
                                   AssetType=runtime
                                   CopyLocal=true
                                   DestinationSubPath=System.Reflection.Emit.Lightweight.dll
                                   NuGetPackageId=System.Reflection.Emit.Lightweight
                                   NuGetPackageVersion=4.3.0
                                   PathInPackage=lib/netstandard1.3/System.Reflection.Emit.Lightweight.dll
                           C:\Users\Lenovo\.nuget\packages\system.reflection.typeextensions\4.3.0\lib\netstandard1.5\System.Reflection.TypeExtensions.dll
                                   AssetType=runtime
                                   CopyLocal=true
                                   DestinationSubPath=System.Reflection.TypeExtensions.dll
                                   NuGetPackageId=System.Reflection.TypeExtensions
                                   NuGetPackageVersion=4.3.0
                                   PathInPackage=lib/netstandard1.5/System.Reflection.TypeExtensions.dll
                           C:\Users\Lenovo\.nuget\packages\system.runtime.interopservices.runtimeinformation\4.3.0\lib\netstandard1.1\System.Runtime.InteropServices.RuntimeInformation.dll
                                   AssetType=runtime
                                   CopyLocal=true
                                   DestinationSubPath=System.Runtime.InteropServices.RuntimeInformation.dll
                                   NuGetPackageId=System.Runtime.InteropServices.RuntimeInformation
                                   NuGetPackageVersion=4.3.0
                                   PathInPackage=lib/netstandard1.1/System.Runtime.InteropServices.RuntimeInformation.dll
                           C:\Users\Lenovo\.nuget\packages\system.runtime.numerics\4.3.0\lib\netstandard1.3\System.Runtime.Numerics.dll
                                   AssetType=runtime
                                   CopyLocal=true
                                   DestinationSubPath=System.Runtime.Numerics.dll
                                   NuGetPackageId=System.Runtime.Numerics
                                   NuGetPackageVersion=4.3.0
                                   PathInPackage=lib/netstandard1.3/System.Runtime.Numerics.dll
                           C:\Users\Lenovo\.nuget\packages\system.security.cryptography.openssl\4.3.0\lib\netstandard1.6\System.Security.Cryptography.OpenSsl.dll
                                   AssetType=runtime
                                   CopyLocal=true
                                   DestinationSubPath=System.Security.Cryptography.OpenSsl.dll
                                   NuGetPackageId=System.Security.Cryptography.OpenSsl
                                   NuGetPackageVersion=4.3.0
                                   PathInPackage=lib/netstandard1.6/System.Security.Cryptography.OpenSsl.dll
                           C:\Users\Lenovo\.nuget\packages\system.security.cryptography.primitives\4.3.0\lib\netstandard1.3\System.Security.Cryptography.Primitives.dll
                                   AssetType=runtime
                                   CopyLocal=true
                                   DestinationSubPath=System.Security.Cryptography.Primitives.dll
                                   NuGetPackageId=System.Security.Cryptography.Primitives
                                   NuGetPackageVersion=4.3.0
                                   PathInPackage=lib/netstandard1.3/System.Security.Cryptography.Primitives.dll
                           C:\Users\Lenovo\.nuget\packages\system.text.encodings.web\9.0.9\lib\net8.0\System.Text.Encodings.Web.dll
                                   AssetType=runtime
                                   CopyLocal=true
                                   DestinationSubPath=System.Text.Encodings.Web.dll
                                   NuGetPackageId=System.Text.Encodings.Web
                                   NuGetPackageVersion=9.0.9
                                   PathInPackage=lib/net8.0/System.Text.Encodings.Web.dll
                           C:\Users\Lenovo\.nuget\packages\system.text.json\9.0.9\lib\net8.0\System.Text.Json.dll
                                   AssetType=runtime
                                   CopyLocal=true
                                   DestinationSubPath=System.Text.Json.dll
                                   NuGetPackageId=System.Text.Json
                                   NuGetPackageVersion=9.0.9
                                   PathInPackage=lib/net8.0/System.Text.Json.dll
                           C:\Users\Lenovo\.nuget\packages\system.text.regularexpressions\4.3.0\lib\netstandard1.6\System.Text.RegularExpressions.dll
                                   AssetType=runtime
                                   CopyLocal=true
                                   DestinationSubPath=System.Text.RegularExpressions.dll
                                   NuGetPackageId=System.Text.RegularExpressions
                                   NuGetPackageVersion=4.3.0
                                   PathInPackage=lib/netstandard1.6/System.Text.RegularExpressions.dll
                           C:\Users\Lenovo\.nuget\packages\system.threading\4.3.0\lib\netstandard1.3\System.Threading.dll
                                   AssetType=runtime
                                   CopyLocal=true
                                   DestinationSubPath=System.Threading.dll
                                   NuGetPackageId=System.Threading
                                   NuGetPackageVersion=4.3.0
                                   PathInPackage=lib/netstandard1.3/System.Threading.dll
                           C:\Users\Lenovo\.nuget\packages\system.threading.tasks.extensions\4.3.0\lib\netstandard1.0\System.Threading.Tasks.Extensions.dll
                                   AssetType=runtime
                                   CopyLocal=true
                                   DestinationSubPath=System.Threading.Tasks.Extensions.dll
                                   NuGetPackageId=System.Threading.Tasks.Extensions
                                   NuGetPackageVersion=4.3.0
                                   PathInPackage=lib/netstandard1.0/System.Threading.Tasks.Extensions.dll
                           C:\Users\Lenovo\.nuget\packages\system.xml.readerwriter\4.3.0\lib\netstandard1.3\System.Xml.ReaderWriter.dll
                                   AssetType=runtime
                                   CopyLocal=true
                                   DestinationSubPath=System.Xml.ReaderWriter.dll
                                   NuGetPackageId=System.Xml.ReaderWriter
                                   NuGetPackageVersion=4.3.0
                                   PathInPackage=lib/netstandard1.3/System.Xml.ReaderWriter.dll
                           C:\Users\Lenovo\.nuget\packages\system.xml.xdocument\4.3.0\lib\netstandard1.3\System.Xml.XDocument.dll
                                   AssetType=runtime
                                   CopyLocal=true
                                   DestinationSubPath=System.Xml.XDocument.dll
                                   NuGetPackageId=System.Xml.XDocument
                                   NuGetPackageVersion=4.3.0
                                   PathInPackage=lib/netstandard1.3/System.Xml.XDocument.dll
                   Added Item(s): 
                       _ResolvedCopyLocalBuildAssets=
                           C:\Users\Lenovo\.nuget\packages\runtime.debian.8-x64.runtime.native.system.security.cryptography.openssl\4.3.0\runtimes\debian.8-x64\native\System.Security.Cryptography.Native.OpenSsl.so
                                   AssetType=native
                                   CopyLocal=true
                                   DestinationSubDirectory=runtimes\debian.8-x64\native\
                                   DestinationSubPath=runtimes\debian.8-x64\native\System.Security.Cryptography.Native.OpenSsl.so
                                   NuGetPackageId=runtime.debian.8-x64.runtime.native.System.Security.Cryptography.OpenSsl
                                   NuGetPackageVersion=4.3.0
                                   PathInPackage=runtimes/debian.8-x64/native/System.Security.Cryptography.Native.OpenSsl.so
                                   RuntimeIdentifier=debian.8-x64
                           C:\Users\Lenovo\.nuget\packages\runtime.fedora.23-x64.runtime.native.system.security.cryptography.openssl\4.3.0\runtimes\fedora.23-x64\native\System.Security.Cryptography.Native.OpenSsl.so
                                   AssetType=native
                                   CopyLocal=true
                                   DestinationSubDirectory=runtimes\fedora.23-x64\native\
                                   DestinationSubPath=runtimes\fedora.23-x64\native\System.Security.Cryptography.Native.OpenSsl.so
                                   NuGetPackageId=runtime.fedora.23-x64.runtime.native.System.Security.Cryptography.OpenSsl
                                   NuGetPackageVersion=4.3.0
                                   PathInPackage=runtimes/fedora.23-x64/native/System.Security.Cryptography.Native.OpenSsl.so
                                   RuntimeIdentifier=fedora.23-x64
                           C:\Users\Lenovo\.nuget\packages\runtime.fedora.24-x64.runtime.native.system.security.cryptography.openssl\4.3.0\runtimes\fedora.24-x64\native\System.Security.Cryptography.Native.OpenSsl.so
                                   AssetType=native
                                   CopyLocal=true
                                   DestinationSubDirectory=runtimes\fedora.24-x64\native\
                                   DestinationSubPath=runtimes\fedora.24-x64\native\System.Security.Cryptography.Native.OpenSsl.so
                                   NuGetPackageId=runtime.fedora.24-x64.runtime.native.System.Security.Cryptography.OpenSsl
                                   NuGetPackageVersion=4.3.0
                                   PathInPackage=runtimes/fedora.24-x64/native/System.Security.Cryptography.Native.OpenSsl.so
                                   RuntimeIdentifier=fedora.24-x64
                           C:\Users\Lenovo\.nuget\packages\runtime.opensuse.13.2-x64.runtime.native.system.security.cryptography.openssl\4.3.0\runtimes\opensuse.13.2-x64\native\System.Security.Cryptography.Native.OpenSsl.so
                                   AssetType=native
                                   CopyLocal=true
                                   DestinationSubDirectory=runtimes\opensuse.13.2-x64\native\
                                   DestinationSubPath=runtimes\opensuse.13.2-x64\native\System.Security.Cryptography.Native.OpenSsl.so
                                   NuGetPackageId=runtime.opensuse.13.2-x64.runtime.native.System.Security.Cryptography.OpenSsl
                                   NuGetPackageVersion=4.3.0
                                   PathInPackage=runtimes/opensuse.13.2-x64/native/System.Security.Cryptography.Native.OpenSsl.so
                                   RuntimeIdentifier=opensuse.13.2-x64
                           C:\Users\Lenovo\.nuget\packages\runtime.opensuse.42.1-x64.runtime.native.system.security.cryptography.openssl\4.3.0\runtimes\opensuse.42.1-x64\native\System.Security.Cryptography.Native.OpenSsl.so
                                   AssetType=native
                                   CopyLocal=true
                                   DestinationSubDirectory=runtimes\opensuse.42.1-x64\native\
                                   DestinationSubPath=runtimes\opensuse.42.1-x64\native\System.Security.Cryptography.Native.OpenSsl.so
                                   NuGetPackageId=runtime.opensuse.42.1-x64.runtime.native.System.Security.Cryptography.OpenSsl
                                   NuGetPackageVersion=4.3.0
                                   PathInPackage=runtimes/opensuse.42.1-x64/native/System.Security.Cryptography.Native.OpenSsl.so
                                   RuntimeIdentifier=opensuse.42.1-x64
                           C:\Users\Lenovo\.nuget\packages\runtime.osx.10.10-x64.runtime.native.system.security.cryptography.apple\4.3.0\runtimes\osx.10.10-x64\native\System.Security.Cryptography.Native.Apple.dylib
                                   AssetType=native
                                   CopyLocal=true
                                   DestinationSubDirectory=runtimes\osx.10.10-x64\native\
                                   DestinationSubPath=runtimes\osx.10.10-x64\native\System.Security.Cryptography.Native.Apple.dylib
                                   NuGetPackageId=runtime.osx.10.10-x64.runtime.native.System.Security.Cryptography.Apple
                                   NuGetPackageVersion=4.3.0
                                   PathInPackage=runtimes/osx.10.10-x64/native/System.Security.Cryptography.Native.Apple.dylib
                                   RuntimeIdentifier=osx.10.10-x64
                           C:\Users\Lenovo\.nuget\packages\runtime.osx.10.10-x64.runtime.native.system.security.cryptography.openssl\4.3.0\runtimes\osx.10.10-x64\native\System.Security.Cryptography.Native.OpenSsl.dylib
                                   AssetType=native
                                   CopyLocal=true
                                   DestinationSubDirectory=runtimes\osx.10.10-x64\native\
                                   DestinationSubPath=runtimes\osx.10.10-x64\native\System.Security.Cryptography.Native.OpenSsl.dylib
                                   NuGetPackageId=runtime.osx.10.10-x64.runtime.native.System.Security.Cryptography.OpenSsl
                                   NuGetPackageVersion=4.3.0
                                   PathInPackage=runtimes/osx.10.10-x64/native/System.Security.Cryptography.Native.OpenSsl.dylib
                                   RuntimeIdentifier=osx.10.10-x64
                           C:\Users\Lenovo\.nuget\packages\runtime.rhel.7-x64.runtime.native.system.security.cryptography.openssl\4.3.0\runtimes\rhel.7-x64\native\System.Security.Cryptography.Native.OpenSsl.so
                                   AssetType=native
                                   CopyLocal=true
                                   DestinationSubDirectory=runtimes\rhel.7-x64\native\
                                   DestinationSubPath=runtimes\rhel.7-x64\native\System.Security.Cryptography.Native.OpenSsl.so
                                   NuGetPackageId=runtime.rhel.7-x64.runtime.native.System.Security.Cryptography.OpenSsl
                                   NuGetPackageVersion=4.3.0
                                   PathInPackage=runtimes/rhel.7-x64/native/System.Security.Cryptography.Native.OpenSsl.so
                                   RuntimeIdentifier=rhel.7-x64
                           C:\Users\Lenovo\.nuget\packages\runtime.ubuntu.14.04-x64.runtime.native.system.security.cryptography.openssl\4.3.0\runtimes\ubuntu.14.04-x64\native\System.Security.Cryptography.Native.OpenSsl.so
                                   AssetType=native
                                   CopyLocal=true
                                   DestinationSubDirectory=runtimes\ubuntu.14.04-x64\native\
                                   DestinationSubPath=runtimes\ubuntu.14.04-x64\native\System.Security.Cryptography.Native.OpenSsl.so
                                   NuGetPackageId=runtime.ubuntu.14.04-x64.runtime.native.System.Security.Cryptography.OpenSsl
                                   NuGetPackageVersion=4.3.0
                                   PathInPackage=runtimes/ubuntu.14.04-x64/native/System.Security.Cryptography.Native.OpenSsl.so
                                   RuntimeIdentifier=ubuntu.14.04-x64
                           C:\Users\Lenovo\.nuget\packages\runtime.ubuntu.16.04-x64.runtime.native.system.security.cryptography.openssl\4.3.0\runtimes\ubuntu.16.04-x64\native\System.Security.Cryptography.Native.OpenSsl.so
                                   AssetType=native
                                   CopyLocal=true
                                   DestinationSubDirectory=runtimes\ubuntu.16.04-x64\native\
                                   DestinationSubPath=runtimes\ubuntu.16.04-x64\native\System.Security.Cryptography.Native.OpenSsl.so
                                   NuGetPackageId=runtime.ubuntu.16.04-x64.runtime.native.System.Security.Cryptography.OpenSsl
                                   NuGetPackageVersion=4.3.0
                                   PathInPackage=runtimes/ubuntu.16.04-x64/native/System.Security.Cryptography.Native.OpenSsl.so
                                   RuntimeIdentifier=ubuntu.16.04-x64
                           C:\Users\Lenovo\.nuget\packages\runtime.ubuntu.16.10-x64.runtime.native.system.security.cryptography.openssl\4.3.0\runtimes\ubuntu.16.10-x64\native\System.Security.Cryptography.Native.OpenSsl.so
                                   AssetType=native
                                   CopyLocal=true
                                   DestinationSubDirectory=runtimes\ubuntu.16.10-x64\native\
                                   DestinationSubPath=runtimes\ubuntu.16.10-x64\native\System.Security.Cryptography.Native.OpenSsl.so
                                   NuGetPackageId=runtime.ubuntu.16.10-x64.runtime.native.System.Security.Cryptography.OpenSsl
                                   NuGetPackageVersion=4.3.0
                                   PathInPackage=runtimes/ubuntu.16.10-x64/native/System.Security.Cryptography.Native.OpenSsl.so
                                   RuntimeIdentifier=ubuntu.16.10-x64
                           C:\Users\Lenovo\.nuget\packages\system.globalization.extensions\4.3.0\runtimes\unix\lib\netstandard1.3\System.Globalization.Extensions.dll
                                   AssetType=runtime
                                   CopyLocal=true
                                   DestinationSubDirectory=runtimes\unix\lib\netstandard1.3\
                                   DestinationSubPath=runtimes\unix\lib\netstandard1.3\System.Globalization.Extensions.dll
                                   NuGetPackageId=System.Globalization.Extensions
                                   NuGetPackageVersion=4.3.0
                                   PathInPackage=runtimes/unix/lib/netstandard1.3/System.Globalization.Extensions.dll
                                   RuntimeIdentifier=unix
                           C:\Users\Lenovo\.nuget\packages\system.globalization.extensions\4.3.0\runtimes\win\lib\netstandard1.3\System.Globalization.Extensions.dll
                                   AssetType=runtime
                                   CopyLocal=true
                                   DestinationSubDirectory=runtimes\win\lib\netstandard1.3\
                                   DestinationSubPath=runtimes\win\lib\netstandard1.3\System.Globalization.Extensions.dll
                                   NuGetPackageId=System.Globalization.Extensions
                                   NuGetPackageVersion=4.3.0
                                   PathInPackage=runtimes/win/lib/netstandard1.3/System.Globalization.Extensions.dll
                                   RuntimeIdentifier=win
                           C:\Users\Lenovo\.nuget\packages\system.io.compression\4.3.0\runtimes\unix\lib\netstandard1.3\System.IO.Compression.dll
                                   AssetType=runtime
                                   CopyLocal=true
                                   DestinationSubDirectory=runtimes\unix\lib\netstandard1.3\
                                   DestinationSubPath=runtimes\unix\lib\netstandard1.3\System.IO.Compression.dll
                                   NuGetPackageId=System.IO.Compression
                                   NuGetPackageVersion=4.3.0
                                   PathInPackage=runtimes/unix/lib/netstandard1.3/System.IO.Compression.dll
                                   RuntimeIdentifier=unix
                           C:\Users\Lenovo\.nuget\packages\system.io.compression\4.3.0\runtimes\win\lib\netstandard1.3\System.IO.Compression.dll
                                   AssetType=runtime
                                   CopyLocal=true
                                   DestinationSubDirectory=runtimes\win\lib\netstandard1.3\
                                   DestinationSubPath=runtimes\win\lib\netstandard1.3\System.IO.Compression.dll
                                   NuGetPackageId=System.IO.Compression
                                   NuGetPackageVersion=4.3.0
                                   PathInPackage=runtimes/win/lib/netstandard1.3/System.IO.Compression.dll
                                   RuntimeIdentifier=win
                           C:\Users\Lenovo\.nuget\packages\system.net.http\4.3.0\runtimes\unix\lib\netstandard1.6\System.Net.Http.dll
                                   AssetType=runtime
                                   CopyLocal=true
                                   DestinationSubDirectory=runtimes\unix\lib\netstandard1.6\
                                   DestinationSubPath=runtimes\unix\lib\netstandard1.6\System.Net.Http.dll
                                   NuGetPackageId=System.Net.Http
                                   NuGetPackageVersion=4.3.0
                                   PathInPackage=runtimes/unix/lib/netstandard1.6/System.Net.Http.dll
                                   RuntimeIdentifier=unix
                           C:\Users\Lenovo\.nuget\packages\system.net.http\4.3.0\runtimes\win\lib\netstandard1.3\System.Net.Http.dll
                                   AssetType=runtime
                                   CopyLocal=true
                                   DestinationSubDirectory=runtimes\win\lib\netstandard1.3\
                                   DestinationSubPath=runtimes\win\lib\netstandard1.3\System.Net.Http.dll
                                   NuGetPackageId=System.Net.Http
                                   NuGetPackageVersion=4.3.0
                                   PathInPackage=runtimes/win/lib/netstandard1.3/System.Net.Http.dll
                                   RuntimeIdentifier=win
                           C:\Users\Lenovo\.nuget\packages\system.runtime.interopservices.runtimeinformation\4.3.0\runtimes\unix\lib\netstandard1.1\System.Runtime.InteropServices.RuntimeInformation.dll
                                   AssetType=runtime
                                   CopyLocal=true
                                   DestinationSubDirectory=runtimes\unix\lib\netstandard1.1\
                                   DestinationSubPath=runtimes\unix\lib\netstandard1.1\System.Runtime.InteropServices.RuntimeInformation.dll
                                   NuGetPackageId=System.Runtime.InteropServices.RuntimeInformation
                                   NuGetPackageVersion=4.3.0
                                   PathInPackage=runtimes/unix/lib/netstandard1.1/System.Runtime.InteropServices.RuntimeInformation.dll
                                   RuntimeIdentifier=unix
                           C:\Users\Lenovo\.nuget\packages\system.runtime.interopservices.runtimeinformation\4.3.0\runtimes\win\lib\netstandard1.1\System.Runtime.InteropServices.RuntimeInformation.dll
                                   AssetType=runtime
                                   CopyLocal=true
                                   DestinationSubDirectory=runtimes\win\lib\netstandard1.1\
                                   DestinationSubPath=runtimes\win\lib\netstandard1.1\System.Runtime.InteropServices.RuntimeInformation.dll
                                   NuGetPackageId=System.Runtime.InteropServices.RuntimeInformation
                                   NuGetPackageVersion=4.3.0
                                   PathInPackage=runtimes/win/lib/netstandard1.1/System.Runtime.InteropServices.RuntimeInformation.dll
                                   RuntimeIdentifier=win
                           C:\Users\Lenovo\.nuget\packages\system.security.cryptography.algorithms\4.3.0\runtimes\osx\lib\netstandard1.6\System.Security.Cryptography.Algorithms.dll
                                   AssetType=runtime
                                   CopyLocal=true
                                   DestinationSubDirectory=runtimes\osx\lib\netstandard1.6\
                                   DestinationSubPath=runtimes\osx\lib\netstandard1.6\System.Security.Cryptography.Algorithms.dll
                                   NuGetPackageId=System.Security.Cryptography.Algorithms
                                   NuGetPackageVersion=4.3.0
                                   PathInPackage=runtimes/osx/lib/netstandard1.6/System.Security.Cryptography.Algorithms.dll
                                   RuntimeIdentifier=osx
                           C:\Users\Lenovo\.nuget\packages\system.security.cryptography.algorithms\4.3.0\runtimes\unix\lib\netstandard1.6\System.Security.Cryptography.Algorithms.dll
                                   AssetType=runtime
                                   CopyLocal=true
                                   DestinationSubDirectory=runtimes\unix\lib\netstandard1.6\
                                   DestinationSubPath=runtimes\unix\lib\netstandard1.6\System.Security.Cryptography.Algorithms.dll
                                   NuGetPackageId=System.Security.Cryptography.Algorithms
                                   NuGetPackageVersion=4.3.0
                                   PathInPackage=runtimes/unix/lib/netstandard1.6/System.Security.Cryptography.Algorithms.dll
                                   RuntimeIdentifier=unix
                           C:\Users\Lenovo\.nuget\packages\system.security.cryptography.algorithms\4.3.0\runtimes\win\lib\netstandard1.6\System.Security.Cryptography.Algorithms.dll
                                   AssetType=runtime
                                   CopyLocal=true
                                   DestinationSubDirectory=runtimes\win\lib\netstandard1.6\
                                   DestinationSubPath=runtimes\win\lib\netstandard1.6\System.Security.Cryptography.Algorithms.dll
                                   NuGetPackageId=System.Security.Cryptography.Algorithms
                                   NuGetPackageVersion=4.3.0
                                   PathInPackage=runtimes/win/lib/netstandard1.6/System.Security.Cryptography.Algorithms.dll
                                   RuntimeIdentifier=win
                           C:\Users\Lenovo\.nuget\packages\system.security.cryptography.cng\4.3.0\runtimes\unix\lib\netstandard1.6\System.Security.Cryptography.Cng.dll
                                   AssetType=runtime
                                   CopyLocal=true
                                   DestinationSubDirectory=runtimes\unix\lib\netstandard1.6\
                                   DestinationSubPath=runtimes\unix\lib\netstandard1.6\System.Security.Cryptography.Cng.dll
                                   NuGetPackageId=System.Security.Cryptography.Cng
                                   NuGetPackageVersion=4.3.0
                                   PathInPackage=runtimes/unix/lib/netstandard1.6/System.Security.Cryptography.Cng.dll
                                   RuntimeIdentifier=unix
                           C:\Users\Lenovo\.nuget\packages\system.security.cryptography.cng\4.3.0\runtimes\win\lib\netstandard1.6\System.Security.Cryptography.Cng.dll
                                   AssetType=runtime
                                   CopyLocal=true
                                   DestinationSubDirectory=runtimes\win\lib\netstandard1.6\
                                   DestinationSubPath=runtimes\win\lib\netstandard1.6\System.Security.Cryptography.Cng.dll
                                   NuGetPackageId=System.Security.Cryptography.Cng
                                   NuGetPackageVersion=4.3.0
                                   PathInPackage=runtimes/win/lib/netstandard1.6/System.Security.Cryptography.Cng.dll
                                   RuntimeIdentifier=win
                           C:\Users\Lenovo\.nuget\packages\system.security.cryptography.csp\4.3.0\runtimes\unix\lib\netstandard1.3\System.Security.Cryptography.Csp.dll
                                   AssetType=runtime
                                   CopyLocal=true
                                   DestinationSubDirectory=runtimes\unix\lib\netstandard1.3\
                                   DestinationSubPath=runtimes\unix\lib\netstandard1.3\System.Security.Cryptography.Csp.dll
                                   NuGetPackageId=System.Security.Cryptography.Csp
                                   NuGetPackageVersion=4.3.0
                                   PathInPackage=runtimes/unix/lib/netstandard1.3/System.Security.Cryptography.Csp.dll
                                   RuntimeIdentifier=unix
                           C:\Users\Lenovo\.nuget\packages\system.security.cryptography.csp\4.3.0\runtimes\win\lib\netstandard1.3\System.Security.Cryptography.Csp.dll
                                   AssetType=runtime
                                   CopyLocal=true
                                   DestinationSubDirectory=runtimes\win\lib\netstandard1.3\
                                   DestinationSubPath=runtimes\win\lib\netstandard1.3\System.Security.Cryptography.Csp.dll
                                   NuGetPackageId=System.Security.Cryptography.Csp
                                   NuGetPackageVersion=4.3.0
                                   PathInPackage=runtimes/win/lib/netstandard1.3/System.Security.Cryptography.Csp.dll
                                   RuntimeIdentifier=win
                           C:\Users\Lenovo\.nuget\packages\system.security.cryptography.encoding\4.3.0\runtimes\unix\lib\netstandard1.3\System.Security.Cryptography.Encoding.dll
                                   AssetType=runtime
                                   CopyLocal=true
                                   DestinationSubDirectory=runtimes\unix\lib\netstandard1.3\
                                   DestinationSubPath=runtimes\unix\lib\netstandard1.3\System.Security.Cryptography.Encoding.dll
                                   NuGetPackageId=System.Security.Cryptography.Encoding
                                   NuGetPackageVersion=4.3.0
                                   PathInPackage=runtimes/unix/lib/netstandard1.3/System.Security.Cryptography.Encoding.dll
                                   RuntimeIdentifier=unix
                           C:\Users\Lenovo\.nuget\packages\system.security.cryptography.encoding\4.3.0\runtimes\win\lib\netstandard1.3\System.Security.Cryptography.Encoding.dll
                                   AssetType=runtime
                                   CopyLocal=true
                                   DestinationSubDirectory=runtimes\win\lib\netstandard1.3\
                                   DestinationSubPath=runtimes\win\lib\netstandard1.3\System.Security.Cryptography.Encoding.dll
                                   NuGetPackageId=System.Security.Cryptography.Encoding
                                   NuGetPackageVersion=4.3.0
                                   PathInPackage=runtimes/win/lib/netstandard1.3/System.Security.Cryptography.Encoding.dll
                                   RuntimeIdentifier=win
                           C:\Users\Lenovo\.nuget\packages\system.security.cryptography.openssl\4.3.0\runtimes\unix\lib\netstandard1.6\System.Security.Cryptography.OpenSsl.dll
                                   AssetType=runtime
                                   CopyLocal=true
                                   DestinationSubDirectory=runtimes\unix\lib\netstandard1.6\
                                   DestinationSubPath=runtimes\unix\lib\netstandard1.6\System.Security.Cryptography.OpenSsl.dll
                                   NuGetPackageId=System.Security.Cryptography.OpenSsl
                                   NuGetPackageVersion=4.3.0
                                   PathInPackage=runtimes/unix/lib/netstandard1.6/System.Security.Cryptography.OpenSsl.dll
                                   RuntimeIdentifier=unix
                           C:\Users\Lenovo\.nuget\packages\system.security.cryptography.x509certificates\4.3.0\runtimes\unix\lib\netstandard1.6\System.Security.Cryptography.X509Certificates.dll
                                   AssetType=runtime
                                   CopyLocal=true
                                   DestinationSubDirectory=runtimes\unix\lib\netstandard1.6\
                                   DestinationSubPath=runtimes\unix\lib\netstandard1.6\System.Security.Cryptography.X509Certificates.dll
                                   NuGetPackageId=System.Security.Cryptography.X509Certificates
                                   NuGetPackageVersion=4.3.0
                                   PathInPackage=runtimes/unix/lib/netstandard1.6/System.Security.Cryptography.X509Certificates.dll
                                   RuntimeIdentifier=unix
                           C:\Users\Lenovo\.nuget\packages\system.security.cryptography.x509certificates\4.3.0\runtimes\win\lib\netstandard1.6\System.Security.Cryptography.X509Certificates.dll
                                   AssetType=runtime
                                   CopyLocal=true
                                   DestinationSubDirectory=runtimes\win\lib\netstandard1.6\
                                   DestinationSubPath=runtimes\win\lib\netstandard1.6\System.Security.Cryptography.X509Certificates.dll
                                   NuGetPackageId=System.Security.Cryptography.X509Certificates
                                   NuGetPackageVersion=4.3.0
                                   PathInPackage=runtimes/win/lib/netstandard1.6/System.Security.Cryptography.X509Certificates.dll
                                   RuntimeIdentifier=win
                           C:\Users\Lenovo\.nuget\packages\system.text.encodings.web\9.0.9\runtimes\browser\lib\net8.0\System.Text.Encodings.Web.dll
                                   AssetType=runtime
                                   CopyLocal=true
                                   DestinationSubDirectory=runtimes\browser\lib\net8.0\
                                   DestinationSubPath=runtimes\browser\lib\net8.0\System.Text.Encodings.Web.dll
                                   NuGetPackageId=System.Text.Encodings.Web
                                   NuGetPackageVersion=9.0.9
                                   PathInPackage=runtimes/browser/lib/net8.0/System.Text.Encodings.Web.dll
                                   RuntimeIdentifier=browser
                           C:\Users\Lenovo\.nuget\packages\ultz.native.glfw\3.4.0\runtimes\linux-arm\native\libglfw.so.3
                                   AssetType=native
                                   CopyLocal=true
                                   DestinationSubDirectory=runtimes\linux-arm\native\
                                   DestinationSubPath=runtimes\linux-arm\native\libglfw.so.3
                                   NuGetPackageId=Ultz.Native.GLFW
                                   NuGetPackageVersion=3.4.0
                                   PathInPackage=runtimes/linux-arm/native/libglfw.so.3
                                   RuntimeIdentifier=linux-arm
                           C:\Users\Lenovo\.nuget\packages\ultz.native.glfw\3.4.0\runtimes\linux-arm64\native\libglfw.so.3
                                   AssetType=native
                                   CopyLocal=true
                                   DestinationSubDirectory=runtimes\linux-arm64\native\
                                   DestinationSubPath=runtimes\linux-arm64\native\libglfw.so.3
                                   NuGetPackageId=Ultz.Native.GLFW
                                   NuGetPackageVersion=3.4.0
                                   PathInPackage=runtimes/linux-arm64/native/libglfw.so.3
                                   RuntimeIdentifier=linux-arm64
                           C:\Users\Lenovo\.nuget\packages\ultz.native.glfw\3.4.0\runtimes\linux-x64\native\libglfw.so.3
                                   AssetType=native
                                   CopyLocal=true
                                   DestinationSubDirectory=runtimes\linux-x64\native\
                                   DestinationSubPath=runtimes\linux-x64\native\libglfw.so.3
                                   NuGetPackageId=Ultz.Native.GLFW
                                   NuGetPackageVersion=3.4.0
                                   PathInPackage=runtimes/linux-x64/native/libglfw.so.3
                                   RuntimeIdentifier=linux-x64
                           C:\Users\Lenovo\.nuget\packages\ultz.native.glfw\3.4.0\runtimes\osx-arm64\native\libglfw.3.dylib
                                   AssetType=native
                                   CopyLocal=true
                                   DestinationSubDirectory=runtimes\osx-arm64\native\
                                   DestinationSubPath=runtimes\osx-arm64\native\libglfw.3.dylib
                                   NuGetPackageId=Ultz.Native.GLFW
                                   NuGetPackageVersion=3.4.0
                                   PathInPackage=runtimes/osx-arm64/native/libglfw.3.dylib
                                   RuntimeIdentifier=osx-arm64
                           C:\Users\Lenovo\.nuget\packages\ultz.native.glfw\3.4.0\runtimes\osx-x64\native\libglfw.3.dylib
                                   AssetType=native
                                   CopyLocal=true
                                   DestinationSubDirectory=runtimes\osx-x64\native\
                                   DestinationSubPath=runtimes\osx-x64\native\libglfw.3.dylib
                                   NuGetPackageId=Ultz.Native.GLFW
                                   NuGetPackageVersion=3.4.0
                                   PathInPackage=runtimes/osx-x64/native/libglfw.3.dylib
                                   RuntimeIdentifier=osx-x64
                           C:\Users\Lenovo\.nuget\packages\ultz.native.glfw\3.4.0\runtimes\win-arm64\native\glfw3.dll
                                   AssetType=native
                                   CopyLocal=true
                                   DestinationSubDirectory=runtimes\win-arm64\native\
                                   DestinationSubPath=runtimes\win-arm64\native\glfw3.dll
                                   NuGetPackageId=Ultz.Native.GLFW
                                   NuGetPackageVersion=3.4.0
                                   PathInPackage=runtimes/win-arm64/native/glfw3.dll
                                   RuntimeIdentifier=win-arm64
                           C:\Users\Lenovo\.nuget\packages\ultz.native.glfw\3.4.0\runtimes\win-x64\native\glfw3.dll
                                   AssetType=native
                                   CopyLocal=true
                                   DestinationSubDirectory=runtimes\win-x64\native\
                                   DestinationSubPath=runtimes\win-x64\native\glfw3.dll
                                   NuGetPackageId=Ultz.Native.GLFW
                                   NuGetPackageVersion=3.4.0
                                   PathInPackage=runtimes/win-x64/native/glfw3.dll
                                   RuntimeIdentifier=win-x64
                           C:\Users\Lenovo\.nuget\packages\ultz.native.glfw\3.4.0\runtimes\win-x86\native\glfw3.dll
                                   AssetType=native
                                   CopyLocal=true
                                   DestinationSubDirectory=runtimes\win-x86\native\
                                   DestinationSubPath=runtimes\win-x86\native\glfw3.dll
                                   NuGetPackageId=Ultz.Native.GLFW
                                   NuGetPackageVersion=3.4.0
                                   PathInPackage=runtimes/win-x86/native/glfw3.dll
                                   RuntimeIdentifier=win-x86
                   Added Item(s): 
                       ReferenceCopyLocalPaths=
                           C:\Users\Lenovo\.nuget\packages\communitytoolkit.mvvm\8.4.0\lib\net8.0\CommunityToolkit.Mvvm.dll
                                   AssetType=runtime
                                   CopyLocal=true
                                   DestinationSubPath=CommunityToolkit.Mvvm.dll
                                   NuGetPackageId=CommunityToolkit.Mvvm
                                   NuGetPackageVersion=8.4.0
                                   PathInPackage=lib/net8.0/CommunityToolkit.Mvvm.dll
                           C:\Users\Lenovo\.nuget\packages\cyotek.drawing.bitmapfont\2.0.0\lib\netcoreapp3.1\Cyotek.Drawing.BitmapFont.dll
                                   AssetType=runtime
                                   CopyLocal=true
                                   DestinationSubPath=Cyotek.Drawing.BitmapFont.dll
                                   NuGetPackageId=Cyotek.Drawing.BitmapFont
                                   NuGetPackageVersion=2.0.0
                                   PathInPackage=lib/netcoreapp3.1/Cyotek.Drawing.BitmapFont.dll
                           C:\Users\Lenovo\.nuget\packages\helixtoolkit\2.27.0\lib\netstandard2.0\HelixToolkit.dll
                                   AssetType=runtime
                                   CopyLocal=true
                                   DestinationSubPath=HelixToolkit.dll
                                   NuGetPackageId=HelixToolkit
                                   NuGetPackageVersion=2.27.0
                                   PathInPackage=lib/netstandard2.0/HelixToolkit.dll
                           C:\Users\Lenovo\.nuget\packages\helixtoolkit.wpf.sharpdx\2.27.0\lib\net462\HelixToolkit.Wpf.SharpDX.dll
                                   AssetType=runtime
                                   CopyLocal=true
                                   DestinationSubPath=HelixToolkit.Wpf.SharpDX.dll
                                   NuGetPackageId=HelixToolkit.Wpf.SharpDX
                                   NuGetPackageVersion=2.27.0
                                   PathInPackage=lib/net462/HelixToolkit.Wpf.SharpDX.dll
                           C:\Users\Lenovo\.nuget\packages\microsoft.dotnet.platformabstractions\3.1.6\lib\netstandard2.0\Microsoft.DotNet.PlatformAbstractions.dll
                                   AssetType=runtime
                                   CopyLocal=true
                                   DestinationSubPath=Microsoft.DotNet.PlatformAbstractions.dll
                                   NuGetPackageId=Microsoft.DotNet.PlatformAbstractions
                                   NuGetPackageVersion=3.1.6
                                   PathInPackage=lib/netstandard2.0/Microsoft.DotNet.PlatformAbstractions.dll
                           C:\Users\Lenovo\.nuget\packages\microsoft.extensions.dependencyinjection\9.0.4\lib\net8.0\Microsoft.Extensions.DependencyInjection.dll
                                   AssetType=runtime
                                   CopyLocal=true
                                   DestinationSubPath=Microsoft.Extensions.DependencyInjection.dll
                                   NuGetPackageId=Microsoft.Extensions.DependencyInjection
                                   NuGetPackageVersion=9.0.4
                                   PathInPackage=lib/net8.0/Microsoft.Extensions.DependencyInjection.dll
                           C:\Users\Lenovo\.nuget\packages\microsoft.extensions.dependencyinjection.abstractions\9.0.4\lib\net8.0\Microsoft.Extensions.DependencyInjection.Abstractions.dll
                                   AssetType=runtime
                                   CopyLocal=true
                                   DestinationSubPath=Microsoft.Extensions.DependencyInjection.Abstractions.dll
                                   NuGetPackageId=Microsoft.Extensions.DependencyInjection.Abstractions
                                   NuGetPackageVersion=9.0.4
                                   PathInPackage=lib/net8.0/Microsoft.Extensions.DependencyInjection.Abstractions.dll
                           C:\Users\Lenovo\.nuget\packages\microsoft.extensions.dependencymodel\9.0.9\lib\net8.0\Microsoft.Extensions.DependencyModel.dll
                                   AssetType=runtime
                                   CopyLocal=true
                                   DestinationSubPath=Microsoft.Extensions.DependencyModel.dll
                                   NuGetPackageId=Microsoft.Extensions.DependencyModel
                                   NuGetPackageVersion=9.0.9
                                   PathInPackage=lib/net8.0/Microsoft.Extensions.DependencyModel.dll
                           C:\Users\Lenovo\.nuget\packages\microsoft.extensions.logging.abstractions\6.0.0\lib\net6.0\Microsoft.Extensions.Logging.Abstractions.dll
                                   AssetType=runtime
                                   CopyLocal=true
                                   DestinationSubPath=Microsoft.Extensions.Logging.Abstractions.dll
                                   NuGetPackageId=Microsoft.Extensions.Logging.Abstractions
                                   NuGetPackageVersion=6.0.0
                                   PathInPackage=lib/net6.0/Microsoft.Extensions.Logging.Abstractions.dll
                           C:\Users\Lenovo\.nuget\packages\sharpdx\4.2.0\lib\netstandard1.1\SharpDX.dll
                                   AssetType=runtime
                                   CopyLocal=true
                                   DestinationSubPath=SharpDX.dll
                                   NuGetPackageId=SharpDX
                                   NuGetPackageVersion=4.2.0
                                   PathInPackage=lib/netstandard1.1/SharpDX.dll
                           C:\Users\Lenovo\.nuget\packages\sharpdx.d3dcompiler\4.2.0\lib\netstandard1.1\SharpDX.D3DCompiler.dll
                                   AssetType=runtime
                                   CopyLocal=true
                                   DestinationSubPath=SharpDX.D3DCompiler.dll
                                   NuGetPackageId=SharpDX.D3DCompiler
                                   NuGetPackageVersion=4.2.0
                                   PathInPackage=lib/netstandard1.1/SharpDX.D3DCompiler.dll
                           C:\Users\Lenovo\.nuget\packages\sharpdx.direct2d1\4.2.0\lib\netstandard1.1\SharpDX.Direct2D1.dll
                                   AssetType=runtime
                                   CopyLocal=true
                                   DestinationSubPath=SharpDX.Direct2D1.dll
                                   NuGetPackageId=SharpDX.Direct2D1
                                   NuGetPackageVersion=4.2.0
                                   PathInPackage=lib/netstandard1.1/SharpDX.Direct2D1.dll
                           C:\Users\Lenovo\.nuget\packages\sharpdx.direct3d11\4.2.0\lib\netstandard1.1\SharpDX.Direct3D11.dll
                                   AssetType=runtime
                                   CopyLocal=true
                                   DestinationSubPath=SharpDX.Direct3D11.dll
                                   NuGetPackageId=SharpDX.Direct3D11
                                   NuGetPackageVersion=4.2.0
                                   PathInPackage=lib/netstandard1.1/SharpDX.Direct3D11.dll
                           C:\Users\Lenovo\.nuget\packages\sharpdx.direct3d9\4.2.0\lib\netstandard1.3\SharpDX.Direct3D9.dll
                                   AssetType=runtime
                                   CopyLocal=true
                                   DestinationSubPath=SharpDX.Direct3D9.dll
                                   NuGetPackageId=SharpDX.Direct3D9
                                   NuGetPackageVersion=4.2.0
                                   PathInPackage=lib/netstandard1.3/SharpDX.Direct3D9.dll
                           C:\Users\Lenovo\.nuget\packages\sharpdx.dxgi\4.2.0\lib\netstandard1.1\SharpDX.DXGI.dll
                                   AssetType=runtime
                                   CopyLocal=true
                                   DestinationSubPath=SharpDX.DXGI.dll
                                   NuGetPackageId=SharpDX.DXGI
                                   NuGetPackageVersion=4.2.0
                                   PathInPackage=lib/netstandard1.1/SharpDX.DXGI.dll
                           C:\Users\Lenovo\.nuget\packages\sharpdx.mathematics\4.2.0\lib\netstandard1.1\SharpDX.Mathematics.dll
                                   AssetType=runtime
                                   CopyLocal=true
                                   DestinationSubPath=SharpDX.Mathematics.dll
                                   NuGetPackageId=SharpDX.Mathematics
                                   NuGetPackageVersion=4.2.0
                                   PathInPackage=lib/netstandard1.1/SharpDX.Mathematics.dll
                           C:\Users\Lenovo\.nuget\packages\silk.net.core\2.23.0\lib\net6.0\Silk.NET.Core.dll
                                   AssetType=runtime
                                   CopyLocal=true
                                   DestinationSubPath=Silk.NET.Core.dll
                                   NuGetPackageId=Silk.NET.Core
                                   NuGetPackageVersion=2.23.0
                                   PathInPackage=lib/net6.0/Silk.NET.Core.dll
                           C:\Users\Lenovo\.nuget\packages\silk.net.glfw\2.23.0\lib\net5.0\Silk.NET.GLFW.dll
                                   AssetType=runtime
                                   CopyLocal=true
                                   DestinationSubPath=Silk.NET.GLFW.dll
                                   NuGetPackageId=Silk.NET.GLFW
                                   NuGetPackageVersion=2.23.0
                                   PathInPackage=lib/net5.0/Silk.NET.GLFW.dll
                           C:\Users\Lenovo\.nuget\packages\silk.net.input.common\2.23.0\lib\net5.0\Silk.NET.Input.Common.dll
                                   AssetType=runtime
                                   CopyLocal=true
                                   DestinationSubPath=Silk.NET.Input.Common.dll
                                   NuGetPackageId=Silk.NET.Input.Common
                                   NuGetPackageVersion=2.23.0
                                   PathInPackage=lib/net5.0/Silk.NET.Input.Common.dll
                           C:\Users\Lenovo\.nuget\packages\silk.net.input.glfw\2.23.0\lib\net5.0\Silk.NET.Input.Glfw.dll
                                   AssetType=runtime
                                   CopyLocal=true
                                   DestinationSubPath=Silk.NET.Input.Glfw.dll
                                   NuGetPackageId=Silk.NET.Input.Glfw
                                   NuGetPackageVersion=2.23.0
                                   PathInPackage=lib/net5.0/Silk.NET.Input.Glfw.dll
                           C:\Users\Lenovo\.nuget\packages\silk.net.maths\2.23.0\lib\net5.0\Silk.NET.Maths.dll
                                   AssetType=runtime
                                   CopyLocal=true
                                   DestinationSubPath=Silk.NET.Maths.dll
                                   NuGetPackageId=Silk.NET.Maths
                                   NuGetPackageVersion=2.23.0
                                   PathInPackage=lib/net5.0/Silk.NET.Maths.dll
                           C:\Users\Lenovo\.nuget\packages\silk.net.opengl\2.23.0\lib\net5.0\Silk.NET.OpenGL.dll
                                   AssetType=runtime
                                   CopyLocal=true
                                   DestinationSubPath=Silk.NET.OpenGL.dll
                                   NuGetPackageId=Silk.NET.OpenGL
                                   NuGetPackageVersion=2.23.0
                                   PathInPackage=lib/net5.0/Silk.NET.OpenGL.dll
                           C:\Users\Lenovo\.nuget\packages\silk.net.windowing.common\2.23.0\lib\netstandard2.1\Silk.NET.Windowing.Common.dll
                                   AssetType=runtime
                                   CopyLocal=true
                                   DestinationSubPath=Silk.NET.Windowing.Common.dll
                                   NuGetPackageId=Silk.NET.Windowing.Common
                                   NuGetPackageVersion=2.23.0
                                   PathInPackage=lib/netstandard2.1/Silk.NET.Windowing.Common.dll
                           C:\Users\Lenovo\.nuget\packages\silk.net.windowing.glfw\2.23.0\lib\net5.0\Silk.NET.Windowing.Glfw.dll
                                   AssetType=runtime
                                   CopyLocal=true
                                   DestinationSubPath=Silk.NET.Windowing.Glfw.dll
                                   NuGetPackageId=Silk.NET.Windowing.Glfw
                                   NuGetPackageVersion=2.23.0
                                   PathInPackage=lib/net5.0/Silk.NET.Windowing.Glfw.dll
                           C:\Users\Lenovo\.nuget\packages\system.appcontext\4.3.0\lib\netstandard1.6\System.AppContext.dll
                                   AssetType=runtime
                                   CopyLocal=true
                                   DestinationSubPath=System.AppContext.dll
                                   NuGetPackageId=System.AppContext
                                   NuGetPackageVersion=4.3.0
                                   PathInPackage=lib/netstandard1.6/System.AppContext.dll
                           C:\Users\Lenovo\.nuget\packages\system.buffers\4.3.0\lib\netstandard1.1\System.Buffers.dll
                                   AssetType=runtime
                                   CopyLocal=true
                                   DestinationSubPath=System.Buffers.dll
                                   NuGetPackageId=System.Buffers
                                   NuGetPackageVersion=4.3.0
                                   PathInPackage=lib/netstandard1.1/System.Buffers.dll
                           C:\Users\Lenovo\.nuget\packages\system.collections.concurrent\4.3.0\lib\netstandard1.3\System.Collections.Concurrent.dll
                                   AssetType=runtime
                                   CopyLocal=true
                                   DestinationSubPath=System.Collections.Concurrent.dll
                                   NuGetPackageId=System.Collections.Concurrent
                                   NuGetPackageVersion=4.3.0
                                   PathInPackage=lib/netstandard1.3/System.Collections.Concurrent.dll
                           C:\Users\Lenovo\.nuget\packages\system.diagnostics.diagnosticsource\4.3.0\lib\netstandard1.3\System.Diagnostics.DiagnosticSource.dll
                                   AssetType=runtime
                                   CopyLocal=true
                                   DestinationSubPath=System.Diagnostics.DiagnosticSource.dll
                                   NuGetPackageId=System.Diagnostics.DiagnosticSource
                                   NuGetPackageVersion=4.3.0
                                   PathInPackage=lib/netstandard1.3/System.Diagnostics.DiagnosticSource.dll
                           C:\Users\Lenovo\.nuget\packages\system.io.compression.zipfile\4.3.0\lib\netstandard1.3\System.IO.Compression.ZipFile.dll
                                   AssetType=runtime
                                   CopyLocal=true
                                   DestinationSubPath=System.IO.Compression.ZipFile.dll
                                   NuGetPackageId=System.IO.Compression.ZipFile
                                   NuGetPackageVersion=4.3.0
                                   PathInPackage=lib/netstandard1.3/System.IO.Compression.ZipFile.dll
                           C:\Users\Lenovo\.nuget\packages\system.io.filesystem.primitives\4.3.0\lib\netstandard1.3\System.IO.FileSystem.Primitives.dll
                                   AssetType=runtime
                                   CopyLocal=true
                                   DestinationSubPath=System.IO.FileSystem.Primitives.dll
                                   NuGetPackageId=System.IO.FileSystem.Primitives
                                   NuGetPackageVersion=4.3.0
                                   PathInPackage=lib/netstandard1.3/System.IO.FileSystem.Primitives.dll
                           C:\Users\Lenovo\.nuget\packages\system.io.pipelines\9.0.9\lib\net8.0\System.IO.Pipelines.dll
                                   AssetType=runtime
                                   CopyLocal=true
                                   DestinationSubPath=System.IO.Pipelines.dll
                                   NuGetPackageId=System.IO.Pipelines
                                   NuGetPackageVersion=9.0.9
                                   PathInPackage=lib/net8.0/System.IO.Pipelines.dll
                           C:\Users\Lenovo\.nuget\packages\system.linq\4.3.0\lib\netstandard1.6\System.Linq.dll
                                   AssetType=runtime
                                   CopyLocal=true
                                   DestinationSubPath=System.Linq.dll
                                   NuGetPackageId=System.Linq
                                   NuGetPackageVersion=4.3.0
                                   PathInPackage=lib/netstandard1.6/System.Linq.dll
                           C:\Users\Lenovo\.nuget\packages\system.linq.expressions\4.3.0\lib\netstandard1.6\System.Linq.Expressions.dll
                                   AssetType=runtime
                                   CopyLocal=true
                                   DestinationSubPath=System.Linq.Expressions.dll
                                   NuGetPackageId=System.Linq.Expressions
                                   NuGetPackageVersion=4.3.0
                                   PathInPackage=lib/netstandard1.6/System.Linq.Expressions.dll
                           C:\Users\Lenovo\.nuget\packages\system.objectmodel\4.3.0\lib\netstandard1.3\System.ObjectModel.dll
                                   AssetType=runtime
                                   CopyLocal=true
                                   DestinationSubPath=System.ObjectModel.dll
                                   NuGetPackageId=System.ObjectModel
                                   NuGetPackageVersion=4.3.0
                                   PathInPackage=lib/netstandard1.3/System.ObjectModel.dll
                           C:\Users\Lenovo\.nuget\packages\system.reflection.emit\4.3.0\lib\netstandard1.3\System.Reflection.Emit.dll
                                   AssetType=runtime
                                   CopyLocal=true
                                   DestinationSubPath=System.Reflection.Emit.dll
                                   NuGetPackageId=System.Reflection.Emit
                                   NuGetPackageVersion=4.3.0
                                   PathInPackage=lib/netstandard1.3/System.Reflection.Emit.dll
                           C:\Users\Lenovo\.nuget\packages\system.reflection.emit.ilgeneration\4.3.0\lib\netstandard1.3\System.Reflection.Emit.ILGeneration.dll
                                   AssetType=runtime
                                   CopyLocal=true
                                   DestinationSubPath=System.Reflection.Emit.ILGeneration.dll
                                   NuGetPackageId=System.Reflection.Emit.ILGeneration
                                   NuGetPackageVersion=4.3.0
                                   PathInPackage=lib/netstandard1.3/System.Reflection.Emit.ILGeneration.dll
                           C:\Users\Lenovo\.nuget\packages\system.reflection.emit.lightweight\4.3.0\lib\netstandard1.3\System.Reflection.Emit.Lightweight.dll
                                   AssetType=runtime
                                   CopyLocal=true
                                   DestinationSubPath=System.Reflection.Emit.Lightweight.dll
                                   NuGetPackageId=System.Reflection.Emit.Lightweight
                                   NuGetPackageVersion=4.3.0
                                   PathInPackage=lib/netstandard1.3/System.Reflection.Emit.Lightweight.dll
                           C:\Users\Lenovo\.nuget\packages\system.reflection.typeextensions\4.3.0\lib\netstandard1.5\System.Reflection.TypeExtensions.dll
                                   AssetType=runtime
                                   CopyLocal=true
                                   DestinationSubPath=System.Reflection.TypeExtensions.dll
                                   NuGetPackageId=System.Reflection.TypeExtensions
                                   NuGetPackageVersion=4.3.0
                                   PathInPackage=lib/netstandard1.5/System.Reflection.TypeExtensions.dll
                           C:\Users\Lenovo\.nuget\packages\system.runtime.interopservices.runtimeinformation\4.3.0\lib\netstandard1.1\System.Runtime.InteropServices.RuntimeInformation.dll
                                   AssetType=runtime
                                   CopyLocal=true
                                   DestinationSubPath=System.Runtime.InteropServices.RuntimeInformation.dll
                                   NuGetPackageId=System.Runtime.InteropServices.RuntimeInformation
                                   NuGetPackageVersion=4.3.0
                                   PathInPackage=lib/netstandard1.1/System.Runtime.InteropServices.RuntimeInformation.dll
                           C:\Users\Lenovo\.nuget\packages\system.runtime.numerics\4.3.0\lib\netstandard1.3\System.Runtime.Numerics.dll
                                   AssetType=runtime
                                   CopyLocal=true
                                   DestinationSubPath=System.Runtime.Numerics.dll
                                   NuGetPackageId=System.Runtime.Numerics
                                   NuGetPackageVersion=4.3.0
                                   PathInPackage=lib/netstandard1.3/System.Runtime.Numerics.dll
                           C:\Users\Lenovo\.nuget\packages\system.security.cryptography.openssl\4.3.0\lib\netstandard1.6\System.Security.Cryptography.OpenSsl.dll
                                   AssetType=runtime
                                   CopyLocal=true
                                   DestinationSubPath=System.Security.Cryptography.OpenSsl.dll
                                   NuGetPackageId=System.Security.Cryptography.OpenSsl
                                   NuGetPackageVersion=4.3.0
                                   PathInPackage=lib/netstandard1.6/System.Security.Cryptography.OpenSsl.dll
                           C:\Users\Lenovo\.nuget\packages\system.security.cryptography.primitives\4.3.0\lib\netstandard1.3\System.Security.Cryptography.Primitives.dll
                                   AssetType=runtime
                                   CopyLocal=true
                                   DestinationSubPath=System.Security.Cryptography.Primitives.dll
                                   NuGetPackageId=System.Security.Cryptography.Primitives
                                   NuGetPackageVersion=4.3.0
                                   PathInPackage=lib/netstandard1.3/System.Security.Cryptography.Primitives.dll
                           C:\Users\Lenovo\.nuget\packages\system.text.encodings.web\9.0.9\lib\net8.0\System.Text.Encodings.Web.dll
                                   AssetType=runtime
                                   CopyLocal=true
                                   DestinationSubPath=System.Text.Encodings.Web.dll
                                   NuGetPackageId=System.Text.Encodings.Web
                                   NuGetPackageVersion=9.0.9
                                   PathInPackage=lib/net8.0/System.Text.Encodings.Web.dll
                           C:\Users\Lenovo\.nuget\packages\system.text.json\9.0.9\lib\net8.0\System.Text.Json.dll
                                   AssetType=runtime
                                   CopyLocal=true
                                   DestinationSubPath=System.Text.Json.dll
                                   NuGetPackageId=System.Text.Json
                                   NuGetPackageVersion=9.0.9
                                   PathInPackage=lib/net8.0/System.Text.Json.dll
                           C:\Users\Lenovo\.nuget\packages\system.text.regularexpressions\4.3.0\lib\netstandard1.6\System.Text.RegularExpressions.dll
                                   AssetType=runtime
                                   CopyLocal=true
                                   DestinationSubPath=System.Text.RegularExpressions.dll
                                   NuGetPackageId=System.Text.RegularExpressions
                                   NuGetPackageVersion=4.3.0
                                   PathInPackage=lib/netstandard1.6/System.Text.RegularExpressions.dll
                           C:\Users\Lenovo\.nuget\packages\system.threading\4.3.0\lib\netstandard1.3\System.Threading.dll
                                   AssetType=runtime
                                   CopyLocal=true
                                   DestinationSubPath=System.Threading.dll
                                   NuGetPackageId=System.Threading
                                   NuGetPackageVersion=4.3.0
                                   PathInPackage=lib/netstandard1.3/System.Threading.dll
                           C:\Users\Lenovo\.nuget\packages\system.threading.tasks.extensions\4.3.0\lib\netstandard1.0\System.Threading.Tasks.Extensions.dll
                                   AssetType=runtime
                                   CopyLocal=true
                                   DestinationSubPath=System.Threading.Tasks.Extensions.dll
                                   NuGetPackageId=System.Threading.Tasks.Extensions
                                   NuGetPackageVersion=4.3.0
                                   PathInPackage=lib/netstandard1.0/System.Threading.Tasks.Extensions.dll
                           C:\Users\Lenovo\.nuget\packages\system.xml.readerwriter\4.3.0\lib\netstandard1.3\System.Xml.ReaderWriter.dll
                                   AssetType=runtime
                                   CopyLocal=true
                                   DestinationSubPath=System.Xml.ReaderWriter.dll
                                   NuGetPackageId=System.Xml.ReaderWriter
                                   NuGetPackageVersion=4.3.0
                                   PathInPackage=lib/netstandard1.3/System.Xml.ReaderWriter.dll
                           C:\Users\Lenovo\.nuget\packages\system.xml.xdocument\4.3.0\lib\netstandard1.3\System.Xml.XDocument.dll
                                   AssetType=runtime
                                   CopyLocal=true
                                   DestinationSubPath=System.Xml.XDocument.dll
                                   NuGetPackageId=System.Xml.XDocument
                                   NuGetPackageVersion=4.3.0
                                   PathInPackage=lib/netstandard1.3/System.Xml.XDocument.dll
                           C:\Users\Lenovo\.nuget\packages\runtime.debian.8-x64.runtime.native.system.security.cryptography.openssl\4.3.0\runtimes\debian.8-x64\native\System.Security.Cryptography.Native.OpenSsl.so
                                   AssetType=native
                                   CopyLocal=true
                                   DestinationSubDirectory=runtimes\debian.8-x64\native\
                                   DestinationSubPath=runtimes\debian.8-x64\native\System.Security.Cryptography.Native.OpenSsl.so
                                   NuGetPackageId=runtime.debian.8-x64.runtime.native.System.Security.Cryptography.OpenSsl
                                   NuGetPackageVersion=4.3.0
                                   PathInPackage=runtimes/debian.8-x64/native/System.Security.Cryptography.Native.OpenSsl.so
                                   RuntimeIdentifier=debian.8-x64
                           C:\Users\Lenovo\.nuget\packages\runtime.fedora.23-x64.runtime.native.system.security.cryptography.openssl\4.3.0\runtimes\fedora.23-x64\native\System.Security.Cryptography.Native.OpenSsl.so
                                   AssetType=native
                                   CopyLocal=true
                                   DestinationSubDirectory=runtimes\fedora.23-x64\native\
                                   DestinationSubPath=runtimes\fedora.23-x64\native\System.Security.Cryptography.Native.OpenSsl.so
                                   NuGetPackageId=runtime.fedora.23-x64.runtime.native.System.Security.Cryptography.OpenSsl
                                   NuGetPackageVersion=4.3.0
                                   PathInPackage=runtimes/fedora.23-x64/native/System.Security.Cryptography.Native.OpenSsl.so
                                   RuntimeIdentifier=fedora.23-x64
                           C:\Users\Lenovo\.nuget\packages\runtime.fedora.24-x64.runtime.native.system.security.cryptography.openssl\4.3.0\runtimes\fedora.24-x64\native\System.Security.Cryptography.Native.OpenSsl.so
                                   AssetType=native
                                   CopyLocal=true
                                   DestinationSubDirectory=runtimes\fedora.24-x64\native\
                                   DestinationSubPath=runtimes\fedora.24-x64\native\System.Security.Cryptography.Native.OpenSsl.so
                                   NuGetPackageId=runtime.fedora.24-x64.runtime.native.System.Security.Cryptography.OpenSsl
                                   NuGetPackageVersion=4.3.0
                                   PathInPackage=runtimes/fedora.24-x64/native/System.Security.Cryptography.Native.OpenSsl.so
                                   RuntimeIdentifier=fedora.24-x64
                           C:\Users\Lenovo\.nuget\packages\runtime.opensuse.13.2-x64.runtime.native.system.security.cryptography.openssl\4.3.0\runtimes\opensuse.13.2-x64\native\System.Security.Cryptography.Native.OpenSsl.so
                                   AssetType=native
                                   CopyLocal=true
                                   DestinationSubDirectory=runtimes\opensuse.13.2-x64\native\
                                   DestinationSubPath=runtimes\opensuse.13.2-x64\native\System.Security.Cryptography.Native.OpenSsl.so
                                   NuGetPackageId=runtime.opensuse.13.2-x64.runtime.native.System.Security.Cryptography.OpenSsl
                                   NuGetPackageVersion=4.3.0
                                   PathInPackage=runtimes/opensuse.13.2-x64/native/System.Security.Cryptography.Native.OpenSsl.so
                                   RuntimeIdentifier=opensuse.13.2-x64
                           C:\Users\Lenovo\.nuget\packages\runtime.opensuse.42.1-x64.runtime.native.system.security.cryptography.openssl\4.3.0\runtimes\opensuse.42.1-x64\native\System.Security.Cryptography.Native.OpenSsl.so
                                   AssetType=native
                                   CopyLocal=true
                                   DestinationSubDirectory=runtimes\opensuse.42.1-x64\native\
                                   DestinationSubPath=runtimes\opensuse.42.1-x64\native\System.Security.Cryptography.Native.OpenSsl.so
                                   NuGetPackageId=runtime.opensuse.42.1-x64.runtime.native.System.Security.Cryptography.OpenSsl
                                   NuGetPackageVersion=4.3.0
                                   PathInPackage=runtimes/opensuse.42.1-x64/native/System.Security.Cryptography.Native.OpenSsl.so
                                   RuntimeIdentifier=opensuse.42.1-x64
                           C:\Users\Lenovo\.nuget\packages\runtime.osx.10.10-x64.runtime.native.system.security.cryptography.apple\4.3.0\runtimes\osx.10.10-x64\native\System.Security.Cryptography.Native.Apple.dylib
                                   AssetType=native
                                   CopyLocal=true
                                   DestinationSubDirectory=runtimes\osx.10.10-x64\native\
                                   DestinationSubPath=runtimes\osx.10.10-x64\native\System.Security.Cryptography.Native.Apple.dylib
                                   NuGetPackageId=runtime.osx.10.10-x64.runtime.native.System.Security.Cryptography.Apple
                                   NuGetPackageVersion=4.3.0
                                   PathInPackage=runtimes/osx.10.10-x64/native/System.Security.Cryptography.Native.Apple.dylib
                                   RuntimeIdentifier=osx.10.10-x64
                           C:\Users\Lenovo\.nuget\packages\runtime.osx.10.10-x64.runtime.native.system.security.cryptography.openssl\4.3.0\runtimes\osx.10.10-x64\native\System.Security.Cryptography.Native.OpenSsl.dylib
                                   AssetType=native
                                   CopyLocal=true
                                   DestinationSubDirectory=runtimes\osx.10.10-x64\native\
                                   DestinationSubPath=runtimes\osx.10.10-x64\native\System.Security.Cryptography.Native.OpenSsl.dylib
                                   NuGetPackageId=runtime.osx.10.10-x64.runtime.native.System.Security.Cryptography.OpenSsl
                                   NuGetPackageVersion=4.3.0
                                   PathInPackage=runtimes/osx.10.10-x64/native/System.Security.Cryptography.Native.OpenSsl.dylib
                                   RuntimeIdentifier=osx.10.10-x64
                           C:\Users\Lenovo\.nuget\packages\runtime.rhel.7-x64.runtime.native.system.security.cryptography.openssl\4.3.0\runtimes\rhel.7-x64\native\System.Security.Cryptography.Native.OpenSsl.so
                                   AssetType=native
                                   CopyLocal=true
                                   DestinationSubDirectory=runtimes\rhel.7-x64\native\
                                   DestinationSubPath=runtimes\rhel.7-x64\native\System.Security.Cryptography.Native.OpenSsl.so
                                   NuGetPackageId=runtime.rhel.7-x64.runtime.native.System.Security.Cryptography.OpenSsl
                                   NuGetPackageVersion=4.3.0
                                   PathInPackage=runtimes/rhel.7-x64/native/System.Security.Cryptography.Native.OpenSsl.so
                                   RuntimeIdentifier=rhel.7-x64
                           C:\Users\Lenovo\.nuget\packages\runtime.ubuntu.14.04-x64.runtime.native.system.security.cryptography.openssl\4.3.0\runtimes\ubuntu.14.04-x64\native\System.Security.Cryptography.Native.OpenSsl.so
                                   AssetType=native
                                   CopyLocal=true
                                   DestinationSubDirectory=runtimes\ubuntu.14.04-x64\native\
                                   DestinationSubPath=runtimes\ubuntu.14.04-x64\native\System.Security.Cryptography.Native.OpenSsl.so
                                   NuGetPackageId=runtime.ubuntu.14.04-x64.runtime.native.System.Security.Cryptography.OpenSsl
                                   NuGetPackageVersion=4.3.0
                                   PathInPackage=runtimes/ubuntu.14.04-x64/native/System.Security.Cryptography.Native.OpenSsl.so
                                   RuntimeIdentifier=ubuntu.14.04-x64
                           C:\Users\Lenovo\.nuget\packages\runtime.ubuntu.16.04-x64.runtime.native.system.security.cryptography.openssl\4.3.0\runtimes\ubuntu.16.04-x64\native\System.Security.Cryptography.Native.OpenSsl.so
                                   AssetType=native
                                   CopyLocal=true
                                   DestinationSubDirectory=runtimes\ubuntu.16.04-x64\native\
                                   DestinationSubPath=runtimes\ubuntu.16.04-x64\native\System.Security.Cryptography.Native.OpenSsl.so
                                   NuGetPackageId=runtime.ubuntu.16.04-x64.runtime.native.System.Security.Cryptography.OpenSsl
                                   NuGetPackageVersion=4.3.0
                                   PathInPackage=runtimes/ubuntu.16.04-x64/native/System.Security.Cryptography.Native.OpenSsl.so
                                   RuntimeIdentifier=ubuntu.16.04-x64
                           C:\Users\Lenovo\.nuget\packages\runtime.ubuntu.16.10-x64.runtime.native.system.security.cryptography.openssl\4.3.0\runtimes\ubuntu.16.10-x64\native\System.Security.Cryptography.Native.OpenSsl.so
                                   AssetType=native
                                   CopyLocal=true
                                   DestinationSubDirectory=runtimes\ubuntu.16.10-x64\native\
                                   DestinationSubPath=runtimes\ubuntu.16.10-x64\native\System.Security.Cryptography.Native.OpenSsl.so
                                   NuGetPackageId=runtime.ubuntu.16.10-x64.runtime.native.System.Security.Cryptography.OpenSsl
                                   NuGetPackageVersion=4.3.0
                                   PathInPackage=runtimes/ubuntu.16.10-x64/native/System.Security.Cryptography.Native.OpenSsl.so
                                   RuntimeIdentifier=ubuntu.16.10-x64
                           C:\Users\Lenovo\.nuget\packages\system.globalization.extensions\4.3.0\runtimes\unix\lib\netstandard1.3\System.Globalization.Extensions.dll
                                   AssetType=runtime
                                   CopyLocal=true
                                   DestinationSubDirectory=runtimes\unix\lib\netstandard1.3\
                                   DestinationSubPath=runtimes\unix\lib\netstandard1.3\System.Globalization.Extensions.dll
                                   NuGetPackageId=System.Globalization.Extensions
                                   NuGetPackageVersion=4.3.0
                                   PathInPackage=runtimes/unix/lib/netstandard1.3/System.Globalization.Extensions.dll
                                   RuntimeIdentifier=unix
                           C:\Users\Lenovo\.nuget\packages\system.globalization.extensions\4.3.0\runtimes\win\lib\netstandard1.3\System.Globalization.Extensions.dll
                                   AssetType=runtime
                                   CopyLocal=true
                                   DestinationSubDirectory=runtimes\win\lib\netstandard1.3\
                                   DestinationSubPath=runtimes\win\lib\netstandard1.3\System.Globalization.Extensions.dll
                                   NuGetPackageId=System.Globalization.Extensions
                                   NuGetPackageVersion=4.3.0
                                   PathInPackage=runtimes/win/lib/netstandard1.3/System.Globalization.Extensions.dll
                                   RuntimeIdentifier=win
                           C:\Users\Lenovo\.nuget\packages\system.io.compression\4.3.0\runtimes\unix\lib\netstandard1.3\System.IO.Compression.dll
                                   AssetType=runtime
                                   CopyLocal=true
                                   DestinationSubDirectory=runtimes\unix\lib\netstandard1.3\
                                   DestinationSubPath=runtimes\unix\lib\netstandard1.3\System.IO.Compression.dll
                                   NuGetPackageId=System.IO.Compression
                                   NuGetPackageVersion=4.3.0
                                   PathInPackage=runtimes/unix/lib/netstandard1.3/System.IO.Compression.dll
                                   RuntimeIdentifier=unix
                           C:\Users\Lenovo\.nuget\packages\system.io.compression\4.3.0\runtimes\win\lib\netstandard1.3\System.IO.Compression.dll
                                   AssetType=runtime
                                   CopyLocal=true
                                   DestinationSubDirectory=runtimes\win\lib\netstandard1.3\
                                   DestinationSubPath=runtimes\win\lib\netstandard1.3\System.IO.Compression.dll
                                   NuGetPackageId=System.IO.Compression
                                   NuGetPackageVersion=4.3.0
                                   PathInPackage=runtimes/win/lib/netstandard1.3/System.IO.Compression.dll
                                   RuntimeIdentifier=win
                           C:\Users\Lenovo\.nuget\packages\system.net.http\4.3.0\runtimes\unix\lib\netstandard1.6\System.Net.Http.dll
                                   AssetType=runtime
                                   CopyLocal=true
                                   DestinationSubDirectory=runtimes\unix\lib\netstandard1.6\
                                   DestinationSubPath=runtimes\unix\lib\netstandard1.6\System.Net.Http.dll
                                   NuGetPackageId=System.Net.Http
                                   NuGetPackageVersion=4.3.0
                                   PathInPackage=runtimes/unix/lib/netstandard1.6/System.Net.Http.dll
                                   RuntimeIdentifier=unix
                           C:\Users\Lenovo\.nuget\packages\system.net.http\4.3.0\runtimes\win\lib\netstandard1.3\System.Net.Http.dll
                                   AssetType=runtime
                                   CopyLocal=true
                                   DestinationSubDirectory=runtimes\win\lib\netstandard1.3\
                                   DestinationSubPath=runtimes\win\lib\netstandard1.3\System.Net.Http.dll
                                   NuGetPackageId=System.Net.Http
                                   NuGetPackageVersion=4.3.0
                                   PathInPackage=runtimes/win/lib/netstandard1.3/System.Net.Http.dll
                                   RuntimeIdentifier=win
                           C:\Users\Lenovo\.nuget\packages\system.runtime.interopservices.runtimeinformation\4.3.0\runtimes\unix\lib\netstandard1.1\System.Runtime.InteropServices.RuntimeInformation.dll
                                   AssetType=runtime
                                   CopyLocal=true
                                   DestinationSubDirectory=runtimes\unix\lib\netstandard1.1\
                                   DestinationSubPath=runtimes\unix\lib\netstandard1.1\System.Runtime.InteropServices.RuntimeInformation.dll
                                   NuGetPackageId=System.Runtime.InteropServices.RuntimeInformation
                                   NuGetPackageVersion=4.3.0
                                   PathInPackage=runtimes/unix/lib/netstandard1.1/System.Runtime.InteropServices.RuntimeInformation.dll
                                   RuntimeIdentifier=unix
                           C:\Users\Lenovo\.nuget\packages\system.runtime.interopservices.runtimeinformation\4.3.0\runtimes\win\lib\netstandard1.1\System.Runtime.InteropServices.RuntimeInformation.dll
                                   AssetType=runtime
                                   CopyLocal=true
                                   DestinationSubDirectory=runtimes\win\lib\netstandard1.1\
                                   DestinationSubPath=runtimes\win\lib\netstandard1.1\System.Runtime.InteropServices.RuntimeInformation.dll
                                   NuGetPackageId=System.Runtime.InteropServices.RuntimeInformation
                                   NuGetPackageVersion=4.3.0
                                   PathInPackage=runtimes/win/lib/netstandard1.1/System.Runtime.InteropServices.RuntimeInformation.dll
                                   RuntimeIdentifier=win
                           C:\Users\Lenovo\.nuget\packages\system.security.cryptography.algorithms\4.3.0\runtimes\osx\lib\netstandard1.6\System.Security.Cryptography.Algorithms.dll
                                   AssetType=runtime
                                   CopyLocal=true
                                   DestinationSubDirectory=runtimes\osx\lib\netstandard1.6\
                                   DestinationSubPath=runtimes\osx\lib\netstandard1.6\System.Security.Cryptography.Algorithms.dll
                                   NuGetPackageId=System.Security.Cryptography.Algorithms
                                   NuGetPackageVersion=4.3.0
                                   PathInPackage=runtimes/osx/lib/netstandard1.6/System.Security.Cryptography.Algorithms.dll
                                   RuntimeIdentifier=osx
                           C:\Users\Lenovo\.nuget\packages\system.security.cryptography.algorithms\4.3.0\runtimes\unix\lib\netstandard1.6\System.Security.Cryptography.Algorithms.dll
                                   AssetType=runtime
                                   CopyLocal=true
                                   DestinationSubDirectory=runtimes\unix\lib\netstandard1.6\
                                   DestinationSubPath=runtimes\unix\lib\netstandard1.6\System.Security.Cryptography.Algorithms.dll
                                   NuGetPackageId=System.Security.Cryptography.Algorithms
                                   NuGetPackageVersion=4.3.0
                                   PathInPackage=runtimes/unix/lib/netstandard1.6/System.Security.Cryptography.Algorithms.dll
                                   RuntimeIdentifier=unix
                           C:\Users\Lenovo\.nuget\packages\system.security.cryptography.algorithms\4.3.0\runtimes\win\lib\netstandard1.6\System.Security.Cryptography.Algorithms.dll
                                   AssetType=runtime
                                   CopyLocal=true
                                   DestinationSubDirectory=runtimes\win\lib\netstandard1.6\
                                   DestinationSubPath=runtimes\win\lib\netstandard1.6\System.Security.Cryptography.Algorithms.dll
                                   NuGetPackageId=System.Security.Cryptography.Algorithms
                                   NuGetPackageVersion=4.3.0
                                   PathInPackage=runtimes/win/lib/netstandard1.6/System.Security.Cryptography.Algorithms.dll
                                   RuntimeIdentifier=win
                           C:\Users\Lenovo\.nuget\packages\system.security.cryptography.cng\4.3.0\runtimes\unix\lib\netstandard1.6\System.Security.Cryptography.Cng.dll
                                   AssetType=runtime
                                   CopyLocal=true
                                   DestinationSubDirectory=runtimes\unix\lib\netstandard1.6\
                                   DestinationSubPath=runtimes\unix\lib\netstandard1.6\System.Security.Cryptography.Cng.dll
                                   NuGetPackageId=System.Security.Cryptography.Cng
                                   NuGetPackageVersion=4.3.0
                                   PathInPackage=runtimes/unix/lib/netstandard1.6/System.Security.Cryptography.Cng.dll
                                   RuntimeIdentifier=unix
                           C:\Users\Lenovo\.nuget\packages\system.security.cryptography.cng\4.3.0\runtimes\win\lib\netstandard1.6\System.Security.Cryptography.Cng.dll
                                   AssetType=runtime
                                   CopyLocal=true
                                   DestinationSubDirectory=runtimes\win\lib\netstandard1.6\
                                   DestinationSubPath=runtimes\win\lib\netstandard1.6\System.Security.Cryptography.Cng.dll
                                   NuGetPackageId=System.Security.Cryptography.Cng
                                   NuGetPackageVersion=4.3.0
                                   PathInPackage=runtimes/win/lib/netstandard1.6/System.Security.Cryptography.Cng.dll
                                   RuntimeIdentifier=win
                           C:\Users\Lenovo\.nuget\packages\system.security.cryptography.csp\4.3.0\runtimes\unix\lib\netstandard1.3\System.Security.Cryptography.Csp.dll
                                   AssetType=runtime
                                   CopyLocal=true
                                   DestinationSubDirectory=runtimes\unix\lib\netstandard1.3\
                                   DestinationSubPath=runtimes\unix\lib\netstandard1.3\System.Security.Cryptography.Csp.dll
                                   NuGetPackageId=System.Security.Cryptography.Csp
                                   NuGetPackageVersion=4.3.0
                                   PathInPackage=runtimes/unix/lib/netstandard1.3/System.Security.Cryptography.Csp.dll
                                   RuntimeIdentifier=unix
                           C:\Users\Lenovo\.nuget\packages\system.security.cryptography.csp\4.3.0\runtimes\win\lib\netstandard1.3\System.Security.Cryptography.Csp.dll
                                   AssetType=runtime
                                   CopyLocal=true
                                   DestinationSubDirectory=runtimes\win\lib\netstandard1.3\
                                   DestinationSubPath=runtimes\win\lib\netstandard1.3\System.Security.Cryptography.Csp.dll
                                   NuGetPackageId=System.Security.Cryptography.Csp
                                   NuGetPackageVersion=4.3.0
                                   PathInPackage=runtimes/win/lib/netstandard1.3/System.Security.Cryptography.Csp.dll
                                   RuntimeIdentifier=win
                           C:\Users\Lenovo\.nuget\packages\system.security.cryptography.encoding\4.3.0\runtimes\unix\lib\netstandard1.3\System.Security.Cryptography.Encoding.dll
                                   AssetType=runtime
                                   CopyLocal=true
                                   DestinationSubDirectory=runtimes\unix\lib\netstandard1.3\
                                   DestinationSubPath=runtimes\unix\lib\netstandard1.3\System.Security.Cryptography.Encoding.dll
                                   NuGetPackageId=System.Security.Cryptography.Encoding
                                   NuGetPackageVersion=4.3.0
                                   PathInPackage=runtimes/unix/lib/netstandard1.3/System.Security.Cryptography.Encoding.dll
                                   RuntimeIdentifier=unix
                           C:\Users\Lenovo\.nuget\packages\system.security.cryptography.encoding\4.3.0\runtimes\win\lib\netstandard1.3\System.Security.Cryptography.Encoding.dll
                                   AssetType=runtime
                                   CopyLocal=true
                                   DestinationSubDirectory=runtimes\win\lib\netstandard1.3\
                                   DestinationSubPath=runtimes\win\lib\netstandard1.3\System.Security.Cryptography.Encoding.dll
                                   NuGetPackageId=System.Security.Cryptography.Encoding
                                   NuGetPackageVersion=4.3.0
                                   PathInPackage=runtimes/win/lib/netstandard1.3/System.Security.Cryptography.Encoding.dll
                                   RuntimeIdentifier=win
                           C:\Users\Lenovo\.nuget\packages\system.security.cryptography.openssl\4.3.0\runtimes\unix\lib\netstandard1.6\System.Security.Cryptography.OpenSsl.dll
                                   AssetType=runtime
                                   CopyLocal=true
                                   DestinationSubDirectory=runtimes\unix\lib\netstandard1.6\
                                   DestinationSubPath=runtimes\unix\lib\netstandard1.6\System.Security.Cryptography.OpenSsl.dll
                                   NuGetPackageId=System.Security.Cryptography.OpenSsl
                                   NuGetPackageVersion=4.3.0
                                   PathInPackage=runtimes/unix/lib/netstandard1.6/System.Security.Cryptography.OpenSsl.dll
                                   RuntimeIdentifier=unix
                           C:\Users\Lenovo\.nuget\packages\system.security.cryptography.x509certificates\4.3.0\runtimes\unix\lib\netstandard1.6\System.Security.Cryptography.X509Certificates.dll
                                   AssetType=runtime
                                   CopyLocal=true
                                   DestinationSubDirectory=runtimes\unix\lib\netstandard1.6\
                                   DestinationSubPath=runtimes\unix\lib\netstandard1.6\System.Security.Cryptography.X509Certificates.dll
                                   NuGetPackageId=System.Security.Cryptography.X509Certificates
                                   NuGetPackageVersion=4.3.0
                                   PathInPackage=runtimes/unix/lib/netstandard1.6/System.Security.Cryptography.X509Certificates.dll
                                   RuntimeIdentifier=unix
                           C:\Users\Lenovo\.nuget\packages\system.security.cryptography.x509certificates\4.3.0\runtimes\win\lib\netstandard1.6\System.Security.Cryptography.X509Certificates.dll
                                   AssetType=runtime
                                   CopyLocal=true
                                   DestinationSubDirectory=runtimes\win\lib\netstandard1.6\
                                   DestinationSubPath=runtimes\win\lib\netstandard1.6\System.Security.Cryptography.X509Certificates.dll
                                   NuGetPackageId=System.Security.Cryptography.X509Certificates
                                   NuGetPackageVersion=4.3.0
                                   PathInPackage=runtimes/win/lib/netstandard1.6/System.Security.Cryptography.X509Certificates.dll
                                   RuntimeIdentifier=win
                           C:\Users\Lenovo\.nuget\packages\system.text.encodings.web\9.0.9\runtimes\browser\lib\net8.0\System.Text.Encodings.Web.dll
                                   AssetType=runtime
                                   CopyLocal=true
                                   DestinationSubDirectory=runtimes\browser\lib\net8.0\
                                   DestinationSubPath=runtimes\browser\lib\net8.0\System.Text.Encodings.Web.dll
                                   NuGetPackageId=System.Text.Encodings.Web
                                   NuGetPackageVersion=9.0.9
                                   PathInPackage=runtimes/browser/lib/net8.0/System.Text.Encodings.Web.dll
                                   RuntimeIdentifier=browser
                           C:\Users\Lenovo\.nuget\packages\ultz.native.glfw\3.4.0\runtimes\linux-arm\native\libglfw.so.3
                                   AssetType=native
                                   CopyLocal=true
                                   DestinationSubDirectory=runtimes\linux-arm\native\
                                   DestinationSubPath=runtimes\linux-arm\native\libglfw.so.3
                                   NuGetPackageId=Ultz.Native.GLFW
                                   NuGetPackageVersion=3.4.0
                                   PathInPackage=runtimes/linux-arm/native/libglfw.so.3
                                   RuntimeIdentifier=linux-arm
                           C:\Users\Lenovo\.nuget\packages\ultz.native.glfw\3.4.0\runtimes\linux-arm64\native\libglfw.so.3
                                   AssetType=native
                                   CopyLocal=true
                                   DestinationSubDirectory=runtimes\linux-arm64\native\
                                   DestinationSubPath=runtimes\linux-arm64\native\libglfw.so.3
                                   NuGetPackageId=Ultz.Native.GLFW
                                   NuGetPackageVersion=3.4.0
                                   PathInPackage=runtimes/linux-arm64/native/libglfw.so.3
                                   RuntimeIdentifier=linux-arm64
                           C:\Users\Lenovo\.nuget\packages\ultz.native.glfw\3.4.0\runtimes\linux-x64\native\libglfw.so.3
                                   AssetType=native
                                   CopyLocal=true
                                   DestinationSubDirectory=runtimes\linux-x64\native\
                                   DestinationSubPath=runtimes\linux-x64\native\libglfw.so.3
                                   NuGetPackageId=Ultz.Native.GLFW
                                   NuGetPackageVersion=3.4.0
                                   PathInPackage=runtimes/linux-x64/native/libglfw.so.3
                                   RuntimeIdentifier=linux-x64
                           C:\Users\Lenovo\.nuget\packages\ultz.native.glfw\3.4.0\runtimes\osx-arm64\native\libglfw.3.dylib
                                   AssetType=native
                                   CopyLocal=true
                                   DestinationSubDirectory=runtimes\osx-arm64\native\
                                   DestinationSubPath=runtimes\osx-arm64\native\libglfw.3.dylib
                                   NuGetPackageId=Ultz.Native.GLFW
                                   NuGetPackageVersion=3.4.0
                                   PathInPackage=runtimes/osx-arm64/native/libglfw.3.dylib
                                   RuntimeIdentifier=osx-arm64
                           C:\Users\Lenovo\.nuget\packages\ultz.native.glfw\3.4.0\runtimes\osx-x64\native\libglfw.3.dylib
                                   AssetType=native
                                   CopyLocal=true
                                   DestinationSubDirectory=runtimes\osx-x64\native\
                                   DestinationSubPath=runtimes\osx-x64\native\libglfw.3.dylib
                                   NuGetPackageId=Ultz.Native.GLFW
                                   NuGetPackageVersion=3.4.0
                                   PathInPackage=runtimes/osx-x64/native/libglfw.3.dylib
                                   RuntimeIdentifier=osx-x64
                           C:\Users\Lenovo\.nuget\packages\ultz.native.glfw\3.4.0\runtimes\win-arm64\native\glfw3.dll
                                   AssetType=native
                                   CopyLocal=true
                                   DestinationSubDirectory=runtimes\win-arm64\native\
                                   DestinationSubPath=runtimes\win-arm64\native\glfw3.dll
                                   NuGetPackageId=Ultz.Native.GLFW
                                   NuGetPackageVersion=3.4.0
                                   PathInPackage=runtimes/win-arm64/native/glfw3.dll
                                   RuntimeIdentifier=win-arm64
                           C:\Users\Lenovo\.nuget\packages\ultz.native.glfw\3.4.0\runtimes\win-x64\native\glfw3.dll
                                   AssetType=native
                                   CopyLocal=true
                                   DestinationSubDirectory=runtimes\win-x64\native\
                                   DestinationSubPath=runtimes\win-x64\native\glfw3.dll
                                   NuGetPackageId=Ultz.Native.GLFW
                                   NuGetPackageVersion=3.4.0
                                   PathInPackage=runtimes/win-x64/native/glfw3.dll
                                   RuntimeIdentifier=win-x64
                           C:\Users\Lenovo\.nuget\packages\ultz.native.glfw\3.4.0\runtimes\win-x86\native\glfw3.dll
                                   AssetType=native
                                   CopyLocal=true
                                   DestinationSubDirectory=runtimes\win-x86\native\
                                   DestinationSubPath=runtimes\win-x86\native\glfw3.dll
                                   NuGetPackageId=Ultz.Native.GLFW
                                   NuGetPackageVersion=3.4.0
                                   PathInPackage=runtimes/win-x86/native/glfw3.dll
                                   RuntimeIdentifier=win-x86
13:12:35.090     1>Done building target "ResolveLockFileCopyLocalFiles" in project "CelestialMechanics.Desktop.csproj".: (TargetId:17)
                   Target "ResolveRuntimePackAssets" skipped, due to false condition; ('@(RuntimePack)' != '') was evaluated as ('' != '').
                   Target "RunProduceContentAssets" skipped, due to false condition; ('@(_ContentFilesToPreprocess)' != '' and '$(_CleaningWithoutRebuilding)' != 'true') was evaluated as ('' != '' and '' != 'true').
                   Target "ResolvePackageAssets" skipped. Previously built successfully.
13:12:35.090     1>Target "IncludeTransitiveProjectReferences: (TargetId:18)" in file "C:\Program Files\dotnet\sdk\8.0.419\Sdks\Microsoft.NET.Sdk\targets\Microsoft.PackageDependencyResolution.targets" from project "C:\sharon\projects\celestial-mechanics-desktop\src\CelestialMechanics.Desktop\CelestialMechanics.Desktop.csproj" (target "ResolvePackageDependenciesForBuild" depends on it):
13:12:35.090     1>Done building target "IncludeTransitiveProjectReferences" in project "CelestialMechanics.Desktop.csproj".: (TargetId:18)
13:12:35.090     1>Target "ResolvePackageDependenciesForBuild: (TargetId:19)" in file "C:\Program Files\dotnet\sdk\8.0.419\Sdks\Microsoft.NET.Sdk\targets\Microsoft.PackageDependencyResolution.targets" from project "C:\sharon\projects\celestial-mechanics-desktop\src\CelestialMechanics.Desktop\CelestialMechanics.Desktop.csproj" (target "AssignProjectConfiguration" depends on it):
13:12:35.090     1>Done building target "ResolvePackageDependenciesForBuild" in project "CelestialMechanics.Desktop.csproj".: (TargetId:19)
                   Target "_System_Text_JsonAnalyzerMultiTargeting" skipped, due to false condition; ('$(SupportsRoslynComponentVersioning)' != 'true') was evaluated as ('true' != 'true').
                   Target "_System_Text_JsonRemoveAnalyzers" skipped, due to false condition; ('$(DisableSystemTextJsonSourceGenerator)' == 'true') was evaluated as ('' == 'true').
                   Target "_Microsoft_Extensions_Logging_AbstractionsAnalyzerMultiTargeting" skipped, due to false condition; ('$(SupportsRoslynComponentVersioning)' != 'true') was evaluated as ('true' != 'true').
                   Target "_Microsoft_Extensions_Logging_AbstractionsRemoveAnalyzers" skipped, due to false condition; ('$(DisableMicrosoftExtensionsLoggingSourceGenerator)' == 'true') was evaluated as ('' == 'true').
                   Target "MVVMToolkitRemoveAnalyzersForRosynNotFound" skipped, due to false condition; ('$(CSharpCoreTargetsPath)' == '') was evaluated as ('C:\Program Files\dotnet\sdk\8.0.419\Roslyn\Microsoft.CSharp.Core.targets' == '').
13:12:35.090     1>Target "MVVMToolkitGatherAnalyzers: (TargetId:20)" in file "C:\Users\Lenovo\.nuget\packages\communitytoolkit.mvvm\8.4.0\buildTransitive\CommunityToolkit.Mvvm.SourceGenerators.targets" from project "C:\sharon\projects\celestial-mechanics-desktop\src\CelestialMechanics.Desktop\CelestialMechanics.Desktop.csproj" (target "MVVMToolkitRemoveAnalyzersForRoslyn3" depends on it):
                   Added Item(s): 
                       MVVMToolkitAnalyzer=
                           C:\Users\Lenovo\.nuget\packages\communitytoolkit.mvvm\8.4.0\analyzers\dotnet\roslyn4.3\cs\CommunityToolkit.Mvvm.CodeFixers.dll
                                   NuGetPackageId=CommunityToolkit.Mvvm
                                   NuGetPackageVersion=8.4.0
                           C:\Users\Lenovo\.nuget\packages\communitytoolkit.mvvm\8.4.0\analyzers\dotnet\roslyn4.3\cs\CommunityToolkit.Mvvm.SourceGenerators.dll
                                   NuGetPackageId=CommunityToolkit.Mvvm
                                   NuGetPackageVersion=8.4.0
13:12:35.090     1>Done building target "MVVMToolkitGatherAnalyzers" in project "CelestialMechanics.Desktop.csproj".: (TargetId:20)
13:12:35.090     1>Target "MVVMToolkitRemoveAnalyzersForRoslyn3: (TargetId:21)" in file "C:\Users\Lenovo\.nuget\packages\communitytoolkit.mvvm\8.4.0\buildTransitive\CommunityToolkit.Mvvm.SourceGenerators.targets" from project "C:\sharon\projects\celestial-mechanics-desktop\src\CelestialMechanics.Desktop\CelestialMechanics.Desktop.csproj" (target "AssignProjectConfiguration" depends on it):
                   Using "GetAssemblyIdentity" task from assembly "Microsoft.Build.Tasks.Core, Version=15.1.0.0, Culture=neutral, PublicKeyToken=b03f5f7f11d50a3a".
                   Task "GetAssemblyIdentity" (TaskId:12)
                     Task Parameter:AssemblyFiles=C:\Program Files\dotnet\sdk\8.0.419\Roslyn\Microsoft.Build.Tasks.CodeAnalysis.dll (TaskId:12)
                     Output Item(s): 
                         MVVMToolkitCurrentCompilerAssemblyIdentity=
                             Microsoft.Build.Tasks.CodeAnalysis, Version=4.11.13.6922, Culture=neutral, PublicKeyToken=31bf3856ad364e35
                                     Culture=
                                     Name=Microsoft.Build.Tasks.CodeAnalysis
                                     OriginalItemSpec=C:\Program Files\dotnet\sdk\8.0.419\Roslyn\Microsoft.Build.Tasks.CodeAnalysis.dll
                                     PublicKeyToken=31BF3856AD364E35
                                     Version=4.11.13.6922 (TaskId:12)
                   Done executing task "GetAssemblyIdentity". (TaskId:12)
                   Set Property: MVVMToolkitCurrentCompilerVersion=4.11.13.6922
                   Task "Warning" skipped, due to false condition; ('$(MVVMToolkitCurrentCompilerVersionIsNotNewEnough)' == 'true') was evaluated as ('' == 'true').
13:12:35.094     1>Done building target "MVVMToolkitRemoveAnalyzersForRoslyn3" in project "CelestialMechanics.Desktop.csproj".: (TargetId:21)
                   Target "MVVMToolkitRemoveDuplicateAnalyzersWhenRoslynComponentVersioningIsNotSupported" skipped, due to false condition; ('$(MVVMToolkitIsManualRoslynMultiTargetingLogicNeeded)' == 'true') was evaluated as ('' == 'true').
                   Target "MVVMToolkitWarnForPackagesConfigUse" skipped, due to false condition; ('$(UsingMicrosoftNetSDK)' != 'true') was evaluated as ('true' != 'true').
13:12:35.094     1>Target "AssignProjectConfiguration: (TargetId:22)" in file "C:\Program Files\dotnet\sdk\8.0.419\Microsoft.Common.CurrentVersion.targets" from project "C:\sharon\projects\celestial-mechanics-desktop\src\CelestialMechanics.Desktop\CelestialMechanics.Desktop.csproj" (target "ResolveReferences" depends on it):
                   Set Property: OnlyReferenceAndBuildProjectsEnabledInSolutionConfiguration=true
                   Set Property: ShouldUnsetParentConfigurationAndPlatform=false
                   Set Property: AddSyntheticProjectReferencesForSolutionDependencies=true
                   Using "AssignProjectConfiguration" task from assembly "Microsoft.Build.Tasks.Core, Version=15.1.0.0, Culture=neutral, PublicKeyToken=b03f5f7f11d50a3a".
                   Task "AssignProjectConfiguration" (TaskId:13)
                     Task Parameter:ResolveConfigurationPlatformUsingMappings=False (TaskId:13)
                     Task Parameter:
                         ProjectReferences=
                             ..\CelestialMechanics.AppCore\CelestialMechanics.AppCore.csproj
                                     OutputItemType=
                                     ReferenceSourceTarget=ProjectReference
                                     Targets=
                             ..\CelestialMechanics.Renderer\CelestialMechanics.Renderer.csproj
                                     OutputItemType=
                                     ReferenceSourceTarget=ProjectReference
                                     Targets=
                             ..\CelestialMechanics.Simulation\CelestialMechanics.Simulation.csproj
                                     OutputItemType=
                                     ReferenceSourceTarget=ProjectReference
                                     Targets=
                             ..\CelestialMechanics.Physics\CelestialMechanics.Physics.csproj
                                     OutputItemType=
                                     ReferenceSourceTarget=ProjectReference
                                     Targets=
                             ..\CelestialMechanics.Math\CelestialMechanics.Math.csproj
                                     OutputItemType=
                                     ReferenceSourceTarget=ProjectReference
                                     Targets=
                             ..\CelestialMechanics.Data\CelestialMechanics.Data.csproj
                                     OutputItemType=
                                     ReferenceSourceTarget=ProjectReference
                                     Targets= (TaskId:13)
                     Task Parameter:CurrentProject=C:\sharon\projects\celestial-mechanics-desktop\src\CelestialMechanics.Desktop\CelestialMechanics.Desktop.csproj (TaskId:13)
                     Task Parameter:AddSyntheticProjectReferencesForSolutionDependencies=True (TaskId:13)
                     Task Parameter:CurrentProjectConfiguration=Debug (TaskId:13)
                     Task Parameter:OnlyReferenceAndBuildProjectsEnabledInSolutionConfiguration=True (TaskId:13)
                     Task Parameter:CurrentProjectPlatform=AnyCPU (TaskId:13)
                     Task Parameter:OutputType=WinExe (TaskId:13)
                     Task Parameter:ShouldUnsetParentConfigurationAndPlatform=False (TaskId:13)
                     Project reference "..\CelestialMechanics.AppCore\CelestialMechanics.AppCore.csproj" has not been resolved. (TaskId:13)
                     Project reference "..\CelestialMechanics.Renderer\CelestialMechanics.Renderer.csproj" has not been resolved. (TaskId:13)
                     Project reference "..\CelestialMechanics.Simulation\CelestialMechanics.Simulation.csproj" has not been resolved. (TaskId:13)
                     Project reference "..\CelestialMechanics.Physics\CelestialMechanics.Physics.csproj" has not been resolved. (TaskId:13)
                     Project reference "..\CelestialMechanics.Math\CelestialMechanics.Math.csproj" has not been resolved. (TaskId:13)
                     Project reference "..\CelestialMechanics.Data\CelestialMechanics.Data.csproj" has not been resolved. (TaskId:13)
                     Output Item(s): 
                         _ProjectReferenceWithConfiguration=
                             ..\CelestialMechanics.AppCore\CelestialMechanics.AppCore.csproj
                                     OutputItemType=
                                     ReferenceSourceTarget=ProjectReference
                                     Targets=
                             ..\CelestialMechanics.Renderer\CelestialMechanics.Renderer.csproj
                                     OutputItemType=
                                     ReferenceSourceTarget=ProjectReference
                                     Targets=
                             ..\CelestialMechanics.Simulation\CelestialMechanics.Simulation.csproj
                                     OutputItemType=
                                     ReferenceSourceTarget=ProjectReference
                                     Targets=
                             ..\CelestialMechanics.Physics\CelestialMechanics.Physics.csproj
                                     OutputItemType=
                                     ReferenceSourceTarget=ProjectReference
                                     Targets=
                             ..\CelestialMechanics.Math\CelestialMechanics.Math.csproj
                                     OutputItemType=
                                     ReferenceSourceTarget=ProjectReference
                                     Targets=
                             ..\CelestialMechanics.Data\CelestialMechanics.Data.csproj
                                     OutputItemType=
                                     ReferenceSourceTarget=ProjectReference
                                     Targets= (TaskId:13)
                     Output Item(s): 
                         ProjectReferenceWithConfiguration=
                             ..\CelestialMechanics.AppCore\CelestialMechanics.AppCore.csproj
                                     OutputItemType=
                                     ReferenceSourceTarget=ProjectReference
                                     Targets=
                             ..\CelestialMechanics.Renderer\CelestialMechanics.Renderer.csproj
                                     OutputItemType=
                                     ReferenceSourceTarget=ProjectReference
                                     Targets=
                             ..\CelestialMechanics.Simulation\CelestialMechanics.Simulation.csproj
                                     OutputItemType=
                                     ReferenceSourceTarget=ProjectReference
                                     Targets=
                             ..\CelestialMechanics.Physics\CelestialMechanics.Physics.csproj
                                     OutputItemType=
                                     ReferenceSourceTarget=ProjectReference
                                     Targets=
                             ..\CelestialMechanics.Math\CelestialMechanics.Math.csproj
                                     OutputItemType=
                                     ReferenceSourceTarget=ProjectReference
                                     Targets=
                             ..\CelestialMechanics.Data\CelestialMechanics.Data.csproj
                                     OutputItemType=
                                     ReferenceSourceTarget=ProjectReference
                                     Targets= (TaskId:13)
                   Done executing task "AssignProjectConfiguration". (TaskId:13)
13:12:35.097     1>Done building target "AssignProjectConfiguration" in project "CelestialMechanics.Desktop.csproj".: (TargetId:22)
                   Target "AssignProjectConfiguration" skipped. Previously built successfully.
13:12:35.097     1>Target "_SplitProjectReferencesByFileExistence: (TargetId:23)" in file "C:\Program Files\dotnet\sdk\8.0.419\Microsoft.Common.CurrentVersion.targets" from project "C:\sharon\projects\celestial-mechanics-desktop\src\CelestialMechanics.Desktop\CelestialMechanics.Desktop.csproj" (target "PrepareProjectReferences" depends on it):
                   Task "ResolveNonMSBuildProjectOutput" skipped, due to false condition; ('$(BuildingInsideVisualStudio)'=='true' and '@(ProjectReferenceWithConfiguration)'!='') was evaluated as (''=='true' and '..\CelestialMechanics.AppCore\CelestialMechanics.AppCore.csproj;..\CelestialMechanics.Renderer\CelestialMechanics.Renderer.csproj;..\CelestialMechanics.Simulation\CelestialMechanics.Simulation.csproj;...'!='').
                   Added Item(s): 
                       _MSBuildProjectReference=
                           ..\CelestialMechanics.AppCore\CelestialMechanics.AppCore.csproj
                                   BuildReference=true
                                   OutputItemType=
                                   ReferenceOutputAssembly=true
                                   ReferenceSourceTarget=ProjectReference
                                   Targets=
                           ..\CelestialMechanics.Renderer\CelestialMechanics.Renderer.csproj
                                   BuildReference=true
                                   OutputItemType=
                                   ReferenceOutputAssembly=true
                                   ReferenceSourceTarget=ProjectReference
                                   Targets=
                           ..\CelestialMechanics.Simulation\CelestialMechanics.Simulation.csproj
                                   BuildReference=true
                                   OutputItemType=
                                   ReferenceOutputAssembly=true
                                   ReferenceSourceTarget=ProjectReference
                                   Targets=
                           ..\CelestialMechanics.Physics\CelestialMechanics.Physics.csproj
                                   BuildReference=true
                                   OutputItemType=
                                   ReferenceOutputAssembly=true
                                   ReferenceSourceTarget=ProjectReference
                                   Targets=
                           ..\CelestialMechanics.Math\CelestialMechanics.Math.csproj
                                   BuildReference=true
                                   OutputItemType=
                                   ReferenceOutputAssembly=true
                                   ReferenceSourceTarget=ProjectReference
                                   Targets=
                           ..\CelestialMechanics.Data\CelestialMechanics.Data.csproj
                                   BuildReference=true
                                   OutputItemType=
                                   ReferenceOutputAssembly=true
                                   ReferenceSourceTarget=ProjectReference
                                   Targets=
                   Added Item(s): 
                       _MSBuildProjectReferenceExistent=
                           ..\CelestialMechanics.AppCore\CelestialMechanics.AppCore.csproj
                                   BuildReference=true
                                   OutputItemType=
                                   ReferenceOutputAssembly=true
                                   ReferenceSourceTarget=ProjectReference
                                   Targets=
                   Added Item(s): 
                       _MSBuildProjectReferenceExistent=
                           ..\CelestialMechanics.Renderer\CelestialMechanics.Renderer.csproj
                                   BuildReference=true
                                   OutputItemType=
                                   ReferenceOutputAssembly=true
                                   ReferenceSourceTarget=ProjectReference
                                   Targets=
                   Added Item(s): 
                       _MSBuildProjectReferenceExistent=
                           ..\CelestialMechanics.Simulation\CelestialMechanics.Simulation.csproj
                                   BuildReference=true
                                   OutputItemType=
                                   ReferenceOutputAssembly=true
                                   ReferenceSourceTarget=ProjectReference
                                   Targets=
                   Added Item(s): 
                       _MSBuildProjectReferenceExistent=
                           ..\CelestialMechanics.Physics\CelestialMechanics.Physics.csproj
                                   BuildReference=true
                                   OutputItemType=
                                   ReferenceOutputAssembly=true
                                   ReferenceSourceTarget=ProjectReference
                                   Targets=
                   Added Item(s): 
                       _MSBuildProjectReferenceExistent=
                           ..\CelestialMechanics.Math\CelestialMechanics.Math.csproj
                                   BuildReference=true
                                   OutputItemType=
                                   ReferenceOutputAssembly=true
                                   ReferenceSourceTarget=ProjectReference
                                   Targets=
                   Added Item(s): 
                       _MSBuildProjectReferenceExistent=
                           ..\CelestialMechanics.Data\CelestialMechanics.Data.csproj
                                   BuildReference=true
                                   OutputItemType=
                                   ReferenceOutputAssembly=true
                                   ReferenceSourceTarget=ProjectReference
                                   Targets=
13:12:35.099     1>Done building target "_SplitProjectReferencesByFileExistence" in project "CelestialMechanics.Desktop.csproj".: (TargetId:23)
13:12:35.099     1>Target "_AddOutputPathToGlobalPropertiesToRemove: (TargetId:24)" in file "C:\Program Files\dotnet\sdk\8.0.419\Microsoft.Common.CurrentVersion.targets" from project "C:\sharon\projects\celestial-mechanics-desktop\src\CelestialMechanics.Desktop\CelestialMechanics.Desktop.csproj" (target "_GetProjectReferenceTargetFrameworkProperties" depends on it):
13:12:35.099     1>Done building target "_AddOutputPathToGlobalPropertiesToRemove" in project "CelestialMechanics.Desktop.csproj".: (TargetId:24)
13:12:35.099     1>Target "_GetProjectReferenceTargetFrameworkProperties: (TargetId:25)" in file "C:\Program Files\dotnet\sdk\8.0.419\Microsoft.Common.CurrentVersion.targets" from project "C:\sharon\projects\celestial-mechanics-desktop\src\CelestialMechanics.Desktop\CelestialMechanics.Desktop.csproj" (target "PrepareProjectReferences" depends on it):
                   Set Property: ReferringTargetFrameworkForProjectReferences=.NETCoreApp,Version=v8.0
                   Using "MSBuild" task from assembly "Microsoft.Build.Tasks.Core, Version=15.1.0.0, Culture=neutral, PublicKeyToken=b03f5f7f11d50a3a".
                   Task "MSBuild" (TaskId:14)
                     Task Parameter:SkipNonexistentTargets=True (TaskId:14)
                     Task Parameter:RemoveProperties=;TargetFramework;RuntimeIdentifier;SelfContained; (TaskId:14)
                     Task Parameter:BuildInParallel=True (TaskId:14)
                     Task Parameter:
                         Projects=
                             ..\CelestialMechanics.AppCore\CelestialMechanics.AppCore.csproj
                                     BuildReference=true
                                     OutputItemType=
                                     ReferenceOutputAssembly=true
                                     ReferenceSourceTarget=ProjectReference
                                     Targets=
                             ..\CelestialMechanics.Renderer\CelestialMechanics.Renderer.csproj
                                     BuildReference=true
                                     OutputItemType=
                                     ReferenceOutputAssembly=true
                                     ReferenceSourceTarget=ProjectReference
                                     Targets=
                             ..\CelestialMechanics.Simulation\CelestialMechanics.Simulation.csproj
                                     BuildReference=true
                                     OutputItemType=
                                     ReferenceOutputAssembly=true
                                     ReferenceSourceTarget=ProjectReference
                                     Targets=
                             ..\CelestialMechanics.Physics\CelestialMechanics.Physics.csproj
                                     BuildReference=true
                                     OutputItemType=
                                     ReferenceOutputAssembly=true
                                     ReferenceSourceTarget=ProjectReference
                                     Targets=
                             ..\CelestialMechanics.Math\CelestialMechanics.Math.csproj
                                     BuildReference=true
                                     OutputItemType=
                                     ReferenceOutputAssembly=true
                                     ReferenceSourceTarget=ProjectReference
                                     Targets=
                             ..\CelestialMechanics.Data\CelestialMechanics.Data.csproj
                                     BuildReference=true
                                     OutputItemType=
                                     ReferenceOutputAssembly=true
                                     ReferenceSourceTarget=ProjectReference
                                     Targets= (TaskId:14)
                     Task Parameter:Targets=GetTargetFrameworks (TaskId:14)
                     Removing Properties: (TaskId:14)
                       TargetFramework (TaskId:14)
                       RuntimeIdentifier (TaskId:14)
                       SelfContained (TaskId:14)
13:12:35.108     0>Property 'MSBuildExtensionsPath' with value 'C:\Program Files\dotnet\sdk\8.0.419\' expanded from the environment.
                   Property reassignment: $(MSBuildProjectExtensionsPath)="C:\sharon\projects\celestial-mechanics-desktop\src\CelestialMechanics.AppCore\obj\" (previous value: "obj\") at C:\Program Files\dotnet\sdk\8.0.419\Current\Microsoft.Common.props (60,5)
                   Property 'USERPROFILE' with value 'C:\Users\Lenovo' expanded from the environment.
                   Property 'MSBuildUserExtensionsPath' with value 'C:\Users\Lenovo\AppData\Local\Microsoft\MSBuild' expanded from the environment.
                   Property reassignment: $(AssemblySearchPaths)="{CandidateAssemblyFiles};{HintPathFromItem}" (previous value: "{CandidateAssemblyFiles}") at C:\Program Files\dotnet\sdk\8.0.419\Sdks\Microsoft.NET.Sdk\targets\Microsoft.NET.Sdk.props (91,5)
                   Property reassignment: $(AssemblySearchPaths)="{CandidateAssemblyFiles};{HintPathFromItem};{TargetFrameworkDirectory}" (previous value: "{CandidateAssemblyFiles};{HintPathFromItem}") at C:\Program Files\dotnet\sdk\8.0.419\Sdks\Microsoft.NET.Sdk\targets\Microsoft.NET.Sdk.props (92,5)
                   Property reassignment: $(AssemblySearchPaths)="{CandidateAssemblyFiles};{HintPathFromItem};{TargetFrameworkDirectory};{RawFileName}" (previous value: "{CandidateAssemblyFiles};{HintPathFromItem};{TargetFrameworkDirectory}") at C:\Program Files\dotnet\sdk\8.0.419\Sdks\Microsoft.NET.Sdk\targets\Microsoft.NET.Sdk.props (93,5)
                   Property reassignment: $(TargetsForTfmSpecificContentInPackage)=";PackTool;_PackProjectToolValidation" (previous value: ";PackTool") at C:\Program Files\dotnet\sdk\8.0.419\Sdks\Microsoft.NET.Sdk\targets\Microsoft.NET.PackProjectTool.props (15,5)
                   Property reassignment: $(PublishProfileImported)="false" (previous value: "true") at C:\Program Files\dotnet\sdk\8.0.419\Sdks\Microsoft.NET.Sdk\targets\Microsoft.NET.Sdk.ImportPublishProfile.targets (28,5)
                   Property reassignment: $(TargetPlatformVersion)="" (previous value: "0.0") at C:\Program Files\dotnet\sdk\8.0.419\Sdks\Microsoft.NET.Sdk\targets\Microsoft.NET.TargetFrameworkInference.targets (69,5)
                   Property reassignment: $(DefaultItemExcludes)=";bin\Debug\/**;obj\Debug\/**" (previous value: ";bin\Debug\/**") at C:\Program Files\dotnet\sdk\8.0.419\Sdks\Microsoft.NET.Sdk\targets\Microsoft.NET.DefaultOutputPaths.targets (122,5)
                   Property reassignment: $(OutputPath)="bin\Debug\net8.0\" (previous value: "bin\Debug\") at C:\Program Files\dotnet\sdk\8.0.419\Sdks\Microsoft.NET.Sdk\targets\Microsoft.NET.DefaultOutputPaths.targets (137,5)
                   Property reassignment: $(IntermediateOutputPath)="obj\Debug\net8.0\" (previous value: "obj\Debug\") at C:\Program Files\dotnet\sdk\8.0.419\Sdks\Microsoft.NET.Sdk\targets\Microsoft.NET.DefaultOutputPaths.targets (142,5)
                   Property reassignment: $(_FrameworkIdentifierForImplicitDefine)="NET" (previous value: "NETCOREAPP") at C:\Program Files\dotnet\sdk\8.0.419\Sdks\Microsoft.NET.Sdk\targets\Microsoft.NET.Sdk.BeforeCommon.targets (187,5)
                   Property reassignment: $(_FrameworkVersionForImplicitDefine)="8_0" (previous value: "8.0") at C:\Program Files\dotnet\sdk\8.0.419\Sdks\Microsoft.NET.Sdk\targets\Microsoft.NET.Sdk.BeforeCommon.targets (192,5)
                   Property reassignment: $(CommandLineArgsForDesignTimeEvaluation)="-langversion:12.0 -define:TRACE" (previous value: "-langversion:12.0") at C:\Program Files\dotnet\sdk\8.0.419\Roslyn\Microsoft.CSharp.Core.targets (200,5)
                   Property reassignment: $(_DebugSymbolsProduced)="true" (previous value: "false") at C:\Program Files\dotnet\sdk\8.0.419\Microsoft.Common.CurrentVersion.targets (175,5)
                   Property reassignment: $(_DocumentationFileProduced)="false" (previous value: "true") at C:\Program Files\dotnet\sdk\8.0.419\Microsoft.Common.CurrentVersion.targets (185,5)
                   The "BuildProjectReferences" property is a global property, and cannot be modified.
                   The "BuildProjectReferences" property is a global property, and cannot be modified.
                   Property reassignment: $(MSBuildCopyMarkerName)="Celestia.A9E14381" (previous value: "CelestialMechanics.AppCore.csproj") at C:\Program Files\dotnet\sdk\8.0.419\Microsoft.Common.CurrentVersion.targets (392,5)
                   Property reassignment: $(MSBuildCopyMarkerName)="Celestia.A9E14381.Up2Date" (previous value: "Celestia.A9E14381") at C:\Program Files\dotnet\sdk\8.0.419\Microsoft.Common.CurrentVersion.targets (393,5)
                   Property reassignment: $(ProcessorArchitecture)="msil" (previous value: "") at C:\Program Files\dotnet\sdk\8.0.419\Microsoft.Common.CurrentVersion.targets (541,5)
                   Property reassignment: $(DelaySign)="" (previous value: "false") at C:\Program Files\dotnet\sdk\8.0.419\Microsoft.Common.CurrentVersion.targets (580,5)
                   Property 'LOCALAPPDATA' with value 'C:\Users\Lenovo\AppData\Local' expanded from the environment.
                   Property reassignment: $(_SGenGenerateSerializationAssembliesConfig)="Auto" (previous value: "") at C:\Program Files\dotnet\sdk\8.0.419\Microsoft.Common.CurrentVersion.targets (3896,5)
                   Property reassignment: $(_SGenGenerateSerializationAssembliesConfig)="Off" (previous value: "Auto") at C:\Program Files\dotnet\sdk\8.0.419\Microsoft.Common.CurrentVersion.targets (3897,5)
                   Property reassignment: $(_TargetsThatPrepareProjectReferences)="
                         AssignProjectConfiguration;
                         _SplitProjectReferencesByFileExistence
                       " (previous value: "_SplitProjectReferencesByFileExistence") at C:\Program Files\dotnet\sdk\8.0.419\Microsoft.Common.CurrentVersion.targets (5099,5)
                   Property 'MSBuildExtensionsPath32' with value 'C:\Program Files\dotnet\sdk\8.0.419' expanded from the environment.
                   Property reassignment: $(ProjectAssetsCacheFile)="C:\sharon\projects\celestial-mechanics-desktop\src\CelestialMechanics.AppCore\obj\Debug\net8.0\CelestialMechanics.AppCore.assets.cache" (previous value: "obj\Debug\net8.0\CelestialMechanics.AppCore.assets.cache") at C:\Program Files\dotnet\sdk\8.0.419\Sdks\Microsoft.NET.Sdk\targets\Microsoft.PackageDependencyResolution.targets (29,5)
                   Property reassignment: $(ResolveAssemblyReferencesDependsOn)="
                         
                         ResolveProjectReferences;
                         FindInvalidProjectReferences;
                         GetFrameworkPaths;
                         GetReferenceAssemblyPaths;
                         PrepareForBuild;
                         ResolveSDKReferences;
                         ExpandSDKReferences;
                       ;
                         ResolvePackageDependenciesForBuild;
                         _HandlePackageFileConflicts;
                       " (previous value: "
                         ResolveProjectReferences;
                         FindInvalidProjectReferences;
                         GetFrameworkPaths;
                         GetReferenceAssemblyPaths;
                         PrepareForBuild;
                         ResolveSDKReferences;
                         ExpandSDKReferences;
                       ") at C:\Program Files\dotnet\sdk\8.0.419\Sdks\Microsoft.NET.Sdk\targets\Microsoft.PackageDependencyResolution.targets (80,5)
                   Property reassignment: $(PrepareResourcesDependsOn)="
                         ResolvePackageDependenciesForBuild;
                         _HandlePackageFileConflicts;
                         
                         ;
                         PrepareResourceNames;
                         ResGen;
                         CompileLicxFiles
                       
                       " (previous value: "
                         ;
                         PrepareResourceNames;
                         ResGen;
                         CompileLicxFiles
                       ") at C:\Program Files\dotnet\sdk\8.0.419\Sdks\Microsoft.NET.Sdk\targets\Microsoft.PackageDependencyResolution.targets (86,5)
                   Property reassignment: $(DefaultItemExcludes)=";bin\Debug\/**;obj\Debug\/**;bin\/**" (previous value: ";bin\Debug\/**;obj\Debug\/**") at C:\Program Files\dotnet\sdk\8.0.419\Sdks\Microsoft.NET.Sdk\targets\Microsoft.NET.Sdk.DefaultItems.targets (27,5)
                   Property reassignment: $(DefaultItemExcludes)=";bin\Debug\/**;obj\Debug\/**;bin\/**;obj\/**" (previous value: ";bin\Debug\/**;obj\Debug\/**;bin\/**") at C:\Program Files\dotnet\sdk\8.0.419\Sdks\Microsoft.NET.Sdk\targets\Microsoft.NET.Sdk.DefaultItems.targets (29,5)
                   Property reassignment: $(DefaultItemExcludes)=";bin\Debug\/**;obj\Debug\/**;bin\/**;obj\/**;**/*.user" (previous value: ";bin\Debug\/**;obj\Debug\/**;bin\/**;obj\/**") at C:\Program Files\dotnet\sdk\8.0.419\Sdks\Microsoft.NET.Sdk\targets\Microsoft.NET.Sdk.DefaultItems.targets (32,5)
                   Property reassignment: $(DefaultItemExcludes)=";bin\Debug\/**;obj\Debug\/**;bin\/**;obj\/**;**/*.user;**/*.*proj" (previous value: ";bin\Debug\/**;obj\Debug\/**;bin\/**;obj\/**;**/*.user") at C:\Program Files\dotnet\sdk\8.0.419\Sdks\Microsoft.NET.Sdk\targets\Microsoft.NET.Sdk.DefaultItems.targets (33,5)
                   Property reassignment: $(DefaultItemExcludes)=";bin\Debug\/**;obj\Debug\/**;bin\/**;obj\/**;**/*.user;**/*.*proj;**/*.sln" (previous value: ";bin\Debug\/**;obj\Debug\/**;bin\/**;obj\/**;**/*.user;**/*.*proj") at C:\Program Files\dotnet\sdk\8.0.419\Sdks\Microsoft.NET.Sdk\targets\Microsoft.NET.Sdk.DefaultItems.targets (34,5)
                   Property reassignment: $(DefaultItemExcludes)=";bin\Debug\/**;obj\Debug\/**;bin\/**;obj\/**;**/*.user;**/*.*proj;**/*.sln;**/*.vssscc" (previous value: ";bin\Debug\/**;obj\Debug\/**;bin\/**;obj\/**;**/*.user;**/*.*proj;**/*.sln") at C:\Program Files\dotnet\sdk\8.0.419\Sdks\Microsoft.NET.Sdk\targets\Microsoft.NET.Sdk.DefaultItems.targets (35,5)
                   Property reassignment: $(DefaultItemExcludes)=";bin\Debug\/**;obj\Debug\/**;bin\/**;obj\/**;**/*.user;**/*.*proj;**/*.sln;**/*.vssscc;**/.DS_Store" (previous value: ";bin\Debug\/**;obj\Debug\/**;bin\/**;obj\/**;**/*.user;**/*.*proj;**/*.sln;**/*.vssscc") at C:\Program Files\dotnet\sdk\8.0.419\Sdks\Microsoft.NET.Sdk\targets\Microsoft.NET.Sdk.DefaultItems.targets (36,5)
                   Property reassignment: $(ResolveAssemblyReferencesDependsOn)="
                         
                         
                         ResolveProjectReferences;
                         FindInvalidProjectReferences;
                         GetFrameworkPaths;
                         GetReferenceAssemblyPaths;
                         PrepareForBuild;
                         ResolveSDKReferences;
                         ExpandSDKReferences;
                       ;
                         ResolvePackageDependenciesForBuild;
                         _HandlePackageFileConflicts;
                       ;
                         ResolveTargetingPackAssets;
                       " (previous value: "
                         
                         ResolveProjectReferences;
                         FindInvalidProjectReferences;
                         GetFrameworkPaths;
                         GetReferenceAssemblyPaths;
                         PrepareForBuild;
                         ResolveSDKReferences;
                         ExpandSDKReferences;
                       ;
                         ResolvePackageDependenciesForBuild;
                         _HandlePackageFileConflicts;
                       ") at C:\Program Files\dotnet\sdk\8.0.419\Sdks\Microsoft.NET.Sdk\targets\Microsoft.NET.Sdk.FrameworkReferenceResolution.targets (14,5)
                   Property reassignment: $(_GenerateRuntimeConfigurationPropertyInputsCache)="C:\sharon\projects\celestial-mechanics-desktop\src\CelestialMechanics.AppCore\obj\Debug\net8.0\CelestialMechanics.AppCore.genruntimeconfig.cache" (previous value: "obj\Debug\net8.0\CelestialMechanics.AppCore.genruntimeconfig.cache") at C:\Program Files\dotnet\sdk\8.0.419\Sdks\Microsoft.NET.Sdk\targets\Microsoft.NET.Sdk.targets (44,5)
                   Property reassignment: $(_GeneratePublishDependencyFilePropertyInputsCache)="C:\sharon\projects\celestial-mechanics-desktop\src\CelestialMechanics.AppCore\obj\Debug\net8.0\CelestialMechanics.AppCore.genpublishdeps.cache" (previous value: "obj\Debug\net8.0\CelestialMechanics.AppCore.genpublishdeps.cache") at C:\Program Files\dotnet\sdk\8.0.419\Sdks\Microsoft.NET.Sdk\targets\Microsoft.NET.Sdk.targets (46,5)
                   Property reassignment: $(_GenerateSingleFileBundlePropertyInputsCache)="C:\sharon\projects\celestial-mechanics-desktop\src\CelestialMechanics.AppCore\obj\Debug\net8.0\CelestialMechanics.AppCore.genbundle.cache" (previous value: "obj\Debug\net8.0\CelestialMechanics.AppCore.genbundle.cache") at C:\Program Files\dotnet\sdk\8.0.419\Sdks\Microsoft.NET.Sdk\targets\Microsoft.NET.Sdk.targets (48,5)
                   Property reassignment: $(GenerateRuntimeConfigDevFile)="false" (previous value: "true") at C:\Program Files\dotnet\sdk\8.0.419\Sdks\Microsoft.NET.Sdk\targets\Microsoft.NET.Sdk.targets (81,5)
                   Property reassignment: $(_DefaultUserProfileRuntimeStorePath)="C:\Users\Lenovo" (previous value: "") at C:\Program Files\dotnet\sdk\8.0.419\Sdks\Microsoft.NET.Sdk\targets\Microsoft.NET.Sdk.targets (97,5)
                   Property reassignment: $(_DefaultUserProfileRuntimeStorePath)="C:\Users\Lenovo\.dotnet\store" (previous value: "C:\Users\Lenovo") at C:\Program Files\dotnet\sdk\8.0.419\Sdks\Microsoft.NET.Sdk\targets\Microsoft.NET.Sdk.targets (98,5)
                   Property reassignment: $(AvailablePlatforms)="Any CPU,x86,x64,ARM32" (previous value: "Any CPU,x86,x64") at C:\Program Files\dotnet\sdk\8.0.419\Sdks\Microsoft.NET.Sdk\targets\Microsoft.NET.Sdk.targets (136,5)
                   Property reassignment: $(AvailablePlatforms)="Any CPU,x86,x64,ARM32,ARM64" (previous value: "Any CPU,x86,x64,ARM32") at C:\Program Files\dotnet\sdk\8.0.419\Sdks\Microsoft.NET.Sdk\targets\Microsoft.NET.Sdk.targets (140,5)
                   Property reassignment: $(CoreBuildDependsOn)="
                         _CheckForBuildWithNoBuild;
                         
                         BuildOnlySettings;
                         PrepareForBuild;
                         PreBuildEvent;
                         ResolveReferences;
                         PrepareResources;
                         ResolveKeySource;
                         Compile;
                         ExportWindowsMDFile;
                         UnmanagedUnregistration;
                         GenerateSerializationAssemblies;
                         CreateSatelliteAssemblies;
                         GenerateManifests;
                         GetTargetPath;
                         PrepareForRun;
                         UnmanagedRegistration;
                         IncrementalClean;
                         PostBuildEvent
                       ;
                         GenerateBuildDependencyFile;
                         GenerateBuildRuntimeConfigurationFiles
                       " (previous value: "
                         BuildOnlySettings;
                         PrepareForBuild;
                         PreBuildEvent;
                         ResolveReferences;
                         PrepareResources;
                         ResolveKeySource;
                         Compile;
                         ExportWindowsMDFile;
                         UnmanagedUnregistration;
                         GenerateSerializationAssemblies;
                         CreateSatelliteAssemblies;
                         GenerateManifests;
                         GetTargetPath;
                         PrepareForRun;
                         UnmanagedRegistration;
                         IncrementalClean;
                         PostBuildEvent
                       ") at C:\Program Files\dotnet\sdk\8.0.419\Sdks\Microsoft.NET.Sdk\targets\Microsoft.NET.Sdk.targets (197,5)
                   Property reassignment: $(CoreCleanDependsOn)="
                         _SdkBeforeClean;
                         
                       " (previous value: "") at C:\Program Files\dotnet\sdk\8.0.419\Sdks\Microsoft.NET.Sdk\targets\Microsoft.NET.Sdk.targets (206,5)
                   Property reassignment: $(RebuildDependsOn)="
                         _SdkBeforeRebuild;
                         
                         BeforeRebuild;
                         Clean;
                         Build;
                         AfterRebuild;
                       
                       " (previous value: "
                         BeforeRebuild;
                         Clean;
                         Build;
                         AfterRebuild;
                       ") at C:\Program Files\dotnet\sdk\8.0.419\Sdks\Microsoft.NET.Sdk\targets\Microsoft.NET.Sdk.targets (213,5)
                   Property reassignment: $(CompileDependsOn)="
                         
                         ResolveReferences;
                         ResolveKeySource;
                         SetWin32ManifestProperties;
                         _SetPreferNativeArm64Win32ManifestProperties;
                         FindReferenceAssembliesForReferences;
                         _GenerateCompileInputs;
                         BeforeCompile;
                         _TimeStampBeforeCompile;
                         _GenerateCompileDependencyCache;
                         CoreCompile;
                         _TimeStampAfterCompile;
                         AfterCompile;
                       ;
                         _CreateAppHost;
                         _CreateComHost;
                         _GetIjwHostPaths;
                       " (previous value: "
                         ResolveReferences;
                         ResolveKeySource;
                         SetWin32ManifestProperties;
                         _SetPreferNativeArm64Win32ManifestProperties;
                         FindReferenceAssembliesForReferences;
                         _GenerateCompileInputs;
                         BeforeCompile;
                         _TimeStampBeforeCompile;
                         _GenerateCompileDependencyCache;
                         CoreCompile;
                         _TimeStampAfterCompile;
                         AfterCompile;
                       ") at C:\Program Files\dotnet\sdk\8.0.419\Sdks\Microsoft.NET.Sdk\targets\Microsoft.NET.Sdk.targets (679,5)
                   Property reassignment: $(CreateSatelliteAssembliesDependsOn)="
                         
                         ;
                         _GenerateSatelliteAssemblyInputs;
                         ComputeIntermediateSatelliteAssemblies;
                         GenerateSatelliteAssemblies
                       ;
                         CoreGenerateSatelliteAssemblies
                       " (previous value: "
                         ;
                         _GenerateSatelliteAssemblyInputs;
                         ComputeIntermediateSatelliteAssemblies;
                         GenerateSatelliteAssemblies
                       ") at C:\Program Files\dotnet\sdk\8.0.419\Sdks\Microsoft.NET.Sdk\targets\Microsoft.NET.Sdk.targets (1065,5)
                   Property reassignment: $(SourceLinkUrlInitializerTargets)=";_InitializeGitHubSourceLinkUrl;_InitializeGitLabSourceLinkUrl" (previous value: ";_InitializeGitHubSourceLinkUrl") at C:\Program Files\dotnet\sdk\8.0.419\Sdks\Microsoft.SourceLink.GitLab\build\Microsoft.SourceLink.GitLab.targets (12,5)
                   Property reassignment: $(SourceControlManagerUrlTranslationTargets)=";TranslateGitHubUrlsInSourceControlInformation;TranslateGitLabUrlsInSourceControlInformation" (previous value: ";TranslateGitHubUrlsInSourceControlInformation") at C:\Program Files\dotnet\sdk\8.0.419\Sdks\Microsoft.SourceLink.GitLab\build\Microsoft.SourceLink.GitLab.targets (13,5)
                   Property reassignment: $(SourceLinkUrlInitializerTargets)=";_InitializeGitHubSourceLinkUrl;_InitializeGitLabSourceLinkUrl;_InitializeAzureReposGitSourceLinkUrl" (previous value: ";_InitializeGitHubSourceLinkUrl;_InitializeGitLabSourceLinkUrl") at C:\Program Files\dotnet\sdk\8.0.419\Sdks\Microsoft.SourceLink.AzureRepos.Git\build\Microsoft.SourceLink.AzureRepos.Git.targets (12,5)
                   Property reassignment: $(SourceControlManagerUrlTranslationTargets)=";TranslateGitHubUrlsInSourceControlInformation;TranslateGitLabUrlsInSourceControlInformation;TranslateAzureReposGitUrlsInSourceControlInformation" (previous value: ";TranslateGitHubUrlsInSourceControlInformation;TranslateGitLabUrlsInSourceControlInformation") at C:\Program Files\dotnet\sdk\8.0.419\Sdks\Microsoft.SourceLink.AzureRepos.Git\build\Microsoft.SourceLink.AzureRepos.Git.targets (13,5)
                   Property reassignment: $(SourceLinkUrlInitializerTargets)=";_InitializeGitHubSourceLinkUrl;_InitializeGitLabSourceLinkUrl;_InitializeAzureReposGitSourceLinkUrl;_InitializeBitbucketGitSourceLinkUrl" (previous value: ";_InitializeGitHubSourceLinkUrl;_InitializeGitLabSourceLinkUrl;_InitializeAzureReposGitSourceLinkUrl") at C:\Program Files\dotnet\sdk\8.0.419\Sdks\Microsoft.SourceLink.Bitbucket.Git\build\Microsoft.SourceLink.Bitbucket.Git.targets (12,5)
                   Property reassignment: $(SourceControlManagerUrlTranslationTargets)=";TranslateGitHubUrlsInSourceControlInformation;TranslateGitLabUrlsInSourceControlInformation;TranslateAzureReposGitUrlsInSourceControlInformation;TranslateBitbucketGitUrlsInSourceControlInformation" (previous value: ";TranslateGitHubUrlsInSourceControlInformation;TranslateGitLabUrlsInSourceControlInformation;TranslateAzureReposGitUrlsInSourceControlInformation") at C:\Program Files\dotnet\sdk\8.0.419\Sdks\Microsoft.SourceLink.Bitbucket.Git\build\Microsoft.SourceLink.Bitbucket.Git.targets (13,5)
                   Property reassignment: $(DesignerRuntimeImplementationProjectOutputGroupDependsOn)="
                         
                         ;
                         
                         ;
                         BuildOnlySettings;
                         PrepareForBuild;
                         AssignTargetPaths;
                         ResolveReferences
                       
                       ;
                         _GenerateDesignerDepsFile;
                         _GenerateDesignerRuntimeConfigFile;
                         GetCopyToOutputDirectoryItems;
                         _GatherDesignerShadowCopyFiles;
                       " (previous value: "
                         ;
                         
                         ;
                         BuildOnlySettings;
                         PrepareForBuild;
                         AssignTargetPaths;
                         ResolveReferences
                       
                       ") at C:\Program Files\dotnet\sdk\8.0.419\Sdks\Microsoft.NET.Sdk\targets\Microsoft.NET.DesignerSupport.targets (21,5)
                   Property reassignment: $(_GenerateToolsSettingsFileCacheFile)="C:\sharon\projects\celestial-mechanics-desktop\src\CelestialMechanics.AppCore\obj\Debug\net8.0\CelestialMechanics.AppCore.toolssettingsinput.cache" (previous value: "obj\Debug\net8.0\CelestialMechanics.AppCore.toolssettingsinput.cache") at C:\Program Files\dotnet\sdk\8.0.419\Sdks\Microsoft.NET.Sdk\targets\Microsoft.NET.PackTool.targets (68,5)
                   Property reassignment: $(_ShimInputCacheFile)="C:\sharon\projects\celestial-mechanics-desktop\src\CelestialMechanics.AppCore\obj\Debug\net8.0\CelestialMechanics.AppCore.shiminput.cache" (previous value: "obj\Debug\net8.0\CelestialMechanics.AppCore.shiminput.cache") at C:\Program Files\dotnet\sdk\8.0.419\Sdks\Microsoft.NET.Sdk\targets\Microsoft.NET.PackTool.targets (137,5)
                   Property reassignment: $(_ShimCreatedSentinelFile)="C:\sharon\projects\celestial-mechanics-desktop\src\CelestialMechanics.AppCore\obj\Debug\net8.0\CelestialMechanics.AppCore.shimcreated.sentinel" (previous value: "obj\Debug\net8.0\CelestialMechanics.AppCore.shimcreated.sentinel") at C:\Program Files\dotnet\sdk\8.0.419\Sdks\Microsoft.NET.Sdk\targets\Microsoft.NET.PackTool.targets (139,5)
                   Property reassignment: $(DefineConstants)="TRACE;DEBUG" (previous value: "TRACE") at C:\Program Files\dotnet\sdk\8.0.419\Sdks\Microsoft.NET.Sdk\targets\Microsoft.NET.Sdk.CSharp.targets (31,5)
                   Property reassignment: $(DefineConstants)="TRACE;DEBUG;NET;NET8_0;NETCOREAPP" (previous value: "TRACE;DEBUG") at C:\Program Files\dotnet\sdk\8.0.419\Sdks\Microsoft.NET.Sdk\targets\Microsoft.NET.Sdk.CSharp.targets (34,5)
                   Property reassignment: $(WarningsAsErrors)=";NU1605;SYSLIB0011" (previous value: ";NU1605") at C:\Program Files\dotnet\sdk\8.0.419\Sdks\Microsoft.NET.Sdk\targets\Microsoft.NET.Sdk.CSharp.targets (48,5)
                   Property reassignment: $(GenerateNuspecDependsOn)="Build;_LoadPackInputItems; _GetTargetFrameworksOutput; _WalkEachTargetPerFramework; _GetPackageFiles; " (previous value: "_LoadPackInputItems; _GetTargetFrameworksOutput; _WalkEachTargetPerFramework; _GetPackageFiles; ") at C:\Program Files\dotnet\sdk\8.0.419\Sdks\NuGet.Build.Tasks.Pack\build\NuGet.Build.Tasks.Pack.targets (59,5)
                   Property reassignment: $(_IsNotSetContainersTargetsDir)="true" (previous value: "false") at C:\Program Files\dotnet\sdk\8.0.419\Sdks\Microsoft.NET.Sdk\Sdk\Sdk.targets (59,5)
                   Property reassignment: $(_IsSDKContainerAllowedVersion)="true" (previous value: "false") at C:\Program Files\dotnet\sdk\8.0.419\Containers\build\Microsoft.NET.Build.Containers.targets (5,5)
                   Property reassignment: $(_ContainerIsTargetingNet8TFM)="true" (previous value: "false") at C:\Program Files\dotnet\sdk\8.0.419\Containers\build\Microsoft.NET.Build.Containers.targets (15,5)
                   Overriding target "ResolveFrameworkReferences" in project "C:\Program Files\dotnet\sdk\8.0.419\Microsoft.Common.CurrentVersion.targets" with target "ResolveFrameworkReferences" from project "C:\Program Files\dotnet\sdk\8.0.419\Sdks\Microsoft.NET.Sdk\targets\Microsoft.NET.Sdk.FrameworkReferenceResolution.targets".
                   Overriding target "Run" in project "C:\Program Files\dotnet\sdk\8.0.419\Microsoft.Common.CurrentVersion.targets" with target "Run" from project "C:\Program Files\dotnet\sdk\8.0.419\Sdks\Microsoft.NET.Sdk\targets\Microsoft.NET.Sdk.targets".
                   Overriding target "GenerateSupportedTargetFrameworkAlias" in project "C:\Program Files\dotnet\sdk\8.0.419\Microsoft.Common.CurrentVersion.targets" with target "GenerateSupportedTargetFrameworkAlias" from project "C:\Program Files\dotnet\sdk\8.0.419\Sdks\Microsoft.NET.Sdk\targets\Microsoft.NET.Sdk.targets".
                   Overriding target "GetReferenceAssemblyPaths" in project "C:\Program Files\dotnet\sdk\8.0.419\Microsoft.Common.CurrentVersion.targets" with target "GetReferenceAssemblyPaths" from project "C:\Program Files\dotnet\sdk\8.0.419\Sdks\Microsoft.NET.Sdk\targets\Microsoft.NET.DisableStandardFrameworkResolution.targets".
                   Overriding target "GetFrameworkPaths" in project "C:\Program Files\dotnet\sdk\8.0.419\Microsoft.Common.CurrentVersion.targets" with target "GetFrameworkPaths" from project "C:\Program Files\dotnet\sdk\8.0.419\Sdks\Microsoft.NET.Sdk\targets\Microsoft.NET.DisableStandardFrameworkResolution.targets".
                   Overriding target "DesignerRuntimeImplementationProjectOutputGroup" in project "C:\Program Files\dotnet\sdk\8.0.419\Microsoft.Common.CurrentVersion.targets" with target "DesignerRuntimeImplementationProjectOutputGroup" from project "C:\Program Files\dotnet\sdk\8.0.419\Sdks\Microsoft.NET.Sdk\targets\Microsoft.NET.DesignerSupport.targets".
                   Overriding target "Publish" in project "C:\Program Files\dotnet\sdk\8.0.419\Microsoft.Common.CurrentVersion.targets" with target "Publish" from project "C:\Program Files\dotnet\sdk\8.0.419\Sdks\Microsoft.NET.Sdk\targets\Microsoft.NET.Publish.targets".
                   Overriding target "ResolveReadyToRunCompilers" in project "C:\Program Files\dotnet\sdk\8.0.419\Sdks\Microsoft.NET.Sdk\targets\Microsoft.NET.CrossGen.targets" with target "ResolveReadyToRunCompilers" from project "C:\Program Files\dotnet\sdk\8.0.419\Sdks\Microsoft.NET.Sdk\targets\Microsoft.NET.Publish.targets".
                   Overriding target "GetCopyToPublishDirectoryItems" in project "C:\Program Files\dotnet\sdk\8.0.419\Microsoft.Common.CurrentVersion.targets" with target "GetCopyToPublishDirectoryItems" from project "C:\Program Files\dotnet\sdk\8.0.419\Sdks\Microsoft.NET.Sdk\targets\Microsoft.NET.Publish.targets".
13:12:35.129     0>Initial Properties:
                   __DisableWorkloadResolverSentinelPath = C:\Program Files\dotnet\sdk\8.0.419\DisableWorkloadResolver.sentinel
                   __WindowsAppSdkDefaultImageIncludes = **/*.png;**/*.bmp;**/*.jpg;**/*.dds;**/*.tif;**/*.tga;**/*.gif
                   _AfterSdkPublishDependsOn = Publish
                   _BeforePublishNoBuildTargets = 
                         BuildOnlySettings;
                         _PreventProjectReferencesFromBuilding;
                         ResolveReferences;
                         PrepareResourceNames;
                         ComputeIntermediateSatelliteAssemblies;
                         ComputeEmbeddedApphostPaths;
                       
                   _BinaryFormatterObsoleteAsError = true
                   _ContainerIsSelfContained = false
                   _ContainerIsTargetingNet8TFM = true
                   _ContainersTargetsDir = C:\Program Files\dotnet\sdk\8.0.419\Sdks\Microsoft.NET.Sdk\Sdk\..\..\..\Containers\build\
                   _CorePublishTargets = 
                         PrepareForPublish;
                         ComputeAndCopyFilesToPublishDirectory;
                         ;
                         PublishItemsOutputGroup;
                       
                   _DebugSymbolsProduced = true
                   _DefaultArtifactsPathPropsImported = true
                   _DefaultUserProfileRuntimeStorePath = C:\Users\Lenovo\.dotnet\store
                   _DeploymentApplicationManifestIdentity = Native.CelestialMechanics.AppCore
                   _DeploymentBuiltUpdateInterval = 0
                   _DeploymentBuiltUpdateIntervalUnits = Days
                   _DeploymentDeployManifestIdentity = CelestialMechanics.AppCore.application
                   _DeploymentFileMappingExtension = 
                   _DeploymentLauncherBased = true
                   _DeploymentTargetApplicationManifestFileName = Native.CelestialMechanics.AppCore.manifest
                   _DeploymentUrl = 
                   _DesignerDepsFileName = CelestialMechanics.AppCore.designer.deps.json
                   _DesignerDepsFilePath = obj\Debug\net8.0\CelestialMechanics.AppCore.designer.deps.json
                   _DesignerRuntimeConfigFileName = CelestialMechanics.AppCore.designer.runtimeconfig.json
                   _DesignerRuntimeConfigFilePath = obj\Debug\net8.0\CelestialMechanics.AppCore.designer.runtimeconfig.json
                   _DirectoryBuildPropsBasePath = 
                   _DirectoryBuildPropsFile = Directory.Build.props
                   _DirectoryBuildTargetsBasePath = 
                   _DirectoryBuildTargetsFile = Directory.Build.targets
                   _DirectoryPackagesPropsBasePath = 
                   _DirectoryPackagesPropsFile = Directory.Packages.props
                   _DocumentationFileProduced = false
                   _DotNetAppHostExecutableName = apphost
                   _DotNetAppHostExecutableNameWithoutExtension = apphost
                   _DotNetComHostLibraryName = comhost
                   _DotNetComHostLibraryNameWithoutExtension = comhost
                   _DotNetHostExecutableName = dotnet
                   _DotNetHostFxrLibraryName = libhostfxr.so
                   _DotNetHostPolicyLibraryName = libhostpolicy.so
                   _DotNetIjwHostLibraryName = Ijwhost
                   _DotNetIjwHostLibraryNameWithoutExtension = Ijwhost
                   _DotNetSingleFileHostExecutableNameWithoutExtension = singlefilehost
                   _EnableDefaultWindowsPlatform = false
                   _FrameworkIdentifierForImplicitDefine = NET
                   _FrameworkVersionForImplicitDefine = 8_0
                   _GenerateBindingRedirectsIntermediateAppConfig = obj\Debug\net8.0\CelestialMechanics.AppCore.dll.config
                   _GeneratePublishDependencyFilePropertyInputsCache = C:\sharon\projects\celestial-mechanics-desktop\src\CelestialMechanics.AppCore\obj\Debug\net8.0\CelestialMechanics.AppCore.genpublishdeps.cache
                   _GenerateRestoreGraphProjectEntryInputProperties = ExcludeRestorePackageImports=true
                   _GenerateRuntimeConfigurationPropertyInputsCache = C:\sharon\projects\celestial-mechanics-desktop\src\CelestialMechanics.AppCore\obj\Debug\net8.0\CelestialMechanics.AppCore.genruntimeconfig.cache
                   _GenerateSingleFileBundlePropertyInputsCache = C:\sharon\projects\celestial-mechanics-desktop\src\CelestialMechanics.AppCore\obj\Debug\net8.0\CelestialMechanics.AppCore.genbundle.cache
                   _GenerateSourceLinkFileBeforeTargets = CoreCompile
                   _GenerateSourceLinkFileDependsOnTargets = 
                   _GenerateSupportedRuntimeIntermediateAppConfig = obj\Debug\net8.0\CelestialMechanics.AppCore.dll.withSupportedRuntime.config
                   _GenerateToolsSettingsFileCacheFile = C:\sharon\projects\celestial-mechanics-desktop\src\CelestialMechanics.AppCore\obj\Debug\net8.0\CelestialMechanics.AppCore.toolssettingsinput.cache
                   _GetChildProjectCopyToOutputDirectoryItems = true
                   _GetChildProjectCopyToPublishDirectoryItems = true
                   _InitialBaseIntermediateOutputPath = obj\
                   _InitialMSBuildProjectExtensionsPath = C:\sharon\projects\celestial-mechanics-desktop\src\CelestialMechanics.AppCore\obj\
                   _IsNETCoreOrNETStandard = true
                   _IsNotSetContainersTargetsDir = true
                   _IsSDKContainerAllowedVersion = true
                   _LatestAnalysisLevel = 8.0
                   _MaxSupportedLangVersion = 12.0
                   _MicrosoftSourceLinkCommonAssemblyFile = C:\Program Files\dotnet\sdk\8.0.419\Sdks\Microsoft.SourceLink.Common\build\..\tools\core\Microsoft.SourceLink.Common.dll
                   _MinimumNonEolSupportedNetCoreTargetFramework = net8.0
                   _NativeLibraryExtension = .so
                   _NativeLibraryPrefix = lib
                   _NETAnalyzersSDKAssemblyVersion = 8.0.0
                   _NETCoreSdkIsPreview = false
                   _NetFrameworkHostedCompilersVersion = 4.11.0-3.25569.22
                   _NoneAnalysisLevel = 4.0
                   _NugetFallbackFolder = C:\Program Files\dotnet\sdk\8.0.419\Sdks\Microsoft.NET.Sdk\targets\..\..\..\..\NuGetFallbackFolder
                   _NugetTargetMonikerAndRID = .NETCoreApp,Version=v8.0
                   _OriginalConfiguration = Debug
                   _OriginalPlatform = AnyCPU
                   _PackToolPublishDependency = _PublishBuildAlternative
                   _PlatformWithoutConfigurationInference = AnyCPU
                   _PreviewAnalysisLevel = 9.0
                   _ProjectDefaultTargets = Build
                   _PublishNoBuildAlternativeDependsOn = 
                         BuildOnlySettings;
                         _PreventProjectReferencesFromBuilding;
                         ResolveReferences;
                         PrepareResourceNames;
                         ComputeIntermediateSatelliteAssemblies;
                         ComputeEmbeddedApphostPaths;
                       ;
                         PrepareForPublish;
                         ComputeAndCopyFilesToPublishDirectory;
                         ;
                         PublishItemsOutputGroup;
                       
                   _PublishProfileDesignerFolder = Properties
                   _PublishProfileRootFolder = C:\sharon\projects\celestial-mechanics-desktop\src\CelestialMechanics.AppCore\Properties\PublishProfiles\
                   _RecursiveTargetForContentCopying = GetCopyToOutputDirectoryItems
                   _ResolveReferenceDependencies = false
                   _RuntimePackInWorkloadVersion6 = 6.0.36
                   _RuntimePackInWorkloadVersion7 = 7.0.20
                   _RuntimePackInWorkloadVersionCurrent = 8.0.25
                   _SGenDllCreated = false
                   _SGenDllName = CelestialMechanics.AppCore.XmlSerializers.dll
                   _SGenGenerateSerializationAssembliesConfig = Off
                   _ShimCreatedSentinelFile = C:\sharon\projects\celestial-mechanics-desktop\src\CelestialMechanics.AppCore\obj\Debug\net8.0\CelestialMechanics.AppCore.shimcreated.sentinel
                   _ShimInputCacheFile = C:\sharon\projects\celestial-mechanics-desktop\src\CelestialMechanics.AppCore\obj\Debug\net8.0\CelestialMechanics.AppCore.shiminput.cache
                   _SourceLinkAzureReposGitAssemblyFile = C:\Program Files\dotnet\sdk\8.0.419\Sdks\Microsoft.SourceLink.AzureRepos.Git\build\..\tools\core\Microsoft.SourceLink.AzureRepos.Git.dll
                   _SourceLinkBitbucketAssemblyFile = C:\Program Files\dotnet\sdk\8.0.419\Sdks\Microsoft.SourceLink.Bitbucket.Git\build\..\tools\core\Microsoft.SourceLink.Bitbucket.Git.dll
                   _SourceLinkGitHubAssemblyFile = C:\Program Files\dotnet\sdk\8.0.419\Sdks\Microsoft.SourceLink.GitHub\build\..\tools\core\Microsoft.SourceLink.GitHub.dll
                   _SourceLinkGitLabAssemblyFile = C:\Program Files\dotnet\sdk\8.0.419\Sdks\Microsoft.SourceLink.GitLab\build\..\tools\core\Microsoft.SourceLink.GitLab.dll
                   _SourceLinkPropsImported = true
                   _SourceLinkSdkSubDir = build
                   _SupportedArchitectures = amd64 arm64
                   _SupportedPlatformList = @(SupportedPlatform, ',')
                   _TargetFrameworkDirectories = 
                   _TargetFrameworkVersionValue = 0.0
                   _TargetFrameworkVersionWithoutV = 8.0
                   _TargetLatestRuntimePatchIsDefault = true
                   _TargetsThatPrepareProjectReferences = 
                         AssignProjectConfiguration;
                         _SplitProjectReferencesByFileExistence
                       
                   _ToolsSettingsFilePath = obj\DotnetToolSettings.xml
                   _UseAttributeForTargetFrameworkInfoPropertyNames = true
                   _UsingDefaultForHasRuntimeOutput = true
                   _UsingDefaultPlatformTarget = true
                   _WindowsDesktopSdkTargetFrameworkVersionFloor = 3.0
                   _WorkloadLibraryPacksFolder = C:\Program Files\dotnet\library-packs
                   AddAdditionalExplicitAssemblyReferences = false
                   AllowedOutputExtensionsInPackageBuildOutputFolder = .dll; .exe; .winmd; .json; .pri; .xml ;
                   AllowedOutputExtensionsInSymbolsPackageBuildOutputFolder = .pdb; .mdb; .dll; .exe; .winmd; .json; .pri; .xml ;; 
                   AllowedReferenceAssemblyFileExtensions = 
                         .winmd;
                         .dll;
                         .exe
                       
                   AllowedReferenceRelatedFileExtensions = 
                         .pdb;
                         .xml;
                         .pri;
                         .dll.config;
                         .exe.config
                       
                   AllowUnsafeBlocks = false
                   AlwaysIncludeCoreFrameworkInRuntimeConfig = true
                   AlwaysUseNumericalSuffixInItemNames = true
                   AnalysisLevel = latest
                   ApiCompatValidatePackageSemaphoreFile = obj\Debug\net8.0\Microsoft.NET.ApiCompat.ValidatePackage.semaphore
                   AppDesignerFolder = Properties
                   AppendPlatformToOutputPath = false
                   AppendRuntimeIdentifierToOutputPath = true
                   AppendTargetFrameworkToOutputPath = true
                   AssemblyFoldersConfigFile = C:\Program Files\dotnet\sdk\8.0.419\AssemblyFolders.config
                   AssemblyFoldersSuffix = AssemblyFoldersEx
                   AssemblyName = CelestialMechanics.AppCore
                   AssemblySearchPaths = {CandidateAssemblyFiles};{HintPathFromItem};{TargetFrameworkDirectory};{RawFileName}
                   AssemblyTitle = CelestialMechanics.AppCore
                   AssetTargetFallback = ;net461;net462;net47;net471;net472;net48;net481
                   AssignTargetPathsDependsOn = 
                   Authors = CelestialMechanics.AppCore
                   AutomaticallyUseReferenceAssemblyPackages = true
                   AutoUnifyAssemblyReferences = true
                   AvailablePlatforms = Any CPU,x86,x64,ARM32,ARM64
                   BackwardsCompatFrameworkDefine = NETCOREAPP
                   BaseIntermediateOutputPath = obj\
                   BaseOutputPath = bin\
                   BaseOutputPathWasSpecified = true
                   BuildCompileAction = Build
                   BuildDependsOn = 
                         BeforeBuild;
                         CoreBuild;
                         AfterBuild
                       
                   BuildGenerateSourcesAction = Build
                   BuildingProject = false
                   BuildInParallel = true
                   BuildLinkAction = Build
                   BuildOutputTargetFolder = lib
                   BuildProjectReferences = false
                   BuiltProjectOutputGroupDependenciesDependsOn = 
                         ;
                         
                         ;
                         BuildOnlySettings;
                         PrepareForBuild;
                         AssignTargetPaths;
                         ResolveReferences
                       
                       
                   BuiltProjectOutputGroupDependsOn = PrepareForBuild
                   BundledNETCoreAppPackageVersion = 8.0.25
                   BundledNETCoreAppTargetFrameworkVersion = 8.0
                   BundledNETCorePlatformsPackageVersion = 8.0.25-servicing.26112.3
                   BundledNETStandardPackageVersion = 2.1.0
                   BundledNETStandardTargetFrameworkVersion = 2.1
                   BundledRuntimeIdentifierGraphFile = C:\Program Files\dotnet\sdk\8.0.419\RuntimeIdentifierGraph.json
                   CheckEolWorkloads = true
                   CheckForOverflowUnderflow = false
                   CleanDependsOn = 
                         BeforeClean;
                         UnmanagedUnregistration;
                         CoreClean;
                         CleanReferencedProjects;
                         CleanPublishFolder;
                         AfterClean
                       
                   CleanFile = CelestialMechanics.AppCore.csproj.FileListAbsolute.txt
                   ClickOncePublishDir = bin\Debug\net8.0\publish\
                   CodeAnalysisRuleIds = CA1000;CA1001;CA1002;CA1003;CA1005;CA1008;CA1010;CA1012;CA1014;CA1016;CA1017;CA1018;CA1019;CA1021;CA1024;CA1027;CA1028;CA1030;CA1031;CA1032;CA1033;CA1034;CA1036;CA1040;CA1041;CA1043;CA1044;CA1045;CA1046;CA1047;CA1050;CA1051;CA1052;CA1054;CA1055;CA1056;CA1058;CA1060;CA1061;CA1062;CA1063;CA1064;CA1065;CA1066;CA1067;CA1068;CA1069;CA1070;CA1200;CA1303;CA1304;CA1305;CA1307;CA1308;CA1309;CA1310;CA1311;CA1401;CA1416;CA1417;CA1418;CA1419;CA1420;CA1421;CA1422;CA1501;CA1502;CA1505;CA1506;CA1507;CA1508;CA1509;CA1510;CA1511;CA1512;CA1513;CA1700;CA1707;CA1708;CA1710;CA1711;CA1712;CA1713;CA1715;CA1716;CA1720;CA1721;CA1724;CA1725;CA1727;CA1802;CA1805;CA1806;CA1810;CA1812;CA1813;CA1814;CA1815;CA1816;CA1819;CA1820;CA1821;CA1822;CA1823;CA1824;CA1825;CA1826;CA1827;CA1828;CA1829;CA1830;CA1831;CA1832;CA1833;CA1834;CA1835;CA1836;CA1837;CA1838;CA1839;CA1840;CA1841;CA1842;CA1843;CA1844;CA1845;CA1846;CA1847;CA1848;CA1849;CA1850;CA1851;CA1852;CA1853;CA1854;CA1855;CA1856;CA1857;CA1858;CA1859;CA1860;CA1861;CA1862;CA1863;CA1864;CA1865;CA1866;CA1867;CA1868;CA1869;CA1870;CA2000;CA2002;CA2007;CA2008;CA2009;CA2011;CA2012;CA2013;CA2014;CA2015;CA2016;CA2017;CA2018;CA2019;CA2020;CA2021;CA2100;CA2101;CA2119;CA2153;CA2200;CA2201;CA2207;CA2208;CA2211;CA2213;CA2214;CA2215;CA2216;CA2217;CA2218;CA2219;CA2224;CA2225;CA2226;CA2227;CA2231;CA2234;CA2235;CA2237;CA2241;CA2242;CA2243;CA2244;CA2245;CA2246;CA2247;CA2248;CA2249;CA2250;CA2251;CA2252;CA2253;CA2254;CA2255;CA2256;CA2257;CA2258;CA2259;CA2260;CA2261;CA2300;CA2301;CA2302;CA2305;CA2310;CA2311;CA2312;CA2315;CA2321;CA2322;CA2326;CA2327;CA2328;CA2329;CA2330;CA2350;CA2351;CA2352;CA2353;CA2354;CA2355;CA2356;CA2361;CA2362;CA3001;CA3002;CA3003;CA3004;CA3005;CA3006;CA3007;CA3008;CA3009;CA3010;CA3011;CA3012;CA3061;CA3075;CA3076;CA3077;CA3147;CA5350;CA5351;CA5358;CA5359;CA5360;CA5361;CA5362;CA5363;CA5364;CA5365;CA5366;CA5367;CA5368;CA5369;CA5370;CA5371;CA5372;CA5373;CA5374;CA5375;CA5376;CA5377;CA5378;CA5379;CA5380;CA5381;CA5382;CA5383;CA5384;CA5385;CA5386;CA5387;CA5388;CA5389;CA5390;CA5391;CA5392;CA5393;CA5394;CA5395;CA5396;CA5397;CA5398;CA5399;CA5400;CA5401;CA5402;CA5403;CA5404;CA5405
                   CodeAnalysisTargets = C:\Program Files\dotnet\sdk\8.0.419\Microsoft\VisualStudio\v17.0\CodeAnalysis\Microsoft.CodeAnalysis.targets
                   CommandLineArgsForDesignTimeEvaluation = -langversion:12.0 -define:TRACE
                   CommonOutputGroupsDependsOn = 
                         ;
                         BuildOnlySettings;
                         PrepareForBuild;
                         AssignTargetPaths;
                         ResolveReferences
                       
                   CommonTargetsPath = C:\Program Files\dotnet\sdk\8.0.419\Microsoft.Common.CurrentVersion.targets
                   CommonXamlResourcesDirectory = C:\Program Files\dotnet\sdk\8.0.419\\
                   Company = CelestialMechanics.AppCore
                   CompileDependsOn = 
                         
                         ResolveReferences;
                         ResolveKeySource;
                         SetWin32ManifestProperties;
                         _SetPreferNativeArm64Win32ManifestProperties;
                         FindReferenceAssembliesForReferences;
                         _GenerateCompileInputs;
                         BeforeCompile;
                         _TimeStampBeforeCompile;
                         _GenerateCompileDependencyCache;
                         CoreCompile;
                         _TimeStampAfterCompile;
                         AfterCompile;
                       ;
                         _CreateAppHost;
                         _CreateComHost;
                         _GetIjwHostPaths;
                       
                   CompileLicxFilesDependsOn = 
                   CompilerApiVersion = roslyn4.11
                   CompilerGeneratedFilesOutputPath = 
                   ComputeIntermediateSatelliteAssembliesDependsOn = 
                         CreateManifestResourceNames
                       
                   ComputeNETCoreBuildOutputFiles = true
                   ComReferenceExecuteAsTool = false
                   ComReferenceNoClassMembers = false
                   Configuration = Debug
                   ConfigurationName = Debug
                   Configurations = Debug;Release
                   ConsiderPlatformAsProcessorArchitecture = true
                   ContainerCustomTasksAssembly = C:\Program Files\dotnet\sdk\8.0.419\Containers\build\..\tasks\net8.0\Microsoft.NET.Build.Containers.dll
                   ContainerCustomTasksFolder = C:\Program Files\dotnet\sdk\8.0.419\Containers\build\..\tasks\net8.0\
                   ContainerizeFolder = C:\Program Files\dotnet\sdk\8.0.419\Containers\build\..\containerize\
                   ContainerizeFolderName = containerize
                   ContainerTaskFolderName = tasks
                   ContainerTaskFramework = net8.0
                   ContentFilesProjectOutputGroupDependsOn = PrepareForBuild;AssignTargetPaths
                   ContentPreprocessorOutputDirectory = obj\Debug\net8.0\NuGet\
                   ContentTargetFolders = content;contentFiles
                   ContinueOnError = false
                   CopyBuildOutputToPublishDirectory = true
                   CopyConflictingTransitiveContent = false
                   CopyLocalLockFileAssemblies = false
                   CopyOutputSymbolsToPublishDirectory = true
                   CoreBuildDependsOn = 
                         _CheckForBuildWithNoBuild;
                         
                         BuildOnlySettings;
                         PrepareForBuild;
                         PreBuildEvent;
                         ResolveReferences;
                         PrepareResources;
                         ResolveKeySource;
                         Compile;
                         ExportWindowsMDFile;
                         UnmanagedUnregistration;
                         GenerateSerializationAssemblies;
                         CreateSatelliteAssemblies;
                         GenerateManifests;
                         GetTargetPath;
                         PrepareForRun;
                         UnmanagedRegistration;
                         IncrementalClean;
                         PostBuildEvent
                       ;
                         GenerateBuildDependencyFile;
                         GenerateBuildRuntimeConfigurationFiles
                       
                   CoreCleanDependsOn = 
                         _SdkBeforeClean;
                         
                       
                   CoreCompileDependsOn = ;_ComputeNonExistentFileProperty;ResolveCodeAnalysisRuleSet
                   CoreResGenDependsOn = FindReferenceAssembliesForReferences
                   CreateCustomManifestResourceNamesDependsOn = 
                   CreateHardLinksForCopyAdditionalFilesIfPossible = false
                   CreateManifestResourceNamesDependsOn = 
                   CreateSatelliteAssembliesDependsOn = 
                         
                         ;
                         _GenerateSatelliteAssemblyInputs;
                         ComputeIntermediateSatelliteAssemblies;
                         GenerateSatelliteAssemblies
                       ;
                         CoreGenerateSatelliteAssemblies
                       
                   CreateSymbolicLinksForCopyAdditionalFilesIfPossible = false
                   CSharpCoreTargetsPath = C:\Program Files\dotnet\sdk\8.0.419\Roslyn\Microsoft.CSharp.Core.targets
                   CSharpDesignTimeTargetsPath = C:\Program Files\dotnet\sdk\8.0.419\\Microsoft\VisualStudio\Managed\Microsoft.CSharp.DesignTime.targets
                   CSharpTargetsPath = C:\Program Files\dotnet\sdk\8.0.419\Microsoft.CSharp.CurrentVersion.targets
                   CustomAfterDirectoryBuildProps = ;C:\Program Files\dotnet\sdk\8.0.419\Sdks\Microsoft.NET.Sdk\Sdk\UseArtifactsOutputPath.props
                   CustomAfterMicrosoftCommonProps = C:\Program Files\dotnet\sdk\8.0.419\\vCurrent\Custom.After.Microsoft.Common.props
                   CustomAfterMicrosoftCommonTargets = C:\Program Files\dotnet\sdk\8.0.419\\vCurrent\Custom.After.Microsoft.Common.targets
                   CustomAfterMicrosoftCSharpTargets = C:\Program Files\dotnet\sdk\8.0.419\\vCurrent\Custom.After.Microsoft.CSharp.targets
                   CustomBeforeMicrosoftCommonProps = C:\Program Files\dotnet\sdk\8.0.419\\vCurrent\Custom.Before.Microsoft.Common.props
                   CustomBeforeMicrosoftCommonTargets = C:\Program Files\dotnet\sdk\8.0.419\\vCurrent\Custom.Before.Microsoft.Common.targets
                   CustomBeforeMicrosoftCSharpTargets = C:\Program Files\dotnet\sdk\8.0.419\\vCurrent\Custom.Before.Microsoft.CSharp.targets
                   DebugSymbols = true
                   DebugSymbolsProjectOutputGroupDependenciesDependsOn = 
                         ;
                         
                         ;
                         BuildOnlySettings;
                         PrepareForBuild;
                         AssignTargetPaths;
                         ResolveReferences
                       
                       
                   DebugSymbolsProjectOutputGroupDependsOn = 
                   DebugType = portable
                   DefaultAllowedOutputExtensionsInPackageBuildOutputFolder = .dll; .exe; .winmd; .json; .pri; .xml
                   DefaultCopyToPublishDirectoryMetadata = true
                   DefaultExcludesInProjectFolder = ;;**/.*/**
                   DefaultImplicitPackages = Microsoft.NETCore.App;NETStandard.Library
                   DefaultItemExcludes = ;bin\Debug\/**;obj\Debug\/**;bin\/**;obj\/**;**/*.user;**/*.*proj;**/*.sln;**/*.vssscc;**/.DS_Store
                   DefaultLanguageSourceExtension = .cs
                   DefaultProjectTypeGuid = {FAE04EC0-301F-11D3-BF4B-00C04F79EFBC}
                   DefineCommonCapabilities = true
                   DefineCommonItemSchemas = true
                   DefineCommonReferenceSchemas = true
                   DefineConstants = TRACE;DEBUG;NET;NET8_0;NETCOREAPP
                   DelaySign = 
                   DeploymentComputeClickOnceManifestInfoDependsOn = 
                         CleanPublishFolder;
                         GetCopyToOutputDirectoryItems;
                         _DeploymentGenerateTrustInfo
                         
                       
                   Description = Application Core Layer — scene graph, serialization, modes, selection, and snapshots. No UI dependencies.
                   DesignerRuntimeImplementationProjectOutputGroupDependsOn = 
                         
                         ;
                         
                         ;
                         BuildOnlySettings;
                         PrepareForBuild;
                         AssignTargetPaths;
                         ResolveReferences
                       
                       ;
                         _GenerateDesignerDepsFile;
                         _GenerateDesignerRuntimeConfigFile;
                         GetCopyToOutputDirectoryItems;
                         _GatherDesignerShadowCopyFiles;
                       
                   DesignTimeAssemblySearchPaths = {CandidateAssemblyFiles};{HintPathFromItem};{TargetFrameworkDirectory};{RawFileName}
                   DesignTimeAutoUnify = true
                   DesignTimeResolveAssemblyReferencesDependsOn = 
                         GetFrameworkPaths;
                         GetReferenceAssemblyPaths;
                         ResolveReferences
                       
                   Deterministic = true
                   DevEnvDir = *Undefined*
                   DisableHandlePackageFileConflicts = true
                   DisableLogTaskParameter_ConvertToAbsolutePath_Path = true
                   DisableLogTaskParameter_FindUnderPath_OutOfPath = true
                   DisableLogTaskParameter_RemoveDuplicates_Inputs = true
                   DisableLogTaskParameterItemMetadata_ConvertToAbsolutePath_AbsolutePaths = true
                   DisableLogTaskParameterItemMetadata_Copy_CopiedFiles = true
                   DisableLogTaskParameterItemMetadata_Copy_DestinationFiles = true
                   DisableLogTaskParameterItemMetadata_Copy_SourceFiles = true
                   DisableLogTaskParameterItemMetadata_FindUnderPath_Files = true
                   DisableLogTaskParameterItemMetadata_FindUnderPath_InPath = true
                   DisableLogTaskParameterItemMetadata_GenerateResource_FilesWritten = true
                   DisableLogTaskParameterItemMetadata_Hash_ItemsToHash = true
                   DisableLogTaskParameterItemMetadata_RemoveDuplicates_Filtered = true
                   DisableLogTaskParameterItemMetadata_WriteLinesToFile_Lines = true
                   DisableStandardFrameworkResolution = true
                   DocumentationFile = 
                   DocumentationProjectOutputGroupDependenciesDependsOn = 
                         ;
                         
                         ;
                         BuildOnlySettings;
                         PrepareForBuild;
                         AssignTargetPaths;
                         ResolveReferences
                       
                       
                   DocumentationProjectOutputGroupDependsOn = 
                   DOTNET_CLI_TELEMETRY_SESSIONID = 46fa066a-fdfe-42d4-b84d-b1e860616f88
                   DOTNET_HOST_PATH = C:\Program Files\dotnet\dotnet.exe
                   DotNetApiCompatTaskAssembly = C:\Program Files\dotnet\sdk\8.0.419\Sdks\Microsoft.NET.Sdk\targets\..\tools\net8.0\Microsoft.DotNet.ApiCompat.Task.dll
                   DotnetCliToolTargetFramework = netcoreapp2.2
                   EffectiveAnalysisLevel = 8.0
                   EffectiveCodeAnalysisTreatWarningsAsErrors = 
                   EmbeddedResourceUseDependentUponConvention = true
                   EmbeddedWin32Manifest = 
                   EmbedUntrackedSources = true
                   EmitAssetsLogMessages = true
                   EmitCompilerGeneratedFiles = false
                   EmitLegacyAssetsFileItems = false
                   EnableDefaultCompileItems = true
                   EnableDefaultEmbeddedResourceItems = true
                   EnableDefaultItems = true
                   EnableDefaultNoneItems = true
                   EnableFrameworkPathOverride = false
                   EnableNETAnalyzers = true
                   EnableSourceControlManagerQueries = true
                   EnableSourceLink = true
                   EnableUnsafeBinaryFormatterSerialization = false
                   EnableWebSdkImplicitPackageVersions = false
                   EnforceCodeStyleInBuild = false
                   ErrorReport = prompt
                   ExpandSDKAllowedReferenceExtensions = 
                         .winmd;
                         .dll
                       
                   ExpandSDKReferencesDependsOn = 
                         ResolveSDKReferences
                       
                   FileAlignment = 512
                   FindInvalidProjectReferencesDependsOn = 
                         GetReferenceTargetPlatformMonikers
                       
                   Framework20Dir = @(_TargetFramework20DirectoryItem)
                   Framework30Dir = @(_TargetFramework30DirectoryItem)
                   Framework35Dir = @(_TargetFramework35DirectoryItem)
                   Framework40Dir = @(_TargetFramework40DirectoryItem)
                   FrameworkDir = @(_TargetFramework40DirectoryItem)
                   FrameworkPathOverride = 
                   FrameworkRegistryBase = Software\Microsoft\.NETCoreApp
                   FrameworkSDKDir = @(_TargetFrameworkSDKDirectoryItem)
                   FullReferenceAssemblyNames = Full
                   GenerateAssemblyCompanyAttribute = true
                   GenerateAssemblyConfigurationAttribute = true
                   GenerateAssemblyCopyrightAttribute = true
                   GenerateAssemblyDescriptionAttribute = true
                   GenerateAssemblyFileVersionAttribute = true
                   GenerateAssemblyInfo = true
                   GenerateAssemblyInformationalVersionAttribute = true
                   GenerateAssemblyMetadataAttributes = true
                   GenerateAssemblyProductAttribute = true
                   GenerateAssemblyTitleAttribute = true
                   GenerateAssemblyTrademarkAttribute = true
                   GenerateAssemblyVersionAttribute = true
                   GeneratedAssemblyInfoFile = obj\Debug\net8.0\CelestialMechanics.AppCore.AssemblyInfo.cs
                   GenerateDependencyFile = true
                   GeneratedGlobalUsingsFile = obj\Debug\net8.0\CelestialMechanics.AppCore.GlobalUsings.g.cs
                   GenerateDisableRuntimeMarshallingAttribute = true
                   GenerateDocumentationFile = false
                   GenerateFullPaths = true
                   GenerateInternalsVisibleToAttributes = true
                   GenerateManifestsDependsOn = 
                         SetWin32ManifestProperties;
                         GenerateApplicationManifest;
                         GenerateDeploymentManifest
                       
                   GenerateNeutralResourcesLanguageAttribute = true
                   GenerateNuspecDependsOn = Build;_LoadPackInputItems; _GetTargetFrameworksOutput; _WalkEachTargetPerFramework; _GetPackageFiles; 
                   GeneratePackageOnBuild = false
                   GenerateRepositoryUrlAttribute = true
                   GenerateRequiresPreviewFeaturesAttribute = true
                   GenerateResourceMSBuildArchitecture = CurrentArchitecture
                   GenerateResourceMSBuildRuntime = CurrentRuntime
                   GenerateResourceUsePreserializedResources = true
                   GenerateResourceWarnOnBinaryFormatterUse = true
                   GenerateRuntimeConfigDevFile = false
                   GenerateSatelliteAssembliesForCore = true
                   GenerateSupportedOSPlatformAttribute = true
                   GenerateTargetFrameworkAttribute = true
                   GenerateTargetPlatformAttribute = true
                   GetCopyToOutputDirectoryItemsDependsOn = 
                         AssignTargetPaths;
                         
                         AssignProjectConfiguration;
                         _SplitProjectReferencesByFileExistence
                       ;
                         _GetProjectReferenceTargetFrameworkProperties;
                         _PopulateCommonStateForGetCopyToOutputDirectoryItems
                       
                   GetFrameworkPathsDependsOn = 
                   GetReferenceNearestTargetFrameworkTaskSupportsTargetPlatformParameter = true
                   GetTargetPathDependsOn = 
                   GetTargetPathWithTargetPlatformMonikerDependsOn = 
                   HasRuntimeOutput = 
                   HideWarningsAndErrors = false
                   HighEntropyVA = true
                   ImplicitConfigurationDefine = DEBUG
                   ImplicitFrameworkDefine = NET8_0
                   ImplicitUsings = enable
                   ImportByWildcardAfterMicrosoftCommonProps = true
                   ImportByWildcardAfterMicrosoftCommonTargets = true
                   ImportByWildcardAfterMicrosoftCSharpTargets = true
                   ImportByWildcardBeforeMicrosoftCommonProps = true
                   ImportByWildcardBeforeMicrosoftCommonTargets = true
                   ImportByWildcardBeforeMicrosoftCSharpTargets = true
                   ImportDirectoryBuildProps = true
                   ImportDirectoryBuildTargets = true
                   ImportDirectoryPackagesProps = true
                   ImportFrameworkWinFXTargets = false
                   ImportNuGetBuildTasksPackTargetsFromSdk = true
                   ImportProjectExtensionProps = true
                   ImportProjectExtensionTargets = true
                   ImportUserLocationsByWildcardAfterMicrosoftCommonProps = true
                   ImportUserLocationsByWildcardAfterMicrosoftCommonTargets = true
                   ImportUserLocationsByWildcardAfterMicrosoftCSharpTargets = true
                   ImportUserLocationsByWildcardBeforeMicrosoftCommonProps = true
                   ImportUserLocationsByWildcardBeforeMicrosoftCommonTargets = true
                   ImportUserLocationsByWildcardBeforeMicrosoftCSharpTargets = true
                   IncludeBuildOutput = true
                   IncludeContentInPack = true
                   IncludeFileVersionsInDependencyFile = true
                   IncludeMainProjectInDepsFile = true
                   IncludeProjectsNotInAssetsFileInDepsFile = true
                   IncludeSourceRevisionInInformationalVersion = true
                   IncludeSymbolsInSingleFile = false
                   InnerBuildProperty = TargetFramework
                   InnerBuildPropertyValues = TargetFrameworks
                   IntermediateOutputPath = obj\Debug\net8.0\
                   IsNetCoreAppTargetingLatestTFM = true
                   IsPackable = true
                   IsPublishable = true
                   IsRestoreTargetsFileLoaded = true
                   IsRidAgnostic = true
                   Language = C#
                   LanguageTargets = C:\Program Files\dotnet\sdk\8.0.419\Microsoft.CSharp.targets
                   LangVersion = 12.0
                   MarkPackageReferencesAsExternallyResolved = true
                   MaxSupportedLangVersion = 12.0
                   MaxTargetPath = 100
                   MicrosoftBuildTasksGitAssemblyFile = C:\Program Files\dotnet\sdk\8.0.419\Sdks\Microsoft.Build.Tasks.Git\build\..\tools\core\Microsoft.Build.Tasks.Git.dll
                   MicrosoftCommonPropsHasBeenImported = true
                   MicrosoftNETBuildExtensionsTargets = C:\Program Files\dotnet\sdk\8.0.419\\Microsoft\Microsoft.NET.Build.Extensions\Microsoft.NET.Build.Extensions.targets
                   MicrosoftNETBuildExtensionsTasksAssembly = C:\Program Files\dotnet\sdk\8.0.419\Microsoft\Microsoft.NET.Build.Extensions\\tools\net8.0\Microsoft.NET.Build.Extensions.Tasks.dll
                   MicrosoftNETBuildTasksAssembly = C:\Program Files\dotnet\sdk\8.0.419\Sdks\Microsoft.NET.Sdk\targets\..\tools\net8.0\Microsoft.NET.Build.Tasks.dll
                   MicrosoftNETBuildTasksDirectory = C:\Program Files\dotnet\sdk\8.0.419\Sdks\Microsoft.NET.Sdk\targets\..\tools\net8.0\
                   MicrosoftNETBuildTasksDirectoryRoot = C:\Program Files\dotnet\sdk\8.0.419\Sdks\Microsoft.NET.Sdk\targets\..\tools\
                   MicrosoftNETBuildTasksTFM = net8.0
                   MicrosoftNETCrossgenBuildTasksAssembly = C:\Program Files\dotnet\sdk\8.0.419\Sdks\Microsoft.NET.Sdk\targets\..\tasks\net7.0\Microsoft.NET.Sdk.Crossgen.dll
                   MicrosoftNETFrameworkReferenceAssembliesLatestPackageVersion = 1.0.3
                   MicrosoftNETWindowsWorkloadInstalled = true
                   MinimumVisualStudioVersionForUnsupportedTargetFrameworkVersion = 17.12
                   MsAppxPackageTargets = C:\Program Files\dotnet\sdk\8.0.419\Microsoft\VisualStudio\v17.0\AppxPackage\Microsoft.AppXPackage.Targets
                   MSBuildAllProjects = C:\sharon\projects\celestial-mechanics-desktop\src\CelestialMechanics.AppCore\obj\CelestialMechanics.AppCore.csproj.nuget.g.props;;C:\Program Files\dotnet\sdk\8.0.419\Current\Microsoft.Common.targets\ImportAfter\Microsoft.TestPlatform.ImportAfter.targets
                   MSBuildAssemblyVersion = 17.0
                   MSBuildBinPath = C:\Program Files\dotnet\sdk\8.0.419
                   MSBuildCopyContentTransitively = true
                   MSBuildCopyMarkerName = Celestia.A9E14381.Up2Date
                   MSBuildDisableFeaturesFromVersion = 999.999
                   MSBuildEnableWorkloadResolver = true
                   MSBuildExtensionsPath = C:\Program Files\dotnet\sdk\8.0.419\
                   MSBuildExtensionsPath32 = C:\Program Files\dotnet\sdk\8.0.419
                   MSBuildExtensionsPath64 = C:\Program Files\dotnet\sdk\8.0.419
                   MSBUILDFAILONDRIVEENUMERATINGWILDCARD = 1
                   MSBuildFileVersion = 17.11.48.46605
                   MSBuildLoadMicrosoftTargetsReadOnly = true
                   MSBuildNodeCount = 12
                   MSBuildProgramFiles32 = C:\Program Files (x86)
                   MSBuildProjectDefaultTargets = Build
                   MSBuildProjectDirectory = C:\sharon\projects\celestial-mechanics-desktop\src\CelestialMechanics.AppCore
                   MSBuildProjectDirectoryNoRoot = sharon\projects\celestial-mechanics-desktop\src\CelestialMechanics.AppCore
                   MSBuildProjectExtension = .csproj
                   MSBuildProjectExtensionsPath = C:\sharon\projects\celestial-mechanics-desktop\src\CelestialMechanics.AppCore\obj\
                   MSBuildProjectFile = CelestialMechanics.AppCore.csproj
                   MSBuildProjectFullPath = C:\sharon\projects\celestial-mechanics-desktop\src\CelestialMechanics.AppCore\CelestialMechanics.AppCore.csproj
                   MSBuildProjectName = CelestialMechanics.AppCore
                   MSBuildRuntimeType = Core
                   MSBuildSDKsPath = C:\Program Files\dotnet\sdk\8.0.419\Sdks
                   MSBuildSemanticVersion = 17.11.48+02bf66295
                   MSBuildStartupDirectory = C:\sharon\projects\celestial-mechanics-desktop
                   MSBuildToolsPath = C:\Program Files\dotnet\sdk\8.0.419
                   MSBuildToolsVersion = Current
                   MSBuildUserExtensionsPath = C:\Users\Lenovo\AppData\Local\Microsoft\MSBuild
                   MSBUILDUSESERVER = 0
                   MSBuildUseVisualStudioDirectoryLayout = False
                   MSBuildVersion = 17.11.48
                   MSBuildWarningsAsErrors = ;NU1605
                   MSBuildWarningsAsMessages = 1701;1702
                   MSBuildWarningsNotAsErrors = 
                   MsTestToolsTargets = C:\Program Files\dotnet\sdk\8.0.419\Microsoft\VisualStudio\v17.0\TeamTest\Microsoft.TeamTest.targets
                   NETCoreAppMaximumVersion = 8.0
                   NetCoreRoot = C:\Program Files\dotnet\
                   NETCoreSdkBundledCliToolsProps = C:\Program Files\dotnet\sdk\8.0.419\Sdks\Microsoft.NET.Sdk\targets\..\..\..\Microsoft.NETCoreSdk.BundledCliTools.props
                   NETCoreSdkBundledVersionsProps = C:\Program Files\dotnet\sdk\8.0.419\Sdks\Microsoft.NET.Sdk\targets\..\..\..\Microsoft.NETCoreSdk.BundledVersions.props
                   NETCoreSdkPortableRuntimeIdentifier = win-x64
                   NETCoreSdkRuntimeIdentifier = win-x64
                   NETCoreSdkVersion = 8.0.419
                   NetCoreTargetingPackRoot = C:\Program Files\dotnet\packs
                   NoCompilerStandardLib = true
                   NoStdLib = true
                   NoWarn = 1701;1702
                   NuGetAudit = true
                   NuGetAuditLevel = low
                   NuGetAuditMode = direct
                   NuGetBuildTasksPackTargets = C:\Program Files\dotnet\sdk\8.0.419\Sdks\Microsoft.NET.Sdk\Sdk\..\..\NuGet.Build.Tasks.Pack\build\NuGet.Build.Tasks.Pack.targets
                   NuGetInteractive = 
                   NuGetPackageFolders = C:\Users\Lenovo\.nuget\packages\
                   NuGetPackageRoot = C:\Users\Lenovo\.nuget\packages\
                   NuGetPackTaskAssemblyFile = ..\CoreCLR\NuGet.Build.Tasks.Pack.dll
                   NuGetProjectStyle = PackageReference
                   NuGetPropsFile = C:\Program Files\dotnet\sdk\8.0.419\NuGet.props
                   NuGetRestoreTargets = C:\Program Files\dotnet\sdk\8.0.419\NuGet.targets
                   NuGetTargetMoniker = .NETCoreApp,Version=v8.0
                   NuGetToolVersion = 6.11.1
                   Nullable = enable
                   NuspecOutputPath = obj\Debug\
                   Optimize = false
                   OutDir = bin\Debug\net8.0\
                   OutputPath = bin\Debug\net8.0\
                   OutputType = Library
                   OverwriteReadOnlyFiles = false
                   PackageDescription = Application Core Layer — scene graph, serialization, modes, selection, and snapshots. No UI dependencies.
                   PackageDownloadSupported = true
                   PackagedShimOutputRootDirectory = bin\Debug\net8.0\
                   PackageId = CelestialMechanics.AppCore
                   PackageOutputPath = bin\Debug\
                   PackageRequireLicenseAcceptance = false
                   PackageVersion = 1.0.0
                   PackDependsOn = ; _IntermediatePack; GenerateNuspec; 
                   PackRelease = true
                   Platform = AnyCPU
                   PlatformName = AnyCPU
                   Platforms = AnyCPU
                   PostBuildEventDependsOn = 
                   PreBuildEventDependsOn = 
                   Prefer32Bit = false
                   PrepareForBuildDependsOn = ;GetFrameworkPaths;GetReferenceAssemblyPaths;AssignLinkMetadata
                   PrepareForRunDependsOn = 
                         CopyFilesToOutputDirectory
                       
                   PrepareProjectReferencesDependsOn = 
                         AssignProjectConfiguration;
                         _SplitProjectReferencesByFileExistence;
                         _GetProjectReferenceTargetFrameworkProperties;
                         _GetProjectReferencePlatformProperties
                       
                   PrepareResourceNamesDependsOn = 
                         AssignTargetPaths;
                         SplitResourcesByCulture;
                         CreateManifestResourceNames;
                         CreateCustomManifestResourceNames
                       
                   PrepareResourcesDependsOn = 
                         ResolvePackageDependenciesForBuild;
                         _HandlePackageFileConflicts;
                         
                         ;
                         PrepareResourceNames;
                         ResGen;
                         CompileLicxFiles
                       
                       
                   PreserveCompilationReferences = 
                   ProcessorArchitecture = msil
                   ProcessorArchitectureAsPlatform = AnyCPU
                   ProduceReferenceAssembly = true
                   Product = CelestialMechanics.AppCore
                   ProjectAssetsCacheFile = C:\sharon\projects\celestial-mechanics-desktop\src\CelestialMechanics.AppCore\obj\Debug\net8.0\CelestialMechanics.AppCore.assets.cache
                   ProjectAssetsFile = C:\sharon\projects\celestial-mechanics-desktop\src\CelestialMechanics.AppCore\obj\project.assets.json
                   ProjectDepsFileName = CelestialMechanics.AppCore.deps.json
                   ProjectDepsFilePath = C:\sharon\projects\celestial-mechanics-desktop\src\CelestialMechanics.AppCore\bin\Debug\net8.0\CelestialMechanics.AppCore.deps.json
                   ProjectDesignTimeAssemblyResolutionSearchPaths = 
                         {CandidateAssemblyFiles};
                         ;
                         {HintPathFromItem};
                         {TargetFrameworkDirectory};
                         {Registry:Software\Microsoft\.NETCoreApp,v8.0,AssemblyFoldersEx};
                         {RawFileName};
                         C:\sharon\projects\celestial-mechanics-desktop\src\CelestialMechanics.AppCore\bin\Debug\net8.0\
                       
                   ProjectDir = C:\sharon\projects\celestial-mechanics-desktop\src\CelestialMechanics.AppCore\
                   ProjectExt = .csproj
                   ProjectFileName = CelestialMechanics.AppCore.csproj
                   ProjectFlavor = Client
                   ProjectName = CelestialMechanics.AppCore
                   ProjectPath = C:\sharon\projects\celestial-mechanics-desktop\src\CelestialMechanics.AppCore\CelestialMechanics.AppCore.csproj
                   ProjectRuntimeConfigFileName = CelestialMechanics.AppCore.runtimeconfig.json
                   ProjectRuntimeConfigFilePath = C:\sharon\projects\celestial-mechanics-desktop\src\CelestialMechanics.AppCore\bin\Debug\net8.0\CelestialMechanics.AppCore.runtimeconfig.json
                   PublishableProject = 
                   PublishBuildDependsOn = 
                         BuildOnlySettings;
                         PrepareForBuild;
                         ResolveReferences;
                         PrepareResources;
                         ResolveKeySource;
                         GenerateSerializationAssemblies;
                         CreateSatelliteAssemblies;
                       
                   PublishContainerDependsOn = 
                         _ContainerVerifySDKVersion;
                         ComputeContainerConfig;
                         _CheckContainersPackage
                       
                   PublishDependsOn = 
                         _DeploymentUnpublishable
                       
                   PublishDir = bin\Debug\net8.0\publish\
                   PublishDirName = publish
                   PublishDocumentationFile = true
                   PublishDocumentationFiles = true
                   PublishItemsOutputGroupDependsOn = 
                         ;
                         ResolveReferences;
                         ComputeResolvedFilesToPublishList;
                         _ComputeFilesToBundle;
                       
                   PublishOnlyDependsOn = 
                         SetGenerateManifests;
                         PublishBuild;
                         BeforePublish;
                         GenerateManifests;
                         CopyFilesToOutputDirectory;
                         _CopyFilesToPublishFolder;
                         _DeploymentGenerateBootstrapper;
                         ResolveKeySource;
                         _DeploymentSignClickOnceDeployment;
                         AfterPublish
                       
                   PublishProfileImported = false
                   PublishReadyToRunComposite = false
                   PublishReadyToRunPerfmapFormatVersion = 1
                   PublishReadyToRunUseCrossgen2 = true
                   PublishReadyToRunUseRuntimePackOptimizationData = true
                   PublishReferencesDocumentationFiles = true
                   PublishRelease = true
                   RebuildDependsOn = 
                         _SdkBeforeRebuild;
                         
                         BeforeRebuild;
                         Clean;
                         Build;
                         AfterRebuild;
                       
                       
                   RefAssembliesFolderName = refs
                   ReferenceCopyLocalPathsOutputGroupDependsOn = 
                         ;
                         
                         ;
                         BuildOnlySettings;
                         PrepareForBuild;
                         AssignTargetPaths;
                         ResolveReferences
                       
                       
                   ReportingServicesTargets = C:\Program Files\dotnet\sdk\8.0.419\\Microsoft\VisualStudio\v17.0\ReportingServices\Microsoft.ReportingServices.targets
                   ResGenDependsOn = ResolveAssemblyReferences;SplitResourcesByCulture;BeforeResGen;CoreResGen;AfterResGen
                   ResGenExecuteAsTool = false
                   ResolveAssemblyReferenceOutputUnresolvedAssemblyConflicts = true
                   ResolveAssemblyReferencesDependsOn = 
                         
                         
                         ResolveProjectReferences;
                         FindInvalidProjectReferences;
                         GetFrameworkPaths;
                         GetReferenceAssemblyPaths;
                         PrepareForBuild;
                         ResolveSDKReferences;
                         ExpandSDKReferences;
                       ;
                         ResolvePackageDependenciesForBuild;
                         _HandlePackageFileConflicts;
                       ;
                         ResolveTargetingPackAssets;
                       
                   ResolveNuGetPackages = false
                   ResolvePackageDependenciesForBuildDependsOn = 
                         ResolveLockFileReferences;
                         ResolveLockFileAnalyzers;
                         ResolveLockFileCopyLocalFiles;
                         ResolveRuntimePackAssets;
                         RunProduceContentAssets;
                         IncludeTransitiveProjectReferences
                       
                   ResolveReferencesDependsOn = 
                         BeforeResolveReferences;
                         AssignProjectConfiguration;
                         ResolveProjectReferences;
                         FindInvalidProjectReferences;
                         ResolveNativeReferences;
                         ResolveAssemblyReferences;
                         GenerateBindingRedirects;
                         GenerateBindingRedirectsUpdateAppConfig;
                         ResolveComReferences;
                         AfterResolveReferences
                       
                   ResolveSDKReferencesDependsOn = 
                         GetInstalledSDKLocations
                       
                   RestoreBuildInParallel = true
                   RestoreContinueOnError = WarnAndContinue
                   RestoreOutputPath = C:\sharon\projects\celestial-mechanics-desktop\src\CelestialMechanics.AppCore\obj\
                   RestorePackages = false
                   RestoreProjectStyle = PackageReference
                   RestoreRecursive = true
                   RestoreSuccess = True
                   RestoreTaskAssemblyFile = NuGet.Build.Tasks.dll
                   RestoreTool = NuGet
                   RestoreUseSkipNonexistentTargets = true
                   RootNamespace = CelestialMechanics.AppCore
                   RoslynTargetsPath = C:\Program Files\dotnet\sdk\8.0.419\Roslyn
                   RunDependsOn = 
                   RunPackageValidationDependsOn = CollectApiCompatInputs;_GetReferencePathFromInnerProjects;
                   RuntimeIdentifierGraphPath = C:\Program Files\dotnet\sdk\8.0.419/PortableRuntimeIdentifierGraph.json
                   RunWorkingDirectory = 
                   SatelliteDllsProjectOutputGroupDependenciesDependsOn = 
                         ;
                         
                         ;
                         BuildOnlySettings;
                         PrepareForBuild;
                         AssignTargetPaths;
                         ResolveReferences
                       
                       
                   SatelliteDllsProjectOutputGroupDependsOn = ;PrepareForBuild;PrepareResourceNames
                   SDKContainerSupportEnabled = true
                   SDKRedistOutputGroupDependsOn = ResolveSDKReferences;ExpandSDKReferences
                   SDKReferenceDirectoryRoot = C:\Users\Lenovo\AppData\Local\Microsoft SDKs;C:\Program Files (x86)\Microsoft SDKs
                   SDKReferenceRegistryRoot = Software\Microsoft\Microsoft SDKs
                   SGenFilesOutputGroupDependenciesDependsOn = 
                         ;
                         
                         ;
                         BuildOnlySettings;
                         PrepareForBuild;
                         AssignTargetPaths;
                         ResolveReferences
                       
                       
                   SGenFilesOutputGroupDependsOn = 
                   SGenShouldGenerateSerializer = true
                   SGenUseKeep = false
                   SGenUseProxyTypes = true
                   ShouldMarkCertainSDKReferencesAsRuntimeOnly = true
                   SignAssembly = false
                   SkipCopyUnchangedFiles = true
                   SkipImportNuGetBuildTargets = true
                   SkipImportNuGetProps = true
                   SolutionDir = *Undefined*
                   SolutionExt = *Undefined*
                   SolutionFileName = *Undefined*
                   SolutionName = *Undefined*
                   SolutionPath = *Undefined*
                   SourceControlInformationFeatureSupported = true
                   SourceControlManagerUrlTranslationTargets = ;TranslateGitHubUrlsInSourceControlInformation;TranslateGitLabUrlsInSourceControlInformation;TranslateAzureReposGitUrlsInSourceControlInformation;TranslateBitbucketGitUrlsInSourceControlInformation
                   SourceFilesProjectOutputGroupDependsOn = PrepareForBuild;AssignTargetPaths
                   SourceLinkUrlInitializerTargets = ;_InitializeGitHubSourceLinkUrl;_InitializeGitLabSourceLinkUrl;_InitializeAzureReposGitSourceLinkUrl;_InitializeBitbucketGitSourceLinkUrl
                   SourceRootMappedPathsFeatureSupported = true
                   SupportedOSPlatformVersion = 
                   SupportsRoslynComponentVersioning = true
                   SuppressDependenciesWhenPacking = false
                   SymbolPackageFormat = symbols.nupkg
                   TargetCulture = *
                   TargetDeployManifestFileName = CelestialMechanics.AppCore.application
                   TargetDir = C:\sharon\projects\celestial-mechanics-desktop\src\CelestialMechanics.AppCore\bin\Debug\net8.0\
                   TargetedFrameworkDir = @(_TargetedFrameworkDirectoryItem)
                   TargetedSDKArchitecture = msil
                   TargetedSDKConfiguration = Debug
                   TargetExt = .dll
                   TargetFileName = CelestialMechanics.AppCore.dll
                   TargetFramework = net8.0
                   TargetFrameworkDirectory = 
                   TargetFrameworkIdentifier = .NETCoreApp
                   TargetFrameworkMoniker = .NETCoreApp,Version=v8.0
                   TargetFrameworkMonikerAssemblyAttributesPath = obj\Debug\net8.0\.NETCoreApp,Version=v8.0.AssemblyAttributes.cs
                   TargetFrameworkMonikerDisplayName = .NET 8.0
                   TargetFrameworkSDKToolsDirectory = 
                   TargetFrameworkVersion = v8.0
                   TargetLatestRuntimePatch = false
                   TargetName = CelestialMechanics.AppCore
                   TargetPath = C:\sharon\projects\celestial-mechanics-desktop\src\CelestialMechanics.AppCore\bin\Debug\net8.0\CelestialMechanics.AppCore.dll
                   TargetPlatformDisplayName =  
                   TargetPlatformIdentifier = 
                   TargetPlatformRegistryBase = Software\Microsoft\Microsoft SDKs\
                   TargetPlatformSdkPath = 
                   TargetPlatformVersion = 
                   TargetRefPath = C:\sharon\projects\celestial-mechanics-desktop\src\CelestialMechanics.AppCore\obj\Debug\net8.0\ref\CelestialMechanics.AppCore.dll
                   TargetRuntime = Managed
                   TargetsCurrent = true
                   TargetsForTfmSpecificContentInPackage = ;PackTool;_PackProjectToolValidation
                   TargetsNet8 = true
                   ToolCommandName = CelestialMechanics.AppCore
                   ToolDepsJsonGeneratorProject = C:\Program Files\dotnet\sdk\8.0.419\Sdks\Microsoft.NET.Sdk\targets\GenerateDeps\GenerateDeps.proj
                   ToolEntryPoint = CelestialMechanics.AppCore.dll
                   TreatWarningsAsErrors = false
                   UnmanagedRegistrationDependsOn = 
                   UnmanagedUnregistrationDependsOn = 
                   UnsupportedTargetFrameworkVersion = 9.0
                   UseCommonOutputDirectory = false
                   UseDefaultPlatformLookupTables = true
                   UseHostCompilerIfAvailable = true
                   UseMSBuildTestInfrastructure = false
                   UseOSWinMdReferences = false
                   UseRidGraph = false
                   UserProfileRuntimeStorePath = C:\Users\Lenovo\.dotnet\store
                   UserRuntimeConfig = C:\sharon\projects\celestial-mechanics-desktop\src\CelestialMechanics.AppCore/runtimeconfig.template.json
                   UseSourcePath = true
                   UsingMicrosoftNETSdk = true
                   UsingNETSdkDefaults = true
                   Utf8Output = true
                   ValidateRuntimeIdentifierCompatibility = false
                   VerifyMatchingImplicitPackageVersion = true
                   Version = 1.0.0
                   VersionlessImplicitFrameworkDefine = NET
                   VersionPrefix = 1.0.0
                   VisualStudioVersion = 17.0
                   VSTestConsolePath = C:\Program Files\dotnet\sdk\8.0.419\vstest.console.dll
                   VSTestNoBuild = False
                   VSTestTargets = C:\Program Files\dotnet\sdk\8.0.419\\Microsoft.TestPlatform.targets
                   VSTestTaskAssemblyFile = Microsoft.TestPlatform.Build.dll
                   VsTestUseMSBuildOutput = False
                   WarningLevel = 8
                   WarningsAsErrors = ;NU1605;SYSLIB0011
                   WarnOnPackingNonPackableProject = false
                   WebReference_EnableLegacyEventingModel = false
                   WebReference_EnableProperties = true
                   WebReference_EnableSQLTypes = true
                   WMSJSProject = WJProject
                   WMSJSProjectDirectory = JavaScript
                   YieldDuringToolExecution = true

13:12:35.129     0>Initial Items:
                   _AdditionalTargetFrameworkInfoPropertyWithValue
                       _IsExecutable
                           Value = 
                       _SelfContainedWasSpecified
                           Value = 
                       IsRidAgnostic
                           Value = true
                       SelfContained
                           Value = 
                       ShouldBeValidatedAsExecutableReference
                           Value = 
                   _AllDirectoriesAbove
                       C:\
                       C:\sharon
                       C:\sharon\projects
                       C:\sharon\projects\celestial-mechanics-desktop
                       C:\sharon\projects\celestial-mechanics-desktop\src
                       C:\sharon\projects\celestial-mechanics-desktop\src\CelestialMechanics.AppCore
                       C:\sharon\projects\celestial-mechanics-desktop\src\CelestialMechanics.AppCore\Modes
                       C:\sharon\projects\celestial-mechanics-desktop\src\CelestialMechanics.AppCore\Scene
                       C:\sharon\projects\celestial-mechanics-desktop\src\CelestialMechanics.AppCore\Serialization
                       C:\sharon\projects\celestial-mechanics-desktop\src\CelestialMechanics.AppCore\Serialization\DTO
                       C:\sharon\projects\celestial-mechanics-desktop\src\CelestialMechanics.AppCore\Snapshot
                       C:\sharon\projects\celestial-mechanics-desktop\src\CelestialMechanics.AppCore\Validation
                   _ApplicationManifestFinal
                       bin\Debug\net8.0\Native.CelestialMechanics.AppCore.manifest
                           TargetPath = Native.CelestialMechanics.AppCore.manifest
                   _DebugSymbolsIntermediatePath
                       obj\Debug\net8.0\CelestialMechanics.AppCore.pdb
                   _DebugSymbolsOutputPath
                       bin\Debug\net8.0\CelestialMechanics.AppCore.pdb
                   _DeploymentManifestEntryPoint
                       obj\Debug\net8.0\CelestialMechanics.AppCore.dll
                           TargetPath = CelestialMechanics.AppCore.dll
                   _EolNetCoreTargetFrameworkVersions
                       1.0
                       1.1
                       2.0
                       2.1
                       2.2
                       3.0
                       3.1
                       5.0
                       6.0
                       7.0
                   _ExcludedKnownRuntimeIdentiferPlatforms
                       rhel.6
                       rhel.6
                       rhel.6
                       rhel.6
                       rhel.6
                       rhel.6
                       rhel.6
                       rhel.6
                       rhel.6
                       rhel.6
                       rhel.6
                       rhel.6
                       rhel.6
                       rhel.6
                       rhel.6
                       rhel.6
                       rhel.6
                       rhel.6
                       tizen.4.0.0
                       tizen.4.0.0
                       tizen.4.0.0
                       tizen.4.0.0
                       tizen.4.0.0
                       tizen.4.0.0
                       tizen.4.0.0
                       tizen.4.0.0
                       tizen.4.0.0
                       tizen.4.0.0
                       tizen.4.0.0
                       tizen.4.0.0
                       tizen.4.0.0
                       tizen.4.0.0
                       tizen.4.0.0
                       tizen.4.0.0
                       tizen.4.0.0
                       tizen.4.0.0
                       tizen.5.0.0
                       tizen.5.0.0
                       tizen.5.0.0
                       tizen.5.0.0
                       tizen.5.0.0
                       tizen.5.0.0
                       tizen.5.0.0
                       tizen.5.0.0
                       tizen.5.0.0
                       tizen.5.0.0
                       tizen.5.0.0
                       tizen.5.0.0
                       tizen.5.0.0
                       tizen.5.0.0
                       tizen.5.0.0
                       tizen.5.0.0
                       tizen.5.0.0
                       tizen.5.0.0
                   _KnownRuntimeIdentiferPlatforms
                       any
                       any
                       any
                       any
                       any
                       any
                       any
                       any
                       any
                       any
                       any
                       any
                       any
                       any
                       any
                       any
                       any
                       any
                       aot
                       aot
                       aot
                       aot
                       aot
                       aot
                       aot
                       aot
                       aot
                       aot
                       aot
                       aot
                       aot
                       aot
                       aot
                       aot
                       aot
                       aot
                       freebsd
                       freebsd
                       freebsd
                       freebsd
                       freebsd
                       freebsd
                       freebsd
                       freebsd
                       freebsd
                       freebsd
                       freebsd
                       freebsd
                       freebsd
                       freebsd
                       freebsd
                       freebsd
                       freebsd
                       freebsd
                       illumos
                       illumos
                       illumos
                       illumos
                       illumos
                       illumos
                       illumos
                       illumos
                       illumos
                       illumos
                       illumos
                       illumos
                       illumos
                       illumos
                       illumos
                       illumos
                       illumos
                       illumos
                       solaris
                       solaris
                       solaris
                       solaris
                       solaris
                       solaris
                       solaris
                       solaris
                       solaris
                       solaris
                       solaris
                       solaris
                       solaris
                       solaris
                       solaris
                       solaris
                       solaris
                       solaris
                       unix
                       unix
                       unix
                       unix
                       unix
                       unix
                       unix
                       unix
                       unix
                       unix
                       unix
                       unix
                       unix
                       unix
                       unix
                       unix
                       unix
                       unix
                   _OutputPathItem
                       bin\Debug\net8.0\
                   _ResolveComReferenceCache
                       obj\Debug\net8.0\CelestialMechanics.AppCore.csproj.ResolveComReference.cache
                   _TargetFrameworkInfo
                       net8.0
                           TargetPlatformMonikers = None
                           AdditionalPropertiesFromProject = <TargetFramework Name="net8.0">
                     <SelfContained></SelfContained>
                     <_IsExecutable></_IsExecutable>
                     <IsRidAgnostic>true</IsRidAgnostic>
                     <ShouldBeValidatedAsExecutableReference></ShouldBeValidatedAsExecutableReference>
                     <_SelfContainedWasSpecified></_SelfContainedWasSpecified>
                   </TargetFramework>
                           TargetFrameworkMonikers = .NETCoreApp,Version=v8.0
                           TargetFrameworks = net8.0
                           IsRidAgnostic = true
                   _ThisProjectBuildMetadata
                       C:\sharon\projects\celestial-mechanics-desktop\src\CelestialMechanics.AppCore\CelestialMechanics.AppCore.csproj
                           HasSingleTargetFramework = true
                           TargetPlatformMonikers = None
                           Platform = AnyCPU
                           AdditionalPropertiesFromProject = <AdditionalProjectProperties>
                     <TargetFramework Name="net8.0">
                       <SelfContained></SelfContained>
                       <_IsExecutable></_IsExecutable>
                       <IsRidAgnostic>true</IsRidAgnostic>
                       <ShouldBeValidatedAsExecutableReference></ShouldBeValidatedAsExecutableReference>
                       <_SelfContainedWasSpecified></_SelfContainedWasSpecified>
                     </TargetFramework>
                   </AdditionalProjectProperties>
                           TargetFrameworkMonikers = .NETCoreApp,Version=v8.0
                           TargetFrameworks = net8.0
                           IsRidAgnostic = true
                           Platforms = AnyCPU
                   _UnmanagedRegistrationCache
                       obj\CelestialMechanics.AppCore.csproj.UnmanagedRegistration.cache
                   AdditionalTargetFrameworkInfoProperty
                       _IsExecutable
                       _SelfContainedWasSpecified
                       IsRidAgnostic
                       SelfContained
                       ShouldBeValidatedAsExecutableReference
                   Analyzer
                       C:\Program Files\dotnet\sdk\8.0.419\Sdks\Microsoft.NET.Sdk\targets\..\analyzers\Microsoft.CodeAnalysis.CSharp.NetAnalyzers.dll
                           IsImplicitlyDefined = true
                       C:\Program Files\dotnet\sdk\8.0.419\Sdks\Microsoft.NET.Sdk\targets\..\analyzers\Microsoft.CodeAnalysis.NetAnalyzers.dll
                           IsImplicitlyDefined = true
                   AppConfigFileDestination
                       bin\Debug\net8.0\CelestialMechanics.AppCore.dll.config
                   ApplicationManifest
                       obj\Debug\net8.0\Native.CelestialMechanics.AppCore.manifest
                           TargetPath = Native.CelestialMechanics.AppCore.manifest
                   BuiltProjectOutputGroupKeyOutput
                       C:\sharon\projects\celestial-mechanics-desktop\src\CelestialMechanics.AppCore\obj\Debug\net8.0\CelestialMechanics.AppCore.dll
                           IsKeyOutput = true
                           FinalOutputPath = C:\sharon\projects\celestial-mechanics-desktop\src\CelestialMechanics.AppCore\bin\Debug\net8.0\CelestialMechanics.AppCore.dll
                           TargetPath = CelestialMechanics.AppCore.dll
                   ClsidMap
                       obj\Debug\net8.0\CelestialMechanics.AppCore.clsidmap
                   Compile
                       Modes\IAppMode.cs
                       Modes\ModeManager.cs
                       Modes\ObservationMode.cs
                       Modes\SimulationMode.cs
                       Scene\DefaultSimulationScenario.cs
                       Scene\Scene.cs
                       Scene\SceneGraph.cs
                       Scene\SceneNode.cs
                       Scene\SelectionManager.cs
                       Serialization\DTO\ComponentDTO.cs
                       Serialization\DTO\EntityDTO.cs
                       Serialization\DTO\PhysicsConfigDTO.cs
                       Serialization\DTO\ProjectDTO.cs
                       Serialization\DTO\SceneDTO.cs
                       Serialization\DTO\SimulationStateDTO.cs
                       Serialization\ProjectDeserializer.cs
                       Serialization\ProjectSerializer.cs
                       Snapshot\SimulationSnapshot.cs
                       Snapshot\SnapshotManager.cs
                       Validation\DeterminismValidator.cs
                   CompilerVisibleProperty
                       _SupportedPlatformList
                       EnableComHosting
                       EnableGeneratedComInterfaceComImportInterop
                       EnforceExtendedAnalyzerRules
                       InvariantGlobalization
                       PlatformNeutralAssembly
                       ProjectDir
                       ProjectTypeGuids
                       RootNamespace
                       TargetFramework
                       TargetPlatformMinVersion
                       UsingMicrosoftNETSdkWeb
                   CopyUpToDateMarker
                       C:\sharon\projects\celestial-mechanics-desktop\src\CelestialMechanics.AppCore\obj\Debug\net8.0\Celestia.A9E14381.Up2Date
                   CreateDirectory
                       C:\sharon\projects\celestial-mechanics-desktop\src\CelestialMechanics.AppCore\obj\Debug\net8.0\refint\
                       obj\Debug\net8.0\ref
                   DebugSymbolsProjectOutputGroupOutput
                       C:\sharon\projects\celestial-mechanics-desktop\src\CelestialMechanics.AppCore\obj\Debug\net8.0\CelestialMechanics.AppCore.pdb
                           FinalOutputPath = C:\sharon\projects\celestial-mechanics-desktop\src\CelestialMechanics.AppCore\bin\Debug\net8.0\CelestialMechanics.AppCore.pdb
                           TargetPath = CelestialMechanics.AppCore.pdb
                   DeployManifest
                       obj\Debug\net8.0\CelestialMechanics.AppCore.application
                           TargetPath = CelestialMechanics.AppCore.application
                   EmbedInBinlog
                       C:\sharon\projects\celestial-mechanics-desktop\src\CelestialMechanics.AppCore\obj\project.assets.json
                   FrameworkReference
                       Microsoft.NETCore.App
                           IsImplicitlyDefined = true
                           PrivateAssets = All
                           Pack = false
                   GenerateRuntimeConfigurationFilesInputs
                       C:\sharon\projects\celestial-mechanics-desktop\src\CelestialMechanics.AppCore\obj\Debug\net8.0\CelestialMechanics.AppCore.assets.cache
                       C:\sharon\projects\celestial-mechanics-desktop\src\CelestialMechanics.AppCore\obj\project.assets.json
                   GlobalAnalyzerConfigFiles
                       C:\.globalconfig
                       C:\sharon\.globalconfig
                       C:\sharon\projects\.globalconfig
                       C:\sharon\projects\celestial-mechanics-desktop\.globalconfig
                       C:\sharon\projects\celestial-mechanics-desktop\src\.globalconfig
                       C:\sharon\projects\celestial-mechanics-desktop\src\CelestialMechanics.AppCore\.globalconfig
                       C:\sharon\projects\celestial-mechanics-desktop\src\CelestialMechanics.AppCore\Modes\.globalconfig
                       C:\sharon\projects\celestial-mechanics-desktop\src\CelestialMechanics.AppCore\Scene\.globalconfig
                       C:\sharon\projects\celestial-mechanics-desktop\src\CelestialMechanics.AppCore\Serialization\.globalconfig
                       C:\sharon\projects\celestial-mechanics-desktop\src\CelestialMechanics.AppCore\Serialization\DTO\.globalconfig
                       C:\sharon\projects\celestial-mechanics-desktop\src\CelestialMechanics.AppCore\Snapshot\.globalconfig
                       C:\sharon\projects\celestial-mechanics-desktop\src\CelestialMechanics.AppCore\Validation\.globalconfig
                   ImplicitPackageReferenceVersion
                       Microsoft.AspNetCore.All
                           LatestVersion = 2.1.30
                           DefaultVersion = 2.1.1
                           TargetFrameworkVersion = 2.1
                       Microsoft.AspNetCore.All
                           LatestVersion = 2.2.8
                           DefaultVersion = 2.2.0
                           TargetFrameworkVersion = 2.2
                       Microsoft.AspNetCore.App
                           LatestVersion = 2.1.30
                           DefaultVersion = 2.1.1
                           TargetFrameworkVersion = 2.1
                       Microsoft.AspNetCore.App
                           LatestVersion = 2.2.8
                           DefaultVersion = 2.2.0
                           TargetFrameworkVersion = 2.2
                       Microsoft.NETCore.App
                           LatestVersion = 1.0.16
                           DefaultVersion = 1.0.5
                           TargetFrameworkVersion = 1.0
                       Microsoft.NETCore.App
                           LatestVersion = 1.1.13
                           DefaultVersion = 1.1.2
                           TargetFrameworkVersion = 1.1
                       Microsoft.NETCore.App
                           LatestVersion = 2.0.9
                           DefaultVersion = 2.0.0
                           TargetFrameworkVersion = 2.0
                       Microsoft.NETCore.App
                           LatestVersion = 2.1.30
                           DefaultVersion = 2.1.0
                           TargetFrameworkVersion = 2.1
                       Microsoft.NETCore.App
                           LatestVersion = 2.2.8
                           DefaultVersion = 2.2.0
                           TargetFrameworkVersion = 2.2
                   IntermediateAssembly
                       obj\Debug\net8.0\CelestialMechanics.AppCore.dll
                   IntermediateRefAssembly
                       obj\Debug\net8.0\refint\CelestialMechanics.AppCore.dll
                   KnownAppHostPack
                       Microsoft.NETCore.App
                           ExcludedRuntimeIdentifiers = android
                           AppHostRuntimeIdentifiers = linux-arm;linux-arm64;linux-musl-arm64;linux-musl-x64;linux-x64;osx-x64;rhel.6-x64;tizen.4.0.0-armel;tizen.5.0.0-armel;win-arm64;win-x64;win-x86;linux-musl-arm;osx-arm64;linux-s390x;linux-bionic-arm;linux-bionic-arm64;linux-bionic-x64;linux-bionic-x86;linux-ppc64le
                           TargetFramework = net8.0
                           AppHostPackNamePattern = Microsoft.NETCore.App.Host.**RID**
                           AppHostPackVersion = 8.0.25
                       Microsoft.NETCore.App
                           ExcludedRuntimeIdentifiers = android
                           AppHostRuntimeIdentifiers = linux-arm;linux-arm64;linux-musl-arm64;linux-musl-x64;linux-x64;osx-x64;rhel.6-x64;tizen.4.0.0-armel;tizen.5.0.0-armel;win-arm;win-arm64;win-x64;win-x86;linux-musl-arm;osx-arm64;linux-s390x;linux-bionic-arm;linux-bionic-arm64;linux-bionic-x64;linux-bionic-x86;linux-ppc64le
                           TargetFramework = net7.0
                           AppHostPackNamePattern = Microsoft.NETCore.App.Host.**RID**
                           AppHostPackVersion = 7.0.20
                       Microsoft.NETCore.App
                           ExcludedRuntimeIdentifiers = android
                           AppHostRuntimeIdentifiers = linux-arm;linux-arm64;linux-musl-arm64;linux-musl-x64;linux-x64;osx-x64;rhel.6-x64;tizen.4.0.0-armel;tizen.5.0.0-armel;win-arm;win-arm64;win-x64;win-x86;linux-musl-arm;osx-arm64;linux-s390x
                           TargetFramework = net6.0
                           AppHostPackNamePattern = Microsoft.NETCore.App.Host.**RID**
                           AppHostPackVersion = 6.0.36
                       Microsoft.NETCore.App
                           AppHostRuntimeIdentifiers = linux-arm;linux-arm64;linux-musl-arm64;linux-musl-x64;linux-x64;osx-x64;rhel.6-x64;tizen.4.0.0-armel;tizen.5.0.0-armel;win-arm;win-arm64;win-x64;win-x86;linux-musl-arm
                           TargetFramework = net5.0
                           AppHostPackNamePattern = Microsoft.NETCore.App.Host.**RID**
                           AppHostPackVersion = 5.0.17
                       Microsoft.NETCore.App
                           AppHostRuntimeIdentifiers = linux-arm;linux-arm64;linux-musl-arm64;linux-musl-x64;linux-x64;osx-x64;rhel.6-x64;tizen.4.0.0-armel;tizen.5.0.0-armel;win-arm;win-arm64;win-x64;win-x86
                           TargetFramework = netcoreapp3.1
                           AppHostPackNamePattern = Microsoft.NETCore.App.Host.**RID**
                           AppHostPackVersion = 3.1.32
                       Microsoft.NETCore.App
                           AppHostRuntimeIdentifiers = linux-arm;linux-arm64;linux-musl-arm64;linux-musl-x64;linux-x64;osx-x64;rhel.6-x64;tizen.4.0.0-armel;tizen.5.0.0-armel;win-arm;win-arm64;win-x64;win-x86
                           TargetFramework = netcoreapp3.0
                           AppHostPackNamePattern = Microsoft.NETCore.App.Host.**RID**
                           AppHostPackVersion = 3.0.3
                   KnownCrossgen2Pack
                       Microsoft.NETCore.App.Crossgen2
                           Crossgen2RuntimeIdentifiers = linux-musl-x64;linux-x64;win-x64;linux-arm;linux-arm64;linux-musl-arm;linux-musl-arm64;osx-arm64;osx-x64;win-arm64;win-x86
                           TargetFramework = net8.0
                           Crossgen2PackNamePattern = Microsoft.NETCore.App.Crossgen2.**RID**
                           Crossgen2PackVersion = 8.0.25
                       Microsoft.NETCore.App.Crossgen2
                           Crossgen2RuntimeIdentifiers = linux-musl-x64;linux-x64;win-x64;linux-arm;linux-arm64;linux-musl-arm;linux-musl-arm64;osx-arm64;osx-x64;win-arm;win-arm64;win-x86
                           TargetFramework = net7.0
                           Crossgen2PackNamePattern = Microsoft.NETCore.App.Crossgen2.**RID**
                           Crossgen2PackVersion = 7.0.20
                       Microsoft.NETCore.App.Crossgen2
                           Crossgen2RuntimeIdentifiers = linux-musl-x64;linux-x64;win-x64;linux-arm;linux-arm64;linux-musl-arm;linux-musl-arm64;osx-arm64;osx-x64;win-arm;win-arm64;win-x86
                           TargetFramework = net6.0
                           Crossgen2PackNamePattern = Microsoft.NETCore.App.Crossgen2.**RID**
                           Crossgen2PackVersion = 6.0.36
                       Microsoft.NETCore.App.Crossgen2
                           Crossgen2RuntimeIdentifiers = linux-musl-x64;linux-x64;win-x64
                           TargetFramework = net5.0
                           Crossgen2PackNamePattern = Microsoft.NETCore.App.Crossgen2.**RID**
                           Crossgen2PackVersion = 5.0.17
                   KnownFrameworkReference
                       Microsoft.AspNetCore.App
                           TargetFramework = netcoreapp3.0
                           DefaultRuntimeFrameworkVersion = 3.0.0
                           TargetingPackName = Microsoft.AspNetCore.App.Ref
                           LatestRuntimeFrameworkVersion = 3.0.3
                           RuntimePackRuntimeIdentifiers = win-x64;win-x86;win-arm;osx-x64;linux-musl-x64;linux-musl-arm64;linux-x64;linux-arm;linux-arm64
                           RuntimePackNamePatterns = Microsoft.AspNetCore.App.Runtime.**RID**
                           TargetingPackVersion = 3.0.1
                           RuntimeFrameworkName = Microsoft.AspNetCore.App
                       Microsoft.AspNetCore.App
                           TargetFramework = netcoreapp3.1
                           DefaultRuntimeFrameworkVersion = 3.1.0
                           TargetingPackName = Microsoft.AspNetCore.App.Ref
                           LatestRuntimeFrameworkVersion = 3.1.32
                           RuntimePackRuntimeIdentifiers = win-x64;win-x86;win-arm;osx-x64;linux-musl-x64;linux-musl-arm64;linux-x64;linux-arm;linux-arm64
                           RuntimePackNamePatterns = Microsoft.AspNetCore.App.Runtime.**RID**
                           TargetingPackVersion = 3.1.10
                           RuntimeFrameworkName = Microsoft.AspNetCore.App
                       Microsoft.AspNetCore.App
                           TargetFramework = net7.0
                           DefaultRuntimeFrameworkVersion = 7.0.0
                           TargetingPackName = Microsoft.AspNetCore.App.Ref
                           LatestRuntimeFrameworkVersion = 7.0.20
                           RuntimePackExcludedRuntimeIdentifiers = android
                           RuntimePackRuntimeIdentifiers = win-x64;win-x86;win-arm;osx-x64;linux-musl-x64;linux-musl-arm64;linux-x64;linux-arm;linux-arm64;linux-musl-arm;win-arm64;osx-arm64;linux-s390x;linux-ppc64le
                           RuntimePackNamePatterns = Microsoft.AspNetCore.App.Runtime.**RID**
                           TargetingPackVersion = 7.0.20
                           RuntimeFrameworkName = Microsoft.AspNetCore.App
                       Microsoft.AspNetCore.App
                           TargetFramework = net8.0
                           DefaultRuntimeFrameworkVersion = 8.0.0
                           TargetingPackName = Microsoft.AspNetCore.App.Ref
                           LatestRuntimeFrameworkVersion = 8.0.25
                           RuntimePackExcludedRuntimeIdentifiers = android;linux-bionic
                           RuntimePackRuntimeIdentifiers = win-x64;win-x86;win-arm;osx-x64;linux-musl-x64;linux-musl-arm64;linux-x64;linux-arm;linux-arm64;linux-musl-arm;win-arm64;osx-arm64;linux-s390x;linux-ppc64le
                           RuntimePackNamePatterns = Microsoft.AspNetCore.App.Runtime.**RID**
                           TargetingPackVersion = 8.0.25
                           RuntimeFrameworkName = Microsoft.AspNetCore.App
                       Microsoft.AspNetCore.App
                           TargetFramework = net5.0
                           DefaultRuntimeFrameworkVersion = 5.0.0
                           TargetingPackName = Microsoft.AspNetCore.App.Ref
                           LatestRuntimeFrameworkVersion = 5.0.17
                           RuntimePackRuntimeIdentifiers = win-x64;win-x86;win-arm;osx-x64;linux-musl-x64;linux-musl-arm64;linux-x64;linux-arm;linux-arm64;linux-musl-arm;win-arm64
                           RuntimePackNamePatterns = Microsoft.AspNetCore.App.Runtime.**RID**
                           TargetingPackVersion = 5.0.0
                           RuntimeFrameworkName = Microsoft.AspNetCore.App
                       Microsoft.AspNetCore.App
                           TargetFramework = net6.0
                           DefaultRuntimeFrameworkVersion = 6.0.0
                           TargetingPackName = Microsoft.AspNetCore.App.Ref
                           LatestRuntimeFrameworkVersion = 6.0.36
                           RuntimePackRuntimeIdentifiers = win-x64;win-x86;win-arm;osx-x64;linux-musl-x64;linux-musl-arm64;linux-x64;linux-arm;linux-arm64;linux-musl-arm;win-arm64;osx-arm64;linux-s390x
                           RuntimePackNamePatterns = Microsoft.AspNetCore.App.Runtime.**RID**
                           TargetingPackVersion = 6.0.36
                           RuntimeFrameworkName = Microsoft.AspNetCore.App
                       Microsoft.NETCore.App
                           TargetFramework = net8.0
                           DefaultRuntimeFrameworkVersion = 8.0.0
                           TargetingPackName = Microsoft.NETCore.App.Ref
                           LatestRuntimeFrameworkVersion = 8.0.25
                           RuntimePackRuntimeIdentifiers = linux-arm;linux-arm64;linux-musl-arm64;linux-musl-x64;linux-x64;osx-x64;rhel.6-x64;tizen.4.0.0-armel;tizen.5.0.0-armel;win-arm64;win-x64;win-x86;linux-musl-arm;osx-arm64;linux-s390x;linux-bionic-arm;linux-bionic-arm64;linux-bionic-x64;linux-bionic-x86;linux-ppc64le
                           RuntimePackNamePatterns = Microsoft.NETCore.App.Runtime.**RID**
                           TargetingPackVersion = 8.0.25
                           RuntimeFrameworkName = Microsoft.NETCore.App
                       Microsoft.NETCore.App
                           TargetFramework = net5.0
                           DefaultRuntimeFrameworkVersion = 5.0.0
                           TargetingPackName = Microsoft.NETCore.App.Ref
                           LatestRuntimeFrameworkVersion = 5.0.17
                           RuntimePackRuntimeIdentifiers = linux-arm;linux-arm64;linux-musl-arm64;linux-musl-x64;linux-x64;osx-x64;rhel.6-x64;tizen.4.0.0-armel;tizen.5.0.0-armel;win-arm;win-arm64;win-x64;win-x86;linux-musl-arm;browser-wasm
                           RuntimePackNamePatterns = Microsoft.NETCore.App.Runtime.**RID**
                           TargetingPackVersion = 5.0.0
                           IsTrimmable = true
                           RuntimeFrameworkName = Microsoft.NETCore.App
                       Microsoft.NETCore.App
                           TargetFramework = net7.0
                           DefaultRuntimeFrameworkVersion = 7.0.0
                           TargetingPackName = Microsoft.NETCore.App.Ref
                           LatestRuntimeFrameworkVersion = 7.0.20
                           RuntimePackRuntimeIdentifiers = linux-arm;linux-arm64;linux-musl-arm64;linux-musl-x64;linux-x64;osx-x64;rhel.6-x64;tizen.4.0.0-armel;tizen.5.0.0-armel;win-arm;win-arm64;win-x64;win-x86;linux-musl-arm;osx-arm64;linux-s390x;linux-bionic-arm;linux-bionic-arm64;linux-bionic-x64;linux-bionic-x86;linux-ppc64le
                           RuntimePackNamePatterns = Microsoft.NETCore.App.Runtime.**RID**
                           TargetingPackVersion = 7.0.20
                           RuntimeFrameworkName = Microsoft.NETCore.App
                       Microsoft.NETCore.App
                           TargetFramework = netcoreapp3.1
                           DefaultRuntimeFrameworkVersion = 3.1.0
                           TargetingPackName = Microsoft.NETCore.App.Ref
                           LatestRuntimeFrameworkVersion = 3.1.32
                           RuntimePackRuntimeIdentifiers = linux-arm;linux-arm64;linux-musl-arm64;linux-musl-x64;linux-x64;osx-x64;rhel.6-x64;tizen.4.0.0-armel;tizen.5.0.0-armel;win-arm;win-arm64;win-x64;win-x86
                           RuntimePackNamePatterns = Microsoft.NETCore.App.Runtime.**RID**
                           TargetingPackVersion = 3.1.0
                           IsTrimmable = true
                           RuntimeFrameworkName = Microsoft.NETCore.App
                       Microsoft.NETCore.App
                           TargetFramework = netcoreapp3.0
                           DefaultRuntimeFrameworkVersion = 3.0.0
                           TargetingPackName = Microsoft.NETCore.App.Ref
                           LatestRuntimeFrameworkVersion = 3.0.3
                           RuntimePackRuntimeIdentifiers = linux-arm;linux-arm64;linux-musl-arm64;linux-musl-x64;linux-x64;osx-x64;rhel.6-x64;tizen.4.0.0-armel;tizen.5.0.0-armel;win-arm;win-arm64;win-x64;win-x86
                           RuntimePackNamePatterns = Microsoft.NETCore.App.Runtime.**RID**
                           TargetingPackVersion = 3.0.0
                           IsTrimmable = true
                           RuntimeFrameworkName = Microsoft.NETCore.App
                       Microsoft.NETCore.App
                           TargetFramework = net6.0
                           DefaultRuntimeFrameworkVersion = 6.0.0
                           TargetingPackName = Microsoft.NETCore.App.Ref
                           LatestRuntimeFrameworkVersion = 6.0.36
                           RuntimePackRuntimeIdentifiers = linux-arm;linux-arm64;linux-musl-arm64;linux-musl-x64;linux-x64;osx-x64;rhel.6-x64;tizen.4.0.0-armel;tizen.5.0.0-armel;win-arm;win-arm64;win-x64;win-x86;linux-musl-arm;osx-arm64;linux-s390x
                           RuntimePackNamePatterns = Microsoft.NETCore.App.Runtime.**RID**
                           TargetingPackVersion = 6.0.36
                           RuntimeFrameworkName = Microsoft.NETCore.App
                       Microsoft.Windows.SDK.NET.Ref
                           RuntimePackAlwaysCopyLocal = true
                           TargetFramework = net5.0-windows10.0.18362.0
                           DefaultRuntimeFrameworkVersion = 10.0.18362.56
                           TargetingPackName = Microsoft.Windows.SDK.NET.Ref
                           IsWindowsOnly = true
                           LatestRuntimeFrameworkVersion = 10.0.18362.56
                           RuntimePackRuntimeIdentifiers = any
                           RuntimePackNamePatterns = Microsoft.Windows.SDK.NET.Ref
                           TargetingPackVersion = 10.0.18362.56
                           RuntimeFrameworkName = Microsoft.Windows.SDK.NET.Ref
                       Microsoft.Windows.SDK.NET.Ref
                           RuntimePackAlwaysCopyLocal = true
                           TargetFramework = net5.0-windows10.0.19041.0
                           DefaultRuntimeFrameworkVersion = 10.0.19041.56
                           TargetingPackName = Microsoft.Windows.SDK.NET.Ref
                           IsWindowsOnly = true
                           LatestRuntimeFrameworkVersion = 10.0.19041.56
                           RuntimePackRuntimeIdentifiers = any
                           RuntimePackNamePatterns = Microsoft.Windows.SDK.NET.Ref
                           TargetingPackVersion = 10.0.19041.56
                           RuntimeFrameworkName = Microsoft.Windows.SDK.NET.Ref
                       Microsoft.Windows.SDK.NET.Ref
                           RuntimePackAlwaysCopyLocal = true
                           TargetFramework = net6.0-windows10.0.19041.0
                           DefaultRuntimeFrameworkVersion = 10.0.19041.56
                           TargetingPackName = Microsoft.Windows.SDK.NET.Ref
                           IsWindowsOnly = true
                           LatestRuntimeFrameworkVersion = 10.0.19041.56
                           RuntimePackRuntimeIdentifiers = any
                           RuntimePackNamePatterns = Microsoft.Windows.SDK.NET.Ref
                           TargetingPackVersion = 10.0.19041.56
                           RuntimeFrameworkName = Microsoft.Windows.SDK.NET.Ref
                       Microsoft.Windows.SDK.NET.Ref
                           RuntimePackAlwaysCopyLocal = true
                           TargetFramework = net6.0-windows10.0.18362.0
                           DefaultRuntimeFrameworkVersion = 10.0.18362.56
                           TargetingPackName = Microsoft.Windows.SDK.NET.Ref
                           IsWindowsOnly = true
                           LatestRuntimeFrameworkVersion = 10.0.18362.56
                           RuntimePackRuntimeIdentifiers = any
                           RuntimePackNamePatterns = Microsoft.Windows.SDK.NET.Ref
                           TargetingPackVersion = 10.0.18362.56
                           RuntimeFrameworkName = Microsoft.Windows.SDK.NET.Ref
                       Microsoft.Windows.SDK.NET.Ref
                           RuntimePackAlwaysCopyLocal = true
                           TargetFramework = net5.0-windows10.0.17763.0
                           DefaultRuntimeFrameworkVersion = 10.0.17763.56
                           TargetingPackName = Microsoft.Windows.SDK.NET.Ref
                           IsWindowsOnly = true
                           LatestRuntimeFrameworkVersion = 10.0.17763.56
                           RuntimePackRuntimeIdentifiers = any
                           RuntimePackNamePatterns = Microsoft.Windows.SDK.NET.Ref
                           TargetingPackVersion = 10.0.17763.56
                           RuntimeFrameworkName = Microsoft.Windows.SDK.NET.Ref
                       Microsoft.Windows.SDK.NET.Ref
                           RuntimePackAlwaysCopyLocal = true
                           TargetFramework = net6.0-windows10.0.17763.0
                           DefaultRuntimeFrameworkVersion = 10.0.17763.56
                           TargetingPackName = Microsoft.Windows.SDK.NET.Ref
                           IsWindowsOnly = true
                           LatestRuntimeFrameworkVersion = 10.0.17763.56
                           RuntimePackRuntimeIdentifiers = any
                           RuntimePackNamePatterns = Microsoft.Windows.SDK.NET.Ref
                           TargetingPackVersion = 10.0.17763.56
                           RuntimeFrameworkName = Microsoft.Windows.SDK.NET.Ref
                       Microsoft.Windows.SDK.NET.Ref
                           RuntimePackAlwaysCopyLocal = true
                           TargetFramework = net8.0-windows10.0.18362.0
                           DefaultRuntimeFrameworkVersion = 10.0.18362.56
                           TargetingPackName = Microsoft.Windows.SDK.NET.Ref
                           IsWindowsOnly = true
                           LatestRuntimeFrameworkVersion = 10.0.18362.56
                           RuntimePackRuntimeIdentifiers = any
                           RuntimePackNamePatterns = Microsoft.Windows.SDK.NET.Ref
                           TargetingPackVersion = 10.0.18362.56
                           RuntimeFrameworkName = Microsoft.Windows.SDK.NET.Ref
                       Microsoft.Windows.SDK.NET.Ref
                           RuntimePackAlwaysCopyLocal = true
                           TargetFramework = net7.0-windows10.0.19041.0
                           DefaultRuntimeFrameworkVersion = 10.0.19041.56
                           TargetingPackName = Microsoft.Windows.SDK.NET.Ref
                           IsWindowsOnly = true
                           LatestRuntimeFrameworkVersion = 10.0.19041.56
                           RuntimePackRuntimeIdentifiers = any
                           RuntimePackNamePatterns = Microsoft.Windows.SDK.NET.Ref
                           TargetingPackVersion = 10.0.19041.56
                           RuntimeFrameworkName = Microsoft.Windows.SDK.NET.Ref
                       Microsoft.Windows.SDK.NET.Ref
                           RuntimePackAlwaysCopyLocal = true
                           TargetFramework = net7.0-windows10.0.18362.0
                           DefaultRuntimeFrameworkVersion = 10.0.18362.56
                           TargetingPackName = Microsoft.Windows.SDK.NET.Ref
                           IsWindowsOnly = true
                           LatestRuntimeFrameworkVersion = 10.0.18362.56
                           RuntimePackRuntimeIdentifiers = any
                           RuntimePackNamePatterns = Microsoft.Windows.SDK.NET.Ref
                           TargetingPackVersion = 10.0.18362.56
                           RuntimeFrameworkName = Microsoft.Windows.SDK.NET.Ref
                       Microsoft.Windows.SDK.NET.Ref
                           RuntimePackAlwaysCopyLocal = true
                           TargetFramework = net7.0-windows10.0.17763.0
                           DefaultRuntimeFrameworkVersion = 10.0.17763.56
                           TargetingPackName = Microsoft.Windows.SDK.NET.Ref
                           IsWindowsOnly = true
                           LatestRuntimeFrameworkVersion = 10.0.17763.56
                           RuntimePackRuntimeIdentifiers = any
                           RuntimePackNamePatterns = Microsoft.Windows.SDK.NET.Ref
                           TargetingPackVersion = 10.0.17763.56
                           RuntimeFrameworkName = Microsoft.Windows.SDK.NET.Ref
                       Microsoft.Windows.SDK.NET.Ref
                           RuntimePackAlwaysCopyLocal = true
                           TargetFramework = net8.0-windows10.0.17763.0
                           DefaultRuntimeFrameworkVersion = 10.0.17763.56
                           TargetingPackName = Microsoft.Windows.SDK.NET.Ref
                           IsWindowsOnly = true
                           LatestRuntimeFrameworkVersion = 10.0.17763.56
                           RuntimePackRuntimeIdentifiers = any
                           RuntimePackNamePatterns = Microsoft.Windows.SDK.NET.Ref
                           TargetingPackVersion = 10.0.17763.56
                           RuntimeFrameworkName = Microsoft.Windows.SDK.NET.Ref
                       Microsoft.Windows.SDK.NET.Ref
                           RuntimePackAlwaysCopyLocal = true
                           TargetFramework = net8.0-windows10.0.19041.0
                           DefaultRuntimeFrameworkVersion = 10.0.19041.56
                           TargetingPackName = Microsoft.Windows.SDK.NET.Ref
                           IsWindowsOnly = true
                           LatestRuntimeFrameworkVersion = 10.0.19041.56
                           RuntimePackRuntimeIdentifiers = any
                           RuntimePackNamePatterns = Microsoft.Windows.SDK.NET.Ref
                           TargetingPackVersion = 10.0.19041.56
                           RuntimeFrameworkName = Microsoft.Windows.SDK.NET.Ref
                       Microsoft.WindowsDesktop.App
                           TargetFramework = netcoreapp3.0
                           DefaultRuntimeFrameworkVersion = 3.0.0
                           TargetingPackName = Microsoft.WindowsDesktop.App.Ref
                           IsWindowsOnly = true
                           LatestRuntimeFrameworkVersion = 3.0.3
                           RuntimePackRuntimeIdentifiers = win-x64;win-x86
                           RuntimePackNamePatterns = Microsoft.WindowsDesktop.App.Runtime.**RID**
                           TargetingPackVersion = 3.0.0
                           RuntimeFrameworkName = Microsoft.WindowsDesktop.App
                       Microsoft.WindowsDesktop.App
                           TargetFramework = netcoreapp3.1
                           DefaultRuntimeFrameworkVersion = 3.1.0
                           TargetingPackName = Microsoft.WindowsDesktop.App.Ref
                           IsWindowsOnly = true
                           LatestRuntimeFrameworkVersion = 3.1.32
                           RuntimePackRuntimeIdentifiers = win-x64;win-x86
                           RuntimePackNamePatterns = Microsoft.WindowsDesktop.App.Runtime.**RID**
                           TargetingPackVersion = 3.1.0
                           RuntimeFrameworkName = Microsoft.WindowsDesktop.App
                       Microsoft.WindowsDesktop.App
                           TargetFramework = net6.0
                           DefaultRuntimeFrameworkVersion = 6.0.0
                           TargetingPackName = Microsoft.WindowsDesktop.App.Ref
                           IsWindowsOnly = true
                           LatestRuntimeFrameworkVersion = 6.0.36
                           RuntimePackRuntimeIdentifiers = win-x64;win-x86;win-arm64
                           RuntimePackNamePatterns = Microsoft.WindowsDesktop.App.Runtime.**RID**
                           TargetingPackVersion = 6.0.36
                           RuntimeFrameworkName = Microsoft.WindowsDesktop.App
                       Microsoft.WindowsDesktop.App
                           TargetFramework = net7.0
                           DefaultRuntimeFrameworkVersion = 7.0.0
                           TargetingPackName = Microsoft.WindowsDesktop.App.Ref
                           IsWindowsOnly = true
                           LatestRuntimeFrameworkVersion = 7.0.20
                           RuntimePackRuntimeIdentifiers = win-x64;win-x86;win-arm64
                           RuntimePackNamePatterns = Microsoft.WindowsDesktop.App.Runtime.**RID**
                           TargetingPackVersion = 7.0.20
                           RuntimeFrameworkName = Microsoft.WindowsDesktop.App
                       Microsoft.WindowsDesktop.App
                           TargetFramework = net8.0
                           DefaultRuntimeFrameworkVersion = 8.0.0
                           TargetingPackName = Microsoft.WindowsDesktop.App.Ref
                           IsWindowsOnly = true
                           LatestRuntimeFrameworkVersion = 8.0.25
                           RuntimePackRuntimeIdentifiers = win-x64;win-x86;win-arm64
                           RuntimePackNamePatterns = Microsoft.WindowsDesktop.App.Runtime.**RID**
                           TargetingPackVersion = 8.0.25
                           RuntimeFrameworkName = Microsoft.WindowsDesktop.App
                       Microsoft.WindowsDesktop.App
                           TargetFramework = net5.0
                           DefaultRuntimeFrameworkVersion = 5.0.0
                           TargetingPackName = Microsoft.WindowsDesktop.App.Ref
                           IsWindowsOnly = true
                           LatestRuntimeFrameworkVersion = 5.0.17
                           RuntimePackRuntimeIdentifiers = win-x64;win-x86;win-arm64
                           RuntimePackNamePatterns = Microsoft.WindowsDesktop.App.Runtime.**RID**
                           TargetingPackVersion = 5.0.0
                           RuntimeFrameworkName = Microsoft.WindowsDesktop.App
                       Microsoft.WindowsDesktop.App.WindowsForms
                           TargetFramework = netcoreapp3.0
                           DefaultRuntimeFrameworkVersion = 3.0.0
                           TargetingPackName = Microsoft.WindowsDesktop.App.Ref
                           IsWindowsOnly = true
                           LatestRuntimeFrameworkVersion = 3.0.3
                           RuntimePackRuntimeIdentifiers = win-x64;win-x86
                           RuntimePackNamePatterns = Microsoft.WindowsDesktop.App.Runtime.**RID**
                           TargetingPackVersion = 3.0.0
                           Profile = WindowsForms
                           RuntimeFrameworkName = Microsoft.WindowsDesktop.App
                       Microsoft.WindowsDesktop.App.WindowsForms
                           TargetFramework = net8.0
                           DefaultRuntimeFrameworkVersion = 8.0.0
                           TargetingPackName = Microsoft.WindowsDesktop.App.Ref
                           IsWindowsOnly = true
                           LatestRuntimeFrameworkVersion = 8.0.25
                           RuntimePackRuntimeIdentifiers = win-x64;win-x86;win-arm64
                           RuntimePackNamePatterns = Microsoft.WindowsDesktop.App.Runtime.**RID**
                           TargetingPackVersion = 8.0.25
                           Profile = WindowsForms
                           RuntimeFrameworkName = Microsoft.WindowsDesktop.App
                       Microsoft.WindowsDesktop.App.WindowsForms
                           TargetFramework = net7.0
                           DefaultRuntimeFrameworkVersion = 7.0.0
                           TargetingPackName = Microsoft.WindowsDesktop.App.Ref
                           IsWindowsOnly = true
                           LatestRuntimeFrameworkVersion = 7.0.20
                           RuntimePackRuntimeIdentifiers = win-x64;win-x86;win-arm64
                           RuntimePackNamePatterns = Microsoft.WindowsDesktop.App.Runtime.**RID**
                           TargetingPackVersion = 7.0.20
                           Profile = WindowsForms
                           RuntimeFrameworkName = Microsoft.WindowsDesktop.App
                       Microsoft.WindowsDesktop.App.WindowsForms
                           TargetFramework = net6.0
                           DefaultRuntimeFrameworkVersion = 6.0.0
                           TargetingPackName = Microsoft.WindowsDesktop.App.Ref
                           IsWindowsOnly = true
                           LatestRuntimeFrameworkVersion = 6.0.36
                           RuntimePackRuntimeIdentifiers = win-x64;win-x86;win-arm64
                           RuntimePackNamePatterns = Microsoft.WindowsDesktop.App.Runtime.**RID**
                           TargetingPackVersion = 6.0.36
                           Profile = WindowsForms
                           RuntimeFrameworkName = Microsoft.WindowsDesktop.App
                       Microsoft.WindowsDesktop.App.WindowsForms
                           TargetFramework = netcoreapp3.1
                           DefaultRuntimeFrameworkVersion = 3.1.0
                           TargetingPackName = Microsoft.WindowsDesktop.App.Ref
                           IsWindowsOnly = true
                           LatestRuntimeFrameworkVersion = 3.1.32
                           RuntimePackRuntimeIdentifiers = win-x64;win-x86
                           RuntimePackNamePatterns = Microsoft.WindowsDesktop.App.Runtime.**RID**
                           TargetingPackVersion = 3.1.0
                           Profile = WindowsForms
                           RuntimeFrameworkName = Microsoft.WindowsDesktop.App
                       Microsoft.WindowsDesktop.App.WindowsForms
                           TargetFramework = net5.0
                           DefaultRuntimeFrameworkVersion = 5.0.0
                           TargetingPackName = Microsoft.WindowsDesktop.App.Ref
                           IsWindowsOnly = true
                           LatestRuntimeFrameworkVersion = 5.0.17
                           RuntimePackRuntimeIdentifiers = win-x64;win-x86;win-arm64
                           RuntimePackNamePatterns = Microsoft.WindowsDesktop.App.Runtime.**RID**
                           TargetingPackVersion = 5.0.0
                           Profile = WindowsForms
                           RuntimeFrameworkName = Microsoft.WindowsDesktop.App
                       Microsoft.WindowsDesktop.App.WPF
                           TargetFramework = netcoreapp3.0
                           DefaultRuntimeFrameworkVersion = 3.0.0
                           TargetingPackName = Microsoft.WindowsDesktop.App.Ref
                           IsWindowsOnly = true
                           LatestRuntimeFrameworkVersion = 3.0.3
                           RuntimePackRuntimeIdentifiers = win-x64;win-x86
                           RuntimePackNamePatterns = Microsoft.WindowsDesktop.App.Runtime.**RID**
                           TargetingPackVersion = 3.0.0
                           Profile = WPF
                           RuntimeFrameworkName = Microsoft.WindowsDesktop.App
                       Microsoft.WindowsDesktop.App.WPF
                           TargetFramework = net6.0
                           DefaultRuntimeFrameworkVersion = 6.0.0
                           TargetingPackName = Microsoft.WindowsDesktop.App.Ref
                           IsWindowsOnly = true
                           LatestRuntimeFrameworkVersion = 6.0.36
                           RuntimePackRuntimeIdentifiers = win-x64;win-x86;win-arm64
                           RuntimePackNamePatterns = Microsoft.WindowsDesktop.App.Runtime.**RID**
                           TargetingPackVersion = 6.0.36
                           Profile = WPF
                           RuntimeFrameworkName = Microsoft.WindowsDesktop.App
                       Microsoft.WindowsDesktop.App.WPF
                           TargetFramework = netcoreapp3.1
                           DefaultRuntimeFrameworkVersion = 3.1.0
                           TargetingPackName = Microsoft.WindowsDesktop.App.Ref
                           IsWindowsOnly = true
                           LatestRuntimeFrameworkVersion = 3.1.32
                           RuntimePackRuntimeIdentifiers = win-x64;win-x86
                           RuntimePackNamePatterns = Microsoft.WindowsDesktop.App.Runtime.**RID**
                           TargetingPackVersion = 3.1.0
                           Profile = WPF
                           RuntimeFrameworkName = Microsoft.WindowsDesktop.App
                       Microsoft.WindowsDesktop.App.WPF
                           TargetFramework = net5.0
                           DefaultRuntimeFrameworkVersion = 5.0.0
                           TargetingPackName = Microsoft.WindowsDesktop.App.Ref
                           IsWindowsOnly = true
                           LatestRuntimeFrameworkVersion = 5.0.17
                           RuntimePackRuntimeIdentifiers = win-x64;win-x86;win-arm64
                           RuntimePackNamePatterns = Microsoft.WindowsDesktop.App.Runtime.**RID**
                           TargetingPackVersion = 5.0.0
                           Profile = WPF
                           RuntimeFrameworkName = Microsoft.WindowsDesktop.App
                       Microsoft.WindowsDesktop.App.WPF
                           TargetFramework = net7.0
                           DefaultRuntimeFrameworkVersion = 7.0.0
                           TargetingPackName = Microsoft.WindowsDesktop.App.Ref
                           IsWindowsOnly = true
                           LatestRuntimeFrameworkVersion = 7.0.20
                           RuntimePackRuntimeIdentifiers = win-x64;win-x86;win-arm64
                           RuntimePackNamePatterns = Microsoft.WindowsDesktop.App.Runtime.**RID**
                           TargetingPackVersion = 7.0.20
                           Profile = WPF
                           RuntimeFrameworkName = Microsoft.WindowsDesktop.App
                       Microsoft.WindowsDesktop.App.WPF
                           TargetFramework = net8.0
                           DefaultRuntimeFrameworkVersion = 8.0.0
                           TargetingPackName = Microsoft.WindowsDesktop.App.Ref
                           IsWindowsOnly = true
                           LatestRuntimeFrameworkVersion = 8.0.25
                           RuntimePackRuntimeIdentifiers = win-x64;win-x86;win-arm64
                           RuntimePackNamePatterns = Microsoft.WindowsDesktop.App.Runtime.**RID**
                           TargetingPackVersion = 8.0.25
                           Profile = WPF
                           RuntimeFrameworkName = Microsoft.WindowsDesktop.App
                       NETStandard.Library
                           TargetFramework = netstandard2.1
                           TargetingPackName = NETStandard.Library.Ref
                           TargetingPackVersion = 2.1.0
                   KnownILCompilerPack
                       Microsoft.DotNet.ILCompiler
                           ILCompilerPackNamePattern = runtime.**RID**.Microsoft.DotNet.ILCompiler
                           TargetFramework = net8.0
                           ILCompilerPackVersion = 8.0.25
                           ILCompilerRuntimeIdentifiers = linux-arm64;linux-musl-arm64;linux-musl-x64;linux-x64;win-arm64;win-x64;osx-x64;osx-arm64
                       Microsoft.DotNet.ILCompiler
                           ILCompilerPackNamePattern = runtime.**RID**.Microsoft.DotNet.ILCompiler
                           TargetFramework = net7.0
                           ILCompilerPackVersion = 7.0.20
                           ILCompilerRuntimeIdentifiers = linux-arm64;linux-musl-arm64;linux-musl-x64;linux-x64;win-arm64;win-x64
                   KnownILLinkPack
                       Microsoft.NET.ILLink.Tasks
                           TargetFramework = net8.0
                           ILLinkPackVersion = 8.0.25
                       Microsoft.NET.ILLink.Tasks
                           TargetFramework = net7.0
                           ILLinkPackVersion = 7.0.100-1.23401.1
                       Microsoft.NET.ILLink.Tasks
                           TargetFramework = net6.0
                           ILLinkPackVersion = 7.0.100-1.23401.1
                       Microsoft.NET.ILLink.Tasks
                           TargetFramework = net5.0
                           ILLinkPackVersion = 7.0.100-1.23401.1
                       Microsoft.NET.ILLink.Tasks
                           TargetFramework = netcoreapp3.1
                           ILLinkPackVersion = 7.0.100-1.23401.1
                       Microsoft.NET.ILLink.Tasks
                           TargetFramework = netcoreapp3.0
                           ILLinkPackVersion = 7.0.100-1.23401.1
                   KnownRuntimePack
                       Microsoft.NETCore.App
                           TargetFramework = net8.0
                           LatestRuntimeFrameworkVersion = 8.0.25
                           RuntimePackRuntimeIdentifiers = ios-arm64;iossimulator-arm64;iossimulator-x64;tvos-arm64;tvossimulator-arm64;tvossimulator-x64;maccatalyst-arm64;maccatalyst-x64;linux-bionic-arm64;linux-bionic-x64;osx-arm64;osx-x64
                           RuntimePackNamePatterns = Microsoft.NETCore.App.Runtime.NativeAOT.**RID**
                           RuntimePackLabels = NativeAOT
                           RuntimeFrameworkName = Microsoft.NETCore.App
                       Microsoft.NETCore.App
                           TargetFramework = net8.0
                           LatestRuntimeFrameworkVersion = 8.0.25
                           RuntimePackRuntimeIdentifiers = linux-arm;linux-arm64;linux-musl-arm64;linux-musl-x64;linux-x64;osx-x64;rhel.6-x64;win-arm64;win-x64;win-x86;linux-musl-arm;osx-arm64;linux-s390x;browser-wasm;ios-arm64;ios-arm;iossimulator-arm64;iossimulator-x64;iossimulator-x86;tvos-arm64;tvossimulator-arm64;tvossimulator-x64;maccatalyst-x64;maccatalyst-arm64;android-arm64;android-arm;android-x64;android-x86
                           RuntimePackNamePatterns = Microsoft.NETCore.App.Runtime.Mono.**RID**
                           RuntimePackLabels = Mono
                           RuntimeFrameworkName = Microsoft.NETCore.App
                       Microsoft.NETCore.App
                           TargetFramework = net7.0
                           LatestRuntimeFrameworkVersion = 7.0.20
                           RuntimePackRuntimeIdentifiers = linux-arm;linux-arm64;linux-musl-arm64;linux-musl-x64;linux-x64;osx-x64;rhel.6-x64;win-arm;win-arm64;win-x64;win-x86;linux-musl-arm;osx-arm64;linux-s390x;browser-wasm;ios-arm64;ios-arm;iossimulator-arm64;iossimulator-x64;iossimulator-x86;tvos-arm64;tvossimulator-arm64;tvossimulator-x64;maccatalyst-x64;maccatalyst-arm64;android-arm64;android-arm;android-x64;android-x86
                           RuntimePackNamePatterns = Microsoft.NETCore.App.Runtime.Mono.**RID**
                           RuntimePackLabels = Mono
                           RuntimeFrameworkName = Microsoft.NETCore.App
                       Microsoft.NETCore.App
                           TargetFramework = net6.0
                           LatestRuntimeFrameworkVersion = 6.0.36
                           RuntimePackRuntimeIdentifiers = linux-arm;linux-arm64;linux-musl-arm64;linux-musl-x64;linux-x64;osx-x64;rhel.6-x64;win-arm;win-arm64;win-x64;win-x86;linux-musl-arm;osx-arm64;linux-s390x;browser-wasm;ios-arm64;ios-arm;iossimulator-arm64;iossimulator-x64;iossimulator-x86;tvos-arm64;tvossimulator-arm64;tvossimulator-x64;maccatalyst-x64;maccatalyst-arm64;android-arm64;android-arm;android-x64;android-x86
                           RuntimePackNamePatterns = Microsoft.NETCore.App.Runtime.Mono.**RID**
                           RuntimePackLabels = Mono
                           RuntimeFrameworkName = Microsoft.NETCore.App
                   KnownWebAssemblySdkPack
                       Microsoft.NET.Sdk.WebAssembly.Pack
                           TargetFramework = net8.0
                           WebAssemblySdkPackVersion = 8.0.25
                       Microsoft.NET.Sdk.WebAssembly.Pack
                           TargetFramework = net7.0
                           WebAssemblySdkPackVersion = 8.0.25
                       Microsoft.NET.Sdk.WebAssembly.Pack
                           TargetFramework = net6.0
                           WebAssemblySdkPackVersion = 8.0.25
                   PackageConflictOverrides
                       NETStandard.Library
                           OverriddenPackages = 
                           Microsoft.Win32.Primitives|4.3.0;
                           System.AppContext|4.3.0;
                           System.Collections|4.3.0;
                           System.Collections.Concurrent|4.3.0;
                           System.Collections.Immutable|1.4.0;
                           System.Collections.NonGeneric|4.3.0;
                           System.Collections.Specialized|4.3.0;
                           System.ComponentModel|4.3.0;
                           System.ComponentModel.EventBasedAsync|4.3.0;
                           System.ComponentModel.Primitives|4.3.0;
                           System.ComponentModel.TypeConverter|4.3.0;
                           System.Console|4.3.0;
                           System.Data.Common|4.3.0;
                           System.Diagnostics.Contracts|4.3.0;
                           System.Diagnostics.Debug|4.3.0;
                           System.Diagnostics.FileVersionInfo|4.3.0;
                           System.Diagnostics.Process|4.3.0;
                           System.Diagnostics.StackTrace|4.3.0;
                           System.Diagnostics.TextWriterTraceListener|4.3.0;
                           System.Diagnostics.Tools|4.3.0;
                           System.Diagnostics.TraceSource|4.3.0;
                           System.Diagnostics.Tracing|4.3.0;
                           System.Dynamic.Runtime|4.3.0;
                           System.Globalization|4.3.0;
                           System.Globalization.Calendars|4.3.0;
                           System.Globalization.Extensions|4.3.0;
                           System.IO|4.3.0;
                           System.IO.Compression|4.3.0;
                           System.IO.Compression.ZipFile|4.3.0;
                           System.IO.FileSystem|4.3.0;
                           System.IO.FileSystem.DriveInfo|4.3.0;
                           System.IO.FileSystem.Primitives|4.3.0;
                           System.IO.FileSystem.Watcher|4.3.0;
                           System.IO.IsolatedStorage|4.3.0;
                           System.IO.MemoryMappedFiles|4.3.0;
                           System.IO.Pipes|4.3.0;
                           System.IO.UnmanagedMemoryStream|4.3.0;
                           System.Linq|4.3.0;
                           System.Linq.Expressions|4.3.0;
                           System.Linq.Queryable|4.3.0;
                           System.Net.Http|4.3.0;
                           System.Net.NameResolution|4.3.0;
                           System.Net.Primitives|4.3.0;
                           System.Net.Requests|4.3.0;
                           System.Net.Security|4.3.0;
                           System.Net.Sockets|4.3.0;
                           System.Net.WebHeaderCollection|4.3.0;
                           System.ObjectModel|4.3.0;
                           System.Private.DataContractSerialization|4.3.0;
                           System.Reflection|4.3.0;
                           System.Reflection.Emit|4.3.0;
                           System.Reflection.Emit.ILGeneration|4.3.0;
                           System.Reflection.Emit.Lightweight|4.3.0;
                           System.Reflection.Extensions|4.3.0;
                           System.Reflection.Primitives|4.3.0;
                           System.Reflection.TypeExtensions|4.3.0;
                           System.Resources.ResourceManager|4.3.0;
                           System.Runtime|4.3.0;
                           System.Runtime.Extensions|4.3.0;
                           System.Runtime.Handles|4.3.0;
                           System.Runtime.InteropServices|4.3.0;
                           System.Runtime.InteropServices.RuntimeInformation|4.3.0;
                           System.Runtime.Loader|4.3.0;
                           System.Runtime.Numerics|4.3.0;
                           System.Runtime.Serialization.Formatters|4.3.0;
                           System.Runtime.Serialization.Json|4.3.0;
                           System.Runtime.Serialization.Primitives|4.3.0;
                           System.Security.AccessControl|4.4.0;
                           System.Security.Claims|4.3.0;
                           System.Security.Cryptography.Algorithms|4.3.0;
                           System.Security.Cryptography.Csp|4.3.0;
                           System.Security.Cryptography.Encoding|4.3.0;
                           System.Security.Cryptography.Primitives|4.3.0;
                           System.Security.Cryptography.X509Certificates|4.3.0;
                           System.Security.Cryptography.Xml|4.4.0;
                           System.Security.Principal|4.3.0;
                           System.Security.Principal.Windows|4.4.0;
                           System.Text.Encoding|4.3.0;
                           System.Text.Encoding.Extensions|4.3.0;
                           System.Text.RegularExpressions|4.3.0;
                           System.Threading|4.3.0;
                           System.Threading.Overlapped|4.3.0;
                           System.Threading.Tasks|4.3.0;
                           System.Threading.Tasks.Extensions|4.3.0;
                           System.Threading.Tasks.Parallel|4.3.0;
                           System.Threading.Thread|4.3.0;
                           System.Threading.ThreadPool|4.3.0;
                           System.Threading.Timer|4.3.0;
                           System.ValueTuple|4.3.0;
                           System.Xml.ReaderWriter|4.3.0;
                           System.Xml.XDocument|4.3.0;
                           System.Xml.XmlDocument|4.3.0;
                           System.Xml.XmlSerializer|4.3.0;
                           System.Xml.XPath|4.3.0;
                           System.Xml.XPath.XDocument|4.3.0;
                         
                   PotentialEditorConfigFiles
                       C:\.editorconfig
                       C:\sharon\.editorconfig
                       C:\sharon\projects\.editorconfig
                       C:\sharon\projects\celestial-mechanics-desktop\.editorconfig
                       C:\sharon\projects\celestial-mechanics-desktop\src\.editorconfig
                       C:\sharon\projects\celestial-mechanics-desktop\src\CelestialMechanics.AppCore\.editorconfig
                       C:\sharon\projects\celestial-mechanics-desktop\src\CelestialMechanics.AppCore\Modes\.editorconfig
                       C:\sharon\projects\celestial-mechanics-desktop\src\CelestialMechanics.AppCore\Scene\.editorconfig
                       C:\sharon\projects\celestial-mechanics-desktop\src\CelestialMechanics.AppCore\Serialization\.editorconfig
                       C:\sharon\projects\celestial-mechanics-desktop\src\CelestialMechanics.AppCore\Serialization\DTO\.editorconfig
                       C:\sharon\projects\celestial-mechanics-desktop\src\CelestialMechanics.AppCore\Snapshot\.editorconfig
                       C:\sharon\projects\celestial-mechanics-desktop\src\CelestialMechanics.AppCore\Validation\.editorconfig
                   PreprocessorValue
                       assemblyname
                           Value = CelestialMechanics.AppCore
                       filename
                           Value = CelestialMechanics.AppCore.csproj
                       fullpath
                           Value = C:\sharon\projects\celestial-mechanics-desktop\src\CelestialMechanics.AppCore
                       outputfilename
                           Value = CelestialMechanics.AppCore.dll
                       rootnamespace
                           Value = CelestialMechanics.AppCore
                   ProjectCapability
                       AllTargetOutputGroups
                       AssemblyReferences
                       COMReferences
                       CSharp
                       DeclaredSourceItems
                       GenerateDocumentationFile
                       LanguageService
                       Managed
                       NativeAOT
                       NetSdkOCIImageBuild
                       OutputGroups
                       Pack
                       ProjectReferences
                       ReferencesFolder
                       RelativePathDerivedDefaultNamespace
                       SharedProjectReferences
                       SingleFileGenerators
                       SupportsHotReload
                       UserSourceItems
                       VisualStudioWellKnownOutputGroups
                   ProjectReference
                       ..\CelestialMechanics.Math\CelestialMechanics.Math.csproj
                           ReferenceSourceTarget = ProjectReference
                           OutputItemType = 
                           Targets = 
                       ..\CelestialMechanics.Physics\CelestialMechanics.Physics.csproj
                           ReferenceSourceTarget = ProjectReference
                           OutputItemType = 
                           Targets = 
                       ..\CelestialMechanics.Simulation\CelestialMechanics.Simulation.csproj
                           ReferenceSourceTarget = ProjectReference
                           OutputItemType = 
                           Targets = 
                   PropertyPageSchema
                       C:\Program Files\dotnet\sdk\8.0.419\\assemblyreference.xaml
                           Context = ;BrowseObject
                       C:\Program Files\dotnet\sdk\8.0.419\\COMReference.xaml
                           Context = ;BrowseObject
                       C:\Program Files\dotnet\sdk\8.0.419\\Content.xaml
                           Context = File;BrowseObject
                       C:\Program Files\dotnet\sdk\8.0.419\\CSharp.BrowseObject.xaml
                           Context = BrowseObject
                       C:\Program Files\dotnet\sdk\8.0.419\\CSharp.ProjectItemsSchema.xaml
                       C:\Program Files\dotnet\sdk\8.0.419\\CSharp.xaml
                           Context = File
                       C:\Program Files\dotnet\sdk\8.0.419\\Debugger_General.xaml
                           Context = Project
                       C:\Program Files\dotnet\sdk\8.0.419\\EmbeddedResource.xaml
                           Context = File;BrowseObject
                       C:\Program Files\dotnet\sdk\8.0.419\\Folder.xaml
                           Context = File;BrowseObject
                       C:\Program Files\dotnet\sdk\8.0.419\\General_File.xaml
                           Context = File
                       C:\Program Files\dotnet\sdk\8.0.419\\General.BrowseObject.xaml
                           Context = BrowseObject
                       C:\Program Files\dotnet\sdk\8.0.419\\General.xaml
                           Context = Project
                       C:\Program Files\dotnet\sdk\8.0.419\\None.xaml
                           Context = File;BrowseObject
                       C:\Program Files\dotnet\sdk\8.0.419\\ProjectItemsSchema.xaml
                       C:\Program Files\dotnet\sdk\8.0.419\\ProjectReference.xaml
                           Context = ;BrowseObject
                       C:\Program Files\dotnet\sdk\8.0.419\\ResolvedAssemblyReference.xaml
                           Context = ProjectSubscriptionService;BrowseObject
                       C:\Program Files\dotnet\sdk\8.0.419\\ResolvedCOMReference.xaml
                           Context = ProjectSubscriptionService;BrowseObject
                       C:\Program Files\dotnet\sdk\8.0.419\\ResolvedProjectReference.xaml
                           Context = ProjectSubscriptionService;BrowseObject
                       C:\Program Files\dotnet\sdk\8.0.419\\SCC.xaml
                           Context = Invisible
                       C:\Program Files\dotnet\sdk\8.0.419\\SpecialFolder.xaml
                           Context = File;ProjectSubscriptionService
                   RegFreeComManifest
                       obj\Debug\net8.0\CelestialMechanics.AppCore.X.manifest
                   RuntimeHostConfigurationOption
                       System.Runtime.Serialization.EnableUnsafeBinaryFormatterSerialization
                           Value = false
                           Trim = true
                   SdkSupportedTargetPlatformIdentifier
                       android
                           DisplayName = Android
                       ios
                           DisplayName = iOS
                       maccatalyst
                           DisplayName = Mac Catalyst
                       macos
                           DisplayName = macOS
                       tvos
                           DisplayName = tvOS
                       windows
                           DisplayName = Windows
                   SourceLinkAzureReposGitHost
                       dev.azure.com
                       visualstudio.com
                       vsts.me
                   SourceLinkBitbucketGitHost
                       bitbucket.org
                           EnterpriseEdition = false
                   SourceLinkGitHubHost
                       github.com
                           ContentUrl = https://raw.githubusercontent.com
                   SourceLinkGitLabHost
                       gitlab.com
                   SourceRoot
                       C:\Users\Lenovo\.nuget\packages\
                   SupportedNETCoreAppTargetFramework
                       .NETCoreApp,Version=v1.0
                           DisplayName = .NET Core 1.0
                           Alias = netcoreapp1.0
                       .NETCoreApp,Version=v1.1
                           DisplayName = .NET Core 1.1
                           Alias = netcoreapp1.1
                       .NETCoreApp,Version=v2.0
                           DisplayName = .NET Core 2.0
                           Alias = netcoreapp2.0
                       .NETCoreApp,Version=v2.1
                           DisplayName = .NET Core 2.1
                           Alias = netcoreapp2.1
                       .NETCoreApp,Version=v2.2
                           DisplayName = .NET Core 2.2
                           Alias = netcoreapp2.2
                       .NETCoreApp,Version=v3.0
                           DisplayName = .NET Core 3.0
                           Alias = netcoreapp3.0
                       .NETCoreApp,Version=v3.1
                           DisplayName = .NET Core 3.1
                           Alias = netcoreapp3.1
                       .NETCoreApp,Version=v5.0
                           DisplayName = .NET 5.0
                           Alias = net5.0
                       .NETCoreApp,Version=v6.0
                           DisplayName = .NET 6.0
                           Alias = net6.0
                       .NETCoreApp,Version=v7.0
                           DisplayName = .NET 7.0
                           Alias = net7.0
                       .NETCoreApp,Version=v8.0
                           DisplayName = .NET 8.0
                           Alias = net8.0
                   SupportedNETFrameworkTargetFramework
                       .NETFramework,Version=v2.0
                           DisplayName = .NET Framework 2.0
                           Alias = net20
                       .NETFramework,Version=v3.0
                           DisplayName = .NET Framework 3.0
                           Alias = net30
                       .NETFramework,Version=v3.5
                           DisplayName = .NET Framework 3.5
                           Alias = net35
                       .NETFramework,Version=v4.0
                           DisplayName = .NET Framework 4.0
                           Alias = net40
                       .NETFramework,Version=v4.5
                           DisplayName = .NET Framework 4.5
                           Alias = net45
                       .NETFramework,Version=v4.5.1
                           DisplayName = .NET Framework 4.5.1
                           Alias = net451
                       .NETFramework,Version=v4.5.2
                           DisplayName = .NET Framework 4.5.2
                           Alias = net452
                       .NETFramework,Version=v4.6
                           DisplayName = .NET Framework 4.6
                           Alias = net46
                       .NETFramework,Version=v4.6.1
                           DisplayName = .NET Framework 4.6.1
                           Alias = net461
                       .NETFramework,Version=v4.6.2
                           DisplayName = .NET Framework 4.6.2
                           Alias = net462
                       .NETFramework,Version=v4.7
                           DisplayName = .NET Framework 4.7
                           Alias = net47
                       .NETFramework,Version=v4.7.1
                           DisplayName = .NET Framework 4.7.1
                           Alias = net471
                       .NETFramework,Version=v4.7.2
                           DisplayName = .NET Framework 4.7.2
                           Alias = net472
                       .NETFramework,Version=v4.8
                           DisplayName = .NET Framework 4.8
                           Alias = net48
                       .NETFramework,Version=v4.8.1
                           DisplayName = .NET Framework 4.8.1
                           Alias = net481
                   SupportedNETStandardTargetFramework
                       .NETStandard,Version=v1.0
                           DisplayName = .NET Standard 1.0
                           Alias = netstandard1.0
                       .NETStandard,Version=v1.1
                           DisplayName = .NET Standard 1.1
                           Alias = netstandard1.1
                       .NETStandard,Version=v1.2
                           DisplayName = .NET Standard 1.2
                           Alias = netstandard1.2
                       .NETStandard,Version=v1.3
                           DisplayName = .NET Standard 1.3
                           Alias = netstandard1.3
                       .NETStandard,Version=v1.4
                           DisplayName = .NET Standard 1.4
                           Alias = netstandard1.4
                       .NETStandard,Version=v1.5
                           DisplayName = .NET Standard 1.5
                           Alias = netstandard1.5
                       .NETStandard,Version=v1.6
                           DisplayName = .NET Standard 1.6
                           Alias = netstandard1.6
                       .NETStandard,Version=v2.0
                           DisplayName = .NET Standard 2.0
                           Alias = netstandard2.0
                       .NETStandard,Version=v2.1
                           DisplayName = .NET Standard 2.1
                           Alias = netstandard2.1
                   SupportedPlatform
                       Linux
                       macOS
                       Windows
                   SupportedTargetFramework
                       .NETCoreApp,Version=v1.0
                           DisplayName = .NET Core 1.0
                           Alias = netcoreapp1.0
                       .NETCoreApp,Version=v1.1
                           DisplayName = .NET Core 1.1
                           Alias = netcoreapp1.1
                       .NETCoreApp,Version=v2.0
                           DisplayName = .NET Core 2.0
                           Alias = netcoreapp2.0
                       .NETCoreApp,Version=v2.1
                           DisplayName = .NET Core 2.1
                           Alias = netcoreapp2.1
                       .NETCoreApp,Version=v2.2
                           DisplayName = .NET Core 2.2
                           Alias = netcoreapp2.2
                       .NETCoreApp,Version=v3.0
                           DisplayName = .NET Core 3.0
                           Alias = netcoreapp3.0
                       .NETCoreApp,Version=v3.1
                           DisplayName = .NET Core 3.1
                           Alias = netcoreapp3.1
                       .NETCoreApp,Version=v5.0
                           DisplayName = .NET 5.0
                           Alias = net5.0
                       .NETCoreApp,Version=v6.0
                           DisplayName = .NET 6.0
                           Alias = net6.0
                       .NETCoreApp,Version=v7.0
                           DisplayName = .NET 7.0
                           Alias = net7.0
                       .NETCoreApp,Version=v8.0
                           DisplayName = .NET 8.0
                           Alias = net8.0
                       .NETFramework,Version=v2.0
                           DisplayName = .NET Framework 2.0
                           Alias = net20
                       .NETFramework,Version=v3.0
                           DisplayName = .NET Framework 3.0
                           Alias = net30
                       .NETFramework,Version=v3.5
                           DisplayName = .NET Framework 3.5
                           Alias = net35
                       .NETFramework,Version=v4.0
                           DisplayName = .NET Framework 4.0
                           Alias = net40
                       .NETFramework,Version=v4.5
                           DisplayName = .NET Framework 4.5
                           Alias = net45
                       .NETFramework,Version=v4.5.1
                           DisplayName = .NET Framework 4.5.1
                           Alias = net451
                       .NETFramework,Version=v4.5.2
                           DisplayName = .NET Framework 4.5.2
                           Alias = net452
                       .NETFramework,Version=v4.6
                           DisplayName = .NET Framework 4.6
                           Alias = net46
                       .NETFramework,Version=v4.6.1
                           DisplayName = .NET Framework 4.6.1
                           Alias = net461
                       .NETFramework,Version=v4.6.2
                           DisplayName = .NET Framework 4.6.2
                           Alias = net462
                       .NETFramework,Version=v4.7
                           DisplayName = .NET Framework 4.7
                           Alias = net47
                       .NETFramework,Version=v4.7.1
                           DisplayName = .NET Framework 4.7.1
                           Alias = net471
                       .NETFramework,Version=v4.7.2
                           DisplayName = .NET Framework 4.7.2
                           Alias = net472
                       .NETFramework,Version=v4.8
                           DisplayName = .NET Framework 4.8
                           Alias = net48
                       .NETFramework,Version=v4.8.1
                           DisplayName = .NET Framework 4.8.1
                           Alias = net481
                       .NETStandard,Version=v1.0
                           DisplayName = .NET Standard 1.0
                           Alias = netstandard1.0
                       .NETStandard,Version=v1.1
                           DisplayName = .NET Standard 1.1
                           Alias = netstandard1.1
                       .NETStandard,Version=v1.2
                           DisplayName = .NET Standard 1.2
                           Alias = netstandard1.2
                       .NETStandard,Version=v1.3
                           DisplayName = .NET Standard 1.3
                           Alias = netstandard1.3
                       .NETStandard,Version=v1.4
                           DisplayName = .NET Standard 1.4
                           Alias = netstandard1.4
                       .NETStandard,Version=v1.5
                           DisplayName = .NET Standard 1.5
                           Alias = netstandard1.5
                       .NETStandard,Version=v1.6
                           DisplayName = .NET Standard 1.6
                           Alias = netstandard1.6
                       .NETStandard,Version=v2.0
                           DisplayName = .NET Standard 2.0
                           Alias = netstandard2.0
                       .NETStandard,Version=v2.1
                           DisplayName = .NET Standard 2.1
                           Alias = netstandard2.1
                   Using
                       System
                       System.Collections.Generic
                       System.IO
                       System.Linq
                       System.Net.Http
                       System.Threading
                       System.Threading.Tasks
                   WindowsSdkSupportedTargetPlatformVersion
                       10.0.17763.0
                           WindowsSdkPackageVersion = 10.0.17763.55
                           MinimumNETVersion = 6.0
                       10.0.17763.0
                           WindowsSdkPackageVersion = 10.0.17763.56
                           MinimumNETVersion = 8.0
                       10.0.17763.0
                           WindowsSdkPackageVersion = 10.0.17763.26
                           MinimumNETVersion = 5.0
                       10.0.18362.0
                           WindowsSdkPackageVersion = 10.0.18362.55
                           MinimumNETVersion = 6.0
                       10.0.18362.0
                           WindowsSdkPackageVersion = 10.0.18362.56
                           MinimumNETVersion = 8.0
                       10.0.18362.0
                           WindowsSdkPackageVersion = 10.0.18362.26
                           MinimumNETVersion = 5.0
                       10.0.19041.0
                           WindowsSdkPackageVersion = 10.0.19041.26
                           MinimumNETVersion = 5.0
                       10.0.19041.0
                           WindowsSdkPackageVersion = 10.0.19041.55
                           MinimumNETVersion = 6.0
                       10.0.19041.0
                           WindowsSdkPackageVersion = 10.0.19041.56
                           MinimumNETVersion = 8.0
                       10.0.20348.0
                           WindowsSdkPackageVersion = 10.0.20348.55
                           MinimumNETVersion = 6.0
                       10.0.20348.0
                           WindowsSdkPackageVersion = 10.0.20348.26
                           MinimumNETVersion = 5.0
                       10.0.20348.0
                           WindowsSdkPackageVersion = 10.0.20348.56
                           MinimumNETVersion = 8.0
                       10.0.22000.0
                           WindowsSdkPackageVersion = 10.0.22000.56
                           MinimumNETVersion = 8.0
                       10.0.22000.0
                           WindowsSdkPackageVersion = 10.0.22000.26
                           MinimumNETVersion = 5.0
                       10.0.22000.0
                           WindowsSdkPackageVersion = 10.0.22000.55
                           MinimumNETVersion = 6.0
                       10.0.22621.0
                           WindowsSdkPackageVersion = 10.0.22621.56
                           MinimumNETVersion = 8.0
                       10.0.22621.0
                           WindowsSdkPackageVersion = 10.0.22621.55
                           MinimumNETVersion = 6.0
                       10.0.26100.0
                           WindowsSdkPackageVersion = 10.0.26100.56
                           MinimumNETVersion = 8.0
                       10.0.26100.0
                           WindowsSdkPackageVersion = 10.0.26100.55
                           MinimumNETVersion = 6.0
                       7.0
                       8.0

13:12:34.996     1>Project "C:\sharon\projects\celestial-mechanics-desktop\src\CelestialMechanics.Desktop\CelestialMechanics.Desktop.csproj" (1) is building "C:\sharon\projects\celestial-mechanics-desktop\src\CelestialMechanics.AppCore\CelestialMechanics.AppCore.csproj" (2) on node 1 (GetTargetFrameworks target(s)).
13:12:35.129     2>Target "GetTargetFrameworksWithPlatformForSingleTargetFramework: (TargetId:26)" in file "C:\Program Files\dotnet\sdk\8.0.419\Microsoft.Common.CurrentVersion.targets" from project "C:\sharon\projects\celestial-mechanics-desktop\src\CelestialMechanics.AppCore\CelestialMechanics.AppCore.csproj" (target "GetTargetFrameworks" depends on it):
13:12:35.129     2>Added Item(s): 
    _AdditionalTargetFrameworkInfoPropertyWithValue=
        SelfContained
                Value=
                   Added Item(s): 
                       _AdditionalTargetFrameworkInfoPropertyWithValue=
                           _IsExecutable
                                   Value=
                   Added Item(s): 
                       _AdditionalTargetFrameworkInfoPropertyWithValue=
                           IsRidAgnostic
                                   Value=true
                   Added Item(s): 
                       _AdditionalTargetFrameworkInfoPropertyWithValue=
                           ShouldBeValidatedAsExecutableReference
                                   Value=
                   Added Item(s): 
                       _AdditionalTargetFrameworkInfoPropertyWithValue=
                           _SelfContainedWasSpecified
                                   Value=
                   Using "CombineTargetFrameworkInfoProperties" task from assembly "Microsoft.Build.Tasks.Core, Version=15.1.0.0, Culture=neutral, PublicKeyToken=b03f5f7f11d50a3a".
                   Task "CombineTargetFrameworkInfoProperties" (TaskId:15)
                     Task Parameter:UseAttributeForTargetFrameworkInfoPropertyNames=True (TaskId:15)
                     Task Parameter:RootElementName=net8.0 (TaskId:15)
                     Task Parameter:
                         PropertiesAndValues=
                             SelfContained
                                     Value=
                             _IsExecutable
                                     Value=
                             IsRidAgnostic
                                     Value=true
                             ShouldBeValidatedAsExecutableReference
                                     Value=
                             _SelfContainedWasSpecified
                                     Value= (TaskId:15)
                     Output Property: _AdditionalTargetFrameworkInfoProperties=<TargetFramework Name="net8.0">
                       <SelfContained></SelfContained>
                       <_IsExecutable></_IsExecutable>
                       <IsRidAgnostic>true</IsRidAgnostic>
                       <ShouldBeValidatedAsExecutableReference></ShouldBeValidatedAsExecutableReference>
                       <_SelfContainedWasSpecified></_SelfContainedWasSpecified>
                     </TargetFramework> (TaskId:15)
                   Done executing task "CombineTargetFrameworkInfoProperties". (TaskId:15)
                   Added Item(s): 
                       _TargetFrameworkInfo=
                           net8.0
                                   AdditionalPropertiesFromProject=<TargetFramework Name="net8.0">
                     <SelfContained></SelfContained>
                     <_IsExecutable></_IsExecutable>
                     <IsRidAgnostic>true</IsRidAgnostic>
                     <ShouldBeValidatedAsExecutableReference></ShouldBeValidatedAsExecutableReference>
                     <_SelfContainedWasSpecified></_SelfContainedWasSpecified>
                   </TargetFramework>
                                   IsRidAgnostic=true
                                   TargetFrameworkMonikers=.NETCoreApp,Version=v8.0
                                   TargetFrameworks=net8.0
                                   TargetPlatformMonikers=None
13:12:35.138     2>Done building target "GetTargetFrameworksWithPlatformForSingleTargetFramework" in project "CelestialMechanics.AppCore.csproj".: (TargetId:26)
13:12:35.138     2>Target "GetTargetFrameworks: (TargetId:27)" in file "C:\Program Files\dotnet\sdk\8.0.419\Microsoft.Common.CurrentVersion.targets" from project "C:\sharon\projects\celestial-mechanics-desktop\src\CelestialMechanics.AppCore\CelestialMechanics.AppCore.csproj" (entry point):
                   Task "Error" skipped, due to false condition; ('$(IsCrossTargetingBuild)' == 'true') was evaluated as ('' == 'true').
                   Using "CombineXmlElements" task from assembly "Microsoft.Build.Tasks.Core, Version=15.1.0.0, Culture=neutral, PublicKeyToken=b03f5f7f11d50a3a".
                   Task "CombineXmlElements" (TaskId:16)
                     Task Parameter:RootElementName=AdditionalProjectProperties (TaskId:16)
                     Task Parameter:
                         XmlElements=
                             <TargetFramework Name="net8.0">
                       <SelfContained></SelfContained>
                       <_IsExecutable></_IsExecutable>
                       <IsRidAgnostic>true</IsRidAgnostic>
                       <ShouldBeValidatedAsExecutableReference></ShouldBeValidatedAsExecutableReference>
                       <_SelfContainedWasSpecified></_SelfContainedWasSpecified>
                     </TargetFramework>
                                     AdditionalPropertiesFromProject=<TargetFramework Name="net8.0">
                       <SelfContained></SelfContained>
                       <_IsExecutable></_IsExecutable>
                       <IsRidAgnostic>true</IsRidAgnostic>
                       <ShouldBeValidatedAsExecutableReference></ShouldBeValidatedAsExecutableReference>
                       <_SelfContainedWasSpecified></_SelfContainedWasSpecified>
                     </TargetFramework>
                                     IsRidAgnostic=true
                                     TargetFrameworkMonikers=.NETCoreApp,Version=v8.0
                                     TargetFrameworks=net8.0
                                     TargetPlatformMonikers=None (TaskId:16)
                     Output Property: _AdditionalPropertiesFromProject=<AdditionalProjectProperties>
                       <TargetFramework Name="net8.0">
                         <SelfContained></SelfContained>
                         <_IsExecutable></_IsExecutable>
                         <IsRidAgnostic>true</IsRidAgnostic>
                         <ShouldBeValidatedAsExecutableReference></ShouldBeValidatedAsExecutableReference>
                         <_SelfContainedWasSpecified></_SelfContainedWasSpecified>
                       </TargetFramework>
                     </AdditionalProjectProperties> (TaskId:16)
                   Done executing task "CombineXmlElements". (TaskId:16)
                   Added Item(s): 
                       _ThisProjectBuildMetadata=
                           C:\sharon\projects\celestial-mechanics-desktop\src\CelestialMechanics.AppCore\CelestialMechanics.AppCore.csproj
                                   AdditionalPropertiesFromProject=<AdditionalProjectProperties>
                     <TargetFramework Name="net8.0">
                       <SelfContained></SelfContained>
                       <_IsExecutable></_IsExecutable>
                       <IsRidAgnostic>true</IsRidAgnostic>
                       <ShouldBeValidatedAsExecutableReference></ShouldBeValidatedAsExecutableReference>
                       <_SelfContainedWasSpecified></_SelfContainedWasSpecified>
                     </TargetFramework>
                   </AdditionalProjectProperties>
                                   HasSingleTargetFramework=true
                                   IsRidAgnostic=true
                                   Platform=AnyCPU
                                   Platforms=AnyCPU
                                   TargetFrameworkMonikers=.NETCoreApp,Version=v8.0
                                   TargetFrameworks=net8.0
                                   TargetPlatformMonikers=None
13:12:35.140     2>Done building target "GetTargetFrameworks" in project "CelestialMechanics.AppCore.csproj".: (TargetId:27)
13:12:35.140     2>Done Building Project "C:\sharon\projects\celestial-mechanics-desktop\src\CelestialMechanics.AppCore\CelestialMechanics.AppCore.csproj" (GetTargetFrameworks target(s)).
13:12:37.031     0>The SDK "Microsoft.NET.Sdk" was successfully resolved by the "DefaultSdkResolver" resolver to location "C:\Program Files\dotnet\sdk\8.0.419\Sdks\Microsoft.NET.Sdk\Sdk" and version "".
                   Property 'MSBuildExtensionsPath' with value 'C:\Program Files\dotnet\sdk\8.0.419\' expanded from the environment.
                   Property reassignment: $(MSBuildProjectExtensionsPath)="C:\sharon\projects\celestial-mechanics-desktop\src\CelestialMechanics.Renderer\obj\" (previous value: "obj\") at C:\Program Files\dotnet\sdk\8.0.419\Current\Microsoft.Common.props (60,5)
                   Property 'USERPROFILE' with value 'C:\Users\Lenovo' expanded from the environment.
                   Property 'MSBuildUserExtensionsPath' with value 'C:\Users\Lenovo\AppData\Local\Microsoft\MSBuild' expanded from the environment.
                   Property reassignment: $(AssemblySearchPaths)="{CandidateAssemblyFiles};{HintPathFromItem}" (previous value: "{CandidateAssemblyFiles}") at C:\Program Files\dotnet\sdk\8.0.419\Sdks\Microsoft.NET.Sdk\targets\Microsoft.NET.Sdk.props (91,5)
                   Property reassignment: $(AssemblySearchPaths)="{CandidateAssemblyFiles};{HintPathFromItem};{TargetFrameworkDirectory}" (previous value: "{CandidateAssemblyFiles};{HintPathFromItem}") at C:\Program Files\dotnet\sdk\8.0.419\Sdks\Microsoft.NET.Sdk\targets\Microsoft.NET.Sdk.props (92,5)
                   Property reassignment: $(AssemblySearchPaths)="{CandidateAssemblyFiles};{HintPathFromItem};{TargetFrameworkDirectory};{RawFileName}" (previous value: "{CandidateAssemblyFiles};{HintPathFromItem};{TargetFrameworkDirectory}") at C:\Program Files\dotnet\sdk\8.0.419\Sdks\Microsoft.NET.Sdk\targets\Microsoft.NET.Sdk.props (93,5)
                   The "DefaultSdkResolver" resolver attempted to resolve the SDK "Microsoft.NET.SDK.WorkloadAutoImportPropsLocator".
                   Warnings: null
                   Errors: MSB4276: The default SDK resolver failed to resolve SDK "Microsoft.NET.SDK.WorkloadAutoImportPropsLocator" because directory "C:\Program Files\dotnet\sdk\8.0.419\Sdks\Microsoft.NET.SDK.WorkloadAutoImportPropsLocator\Sdk" did not exist.
                   The SDK "Microsoft.NET.SDK.WorkloadAutoImportPropsLocator" was successfully resolved by the "Microsoft.DotNet.MSBuildWorkloadSdkResolver" resolver to location "null" and version "null".
                   Property reassignment: $(TargetsForTfmSpecificContentInPackage)=";PackTool;_PackProjectToolValidation" (previous value: ";PackTool") at C:\Program Files\dotnet\sdk\8.0.419\Sdks\Microsoft.NET.Sdk\targets\Microsoft.NET.PackProjectTool.props (15,5)
                   Property reassignment: $(AllowUnsafeBlocks)="true" (previous value: "false") at C:\sharon\projects\celestial-mechanics-desktop\src\CelestialMechanics.Renderer\CelestialMechanics.Renderer.csproj (19,5)
                   Property reassignment: $(PublishProfileImported)="false" (previous value: "true") at C:\Program Files\dotnet\sdk\8.0.419\Sdks\Microsoft.NET.Sdk\targets\Microsoft.NET.Sdk.ImportPublishProfile.targets (28,5)
                   Property reassignment: $(TargetPlatformVersion)="" (previous value: "0.0") at C:\Program Files\dotnet\sdk\8.0.419\Sdks\Microsoft.NET.Sdk\targets\Microsoft.NET.TargetFrameworkInference.targets (69,5)
                   Property reassignment: $(DefaultItemExcludes)=";bin\Debug\/**;obj\Debug\/**" (previous value: ";bin\Debug\/**") at C:\Program Files\dotnet\sdk\8.0.419\Sdks\Microsoft.NET.Sdk\targets\Microsoft.NET.DefaultOutputPaths.targets (122,5)
                   Property reassignment: $(OutputPath)="bin\Debug\net8.0\" (previous value: "bin\Debug\") at C:\Program Files\dotnet\sdk\8.0.419\Sdks\Microsoft.NET.Sdk\targets\Microsoft.NET.DefaultOutputPaths.targets (137,5)
                   Property reassignment: $(IntermediateOutputPath)="obj\Debug\net8.0\" (previous value: "obj\Debug\") at C:\Program Files\dotnet\sdk\8.0.419\Sdks\Microsoft.NET.Sdk\targets\Microsoft.NET.DefaultOutputPaths.targets (142,5)
                   The "DefaultSdkResolver" resolver attempted to resolve the SDK "Microsoft.NET.SDK.WorkloadManifestTargetsLocator".
                   Warnings: null
                   Errors: MSB4276: The default SDK resolver failed to resolve SDK "Microsoft.NET.SDK.WorkloadManifestTargetsLocator" because directory "C:\Program Files\dotnet\sdk\8.0.419\Sdks\Microsoft.NET.SDK.WorkloadManifestTargetsLocator\Sdk" did not exist.
                   The SDK "Microsoft.NET.SDK.WorkloadManifestTargetsLocator" was successfully resolved by the "Microsoft.DotNet.MSBuildWorkloadSdkResolver" resolver to location "C:\Program Files\dotnet\sdk-manifests\8.0.100\microsoft.net.sdk.android\34.0.43" and version "null".
                   Property reassignment: $(_FrameworkIdentifierForImplicitDefine)="NET" (previous value: "NETCOREAPP") at C:\Program Files\dotnet\sdk\8.0.419\Sdks\Microsoft.NET.Sdk\targets\Microsoft.NET.Sdk.BeforeCommon.targets (187,5)
                   Property reassignment: $(_FrameworkVersionForImplicitDefine)="8_0" (previous value: "8.0") at C:\Program Files\dotnet\sdk\8.0.419\Sdks\Microsoft.NET.Sdk\targets\Microsoft.NET.Sdk.BeforeCommon.targets (192,5)
                   Property reassignment: $(CommandLineArgsForDesignTimeEvaluation)="-langversion:12.0 -define:TRACE" (previous value: "-langversion:12.0") at C:\Program Files\dotnet\sdk\8.0.419\Roslyn\Microsoft.CSharp.Core.targets (200,5)
                   Property reassignment: $(_DebugSymbolsProduced)="true" (previous value: "false") at C:\Program Files\dotnet\sdk\8.0.419\Microsoft.Common.CurrentVersion.targets (175,5)
                   Property reassignment: $(_DocumentationFileProduced)="false" (previous value: "true") at C:\Program Files\dotnet\sdk\8.0.419\Microsoft.Common.CurrentVersion.targets (185,5)
                   The "BuildProjectReferences" property is a global property, and cannot be modified.
                   The "BuildProjectReferences" property is a global property, and cannot be modified.
                   Property reassignment: $(MSBuildCopyMarkerName)="Celestia.D712E8F0" (previous value: "CelestialMechanics.Renderer.csproj") at C:\Program Files\dotnet\sdk\8.0.419\Microsoft.Common.CurrentVersion.targets (392,5)
                   Property reassignment: $(MSBuildCopyMarkerName)="Celestia.D712E8F0.Up2Date" (previous value: "Celestia.D712E8F0") at C:\Program Files\dotnet\sdk\8.0.419\Microsoft.Common.CurrentVersion.targets (393,5)
                   Property reassignment: $(ProcessorArchitecture)="msil" (previous value: "") at C:\Program Files\dotnet\sdk\8.0.419\Microsoft.Common.CurrentVersion.targets (541,5)
                   Property reassignment: $(DelaySign)="" (previous value: "false") at C:\Program Files\dotnet\sdk\8.0.419\Microsoft.Common.CurrentVersion.targets (580,5)
                   Property 'LOCALAPPDATA' with value 'C:\Users\Lenovo\AppData\Local' expanded from the environment.
                   Property reassignment: $(_SGenGenerateSerializationAssembliesConfig)="Auto" (previous value: "") at C:\Program Files\dotnet\sdk\8.0.419\Microsoft.Common.CurrentVersion.targets (3896,5)
                   Property reassignment: $(_SGenGenerateSerializationAssembliesConfig)="Off" (previous value: "Auto") at C:\Program Files\dotnet\sdk\8.0.419\Microsoft.Common.CurrentVersion.targets (3897,5)
                   Property reassignment: $(_TargetsThatPrepareProjectReferences)="
                         AssignProjectConfiguration;
                         _SplitProjectReferencesByFileExistence
                       " (previous value: "_SplitProjectReferencesByFileExistence") at C:\Program Files\dotnet\sdk\8.0.419\Microsoft.Common.CurrentVersion.targets (5099,5)
                   Property 'MSBuildExtensionsPath32' with value 'C:\Program Files\dotnet\sdk\8.0.419' expanded from the environment.
                   Property reassignment: $(ProjectAssetsCacheFile)="C:\sharon\projects\celestial-mechanics-desktop\src\CelestialMechanics.Renderer\obj\Debug\net8.0\CelestialMechanics.Renderer.assets.cache" (previous value: "obj\Debug\net8.0\CelestialMechanics.Renderer.assets.cache") at C:\Program Files\dotnet\sdk\8.0.419\Sdks\Microsoft.NET.Sdk\targets\Microsoft.PackageDependencyResolution.targets (29,5)
                   Property reassignment: $(ResolveAssemblyReferencesDependsOn)="
                         
                         ResolveProjectReferences;
                         FindInvalidProjectReferences;
                         GetFrameworkPaths;
                         GetReferenceAssemblyPaths;
                         PrepareForBuild;
                         ResolveSDKReferences;
                         ExpandSDKReferences;
                       ;
                         ResolvePackageDependenciesForBuild;
                         _HandlePackageFileConflicts;
                       " (previous value: "
                         ResolveProjectReferences;
                         FindInvalidProjectReferences;
                         GetFrameworkPaths;
                         GetReferenceAssemblyPaths;
                         PrepareForBuild;
                         ResolveSDKReferences;
                         ExpandSDKReferences;
                       ") at C:\Program Files\dotnet\sdk\8.0.419\Sdks\Microsoft.NET.Sdk\targets\Microsoft.PackageDependencyResolution.targets (80,5)
                   Property reassignment: $(PrepareResourcesDependsOn)="
                         ResolvePackageDependenciesForBuild;
                         _HandlePackageFileConflicts;
                         
                         ;
                         PrepareResourceNames;
                         ResGen;
                         CompileLicxFiles
                       
                       " (previous value: "
                         ;
                         PrepareResourceNames;
                         ResGen;
                         CompileLicxFiles
                       ") at C:\Program Files\dotnet\sdk\8.0.419\Sdks\Microsoft.NET.Sdk\targets\Microsoft.PackageDependencyResolution.targets (86,5)
                   Property reassignment: $(DefaultItemExcludes)=";bin\Debug\/**;obj\Debug\/**;bin\/**" (previous value: ";bin\Debug\/**;obj\Debug\/**") at C:\Program Files\dotnet\sdk\8.0.419\Sdks\Microsoft.NET.Sdk\targets\Microsoft.NET.Sdk.DefaultItems.targets (27,5)
                   Property reassignment: $(DefaultItemExcludes)=";bin\Debug\/**;obj\Debug\/**;bin\/**;obj\/**" (previous value: ";bin\Debug\/**;obj\Debug\/**;bin\/**") at C:\Program Files\dotnet\sdk\8.0.419\Sdks\Microsoft.NET.Sdk\targets\Microsoft.NET.Sdk.DefaultItems.targets (29,5)
                   Property reassignment: $(DefaultItemExcludes)=";bin\Debug\/**;obj\Debug\/**;bin\/**;obj\/**;**/*.user" (previous value: ";bin\Debug\/**;obj\Debug\/**;bin\/**;obj\/**") at C:\Program Files\dotnet\sdk\8.0.419\Sdks\Microsoft.NET.Sdk\targets\Microsoft.NET.Sdk.DefaultItems.targets (32,5)
                   Property reassignment: $(DefaultItemExcludes)=";bin\Debug\/**;obj\Debug\/**;bin\/**;obj\/**;**/*.user;**/*.*proj" (previous value: ";bin\Debug\/**;obj\Debug\/**;bin\/**;obj\/**;**/*.user") at C:\Program Files\dotnet\sdk\8.0.419\Sdks\Microsoft.NET.Sdk\targets\Microsoft.NET.Sdk.DefaultItems.targets (33,5)
                   Property reassignment: $(DefaultItemExcludes)=";bin\Debug\/**;obj\Debug\/**;bin\/**;obj\/**;**/*.user;**/*.*proj;**/*.sln" (previous value: ";bin\Debug\/**;obj\Debug\/**;bin\/**;obj\/**;**/*.user;**/*.*proj") at C:\Program Files\dotnet\sdk\8.0.419\Sdks\Microsoft.NET.Sdk\targets\Microsoft.NET.Sdk.DefaultItems.targets (34,5)
                   Property reassignment: $(DefaultItemExcludes)=";bin\Debug\/**;obj\Debug\/**;bin\/**;obj\/**;**/*.user;**/*.*proj;**/*.sln;**/*.vssscc" (previous value: ";bin\Debug\/**;obj\Debug\/**;bin\/**;obj\/**;**/*.user;**/*.*proj;**/*.sln") at C:\Program Files\dotnet\sdk\8.0.419\Sdks\Microsoft.NET.Sdk\targets\Microsoft.NET.Sdk.DefaultItems.targets (35,5)
                   Property reassignment: $(DefaultItemExcludes)=";bin\Debug\/**;obj\Debug\/**;bin\/**;obj\/**;**/*.user;**/*.*proj;**/*.sln;**/*.vssscc;**/.DS_Store" (previous value: ";bin\Debug\/**;obj\Debug\/**;bin\/**;obj\/**;**/*.user;**/*.*proj;**/*.sln;**/*.vssscc") at C:\Program Files\dotnet\sdk\8.0.419\Sdks\Microsoft.NET.Sdk\targets\Microsoft.NET.Sdk.DefaultItems.targets (36,5)
                   Property reassignment: $(ResolveAssemblyReferencesDependsOn)="
                         
                         
                         ResolveProjectReferences;
                         FindInvalidProjectReferences;
                         GetFrameworkPaths;
                         GetReferenceAssemblyPaths;
                         PrepareForBuild;
                         ResolveSDKReferences;
                         ExpandSDKReferences;
                       ;
                         ResolvePackageDependenciesForBuild;
                         _HandlePackageFileConflicts;
                       ;
                         ResolveTargetingPackAssets;
                       " (previous value: "
                         
                         ResolveProjectReferences;
                         FindInvalidProjectReferences;
                         GetFrameworkPaths;
                         GetReferenceAssemblyPaths;
                         PrepareForBuild;
                         ResolveSDKReferences;
                         ExpandSDKReferences;
                       ;
                         ResolvePackageDependenciesForBuild;
                         _HandlePackageFileConflicts;
                       ") at C:\Program Files\dotnet\sdk\8.0.419\Sdks\Microsoft.NET.Sdk\targets\Microsoft.NET.Sdk.FrameworkReferenceResolution.targets (14,5)
                   Property reassignment: $(_GenerateRuntimeConfigurationPropertyInputsCache)="C:\sharon\projects\celestial-mechanics-desktop\src\CelestialMechanics.Renderer\obj\Debug\net8.0\CelestialMechanics.Renderer.genruntimeconfig.cache" (previous value: "obj\Debug\net8.0\CelestialMechanics.Renderer.genruntimeconfig.cache") at C:\Program Files\dotnet\sdk\8.0.419\Sdks\Microsoft.NET.Sdk\targets\Microsoft.NET.Sdk.targets (44,5)
                   Property reassignment: $(_GeneratePublishDependencyFilePropertyInputsCache)="C:\sharon\projects\celestial-mechanics-desktop\src\CelestialMechanics.Renderer\obj\Debug\net8.0\CelestialMechanics.Renderer.genpublishdeps.cache" (previous value: "obj\Debug\net8.0\CelestialMechanics.Renderer.genpublishdeps.cache") at C:\Program Files\dotnet\sdk\8.0.419\Sdks\Microsoft.NET.Sdk\targets\Microsoft.NET.Sdk.targets (46,5)
                   Property reassignment: $(_GenerateSingleFileBundlePropertyInputsCache)="C:\sharon\projects\celestial-mechanics-desktop\src\CelestialMechanics.Renderer\obj\Debug\net8.0\CelestialMechanics.Renderer.genbundle.cache" (previous value: "obj\Debug\net8.0\CelestialMechanics.Renderer.genbundle.cache") at C:\Program Files\dotnet\sdk\8.0.419\Sdks\Microsoft.NET.Sdk\targets\Microsoft.NET.Sdk.targets (48,5)
                   Property reassignment: $(GenerateRuntimeConfigDevFile)="false" (previous value: "true") at C:\Program Files\dotnet\sdk\8.0.419\Sdks\Microsoft.NET.Sdk\targets\Microsoft.NET.Sdk.targets (81,5)
                   Property reassignment: $(_DefaultUserProfileRuntimeStorePath)="C:\Users\Lenovo" (previous value: "") at C:\Program Files\dotnet\sdk\8.0.419\Sdks\Microsoft.NET.Sdk\targets\Microsoft.NET.Sdk.targets (97,5)
                   Property reassignment: $(_DefaultUserProfileRuntimeStorePath)="C:\Users\Lenovo\.dotnet\store" (previous value: "C:\Users\Lenovo") at C:\Program Files\dotnet\sdk\8.0.419\Sdks\Microsoft.NET.Sdk\targets\Microsoft.NET.Sdk.targets (98,5)
                   Property reassignment: $(AvailablePlatforms)="Any CPU,x86,x64,ARM32" (previous value: "Any CPU,x86,x64") at C:\Program Files\dotnet\sdk\8.0.419\Sdks\Microsoft.NET.Sdk\targets\Microsoft.NET.Sdk.targets (136,5)
                   Property reassignment: $(AvailablePlatforms)="Any CPU,x86,x64,ARM32,ARM64" (previous value: "Any CPU,x86,x64,ARM32") at C:\Program Files\dotnet\sdk\8.0.419\Sdks\Microsoft.NET.Sdk\targets\Microsoft.NET.Sdk.targets (140,5)
                   Property reassignment: $(CoreBuildDependsOn)="
                         _CheckForBuildWithNoBuild;
                         
                         BuildOnlySettings;
                         PrepareForBuild;
                         PreBuildEvent;
                         ResolveReferences;
                         PrepareResources;
                         ResolveKeySource;
                         Compile;
                         ExportWindowsMDFile;
                         UnmanagedUnregistration;
                         GenerateSerializationAssemblies;
                         CreateSatelliteAssemblies;
                         GenerateManifests;
                         GetTargetPath;
                         PrepareForRun;
                         UnmanagedRegistration;
                         IncrementalClean;
                         PostBuildEvent
                       ;
                         GenerateBuildDependencyFile;
                         GenerateBuildRuntimeConfigurationFiles
                       " (previous value: "
                         BuildOnlySettings;
                         PrepareForBuild;
                         PreBuildEvent;
                         ResolveReferences;
                         PrepareResources;
                         ResolveKeySource;
                         Compile;
                         ExportWindowsMDFile;
                         UnmanagedUnregistration;
                         GenerateSerializationAssemblies;
                         CreateSatelliteAssemblies;
                         GenerateManifests;
                         GetTargetPath;
                         PrepareForRun;
                         UnmanagedRegistration;
                         IncrementalClean;
                         PostBuildEvent
                       ") at C:\Program Files\dotnet\sdk\8.0.419\Sdks\Microsoft.NET.Sdk\targets\Microsoft.NET.Sdk.targets (197,5)
                   Property reassignment: $(CoreCleanDependsOn)="
                         _SdkBeforeClean;
                         
                       " (previous value: "") at C:\Program Files\dotnet\sdk\8.0.419\Sdks\Microsoft.NET.Sdk\targets\Microsoft.NET.Sdk.targets (206,5)
                   Property reassignment: $(RebuildDependsOn)="
                         _SdkBeforeRebuild;
                         
                         BeforeRebuild;
                         Clean;
                         Build;
                         AfterRebuild;
                       
                       " (previous value: "
                         BeforeRebuild;
                         Clean;
                         Build;
                         AfterRebuild;
                       ") at C:\Program Files\dotnet\sdk\8.0.419\Sdks\Microsoft.NET.Sdk\targets\Microsoft.NET.Sdk.targets (213,5)
                   Property reassignment: $(CompileDependsOn)="
                         
                         ResolveReferences;
                         ResolveKeySource;
                         SetWin32ManifestProperties;
                         _SetPreferNativeArm64Win32ManifestProperties;
                         FindReferenceAssembliesForReferences;
                         _GenerateCompileInputs;
                         BeforeCompile;
                         _TimeStampBeforeCompile;
                         _GenerateCompileDependencyCache;
                         CoreCompile;
                         _TimeStampAfterCompile;
                         AfterCompile;
                       ;
                         _CreateAppHost;
                         _CreateComHost;
                         _GetIjwHostPaths;
                       " (previous value: "
                         ResolveReferences;
                         ResolveKeySource;
                         SetWin32ManifestProperties;
                         _SetPreferNativeArm64Win32ManifestProperties;
                         FindReferenceAssembliesForReferences;
                         _GenerateCompileInputs;
                         BeforeCompile;
                         _TimeStampBeforeCompile;
                         _GenerateCompileDependencyCache;
                         CoreCompile;
                         _TimeStampAfterCompile;
                         AfterCompile;
                       ") at C:\Program Files\dotnet\sdk\8.0.419\Sdks\Microsoft.NET.Sdk\targets\Microsoft.NET.Sdk.targets (679,5)
                   Property reassignment: $(CreateSatelliteAssembliesDependsOn)="
                         
                         ;
                         _GenerateSatelliteAssemblyInputs;
                         ComputeIntermediateSatelliteAssemblies;
                         GenerateSatelliteAssemblies
                       ;
                         CoreGenerateSatelliteAssemblies
                       " (previous value: "
                         ;
                         _GenerateSatelliteAssemblyInputs;
                         ComputeIntermediateSatelliteAssemblies;
                         GenerateSatelliteAssemblies
                       ") at C:\Program Files\dotnet\sdk\8.0.419\Sdks\Microsoft.NET.Sdk\targets\Microsoft.NET.Sdk.targets (1065,5)
                   Property reassignment: $(SourceLinkUrlInitializerTargets)=";_InitializeGitHubSourceLinkUrl;_InitializeGitLabSourceLinkUrl" (previous value: ";_InitializeGitHubSourceLinkUrl") at C:\Program Files\dotnet\sdk\8.0.419\Sdks\Microsoft.SourceLink.GitLab\build\Microsoft.SourceLink.GitLab.targets (12,5)
                   Property reassignment: $(SourceControlManagerUrlTranslationTargets)=";TranslateGitHubUrlsInSourceControlInformation;TranslateGitLabUrlsInSourceControlInformation" (previous value: ";TranslateGitHubUrlsInSourceControlInformation") at C:\Program Files\dotnet\sdk\8.0.419\Sdks\Microsoft.SourceLink.GitLab\build\Microsoft.SourceLink.GitLab.targets (13,5)
                   Property reassignment: $(SourceLinkUrlInitializerTargets)=";_InitializeGitHubSourceLinkUrl;_InitializeGitLabSourceLinkUrl;_InitializeAzureReposGitSourceLinkUrl" (previous value: ";_InitializeGitHubSourceLinkUrl;_InitializeGitLabSourceLinkUrl") at C:\Program Files\dotnet\sdk\8.0.419\Sdks\Microsoft.SourceLink.AzureRepos.Git\build\Microsoft.SourceLink.AzureRepos.Git.targets (12,5)
                   Property reassignment: $(SourceControlManagerUrlTranslationTargets)=";TranslateGitHubUrlsInSourceControlInformation;TranslateGitLabUrlsInSourceControlInformation;TranslateAzureReposGitUrlsInSourceControlInformation" (previous value: ";TranslateGitHubUrlsInSourceControlInformation;TranslateGitLabUrlsInSourceControlInformation") at C:\Program Files\dotnet\sdk\8.0.419\Sdks\Microsoft.SourceLink.AzureRepos.Git\build\Microsoft.SourceLink.AzureRepos.Git.targets (13,5)
                   Property reassignment: $(SourceLinkUrlInitializerTargets)=";_InitializeGitHubSourceLinkUrl;_InitializeGitLabSourceLinkUrl;_InitializeAzureReposGitSourceLinkUrl;_InitializeBitbucketGitSourceLinkUrl" (previous value: ";_InitializeGitHubSourceLinkUrl;_InitializeGitLabSourceLinkUrl;_InitializeAzureReposGitSourceLinkUrl") at C:\Program Files\dotnet\sdk\8.0.419\Sdks\Microsoft.SourceLink.Bitbucket.Git\build\Microsoft.SourceLink.Bitbucket.Git.targets (12,5)
                   Property reassignment: $(SourceControlManagerUrlTranslationTargets)=";TranslateGitHubUrlsInSourceControlInformation;TranslateGitLabUrlsInSourceControlInformation;TranslateAzureReposGitUrlsInSourceControlInformation;TranslateBitbucketGitUrlsInSourceControlInformation" (previous value: ";TranslateGitHubUrlsInSourceControlInformation;TranslateGitLabUrlsInSourceControlInformation;TranslateAzureReposGitUrlsInSourceControlInformation") at C:\Program Files\dotnet\sdk\8.0.419\Sdks\Microsoft.SourceLink.Bitbucket.Git\build\Microsoft.SourceLink.Bitbucket.Git.targets (13,5)
                   Property reassignment: $(DesignerRuntimeImplementationProjectOutputGroupDependsOn)="
                         
                         ;
                         
                         ;
                         BuildOnlySettings;
                         PrepareForBuild;
                         AssignTargetPaths;
                         ResolveReferences
                       
                       ;
                         _GenerateDesignerDepsFile;
                         _GenerateDesignerRuntimeConfigFile;
                         GetCopyToOutputDirectoryItems;
                         _GatherDesignerShadowCopyFiles;
                       " (previous value: "
                         ;
                         
                         ;
                         BuildOnlySettings;
                         PrepareForBuild;
                         AssignTargetPaths;
                         ResolveReferences
                       
                       ") at C:\Program Files\dotnet\sdk\8.0.419\Sdks\Microsoft.NET.Sdk\targets\Microsoft.NET.DesignerSupport.targets (21,5)
                   Property reassignment: $(_GenerateToolsSettingsFileCacheFile)="C:\sharon\projects\celestial-mechanics-desktop\src\CelestialMechanics.Renderer\obj\Debug\net8.0\CelestialMechanics.Renderer.toolssettingsinput.cache" (previous value: "obj\Debug\net8.0\CelestialMechanics.Renderer.toolssettingsinput.cache") at C:\Program Files\dotnet\sdk\8.0.419\Sdks\Microsoft.NET.Sdk\targets\Microsoft.NET.PackTool.targets (68,5)
                   Property reassignment: $(_ShimInputCacheFile)="C:\sharon\projects\celestial-mechanics-desktop\src\CelestialMechanics.Renderer\obj\Debug\net8.0\CelestialMechanics.Renderer.shiminput.cache" (previous value: "obj\Debug\net8.0\CelestialMechanics.Renderer.shiminput.cache") at C:\Program Files\dotnet\sdk\8.0.419\Sdks\Microsoft.NET.Sdk\targets\Microsoft.NET.PackTool.targets (137,5)
                   Property reassignment: $(_ShimCreatedSentinelFile)="C:\sharon\projects\celestial-mechanics-desktop\src\CelestialMechanics.Renderer\obj\Debug\net8.0\CelestialMechanics.Renderer.shimcreated.sentinel" (previous value: "obj\Debug\net8.0\CelestialMechanics.Renderer.shimcreated.sentinel") at C:\Program Files\dotnet\sdk\8.0.419\Sdks\Microsoft.NET.Sdk\targets\Microsoft.NET.PackTool.targets (139,5)
                   Property reassignment: $(DefineConstants)="TRACE;DEBUG" (previous value: "TRACE") at C:\Program Files\dotnet\sdk\8.0.419\Sdks\Microsoft.NET.Sdk\targets\Microsoft.NET.Sdk.CSharp.targets (31,5)
                   Property reassignment: $(DefineConstants)="TRACE;DEBUG;NET;NET8_0;NETCOREAPP" (previous value: "TRACE;DEBUG") at C:\Program Files\dotnet\sdk\8.0.419\Sdks\Microsoft.NET.Sdk\targets\Microsoft.NET.Sdk.CSharp.targets (34,5)
                   Property reassignment: $(WarningsAsErrors)=";NU1605;SYSLIB0011" (previous value: ";NU1605") at C:\Program Files\dotnet\sdk\8.0.419\Sdks\Microsoft.NET.Sdk\targets\Microsoft.NET.Sdk.CSharp.targets (48,5)
                   Property reassignment: $(PackageDescription)="Package Description" (previous value: "") at C:\Program Files\dotnet\sdk\8.0.419\Sdks\NuGet.Build.Tasks.Pack\build\NuGet.Build.Tasks.Pack.targets (34,5)
                   Property reassignment: $(GenerateNuspecDependsOn)="Build;_LoadPackInputItems; _GetTargetFrameworksOutput; _WalkEachTargetPerFramework; _GetPackageFiles; " (previous value: "_LoadPackInputItems; _GetTargetFrameworksOutput; _WalkEachTargetPerFramework; _GetPackageFiles; ") at C:\Program Files\dotnet\sdk\8.0.419\Sdks\NuGet.Build.Tasks.Pack\build\NuGet.Build.Tasks.Pack.targets (59,5)
                   Property reassignment: $(_IsNotSetContainersTargetsDir)="true" (previous value: "false") at C:\Program Files\dotnet\sdk\8.0.419\Sdks\Microsoft.NET.Sdk\Sdk\Sdk.targets (59,5)
                   Property reassignment: $(_IsSDKContainerAllowedVersion)="true" (previous value: "false") at C:\Program Files\dotnet\sdk\8.0.419\Containers\build\Microsoft.NET.Build.Containers.targets (5,5)
                   Property reassignment: $(_ContainerIsTargetingNet8TFM)="true" (previous value: "false") at C:\Program Files\dotnet\sdk\8.0.419\Containers\build\Microsoft.NET.Build.Containers.targets (15,5)
                   Overriding target "ResolveFrameworkReferences" in project "C:\Program Files\dotnet\sdk\8.0.419\Microsoft.Common.CurrentVersion.targets" with target "ResolveFrameworkReferences" from project "C:\Program Files\dotnet\sdk\8.0.419\Sdks\Microsoft.NET.Sdk\targets\Microsoft.NET.Sdk.FrameworkReferenceResolution.targets".
                   Overriding target "Run" in project "C:\Program Files\dotnet\sdk\8.0.419\Microsoft.Common.CurrentVersion.targets" with target "Run" from project "C:\Program Files\dotnet\sdk\8.0.419\Sdks\Microsoft.NET.Sdk\targets\Microsoft.NET.Sdk.targets".
                   Overriding target "GenerateSupportedTargetFrameworkAlias" in project "C:\Program Files\dotnet\sdk\8.0.419\Microsoft.Common.CurrentVersion.targets" with target "GenerateSupportedTargetFrameworkAlias" from project "C:\Program Files\dotnet\sdk\8.0.419\Sdks\Microsoft.NET.Sdk\targets\Microsoft.NET.Sdk.targets".
                   Overriding target "GetReferenceAssemblyPaths" in project "C:\Program Files\dotnet\sdk\8.0.419\Microsoft.Common.CurrentVersion.targets" with target "GetReferenceAssemblyPaths" from project "C:\Program Files\dotnet\sdk\8.0.419\Sdks\Microsoft.NET.Sdk\targets\Microsoft.NET.DisableStandardFrameworkResolution.targets".
                   Overriding target "GetFrameworkPaths" in project "C:\Program Files\dotnet\sdk\8.0.419\Microsoft.Common.CurrentVersion.targets" with target "GetFrameworkPaths" from project "C:\Program Files\dotnet\sdk\8.0.419\Sdks\Microsoft.NET.Sdk\targets\Microsoft.NET.DisableStandardFrameworkResolution.targets".
                   Overriding target "DesignerRuntimeImplementationProjectOutputGroup" in project "C:\Program Files\dotnet\sdk\8.0.419\Microsoft.Common.CurrentVersion.targets" with target "DesignerRuntimeImplementationProjectOutputGroup" from project "C:\Program Files\dotnet\sdk\8.0.419\Sdks\Microsoft.NET.Sdk\targets\Microsoft.NET.DesignerSupport.targets".
                   Overriding target "Publish" in project "C:\Program Files\dotnet\sdk\8.0.419\Microsoft.Common.CurrentVersion.targets" with target "Publish" from project "C:\Program Files\dotnet\sdk\8.0.419\Sdks\Microsoft.NET.Sdk\targets\Microsoft.NET.Publish.targets".
                   Overriding target "ResolveReadyToRunCompilers" in project "C:\Program Files\dotnet\sdk\8.0.419\Sdks\Microsoft.NET.Sdk\targets\Microsoft.NET.CrossGen.targets" with target "ResolveReadyToRunCompilers" from project "C:\Program Files\dotnet\sdk\8.0.419\Sdks\Microsoft.NET.Sdk\targets\Microsoft.NET.Publish.targets".
                   Overriding target "GetCopyToPublishDirectoryItems" in project "C:\Program Files\dotnet\sdk\8.0.419\Microsoft.Common.CurrentVersion.targets" with target "GetCopyToPublishDirectoryItems" from project "C:\Program Files\dotnet\sdk\8.0.419\Sdks\Microsoft.NET.Sdk\targets\Microsoft.NET.Publish.targets".
                   The target "ResolveNuGetPackageAssets" listed in an AfterTargets attribute at "C:\Users\Lenovo\.nuget\packages\system.text.json\9.0.9\buildTransitive\net8.0\System.Text.Json.targets (11,11)" does not exist in the project, and will be ignored.
                   The target "ResolveNuGetPackageAssets" listed in an AfterTargets attribute at "C:\Users\Lenovo\.nuget\packages\system.text.json\9.0.9\buildTransitive\net8.0\System.Text.Json.targets (23,11)" does not exist in the project, and will be ignored.
13:12:37.071     0>Initial Properties:
                   __DisableWorkloadResolverSentinelPath = C:\Program Files\dotnet\sdk\8.0.419\DisableWorkloadResolver.sentinel
                   __WindowsAppSdkDefaultImageIncludes = **/*.png;**/*.bmp;**/*.jpg;**/*.dds;**/*.tif;**/*.tga;**/*.gif
                   _AfterSdkPublishDependsOn = Publish
                   _BeforePublishNoBuildTargets = 
                         BuildOnlySettings;
                         _PreventProjectReferencesFromBuilding;
                         ResolveReferences;
                         PrepareResourceNames;
                         ComputeIntermediateSatelliteAssemblies;
                         ComputeEmbeddedApphostPaths;
                       
                   _BinaryFormatterObsoleteAsError = true
                   _ContainerIsSelfContained = false
                   _ContainerIsTargetingNet8TFM = true
                   _ContainersTargetsDir = C:\Program Files\dotnet\sdk\8.0.419\Sdks\Microsoft.NET.Sdk\Sdk\..\..\..\Containers\build\
                   _CorePublishTargets = 
                         PrepareForPublish;
                         ComputeAndCopyFilesToPublishDirectory;
                         ;
                         PublishItemsOutputGroup;
                       
                   _DebugSymbolsProduced = true
                   _DefaultArtifactsPathPropsImported = true
                   _DefaultUserProfileRuntimeStorePath = C:\Users\Lenovo\.dotnet\store
                   _DeploymentApplicationManifestIdentity = Native.CelestialMechanics.Renderer
                   _DeploymentBuiltUpdateInterval = 0
                   _DeploymentBuiltUpdateIntervalUnits = Days
                   _DeploymentDeployManifestIdentity = CelestialMechanics.Renderer.application
                   _DeploymentFileMappingExtension = 
                   _DeploymentLauncherBased = true
                   _DeploymentTargetApplicationManifestFileName = Native.CelestialMechanics.Renderer.manifest
                   _DeploymentUrl = 
                   _DesignerDepsFileName = CelestialMechanics.Renderer.designer.deps.json
                   _DesignerDepsFilePath = obj\Debug\net8.0\CelestialMechanics.Renderer.designer.deps.json
                   _DesignerRuntimeConfigFileName = CelestialMechanics.Renderer.designer.runtimeconfig.json
                   _DesignerRuntimeConfigFilePath = obj\Debug\net8.0\CelestialMechanics.Renderer.designer.runtimeconfig.json
                   _DirectoryBuildPropsBasePath = 
                   _DirectoryBuildPropsFile = Directory.Build.props
                   _DirectoryBuildTargetsBasePath = 
                   _DirectoryBuildTargetsFile = Directory.Build.targets
                   _DirectoryPackagesPropsBasePath = 
                   _DirectoryPackagesPropsFile = Directory.Packages.props
                   _DocumentationFileProduced = false
                   _DotNetAppHostExecutableName = apphost
                   _DotNetAppHostExecutableNameWithoutExtension = apphost
                   _DotNetComHostLibraryName = comhost
                   _DotNetComHostLibraryNameWithoutExtension = comhost
                   _DotNetHostExecutableName = dotnet
                   _DotNetHostFxrLibraryName = libhostfxr.so
                   _DotNetHostPolicyLibraryName = libhostpolicy.so
                   _DotNetIjwHostLibraryName = Ijwhost
                   _DotNetIjwHostLibraryNameWithoutExtension = Ijwhost
                   _DotNetSingleFileHostExecutableNameWithoutExtension = singlefilehost
                   _EnableDefaultWindowsPlatform = false
                   _FrameworkIdentifierForImplicitDefine = NET
                   _FrameworkVersionForImplicitDefine = 8_0
                   _GenerateBindingRedirectsIntermediateAppConfig = obj\Debug\net8.0\CelestialMechanics.Renderer.dll.config
                   _GeneratePublishDependencyFilePropertyInputsCache = C:\sharon\projects\celestial-mechanics-desktop\src\CelestialMechanics.Renderer\obj\Debug\net8.0\CelestialMechanics.Renderer.genpublishdeps.cache
                   _GenerateRestoreGraphProjectEntryInputProperties = ExcludeRestorePackageImports=true
                   _GenerateRuntimeConfigurationPropertyInputsCache = C:\sharon\projects\celestial-mechanics-desktop\src\CelestialMechanics.Renderer\obj\Debug\net8.0\CelestialMechanics.Renderer.genruntimeconfig.cache
                   _GenerateSingleFileBundlePropertyInputsCache = C:\sharon\projects\celestial-mechanics-desktop\src\CelestialMechanics.Renderer\obj\Debug\net8.0\CelestialMechanics.Renderer.genbundle.cache
                   _GenerateSourceLinkFileBeforeTargets = CoreCompile
                   _GenerateSourceLinkFileDependsOnTargets = 
                   _GenerateSupportedRuntimeIntermediateAppConfig = obj\Debug\net8.0\CelestialMechanics.Renderer.dll.withSupportedRuntime.config
                   _GenerateToolsSettingsFileCacheFile = C:\sharon\projects\celestial-mechanics-desktop\src\CelestialMechanics.Renderer\obj\Debug\net8.0\CelestialMechanics.Renderer.toolssettingsinput.cache
                   _GetChildProjectCopyToOutputDirectoryItems = true
                   _GetChildProjectCopyToPublishDirectoryItems = true
                   _InitialBaseIntermediateOutputPath = obj\
                   _InitialMSBuildProjectExtensionsPath = C:\sharon\projects\celestial-mechanics-desktop\src\CelestialMechanics.Renderer\obj\
                   _IsNETCoreOrNETStandard = true
                   _IsNotSetContainersTargetsDir = true
                   _IsSDKContainerAllowedVersion = true
                   _LatestAnalysisLevel = 8.0
                   _MaxSupportedLangVersion = 12.0
                   _MicrosoftSourceLinkCommonAssemblyFile = C:\Program Files\dotnet\sdk\8.0.419\Sdks\Microsoft.SourceLink.Common\build\..\tools\core\Microsoft.SourceLink.Common.dll
                   _MinimumNonEolSupportedNetCoreTargetFramework = net8.0
                   _NativeLibraryExtension = .so
                   _NativeLibraryPrefix = lib
                   _NETAnalyzersSDKAssemblyVersion = 8.0.0
                   _NETCoreSdkIsPreview = false
                   _NetFrameworkHostedCompilersVersion = 4.11.0-3.25569.22
                   _NoneAnalysisLevel = 4.0
                   _NugetFallbackFolder = C:\Program Files\dotnet\sdk\8.0.419\Sdks\Microsoft.NET.Sdk\targets\..\..\..\..\NuGetFallbackFolder
                   _NugetTargetMonikerAndRID = .NETCoreApp,Version=v8.0
                   _OriginalConfiguration = Debug
                   _OriginalPlatform = AnyCPU
                   _PackToolPublishDependency = _PublishBuildAlternative
                   _PlatformWithoutConfigurationInference = AnyCPU
                   _PreviewAnalysisLevel = 9.0
                   _ProjectDefaultTargets = Build
                   _PublishNoBuildAlternativeDependsOn = 
                         BuildOnlySettings;
                         _PreventProjectReferencesFromBuilding;
                         ResolveReferences;
                         PrepareResourceNames;
                         ComputeIntermediateSatelliteAssemblies;
                         ComputeEmbeddedApphostPaths;
                       ;
                         PrepareForPublish;
                         ComputeAndCopyFilesToPublishDirectory;
                         ;
                         PublishItemsOutputGroup;
                       
                   _PublishProfileDesignerFolder = Properties
                   _PublishProfileRootFolder = C:\sharon\projects\celestial-mechanics-desktop\src\CelestialMechanics.Renderer\Properties\PublishProfiles\
                   _RecursiveTargetForContentCopying = GetCopyToOutputDirectoryItems
                   _ResolveReferenceDependencies = false
                   _RuntimePackInWorkloadVersion6 = 6.0.36
                   _RuntimePackInWorkloadVersion7 = 7.0.20
                   _RuntimePackInWorkloadVersionCurrent = 8.0.25
                   _SGenDllCreated = false
                   _SGenDllName = CelestialMechanics.Renderer.XmlSerializers.dll
                   _SGenGenerateSerializationAssembliesConfig = Off
                   _ShimCreatedSentinelFile = C:\sharon\projects\celestial-mechanics-desktop\src\CelestialMechanics.Renderer\obj\Debug\net8.0\CelestialMechanics.Renderer.shimcreated.sentinel
                   _ShimInputCacheFile = C:\sharon\projects\celestial-mechanics-desktop\src\CelestialMechanics.Renderer\obj\Debug\net8.0\CelestialMechanics.Renderer.shiminput.cache
                   _SourceLinkAzureReposGitAssemblyFile = C:\Program Files\dotnet\sdk\8.0.419\Sdks\Microsoft.SourceLink.AzureRepos.Git\build\..\tools\core\Microsoft.SourceLink.AzureRepos.Git.dll
                   _SourceLinkBitbucketAssemblyFile = C:\Program Files\dotnet\sdk\8.0.419\Sdks\Microsoft.SourceLink.Bitbucket.Git\build\..\tools\core\Microsoft.SourceLink.Bitbucket.Git.dll
                   _SourceLinkGitHubAssemblyFile = C:\Program Files\dotnet\sdk\8.0.419\Sdks\Microsoft.SourceLink.GitHub\build\..\tools\core\Microsoft.SourceLink.GitHub.dll
                   _SourceLinkGitLabAssemblyFile = C:\Program Files\dotnet\sdk\8.0.419\Sdks\Microsoft.SourceLink.GitLab\build\..\tools\core\Microsoft.SourceLink.GitLab.dll
                   _SourceLinkPropsImported = true
                   _SourceLinkSdkSubDir = build
                   _SupportedArchitectures = amd64 arm64
                   _SupportedPlatformList = @(SupportedPlatform, ',')
                   _TargetFrameworkDirectories = 
                   _TargetFrameworkVersionValue = 0.0
                   _TargetFrameworkVersionWithoutV = 8.0
                   _TargetLatestRuntimePatchIsDefault = true
                   _TargetsThatPrepareProjectReferences = 
                         AssignProjectConfiguration;
                         _SplitProjectReferencesByFileExistence
                       
                   _ToolsSettingsFilePath = obj\DotnetToolSettings.xml
                   _UseAttributeForTargetFrameworkInfoPropertyNames = true
                   _UsingDefaultForHasRuntimeOutput = true
                   _UsingDefaultPlatformTarget = true
                   _WindowsDesktopSdkTargetFrameworkVersionFloor = 3.0
                   _WorkloadLibraryPacksFolder = C:\Program Files\dotnet\library-packs
                   AddAdditionalExplicitAssemblyReferences = false
                   AllowedOutputExtensionsInPackageBuildOutputFolder = .dll; .exe; .winmd; .json; .pri; .xml ;
                   AllowedOutputExtensionsInSymbolsPackageBuildOutputFolder = .pdb; .mdb; .dll; .exe; .winmd; .json; .pri; .xml ;; 
                   AllowedReferenceAssemblyFileExtensions = 
                         .winmd;
                         .dll;
                         .exe
                       
                   AllowedReferenceRelatedFileExtensions = 
                         .pdb;
                         .xml;
                         .pri;
                         .dll.config;
                         .exe.config
                       
                   AllowUnsafeBlocks = true
                   AlwaysIncludeCoreFrameworkInRuntimeConfig = true
                   AlwaysUseNumericalSuffixInItemNames = true
                   AnalysisLevel = latest
                   ApiCompatValidatePackageSemaphoreFile = obj\Debug\net8.0\Microsoft.NET.ApiCompat.ValidatePackage.semaphore
                   AppDesignerFolder = Properties
                   AppendPlatformToOutputPath = false
                   AppendRuntimeIdentifierToOutputPath = true
                   AppendTargetFrameworkToOutputPath = true
                   AssemblyFoldersConfigFile = C:\Program Files\dotnet\sdk\8.0.419\AssemblyFolders.config
                   AssemblyFoldersSuffix = AssemblyFoldersEx
                   AssemblyName = CelestialMechanics.Renderer
                   AssemblySearchPaths = {CandidateAssemblyFiles};{HintPathFromItem};{TargetFrameworkDirectory};{RawFileName}
                   AssemblyTitle = CelestialMechanics.Renderer
                   AssetTargetFallback = ;net461;net462;net47;net471;net472;net48;net481
                   AssignTargetPathsDependsOn = 
                   Authors = CelestialMechanics.Renderer
                   AutomaticallyUseReferenceAssemblyPackages = true
                   AutoUnifyAssemblyReferences = true
                   AvailablePlatforms = Any CPU,x86,x64,ARM32,ARM64
                   BackwardsCompatFrameworkDefine = NETCOREAPP
                   BaseIntermediateOutputPath = obj\
                   BaseOutputPath = bin\
                   BaseOutputPathWasSpecified = true
                   BuildCompileAction = Build
                   BuildDependsOn = 
                         BeforeBuild;
                         CoreBuild;
                         AfterBuild
                       
                   BuildGenerateSourcesAction = Build
                   BuildingProject = false
                   BuildInParallel = true
                   BuildLinkAction = Build
                   BuildOutputTargetFolder = lib
                   BuildProjectReferences = false
                   BuiltProjectOutputGroupDependenciesDependsOn = 
                         ;
                         
                         ;
                         BuildOnlySettings;
                         PrepareForBuild;
                         AssignTargetPaths;
                         ResolveReferences
                       
                       
                   BuiltProjectOutputGroupDependsOn = PrepareForBuild
                   BundledNETCoreAppPackageVersion = 8.0.25
                   BundledNETCoreAppTargetFrameworkVersion = 8.0
                   BundledNETCorePlatformsPackageVersion = 8.0.25-servicing.26112.3
                   BundledNETStandardPackageVersion = 2.1.0
                   BundledNETStandardTargetFrameworkVersion = 2.1
                   BundledRuntimeIdentifierGraphFile = C:\Program Files\dotnet\sdk\8.0.419\RuntimeIdentifierGraph.json
                   CheckEolWorkloads = true
                   CheckForOverflowUnderflow = false
                   CleanDependsOn = 
                         BeforeClean;
                         UnmanagedUnregistration;
                         CoreClean;
                         CleanReferencedProjects;
                         CleanPublishFolder;
                         AfterClean
                       
                   CleanFile = CelestialMechanics.Renderer.csproj.FileListAbsolute.txt
                   ClickOncePublishDir = bin\Debug\net8.0\publish\
                   CodeAnalysisRuleIds = CA1000;CA1001;CA1002;CA1003;CA1005;CA1008;CA1010;CA1012;CA1014;CA1016;CA1017;CA1018;CA1019;CA1021;CA1024;CA1027;CA1028;CA1030;CA1031;CA1032;CA1033;CA1034;CA1036;CA1040;CA1041;CA1043;CA1044;CA1045;CA1046;CA1047;CA1050;CA1051;CA1052;CA1054;CA1055;CA1056;CA1058;CA1060;CA1061;CA1062;CA1063;CA1064;CA1065;CA1066;CA1067;CA1068;CA1069;CA1070;CA1200;CA1303;CA1304;CA1305;CA1307;CA1308;CA1309;CA1310;CA1311;CA1401;CA1416;CA1417;CA1418;CA1419;CA1420;CA1421;CA1422;CA1501;CA1502;CA1505;CA1506;CA1507;CA1508;CA1509;CA1510;CA1511;CA1512;CA1513;CA1700;CA1707;CA1708;CA1710;CA1711;CA1712;CA1713;CA1715;CA1716;CA1720;CA1721;CA1724;CA1725;CA1727;CA1802;CA1805;CA1806;CA1810;CA1812;CA1813;CA1814;CA1815;CA1816;CA1819;CA1820;CA1821;CA1822;CA1823;CA1824;CA1825;CA1826;CA1827;CA1828;CA1829;CA1830;CA1831;CA1832;CA1833;CA1834;CA1835;CA1836;CA1837;CA1838;CA1839;CA1840;CA1841;CA1842;CA1843;CA1844;CA1845;CA1846;CA1847;CA1848;CA1849;CA1850;CA1851;CA1852;CA1853;CA1854;CA1855;CA1856;CA1857;CA1858;CA1859;CA1860;CA1861;CA1862;CA1863;CA1864;CA1865;CA1866;CA1867;CA1868;CA1869;CA1870;CA2000;CA2002;CA2007;CA2008;CA2009;CA2011;CA2012;CA2013;CA2014;CA2015;CA2016;CA2017;CA2018;CA2019;CA2020;CA2021;CA2100;CA2101;CA2119;CA2153;CA2200;CA2201;CA2207;CA2208;CA2211;CA2213;CA2214;CA2215;CA2216;CA2217;CA2218;CA2219;CA2224;CA2225;CA2226;CA2227;CA2231;CA2234;CA2235;CA2237;CA2241;CA2242;CA2243;CA2244;CA2245;CA2246;CA2247;CA2248;CA2249;CA2250;CA2251;CA2252;CA2253;CA2254;CA2255;CA2256;CA2257;CA2258;CA2259;CA2260;CA2261;CA2300;CA2301;CA2302;CA2305;CA2310;CA2311;CA2312;CA2315;CA2321;CA2322;CA2326;CA2327;CA2328;CA2329;CA2330;CA2350;CA2351;CA2352;CA2353;CA2354;CA2355;CA2356;CA2361;CA2362;CA3001;CA3002;CA3003;CA3004;CA3005;CA3006;CA3007;CA3008;CA3009;CA3010;CA3011;CA3012;CA3061;CA3075;CA3076;CA3077;CA3147;CA5350;CA5351;CA5358;CA5359;CA5360;CA5361;CA5362;CA5363;CA5364;CA5365;CA5366;CA5367;CA5368;CA5369;CA5370;CA5371;CA5372;CA5373;CA5374;CA5375;CA5376;CA5377;CA5378;CA5379;CA5380;CA5381;CA5382;CA5383;CA5384;CA5385;CA5386;CA5387;CA5388;CA5389;CA5390;CA5391;CA5392;CA5393;CA5394;CA5395;CA5396;CA5397;CA5398;CA5399;CA5400;CA5401;CA5402;CA5403;CA5404;CA5405
                   CodeAnalysisTargets = C:\Program Files\dotnet\sdk\8.0.419\Microsoft\VisualStudio\v17.0\CodeAnalysis\Microsoft.CodeAnalysis.targets
                   CommandLineArgsForDesignTimeEvaluation = -langversion:12.0 -define:TRACE
                   CommonOutputGroupsDependsOn = 
                         ;
                         BuildOnlySettings;
                         PrepareForBuild;
                         AssignTargetPaths;
                         ResolveReferences
                       
                   CommonTargetsPath = C:\Program Files\dotnet\sdk\8.0.419\Microsoft.Common.CurrentVersion.targets
                   CommonXamlResourcesDirectory = C:\Program Files\dotnet\sdk\8.0.419\\
                   Company = CelestialMechanics.Renderer
                   CompileDependsOn = 
                         
                         ResolveReferences;
                         ResolveKeySource;
                         SetWin32ManifestProperties;
                         _SetPreferNativeArm64Win32ManifestProperties;
                         FindReferenceAssembliesForReferences;
                         _GenerateCompileInputs;
                         BeforeCompile;
                         _TimeStampBeforeCompile;
                         _GenerateCompileDependencyCache;
                         CoreCompile;
                         _TimeStampAfterCompile;
                         AfterCompile;
                       ;
                         _CreateAppHost;
                         _CreateComHost;
                         _GetIjwHostPaths;
                       
                   CompileLicxFilesDependsOn = 
                   CompilerApiVersion = roslyn4.11
                   CompilerGeneratedFilesOutputPath = 
                   ComputeIntermediateSatelliteAssembliesDependsOn = 
                         CreateManifestResourceNames
                       
                   ComputeNETCoreBuildOutputFiles = true
                   ComReferenceExecuteAsTool = false
                   ComReferenceNoClassMembers = false
                   Configuration = Debug
                   ConfigurationName = Debug
                   Configurations = Debug;Release
                   ConsiderPlatformAsProcessorArchitecture = true
                   ContainerCustomTasksAssembly = C:\Program Files\dotnet\sdk\8.0.419\Containers\build\..\tasks\net8.0\Microsoft.NET.Build.Containers.dll
                   ContainerCustomTasksFolder = C:\Program Files\dotnet\sdk\8.0.419\Containers\build\..\tasks\net8.0\
                   ContainerizeFolder = C:\Program Files\dotnet\sdk\8.0.419\Containers\build\..\containerize\
                   ContainerizeFolderName = containerize
                   ContainerTaskFolderName = tasks
                   ContainerTaskFramework = net8.0
                   ContentFilesProjectOutputGroupDependsOn = PrepareForBuild;AssignTargetPaths
                   ContentPreprocessorOutputDirectory = obj\Debug\net8.0\NuGet\
                   ContentTargetFolders = content;contentFiles
                   ContinueOnError = false
                   CopyBuildOutputToPublishDirectory = true
                   CopyConflictingTransitiveContent = false
                   CopyLocalLockFileAssemblies = false
                   CopyOutputSymbolsToPublishDirectory = true
                   CoreBuildDependsOn = 
                         _CheckForBuildWithNoBuild;
                         
                         BuildOnlySettings;
                         PrepareForBuild;
                         PreBuildEvent;
                         ResolveReferences;
                         PrepareResources;
                         ResolveKeySource;
                         Compile;
                         ExportWindowsMDFile;
                         UnmanagedUnregistration;
                         GenerateSerializationAssemblies;
                         CreateSatelliteAssemblies;
                         GenerateManifests;
                         GetTargetPath;
                         PrepareForRun;
                         UnmanagedRegistration;
                         IncrementalClean;
                         PostBuildEvent
                       ;
                         GenerateBuildDependencyFile;
                         GenerateBuildRuntimeConfigurationFiles
                       
                   CoreCleanDependsOn = 
                         _SdkBeforeClean;
                         
                       
                   CoreCompileDependsOn = ;_ComputeNonExistentFileProperty;ResolveCodeAnalysisRuleSet
                   CoreResGenDependsOn = FindReferenceAssembliesForReferences
                   CreateCustomManifestResourceNamesDependsOn = 
                   CreateHardLinksForCopyAdditionalFilesIfPossible = false
                   CreateManifestResourceNamesDependsOn = 
                   CreateSatelliteAssembliesDependsOn = 
                         
                         ;
                         _GenerateSatelliteAssemblyInputs;
                         ComputeIntermediateSatelliteAssemblies;
                         GenerateSatelliteAssemblies
                       ;
                         CoreGenerateSatelliteAssemblies
                       
                   CreateSymbolicLinksForCopyAdditionalFilesIfPossible = false
                   CSharpCoreTargetsPath = C:\Program Files\dotnet\sdk\8.0.419\Roslyn\Microsoft.CSharp.Core.targets
                   CSharpDesignTimeTargetsPath = C:\Program Files\dotnet\sdk\8.0.419\\Microsoft\VisualStudio\Managed\Microsoft.CSharp.DesignTime.targets
                   CSharpTargetsPath = C:\Program Files\dotnet\sdk\8.0.419\Microsoft.CSharp.CurrentVersion.targets
                   CustomAfterDirectoryBuildProps = ;C:\Program Files\dotnet\sdk\8.0.419\Sdks\Microsoft.NET.Sdk\Sdk\UseArtifactsOutputPath.props
                   CustomAfterMicrosoftCommonProps = C:\Program Files\dotnet\sdk\8.0.419\\vCurrent\Custom.After.Microsoft.Common.props
                   CustomAfterMicrosoftCommonTargets = C:\Program Files\dotnet\sdk\8.0.419\\vCurrent\Custom.After.Microsoft.Common.targets
                   CustomAfterMicrosoftCSharpTargets = C:\Program Files\dotnet\sdk\8.0.419\\vCurrent\Custom.After.Microsoft.CSharp.targets
                   CustomBeforeMicrosoftCommonProps = C:\Program Files\dotnet\sdk\8.0.419\\vCurrent\Custom.Before.Microsoft.Common.props
                   CustomBeforeMicrosoftCommonTargets = C:\Program Files\dotnet\sdk\8.0.419\\vCurrent\Custom.Before.Microsoft.Common.targets
                   CustomBeforeMicrosoftCSharpTargets = C:\Program Files\dotnet\sdk\8.0.419\\vCurrent\Custom.Before.Microsoft.CSharp.targets
                   DebugSymbols = true
                   DebugSymbolsProjectOutputGroupDependenciesDependsOn = 
                         ;
                         
                         ;
                         BuildOnlySettings;
                         PrepareForBuild;
                         AssignTargetPaths;
                         ResolveReferences
                       
                       
                   DebugSymbolsProjectOutputGroupDependsOn = 
                   DebugType = portable
                   DefaultAllowedOutputExtensionsInPackageBuildOutputFolder = .dll; .exe; .winmd; .json; .pri; .xml
                   DefaultCopyToPublishDirectoryMetadata = true
                   DefaultExcludesInProjectFolder = ;;**/.*/**
                   DefaultImplicitPackages = Microsoft.NETCore.App;NETStandard.Library
                   DefaultItemExcludes = ;bin\Debug\/**;obj\Debug\/**;bin\/**;obj\/**;**/*.user;**/*.*proj;**/*.sln;**/*.vssscc;**/.DS_Store
                   DefaultLanguageSourceExtension = .cs
                   DefaultProjectTypeGuid = {FAE04EC0-301F-11D3-BF4B-00C04F79EFBC}
                   DefineCommonCapabilities = true
                   DefineCommonItemSchemas = true
                   DefineCommonReferenceSchemas = true
                   DefineConstants = TRACE;DEBUG;NET;NET8_0;NETCOREAPP
                   DelaySign = 
                   DeploymentComputeClickOnceManifestInfoDependsOn = 
                         CleanPublishFolder;
                         GetCopyToOutputDirectoryItems;
                         _DeploymentGenerateTrustInfo
                         
                       
                   DesignerRuntimeImplementationProjectOutputGroupDependsOn = 
                         
                         ;
                         
                         ;
                         BuildOnlySettings;
                         PrepareForBuild;
                         AssignTargetPaths;
                         ResolveReferences
                       
                       ;
                         _GenerateDesignerDepsFile;
                         _GenerateDesignerRuntimeConfigFile;
                         GetCopyToOutputDirectoryItems;
                         _GatherDesignerShadowCopyFiles;
                       
                   DesignTimeAssemblySearchPaths = {CandidateAssemblyFiles};{HintPathFromItem};{TargetFrameworkDirectory};{RawFileName}
                   DesignTimeAutoUnify = true
                   DesignTimeResolveAssemblyReferencesDependsOn = 
                         GetFrameworkPaths;
                         GetReferenceAssemblyPaths;
                         ResolveReferences
                       
                   Deterministic = true
                   DevEnvDir = *Undefined*
                   DisableHandlePackageFileConflicts = true
                   DisableLogTaskParameter_ConvertToAbsolutePath_Path = true
                   DisableLogTaskParameter_FindUnderPath_OutOfPath = true
                   DisableLogTaskParameter_RemoveDuplicates_Inputs = true
                   DisableLogTaskParameterItemMetadata_ConvertToAbsolutePath_AbsolutePaths = true
                   DisableLogTaskParameterItemMetadata_Copy_CopiedFiles = true
                   DisableLogTaskParameterItemMetadata_Copy_DestinationFiles = true
                   DisableLogTaskParameterItemMetadata_Copy_SourceFiles = true
                   DisableLogTaskParameterItemMetadata_FindUnderPath_Files = true
                   DisableLogTaskParameterItemMetadata_FindUnderPath_InPath = true
                   DisableLogTaskParameterItemMetadata_GenerateResource_FilesWritten = true
                   DisableLogTaskParameterItemMetadata_Hash_ItemsToHash = true
                   DisableLogTaskParameterItemMetadata_RemoveDuplicates_Filtered = true
                   DisableLogTaskParameterItemMetadata_WriteLinesToFile_Lines = true
                   DisableStandardFrameworkResolution = true
                   DocumentationFile = 
                   DocumentationProjectOutputGroupDependenciesDependsOn = 
                         ;
                         
                         ;
                         BuildOnlySettings;
                         PrepareForBuild;
                         AssignTargetPaths;
                         ResolveReferences
                       
                       
                   DocumentationProjectOutputGroupDependsOn = 
                   DOTNET_CLI_TELEMETRY_SESSIONID = 46fa066a-fdfe-42d4-b84d-b1e860616f88
                   DOTNET_HOST_PATH = C:\Program Files\dotnet\dotnet.exe
                   DotNetApiCompatTaskAssembly = C:\Program Files\dotnet\sdk\8.0.419\Sdks\Microsoft.NET.Sdk\targets\..\tools\net8.0\Microsoft.DotNet.ApiCompat.Task.dll
                   DotnetCliToolTargetFramework = netcoreapp2.2
                   EffectiveAnalysisLevel = 8.0
                   EffectiveCodeAnalysisTreatWarningsAsErrors = 
                   EmbeddedResourceUseDependentUponConvention = true
                   EmbeddedWin32Manifest = 
                   EmbedUntrackedSources = true
                   EmitAssetsLogMessages = true
                   EmitCompilerGeneratedFiles = false
                   EmitLegacyAssetsFileItems = false
                   EnableDefaultCompileItems = true
                   EnableDefaultEmbeddedResourceItems = true
                   EnableDefaultItems = true
                   EnableDefaultNoneItems = true
                   EnableFrameworkPathOverride = false
                   EnableNETAnalyzers = true
                   EnableSourceControlManagerQueries = true
                   EnableSourceLink = true
                   EnableUnsafeBinaryFormatterSerialization = false
                   EnableWebSdkImplicitPackageVersions = false
                   EnforceCodeStyleInBuild = false
                   ErrorReport = prompt
                   ExpandSDKAllowedReferenceExtensions = 
                         .winmd;
                         .dll
                       
                   ExpandSDKReferencesDependsOn = 
                         ResolveSDKReferences
                       
                   FileAlignment = 512
                   FindInvalidProjectReferencesDependsOn = 
                         GetReferenceTargetPlatformMonikers
                       
                   Framework20Dir = @(_TargetFramework20DirectoryItem)
                   Framework30Dir = @(_TargetFramework30DirectoryItem)
                   Framework35Dir = @(_TargetFramework35DirectoryItem)
                   Framework40Dir = @(_TargetFramework40DirectoryItem)
                   FrameworkDir = @(_TargetFramework40DirectoryItem)
                   FrameworkPathOverride = 
                   FrameworkRegistryBase = Software\Microsoft\.NETCoreApp
                   FrameworkSDKDir = @(_TargetFrameworkSDKDirectoryItem)
                   FullReferenceAssemblyNames = Full
                   GenerateAssemblyCompanyAttribute = true
                   GenerateAssemblyConfigurationAttribute = true
                   GenerateAssemblyCopyrightAttribute = true
                   GenerateAssemblyDescriptionAttribute = true
                   GenerateAssemblyFileVersionAttribute = true
                   GenerateAssemblyInfo = true
                   GenerateAssemblyInformationalVersionAttribute = true
                   GenerateAssemblyMetadataAttributes = true
                   GenerateAssemblyProductAttribute = true
                   GenerateAssemblyTitleAttribute = true
                   GenerateAssemblyTrademarkAttribute = true
                   GenerateAssemblyVersionAttribute = true
                   GeneratedAssemblyInfoFile = obj\Debug\net8.0\CelestialMechanics.Renderer.AssemblyInfo.cs
                   GenerateDependencyFile = true
                   GeneratedGlobalUsingsFile = obj\Debug\net8.0\CelestialMechanics.Renderer.GlobalUsings.g.cs
                   GenerateDisableRuntimeMarshallingAttribute = true
                   GenerateDocumentationFile = false
                   GenerateFullPaths = true
                   GenerateInternalsVisibleToAttributes = true
                   GenerateManifestsDependsOn = 
                         SetWin32ManifestProperties;
                         GenerateApplicationManifest;
                         GenerateDeploymentManifest
                       
                   GenerateNeutralResourcesLanguageAttribute = true
                   GenerateNuspecDependsOn = Build;_LoadPackInputItems; _GetTargetFrameworksOutput; _WalkEachTargetPerFramework; _GetPackageFiles; 
                   GeneratePackageOnBuild = false
                   GenerateRepositoryUrlAttribute = true
                   GenerateRequiresPreviewFeaturesAttribute = true
                   GenerateResourceMSBuildArchitecture = CurrentArchitecture
                   GenerateResourceMSBuildRuntime = CurrentRuntime
                   GenerateResourceUsePreserializedResources = true
                   GenerateResourceWarnOnBinaryFormatterUse = true
                   GenerateRuntimeConfigDevFile = false
                   GenerateSatelliteAssembliesForCore = true
                   GenerateSupportedOSPlatformAttribute = true
                   GenerateTargetFrameworkAttribute = true
                   GenerateTargetPlatformAttribute = true
                   GetCopyToOutputDirectoryItemsDependsOn = 
                         AssignTargetPaths;
                         
                         AssignProjectConfiguration;
                         _SplitProjectReferencesByFileExistence
                       ;
                         _GetProjectReferenceTargetFrameworkProperties;
                         _PopulateCommonStateForGetCopyToOutputDirectoryItems
                       
                   GetFrameworkPathsDependsOn = 
                   GetReferenceNearestTargetFrameworkTaskSupportsTargetPlatformParameter = true
                   GetTargetPathDependsOn = 
                   GetTargetPathWithTargetPlatformMonikerDependsOn = 
                   HasRuntimeOutput = 
                   HideWarningsAndErrors = false
                   HighEntropyVA = true
                   ImplicitConfigurationDefine = DEBUG
                   ImplicitFrameworkDefine = NET8_0
                   ImplicitUsings = enable
                   ImportByWildcardAfterMicrosoftCommonProps = true
                   ImportByWildcardAfterMicrosoftCommonTargets = true
                   ImportByWildcardAfterMicrosoftCSharpTargets = true
                   ImportByWildcardBeforeMicrosoftCommonProps = true
                   ImportByWildcardBeforeMicrosoftCommonTargets = true
                   ImportByWildcardBeforeMicrosoftCSharpTargets = true
                   ImportDirectoryBuildProps = true
                   ImportDirectoryBuildTargets = true
                   ImportDirectoryPackagesProps = true
                   ImportFrameworkWinFXTargets = false
                   ImportNuGetBuildTasksPackTargetsFromSdk = true
                   ImportProjectExtensionProps = true
                   ImportProjectExtensionTargets = true
                   ImportUserLocationsByWildcardAfterMicrosoftCommonProps = true
                   ImportUserLocationsByWildcardAfterMicrosoftCommonTargets = true
                   ImportUserLocationsByWildcardAfterMicrosoftCSharpTargets = true
                   ImportUserLocationsByWildcardBeforeMicrosoftCommonProps = true
                   ImportUserLocationsByWildcardBeforeMicrosoftCommonTargets = true
                   ImportUserLocationsByWildcardBeforeMicrosoftCSharpTargets = true
                   IncludeBuildOutput = true
                   IncludeContentInPack = true
                   IncludeFileVersionsInDependencyFile = true
                   IncludeMainProjectInDepsFile = true
                   IncludeProjectsNotInAssetsFileInDepsFile = true
                   IncludeSourceRevisionInInformationalVersion = true
                   IncludeSymbolsInSingleFile = false
                   InnerBuildProperty = TargetFramework
                   InnerBuildPropertyValues = TargetFrameworks
                   IntermediateOutputPath = obj\Debug\net8.0\
                   IsNetCoreAppTargetingLatestTFM = true
                   IsPackable = true
                   IsPublishable = true
                   IsRestoreTargetsFileLoaded = true
                   IsRidAgnostic = true
                   Language = C#
                   LanguageTargets = C:\Program Files\dotnet\sdk\8.0.419\Microsoft.CSharp.targets
                   LangVersion = 12.0
                   MarkPackageReferencesAsExternallyResolved = true
                   MaxSupportedLangVersion = 12.0
                   MaxTargetPath = 100
                   MicrosoftBuildTasksGitAssemblyFile = C:\Program Files\dotnet\sdk\8.0.419\Sdks\Microsoft.Build.Tasks.Git\build\..\tools\core\Microsoft.Build.Tasks.Git.dll
                   MicrosoftCommonPropsHasBeenImported = true
                   MicrosoftNETBuildExtensionsTargets = C:\Program Files\dotnet\sdk\8.0.419\\Microsoft\Microsoft.NET.Build.Extensions\Microsoft.NET.Build.Extensions.targets
                   MicrosoftNETBuildExtensionsTasksAssembly = C:\Program Files\dotnet\sdk\8.0.419\Microsoft\Microsoft.NET.Build.Extensions\\tools\net8.0\Microsoft.NET.Build.Extensions.Tasks.dll
                   MicrosoftNETBuildTasksAssembly = C:\Program Files\dotnet\sdk\8.0.419\Sdks\Microsoft.NET.Sdk\targets\..\tools\net8.0\Microsoft.NET.Build.Tasks.dll
                   MicrosoftNETBuildTasksDirectory = C:\Program Files\dotnet\sdk\8.0.419\Sdks\Microsoft.NET.Sdk\targets\..\tools\net8.0\
                   MicrosoftNETBuildTasksDirectoryRoot = C:\Program Files\dotnet\sdk\8.0.419\Sdks\Microsoft.NET.Sdk\targets\..\tools\
                   MicrosoftNETBuildTasksTFM = net8.0
                   MicrosoftNETCrossgenBuildTasksAssembly = C:\Program Files\dotnet\sdk\8.0.419\Sdks\Microsoft.NET.Sdk\targets\..\tasks\net7.0\Microsoft.NET.Sdk.Crossgen.dll
                   MicrosoftNETFrameworkReferenceAssembliesLatestPackageVersion = 1.0.3
                   MicrosoftNETWindowsWorkloadInstalled = true
                   MinimumVisualStudioVersionForUnsupportedTargetFrameworkVersion = 17.12
                   MsAppxPackageTargets = C:\Program Files\dotnet\sdk\8.0.419\Microsoft\VisualStudio\v17.0\AppxPackage\Microsoft.AppXPackage.Targets
                   MSBuildAllProjects = C:\sharon\projects\celestial-mechanics-desktop\src\CelestialMechanics.Renderer\obj\CelestialMechanics.Renderer.csproj.nuget.g.props;;C:\Program Files\dotnet\sdk\8.0.419\Current\Microsoft.Common.targets\ImportAfter\Microsoft.TestPlatform.ImportAfter.targets
                   MSBuildAssemblyVersion = 17.0
                   MSBuildBinPath = C:\Program Files\dotnet\sdk\8.0.419
                   MSBuildCopyContentTransitively = true
                   MSBuildCopyMarkerName = Celestia.D712E8F0.Up2Date
                   MSBuildDisableFeaturesFromVersion = 999.999
                   MSBuildEnableWorkloadResolver = true
                   MSBuildExtensionsPath = C:\Program Files\dotnet\sdk\8.0.419\
                   MSBuildExtensionsPath32 = C:\Program Files\dotnet\sdk\8.0.419
                   MSBuildExtensionsPath64 = C:\Program Files\dotnet\sdk\8.0.419
                   MSBUILDFAILONDRIVEENUMERATINGWILDCARD = 1
                   MSBuildFileVersion = 17.11.48.46605
                   MSBuildLoadMicrosoftTargetsReadOnly = true
                   MSBuildNodeCount = 12
                   MSBuildProgramFiles32 = C:\Program Files (x86)
                   MSBuildProjectDefaultTargets = Build
                   MSBuildProjectDirectory = C:\sharon\projects\celestial-mechanics-desktop\src\CelestialMechanics.Renderer
                   MSBuildProjectDirectoryNoRoot = sharon\projects\celestial-mechanics-desktop\src\CelestialMechanics.Renderer
                   MSBuildProjectExtension = .csproj
                   MSBuildProjectExtensionsPath = C:\sharon\projects\celestial-mechanics-desktop\src\CelestialMechanics.Renderer\obj\
                   MSBuildProjectFile = CelestialMechanics.Renderer.csproj
                   MSBuildProjectFullPath = C:\sharon\projects\celestial-mechanics-desktop\src\CelestialMechanics.Renderer\CelestialMechanics.Renderer.csproj
                   MSBuildProjectName = CelestialMechanics.Renderer
                   MSBuildRuntimeType = Core
                   MSBuildSDKsPath = C:\Program Files\dotnet\sdk\8.0.419\Sdks
                   MSBuildSemanticVersion = 17.11.48+02bf66295
                   MSBuildStartupDirectory = C:\sharon\projects\celestial-mechanics-desktop
                   MSBuildToolsPath = C:\Program Files\dotnet\sdk\8.0.419
                   MSBuildToolsVersion = Current
                   MSBuildUserExtensionsPath = C:\Users\Lenovo\AppData\Local\Microsoft\MSBuild
                   MSBUILDUSESERVER = 0
                   MSBuildUseVisualStudioDirectoryLayout = False
                   MSBuildVersion = 17.11.48
                   MSBuildWarningsAsErrors = ;NU1605
                   MSBuildWarningsAsMessages = 1701;1702
                   MSBuildWarningsNotAsErrors = 
                   MsTestToolsTargets = C:\Program Files\dotnet\sdk\8.0.419\Microsoft\VisualStudio\v17.0\TeamTest\Microsoft.TeamTest.targets
                   NETCoreAppMaximumVersion = 8.0
                   NetCoreRoot = C:\Program Files\dotnet\
                   NETCoreSdkBundledCliToolsProps = C:\Program Files\dotnet\sdk\8.0.419\Sdks\Microsoft.NET.Sdk\targets\..\..\..\Microsoft.NETCoreSdk.BundledCliTools.props
                   NETCoreSdkBundledVersionsProps = C:\Program Files\dotnet\sdk\8.0.419\Sdks\Microsoft.NET.Sdk\targets\..\..\..\Microsoft.NETCoreSdk.BundledVersions.props
                   NETCoreSdkPortableRuntimeIdentifier = win-x64
                   NETCoreSdkRuntimeIdentifier = win-x64
                   NETCoreSdkVersion = 8.0.419
                   NetCoreTargetingPackRoot = C:\Program Files\dotnet\packs
                   NoCompilerStandardLib = true
                   NoStdLib = true
                   NoWarn = 1701;1702
                   NuGetAudit = true
                   NuGetAuditLevel = low
                   NuGetAuditMode = direct
                   NuGetBuildTasksPackTargets = C:\Program Files\dotnet\sdk\8.0.419\Sdks\Microsoft.NET.Sdk\Sdk\..\..\NuGet.Build.Tasks.Pack\build\NuGet.Build.Tasks.Pack.targets
                   NuGetInteractive = 
                   NuGetPackageFolders = C:\Users\Lenovo\.nuget\packages\
                   NuGetPackageRoot = C:\Users\Lenovo\.nuget\packages\
                   NuGetPackTaskAssemblyFile = ..\CoreCLR\NuGet.Build.Tasks.Pack.dll
                   NuGetProjectStyle = PackageReference
                   NuGetPropsFile = C:\Program Files\dotnet\sdk\8.0.419\NuGet.props
                   NuGetRestoreTargets = C:\Program Files\dotnet\sdk\8.0.419\NuGet.targets
                   NuGetTargetMoniker = .NETCoreApp,Version=v8.0
                   NuGetToolVersion = 6.11.1
                   Nullable = enable
                   NuspecOutputPath = obj\Debug\
                   Optimize = false
                   OutDir = bin\Debug\net8.0\
                   OutputPath = bin\Debug\net8.0\
                   OutputType = Library
                   OverwriteReadOnlyFiles = false
                   PackageDescription = Package Description
                   PackageDownloadSupported = true
                   PackagedShimOutputRootDirectory = bin\Debug\net8.0\
                   PackageId = CelestialMechanics.Renderer
                   PackageOutputPath = bin\Debug\
                   PackageRequireLicenseAcceptance = false
                   PackageVersion = 1.0.0
                   PackDependsOn = ; _IntermediatePack; GenerateNuspec; 
                   PackRelease = true
                   Platform = AnyCPU
                   PlatformName = AnyCPU
                   Platforms = AnyCPU
                   PostBuildEventDependsOn = 
                   PreBuildEventDependsOn = 
                   Prefer32Bit = false
                   PrepareForBuildDependsOn = ;GetFrameworkPaths;GetReferenceAssemblyPaths;AssignLinkMetadata
                   PrepareForRunDependsOn = 
                         CopyFilesToOutputDirectory
                       
                   PrepareProjectReferencesDependsOn = 
                         AssignProjectConfiguration;
                         _SplitProjectReferencesByFileExistence;
                         _GetProjectReferenceTargetFrameworkProperties;
                         _GetProjectReferencePlatformProperties
                       
                   PrepareResourceNamesDependsOn = 
                         AssignTargetPaths;
                         SplitResourcesByCulture;
                         CreateManifestResourceNames;
                         CreateCustomManifestResourceNames
                       
                   PrepareResourcesDependsOn = 
                         ResolvePackageDependenciesForBuild;
                         _HandlePackageFileConflicts;
                         
                         ;
                         PrepareResourceNames;
                         ResGen;
                         CompileLicxFiles
                       
                       
                   PreserveCompilationReferences = 
                   ProcessorArchitecture = msil
                   ProcessorArchitectureAsPlatform = AnyCPU
                   ProduceReferenceAssembly = true
                   Product = CelestialMechanics.Renderer
                   ProjectAssetsCacheFile = C:\sharon\projects\celestial-mechanics-desktop\src\CelestialMechanics.Renderer\obj\Debug\net8.0\CelestialMechanics.Renderer.assets.cache
                   ProjectAssetsFile = C:\sharon\projects\celestial-mechanics-desktop\src\CelestialMechanics.Renderer\obj\project.assets.json
                   ProjectDepsFileName = CelestialMechanics.Renderer.deps.json
                   ProjectDepsFilePath = C:\sharon\projects\celestial-mechanics-desktop\src\CelestialMechanics.Renderer\bin\Debug\net8.0\CelestialMechanics.Renderer.deps.json
                   ProjectDesignTimeAssemblyResolutionSearchPaths = 
                         {CandidateAssemblyFiles};
                         ;
                         {HintPathFromItem};
                         {TargetFrameworkDirectory};
                         {Registry:Software\Microsoft\.NETCoreApp,v8.0,AssemblyFoldersEx};
                         {RawFileName};
                         C:\sharon\projects\celestial-mechanics-desktop\src\CelestialMechanics.Renderer\bin\Debug\net8.0\
                       
                   ProjectDir = C:\sharon\projects\celestial-mechanics-desktop\src\CelestialMechanics.Renderer\
                   ProjectExt = .csproj
                   ProjectFileName = CelestialMechanics.Renderer.csproj
                   ProjectFlavor = Client
                   ProjectName = CelestialMechanics.Renderer
                   ProjectPath = C:\sharon\projects\celestial-mechanics-desktop\src\CelestialMechanics.Renderer\CelestialMechanics.Renderer.csproj
                   ProjectRuntimeConfigFileName = CelestialMechanics.Renderer.runtimeconfig.json
                   ProjectRuntimeConfigFilePath = C:\sharon\projects\celestial-mechanics-desktop\src\CelestialMechanics.Renderer\bin\Debug\net8.0\CelestialMechanics.Renderer.runtimeconfig.json
                   PublishableProject = 
                   PublishBuildDependsOn = 
                         BuildOnlySettings;
                         PrepareForBuild;
                         ResolveReferences;
                         PrepareResources;
                         ResolveKeySource;
                         GenerateSerializationAssemblies;
                         CreateSatelliteAssemblies;
                       
                   PublishContainerDependsOn = 
                         _ContainerVerifySDKVersion;
                         ComputeContainerConfig;
                         _CheckContainersPackage
                       
                   PublishDependsOn = 
                         _DeploymentUnpublishable
                       
                   PublishDir = bin\Debug\net8.0\publish\
                   PublishDirName = publish
                   PublishDocumentationFile = true
                   PublishDocumentationFiles = true
                   PublishItemsOutputGroupDependsOn = 
                         ;
                         ResolveReferences;
                         ComputeResolvedFilesToPublishList;
                         _ComputeFilesToBundle;
                       
                   PublishOnlyDependsOn = 
                         SetGenerateManifests;
                         PublishBuild;
                         BeforePublish;
                         GenerateManifests;
                         CopyFilesToOutputDirectory;
                         _CopyFilesToPublishFolder;
                         _DeploymentGenerateBootstrapper;
                         ResolveKeySource;
                         _DeploymentSignClickOnceDeployment;
                         AfterPublish
                       
                   PublishProfileImported = false
                   PublishReadyToRunComposite = false
                   PublishReadyToRunPerfmapFormatVersion = 1
                   PublishReadyToRunUseCrossgen2 = true
                   PublishReadyToRunUseRuntimePackOptimizationData = true
                   PublishReferencesDocumentationFiles = true
                   PublishRelease = true
                   RebuildDependsOn = 
                         _SdkBeforeRebuild;
                         
                         BeforeRebuild;
                         Clean;
                         Build;
                         AfterRebuild;
                       
                       
                   RefAssembliesFolderName = refs
                   ReferenceCopyLocalPathsOutputGroupDependsOn = 
                         ;
                         
                         ;
                         BuildOnlySettings;
                         PrepareForBuild;
                         AssignTargetPaths;
                         ResolveReferences
                       
                       
                   ReportingServicesTargets = C:\Program Files\dotnet\sdk\8.0.419\\Microsoft\VisualStudio\v17.0\ReportingServices\Microsoft.ReportingServices.targets
                   ResGenDependsOn = ResolveAssemblyReferences;SplitResourcesByCulture;BeforeResGen;CoreResGen;AfterResGen
                   ResGenExecuteAsTool = false
                   ResolveAssemblyReferenceOutputUnresolvedAssemblyConflicts = true
                   ResolveAssemblyReferencesDependsOn = 
                         
                         
                         ResolveProjectReferences;
                         FindInvalidProjectReferences;
                         GetFrameworkPaths;
                         GetReferenceAssemblyPaths;
                         PrepareForBuild;
                         ResolveSDKReferences;
                         ExpandSDKReferences;
                       ;
                         ResolvePackageDependenciesForBuild;
                         _HandlePackageFileConflicts;
                       ;
                         ResolveTargetingPackAssets;
                       
                   ResolveNuGetPackages = false
                   ResolvePackageDependenciesForBuildDependsOn = 
                         ResolveLockFileReferences;
                         ResolveLockFileAnalyzers;
                         ResolveLockFileCopyLocalFiles;
                         ResolveRuntimePackAssets;
                         RunProduceContentAssets;
                         IncludeTransitiveProjectReferences
                       
                   ResolveReferencesDependsOn = 
                         BeforeResolveReferences;
                         AssignProjectConfiguration;
                         ResolveProjectReferences;
                         FindInvalidProjectReferences;
                         ResolveNativeReferences;
                         ResolveAssemblyReferences;
                         GenerateBindingRedirects;
                         GenerateBindingRedirectsUpdateAppConfig;
                         ResolveComReferences;
                         AfterResolveReferences
                       
                   ResolveSDKReferencesDependsOn = 
                         GetInstalledSDKLocations
                       
                   RestoreBuildInParallel = true
                   RestoreContinueOnError = WarnAndContinue
                   RestoreOutputPath = C:\sharon\projects\celestial-mechanics-desktop\src\CelestialMechanics.Renderer\obj\
                   RestorePackages = false
                   RestoreProjectStyle = PackageReference
                   RestoreRecursive = true
                   RestoreSuccess = True
                   RestoreTaskAssemblyFile = NuGet.Build.Tasks.dll
                   RestoreTool = NuGet
                   RestoreUseSkipNonexistentTargets = true
                   RootNamespace = CelestialMechanics.Renderer
                   RoslynTargetsPath = C:\Program Files\dotnet\sdk\8.0.419\Roslyn
                   RunDependsOn = 
                   RunPackageValidationDependsOn = CollectApiCompatInputs;_GetReferencePathFromInnerProjects;
                   RuntimeIdentifierGraphPath = C:\Program Files\dotnet\sdk\8.0.419/PortableRuntimeIdentifierGraph.json
                   RunWorkingDirectory = 
                   SatelliteDllsProjectOutputGroupDependenciesDependsOn = 
                         ;
                         
                         ;
                         BuildOnlySettings;
                         PrepareForBuild;
                         AssignTargetPaths;
                         ResolveReferences
                       
                       
                   SatelliteDllsProjectOutputGroupDependsOn = ;PrepareForBuild;PrepareResourceNames
                   SDKContainerSupportEnabled = true
                   SDKRedistOutputGroupDependsOn = ResolveSDKReferences;ExpandSDKReferences
                   SDKReferenceDirectoryRoot = C:\Users\Lenovo\AppData\Local\Microsoft SDKs;C:\Program Files (x86)\Microsoft SDKs
                   SDKReferenceRegistryRoot = Software\Microsoft\Microsoft SDKs
                   SGenFilesOutputGroupDependenciesDependsOn = 
                         ;
                         
                         ;
                         BuildOnlySettings;
                         PrepareForBuild;
                         AssignTargetPaths;
                         ResolveReferences
                       
                       
                   SGenFilesOutputGroupDependsOn = 
                   SGenShouldGenerateSerializer = true
                   SGenUseKeep = false
                   SGenUseProxyTypes = true
                   ShouldMarkCertainSDKReferencesAsRuntimeOnly = true
                   SignAssembly = false
                   SkipCopyUnchangedFiles = true
                   SkipImportNuGetBuildTargets = true
                   SkipImportNuGetProps = true
                   SolutionDir = *Undefined*
                   SolutionExt = *Undefined*
                   SolutionFileName = *Undefined*
                   SolutionName = *Undefined*
                   SolutionPath = *Undefined*
                   SourceControlInformationFeatureSupported = true
                   SourceControlManagerUrlTranslationTargets = ;TranslateGitHubUrlsInSourceControlInformation;TranslateGitLabUrlsInSourceControlInformation;TranslateAzureReposGitUrlsInSourceControlInformation;TranslateBitbucketGitUrlsInSourceControlInformation
                   SourceFilesProjectOutputGroupDependsOn = PrepareForBuild;AssignTargetPaths
                   SourceLinkUrlInitializerTargets = ;_InitializeGitHubSourceLinkUrl;_InitializeGitLabSourceLinkUrl;_InitializeAzureReposGitSourceLinkUrl;_InitializeBitbucketGitSourceLinkUrl
                   SourceRootMappedPathsFeatureSupported = true
                   SupportedOSPlatformVersion = 
                   SupportsRoslynComponentVersioning = true
                   SuppressDependenciesWhenPacking = false
                   SymbolPackageFormat = symbols.nupkg
                   TargetCulture = *
                   TargetDeployManifestFileName = CelestialMechanics.Renderer.application
                   TargetDir = C:\sharon\projects\celestial-mechanics-desktop\src\CelestialMechanics.Renderer\bin\Debug\net8.0\
                   TargetedFrameworkDir = @(_TargetedFrameworkDirectoryItem)
                   TargetedSDKArchitecture = msil
                   TargetedSDKConfiguration = Debug
                   TargetExt = .dll
                   TargetFileName = CelestialMechanics.Renderer.dll
                   TargetFramework = net8.0
                   TargetFrameworkDirectory = 
                   TargetFrameworkIdentifier = .NETCoreApp
                   TargetFrameworkMoniker = .NETCoreApp,Version=v8.0
                   TargetFrameworkMonikerAssemblyAttributesPath = obj\Debug\net8.0\.NETCoreApp,Version=v8.0.AssemblyAttributes.cs
                   TargetFrameworkMonikerDisplayName = .NET 8.0
                   TargetFrameworkSDKToolsDirectory = 
                   TargetFrameworkVersion = v8.0
                   TargetLatestRuntimePatch = false
                   TargetName = CelestialMechanics.Renderer
                   TargetPath = C:\sharon\projects\celestial-mechanics-desktop\src\CelestialMechanics.Renderer\bin\Debug\net8.0\CelestialMechanics.Renderer.dll
                   TargetPlatformDisplayName =  
                   TargetPlatformIdentifier = 
                   TargetPlatformRegistryBase = Software\Microsoft\Microsoft SDKs\
                   TargetPlatformSdkPath = 
                   TargetPlatformVersion = 
                   TargetRefPath = C:\sharon\projects\celestial-mechanics-desktop\src\CelestialMechanics.Renderer\obj\Debug\net8.0\ref\CelestialMechanics.Renderer.dll
                   TargetRuntime = Managed
                   TargetsCurrent = true
                   TargetsForTfmSpecificContentInPackage = ;PackTool;_PackProjectToolValidation
                   TargetsNet8 = true
                   ToolCommandName = CelestialMechanics.Renderer
                   ToolDepsJsonGeneratorProject = C:\Program Files\dotnet\sdk\8.0.419\Sdks\Microsoft.NET.Sdk\targets\GenerateDeps\GenerateDeps.proj
                   ToolEntryPoint = CelestialMechanics.Renderer.dll
                   TreatWarningsAsErrors = false
                   UnmanagedRegistrationDependsOn = 
                   UnmanagedUnregistrationDependsOn = 
                   UnsupportedTargetFrameworkVersion = 9.0
                   UseCommonOutputDirectory = false
                   UseDefaultPlatformLookupTables = true
                   UseHostCompilerIfAvailable = true
                   UseMSBuildTestInfrastructure = false
                   UseOSWinMdReferences = false
                   UseRidGraph = false
                   UserProfileRuntimeStorePath = C:\Users\Lenovo\.dotnet\store
                   UserRuntimeConfig = C:\sharon\projects\celestial-mechanics-desktop\src\CelestialMechanics.Renderer/runtimeconfig.template.json
                   UseSourcePath = true
                   UsingMicrosoftNETSdk = true
                   UsingNETSdkDefaults = true
                   Utf8Output = true
                   ValidateRuntimeIdentifierCompatibility = false
                   VerifyMatchingImplicitPackageVersion = true
                   Version = 1.0.0
                   VersionlessImplicitFrameworkDefine = NET
                   VersionPrefix = 1.0.0
                   VisualStudioVersion = 17.0
                   VSTestConsolePath = C:\Program Files\dotnet\sdk\8.0.419\vstest.console.dll
                   VSTestNoBuild = False
                   VSTestTargets = C:\Program Files\dotnet\sdk\8.0.419\\Microsoft.TestPlatform.targets
                   VSTestTaskAssemblyFile = Microsoft.TestPlatform.Build.dll
                   VsTestUseMSBuildOutput = False
                   WarningLevel = 8
                   WarningsAsErrors = ;NU1605;SYSLIB0011
                   WarnOnPackingNonPackableProject = false
                   WebReference_EnableLegacyEventingModel = false
                   WebReference_EnableProperties = true
                   WebReference_EnableSQLTypes = true
                   WMSJSProject = WJProject
                   WMSJSProjectDirectory = JavaScript
                   YieldDuringToolExecution = true

13:12:37.071     0>Initial Items:
                   _AdditionalTargetFrameworkInfoPropertyWithValue
                       _IsExecutable
                           Value = 
                       _SelfContainedWasSpecified
                           Value = 
                       IsRidAgnostic
                           Value = true
                       SelfContained
                           Value = 
                       ShouldBeValidatedAsExecutableReference
                           Value = 
                   _AllDirectoriesAbove
                       C:\
                       C:\sharon
                       C:\sharon\projects
                       C:\sharon\projects\celestial-mechanics-desktop
                       C:\sharon\projects\celestial-mechanics-desktop\src
                       C:\sharon\projects\celestial-mechanics-desktop\src\CelestialMechanics.Renderer
                   _ApplicationManifestFinal
                       bin\Debug\net8.0\Native.CelestialMechanics.Renderer.manifest
                           TargetPath = Native.CelestialMechanics.Renderer.manifest
                   _DebugSymbolsIntermediatePath
                       obj\Debug\net8.0\CelestialMechanics.Renderer.pdb
                   _DebugSymbolsOutputPath
                       bin\Debug\net8.0\CelestialMechanics.Renderer.pdb
                   _DeploymentManifestEntryPoint
                       obj\Debug\net8.0\CelestialMechanics.Renderer.dll
                           TargetPath = CelestialMechanics.Renderer.dll
                   _EolNetCoreTargetFrameworkVersions
                       1.0
                       1.1
                       2.0
                       2.1
                       2.2
                       3.0
                       3.1
                       5.0
                       6.0
                       7.0
                   _ExcludedKnownRuntimeIdentiferPlatforms
                       rhel.6
                       rhel.6
                       rhel.6
                       rhel.6
                       rhel.6
                       rhel.6
                       rhel.6
                       rhel.6
                       rhel.6
                       rhel.6
                       rhel.6
                       rhel.6
                       rhel.6
                       rhel.6
                       rhel.6
                       rhel.6
                       rhel.6
                       rhel.6
                       tizen.4.0.0
                       tizen.4.0.0
                       tizen.4.0.0
                       tizen.4.0.0
                       tizen.4.0.0
                       tizen.4.0.0
                       tizen.4.0.0
                       tizen.4.0.0
                       tizen.4.0.0
                       tizen.4.0.0
                       tizen.4.0.0
                       tizen.4.0.0
                       tizen.4.0.0
                       tizen.4.0.0
                       tizen.4.0.0
                       tizen.4.0.0
                       tizen.4.0.0
                       tizen.4.0.0
                       tizen.5.0.0
                       tizen.5.0.0
                       tizen.5.0.0
                       tizen.5.0.0
                       tizen.5.0.0
                       tizen.5.0.0
                       tizen.5.0.0
                       tizen.5.0.0
                       tizen.5.0.0
                       tizen.5.0.0
                       tizen.5.0.0
                       tizen.5.0.0
                       tizen.5.0.0
                       tizen.5.0.0
                       tizen.5.0.0
                       tizen.5.0.0
                       tizen.5.0.0
                       tizen.5.0.0
                   _KnownRuntimeIdentiferPlatforms
                       any
                       any
                       any
                       any
                       any
                       any
                       any
                       any
                       any
                       any
                       any
                       any
                       any
                       any
                       any
                       any
                       any
                       any
                       aot
                       aot
                       aot
                       aot
                       aot
                       aot
                       aot
                       aot
                       aot
                       aot
                       aot
                       aot
                       aot
                       aot
                       aot
                       aot
                       aot
                       aot
                       freebsd
                       freebsd
                       freebsd
                       freebsd
                       freebsd
                       freebsd
                       freebsd
                       freebsd
                       freebsd
                       freebsd
                       freebsd
                       freebsd
                       freebsd
                       freebsd
                       freebsd
                       freebsd
                       freebsd
                       freebsd
                       illumos
                       illumos
                       illumos
                       illumos
                       illumos
                       illumos
                       illumos
                       illumos
                       illumos
                       illumos
                       illumos
                       illumos
                       illumos
                       illumos
                       illumos
                       illumos
                       illumos
                       illumos
                       solaris
                       solaris
                       solaris
                       solaris
                       solaris
                       solaris
                       solaris
                       solaris
                       solaris
                       solaris
                       solaris
                       solaris
                       solaris
                       solaris
                       solaris
                       solaris
                       solaris
                       solaris
                       unix
                       unix
                       unix
                       unix
                       unix
                       unix
                       unix
                       unix
                       unix
                       unix
                       unix
                       unix
                       unix
                       unix
                       unix
                       unix
                       unix
                       unix
                   _OutputPathItem
                       bin\Debug\net8.0\
                   _ResolveComReferenceCache
                       obj\Debug\net8.0\CelestialMechanics.Renderer.csproj.ResolveComReference.cache
                   _TargetFrameworkInfo
                       net8.0
                           TargetPlatformMonikers = None
                           AdditionalPropertiesFromProject = <TargetFramework Name="net8.0">
                     <SelfContained></SelfContained>
                     <_IsExecutable></_IsExecutable>
                     <IsRidAgnostic>true</IsRidAgnostic>
                     <ShouldBeValidatedAsExecutableReference></ShouldBeValidatedAsExecutableReference>
                     <_SelfContainedWasSpecified></_SelfContainedWasSpecified>
                   </TargetFramework>
                           TargetFrameworkMonikers = .NETCoreApp,Version=v8.0
                           TargetFrameworks = net8.0
                           IsRidAgnostic = true
                   _ThisProjectBuildMetadata
                       C:\sharon\projects\celestial-mechanics-desktop\src\CelestialMechanics.Renderer\CelestialMechanics.Renderer.csproj
                           HasSingleTargetFramework = true
                           TargetPlatformMonikers = None
                           Platform = AnyCPU
                           AdditionalPropertiesFromProject = <AdditionalProjectProperties>
                     <TargetFramework Name="net8.0">
                       <SelfContained></SelfContained>
                       <_IsExecutable></_IsExecutable>
                       <IsRidAgnostic>true</IsRidAgnostic>
                       <ShouldBeValidatedAsExecutableReference></ShouldBeValidatedAsExecutableReference>
                       <_SelfContainedWasSpecified></_SelfContainedWasSpecified>
                     </TargetFramework>
                   </AdditionalProjectProperties>
                           TargetFrameworkMonikers = .NETCoreApp,Version=v8.0
                           TargetFrameworks = net8.0
                           IsRidAgnostic = true
                           Platforms = AnyCPU
                   _UnmanagedRegistrationCache
                       obj\CelestialMechanics.Renderer.csproj.UnmanagedRegistration.cache
                   AdditionalTargetFrameworkInfoProperty
                       _IsExecutable
                       _SelfContainedWasSpecified
                       IsRidAgnostic
                       SelfContained
                       ShouldBeValidatedAsExecutableReference
                   Analyzer
                       C:\Program Files\dotnet\sdk\8.0.419\Sdks\Microsoft.NET.Sdk\targets\..\analyzers\Microsoft.CodeAnalysis.CSharp.NetAnalyzers.dll
                           IsImplicitlyDefined = true
                       C:\Program Files\dotnet\sdk\8.0.419\Sdks\Microsoft.NET.Sdk\targets\..\analyzers\Microsoft.CodeAnalysis.NetAnalyzers.dll
                           IsImplicitlyDefined = true
                   AppConfigFileDestination
                       bin\Debug\net8.0\CelestialMechanics.Renderer.dll.config
                   ApplicationManifest
                       obj\Debug\net8.0\Native.CelestialMechanics.Renderer.manifest
                           TargetPath = Native.CelestialMechanics.Renderer.manifest
                   BuiltProjectOutputGroupKeyOutput
                       C:\sharon\projects\celestial-mechanics-desktop\src\CelestialMechanics.Renderer\obj\Debug\net8.0\CelestialMechanics.Renderer.dll
                           IsKeyOutput = true
                           FinalOutputPath = C:\sharon\projects\celestial-mechanics-desktop\src\CelestialMechanics.Renderer\bin\Debug\net8.0\CelestialMechanics.Renderer.dll
                           TargetPath = CelestialMechanics.Renderer.dll
                   ClsidMap
                       obj\Debug\net8.0\CelestialMechanics.Renderer.clsidmap
                   Compile
                       AccretionDiskRenderer.cs
                       Camera.cs
                       GLRenderer.cs
                       GridRenderer.cs
                       InstancedSphereRenderer.cs
                       LineRenderer.cs
                       RelativisticRenderer.cs
                       RenderState.cs
                       SelectionHelper.cs
                       ShaderProgram.cs
                       StarfieldRenderer.cs
                       TrailRenderer.cs
                   CompilerVisibleProperty
                       _SupportedPlatformList
                       EnableComHosting
                       EnableGeneratedComInterfaceComImportInterop
                       EnforceExtendedAnalyzerRules
                       InvariantGlobalization
                       PlatformNeutralAssembly
                       ProjectDir
                       ProjectTypeGuids
                       RootNamespace
                       TargetFramework
                       TargetPlatformMinVersion
                       UsingMicrosoftNETSdkWeb
                   Content
                       Shaders\accretion.frag
                           CopyToOutputDirectory = PreserveNewest
                       Shaders\accretion.vert
                           CopyToOutputDirectory = PreserveNewest
                       Shaders\grid.frag
                           CopyToOutputDirectory = PreserveNewest
                       Shaders\grid.vert
                           CopyToOutputDirectory = PreserveNewest
                       Shaders\lensing.frag
                           CopyToOutputDirectory = PreserveNewest
                       Shaders\lensing.vert
                           CopyToOutputDirectory = PreserveNewest
                       Shaders\line.frag
                           CopyToOutputDirectory = PreserveNewest
                       Shaders\line.vert
                           CopyToOutputDirectory = PreserveNewest
                       Shaders\sphere.frag
                           CopyToOutputDirectory = PreserveNewest
                       Shaders\sphere.vert
                           CopyToOutputDirectory = PreserveNewest
                       Shaders\starfield.frag
                           CopyToOutputDirectory = PreserveNewest
                       Shaders\starfield.vert
                           CopyToOutputDirectory = PreserveNewest
                       Shaders\trail.frag
                           CopyToOutputDirectory = PreserveNewest
                       Shaders\trail.vert
                           CopyToOutputDirectory = PreserveNewest
                   CopyUpToDateMarker
                       C:\sharon\projects\celestial-mechanics-desktop\src\CelestialMechanics.Renderer\obj\Debug\net8.0\Celestia.D712E8F0.Up2Date
                   CreateDirectory
                       C:\sharon\projects\celestial-mechanics-desktop\src\CelestialMechanics.Renderer\obj\Debug\net8.0\refint\
                       obj\Debug\net8.0\ref
                   DebugSymbolsProjectOutputGroupOutput
                       C:\sharon\projects\celestial-mechanics-desktop\src\CelestialMechanics.Renderer\obj\Debug\net8.0\CelestialMechanics.Renderer.pdb
                           FinalOutputPath = C:\sharon\projects\celestial-mechanics-desktop\src\CelestialMechanics.Renderer\bin\Debug\net8.0\CelestialMechanics.Renderer.pdb
                           TargetPath = CelestialMechanics.Renderer.pdb
                   DeployManifest
                       obj\Debug\net8.0\CelestialMechanics.Renderer.application
                           TargetPath = CelestialMechanics.Renderer.application
                   EmbedInBinlog
                       C:\sharon\projects\celestial-mechanics-desktop\src\CelestialMechanics.Renderer\obj\project.assets.json
                   FrameworkReference
                       Microsoft.NETCore.App
                           IsImplicitlyDefined = true
                           PrivateAssets = All
                           Pack = false
                   GenerateRuntimeConfigurationFilesInputs
                       C:\sharon\projects\celestial-mechanics-desktop\src\CelestialMechanics.Renderer\obj\Debug\net8.0\CelestialMechanics.Renderer.assets.cache
                       C:\sharon\projects\celestial-mechanics-desktop\src\CelestialMechanics.Renderer\obj\project.assets.json
                   GlobalAnalyzerConfigFiles
                       C:\.globalconfig
                       C:\sharon\.globalconfig
                       C:\sharon\projects\.globalconfig
                       C:\sharon\projects\celestial-mechanics-desktop\.globalconfig
                       C:\sharon\projects\celestial-mechanics-desktop\src\.globalconfig
                       C:\sharon\projects\celestial-mechanics-desktop\src\CelestialMechanics.Renderer\.globalconfig
                   ImplicitPackageReferenceVersion
                       Microsoft.AspNetCore.All
                           LatestVersion = 2.1.30
                           DefaultVersion = 2.1.1
                           TargetFrameworkVersion = 2.1
                       Microsoft.AspNetCore.All
                           LatestVersion = 2.2.8
                           DefaultVersion = 2.2.0
                           TargetFrameworkVersion = 2.2
                       Microsoft.AspNetCore.App
                           LatestVersion = 2.1.30
                           DefaultVersion = 2.1.1
                           TargetFrameworkVersion = 2.1
                       Microsoft.AspNetCore.App
                           LatestVersion = 2.2.8
                           DefaultVersion = 2.2.0
                           TargetFrameworkVersion = 2.2
                       Microsoft.NETCore.App
                           LatestVersion = 1.0.16
                           DefaultVersion = 1.0.5
                           TargetFrameworkVersion = 1.0
                       Microsoft.NETCore.App
                           LatestVersion = 1.1.13
                           DefaultVersion = 1.1.2
                           TargetFrameworkVersion = 1.1
                       Microsoft.NETCore.App
                           LatestVersion = 2.0.9
                           DefaultVersion = 2.0.0
                           TargetFrameworkVersion = 2.0
                       Microsoft.NETCore.App
                           LatestVersion = 2.1.30
                           DefaultVersion = 2.1.0
                           TargetFrameworkVersion = 2.1
                       Microsoft.NETCore.App
                           LatestVersion = 2.2.8
                           DefaultVersion = 2.2.0
                           TargetFrameworkVersion = 2.2
                   IntermediateAssembly
                       obj\Debug\net8.0\CelestialMechanics.Renderer.dll
                   IntermediateRefAssembly
                       obj\Debug\net8.0\refint\CelestialMechanics.Renderer.dll
                   KnownAppHostPack
                       Microsoft.NETCore.App
                           ExcludedRuntimeIdentifiers = android
                           AppHostRuntimeIdentifiers = linux-arm;linux-arm64;linux-musl-arm64;linux-musl-x64;linux-x64;osx-x64;rhel.6-x64;tizen.4.0.0-armel;tizen.5.0.0-armel;win-arm64;win-x64;win-x86;linux-musl-arm;osx-arm64;linux-s390x;linux-bionic-arm;linux-bionic-arm64;linux-bionic-x64;linux-bionic-x86;linux-ppc64le
                           TargetFramework = net8.0
                           AppHostPackNamePattern = Microsoft.NETCore.App.Host.**RID**
                           AppHostPackVersion = 8.0.25
                       Microsoft.NETCore.App
                           ExcludedRuntimeIdentifiers = android
                           AppHostRuntimeIdentifiers = linux-arm;linux-arm64;linux-musl-arm64;linux-musl-x64;linux-x64;osx-x64;rhel.6-x64;tizen.4.0.0-armel;tizen.5.0.0-armel;win-arm;win-arm64;win-x64;win-x86;linux-musl-arm;osx-arm64;linux-s390x;linux-bionic-arm;linux-bionic-arm64;linux-bionic-x64;linux-bionic-x86;linux-ppc64le
                           TargetFramework = net7.0
                           AppHostPackNamePattern = Microsoft.NETCore.App.Host.**RID**
                           AppHostPackVersion = 7.0.20
                       Microsoft.NETCore.App
                           ExcludedRuntimeIdentifiers = android
                           AppHostRuntimeIdentifiers = linux-arm;linux-arm64;linux-musl-arm64;linux-musl-x64;linux-x64;osx-x64;rhel.6-x64;tizen.4.0.0-armel;tizen.5.0.0-armel;win-arm;win-arm64;win-x64;win-x86;linux-musl-arm;osx-arm64;linux-s390x
                           TargetFramework = net6.0
                           AppHostPackNamePattern = Microsoft.NETCore.App.Host.**RID**
                           AppHostPackVersion = 6.0.36
                       Microsoft.NETCore.App
                           AppHostRuntimeIdentifiers = linux-arm;linux-arm64;linux-musl-arm64;linux-musl-x64;linux-x64;osx-x64;rhel.6-x64;tizen.4.0.0-armel;tizen.5.0.0-armel;win-arm;win-arm64;win-x64;win-x86;linux-musl-arm
                           TargetFramework = net5.0
                           AppHostPackNamePattern = Microsoft.NETCore.App.Host.**RID**
                           AppHostPackVersion = 5.0.17
                       Microsoft.NETCore.App
                           AppHostRuntimeIdentifiers = linux-arm;linux-arm64;linux-musl-arm64;linux-musl-x64;linux-x64;osx-x64;rhel.6-x64;tizen.4.0.0-armel;tizen.5.0.0-armel;win-arm;win-arm64;win-x64;win-x86
                           TargetFramework = netcoreapp3.1
                           AppHostPackNamePattern = Microsoft.NETCore.App.Host.**RID**
                           AppHostPackVersion = 3.1.32
                       Microsoft.NETCore.App
                           AppHostRuntimeIdentifiers = linux-arm;linux-arm64;linux-musl-arm64;linux-musl-x64;linux-x64;osx-x64;rhel.6-x64;tizen.4.0.0-armel;tizen.5.0.0-armel;win-arm;win-arm64;win-x64;win-x86
                           TargetFramework = netcoreapp3.0
                           AppHostPackNamePattern = Microsoft.NETCore.App.Host.**RID**
                           AppHostPackVersion = 3.0.3
                   KnownCrossgen2Pack
                       Microsoft.NETCore.App.Crossgen2
                           Crossgen2RuntimeIdentifiers = linux-musl-x64;linux-x64;win-x64;linux-arm;linux-arm64;linux-musl-arm;linux-musl-arm64;osx-arm64;osx-x64;win-arm64;win-x86
                           TargetFramework = net8.0
                           Crossgen2PackNamePattern = Microsoft.NETCore.App.Crossgen2.**RID**
                           Crossgen2PackVersion = 8.0.25
                       Microsoft.NETCore.App.Crossgen2
                           Crossgen2RuntimeIdentifiers = linux-musl-x64;linux-x64;win-x64;linux-arm;linux-arm64;linux-musl-arm;linux-musl-arm64;osx-arm64;osx-x64;win-arm;win-arm64;win-x86
                           TargetFramework = net7.0
                           Crossgen2PackNamePattern = Microsoft.NETCore.App.Crossgen2.**RID**
                           Crossgen2PackVersion = 7.0.20
                       Microsoft.NETCore.App.Crossgen2
                           Crossgen2RuntimeIdentifiers = linux-musl-x64;linux-x64;win-x64;linux-arm;linux-arm64;linux-musl-arm;linux-musl-arm64;osx-arm64;osx-x64;win-arm;win-arm64;win-x86
                           TargetFramework = net6.0
                           Crossgen2PackNamePattern = Microsoft.NETCore.App.Crossgen2.**RID**
                           Crossgen2PackVersion = 6.0.36
                       Microsoft.NETCore.App.Crossgen2
                           Crossgen2RuntimeIdentifiers = linux-musl-x64;linux-x64;win-x64
                           TargetFramework = net5.0
                           Crossgen2PackNamePattern = Microsoft.NETCore.App.Crossgen2.**RID**
                           Crossgen2PackVersion = 5.0.17
                   KnownFrameworkReference
                       Microsoft.AspNetCore.App
                           TargetFramework = netcoreapp3.0
                           DefaultRuntimeFrameworkVersion = 3.0.0
                           TargetingPackName = Microsoft.AspNetCore.App.Ref
                           LatestRuntimeFrameworkVersion = 3.0.3
                           RuntimePackRuntimeIdentifiers = win-x64;win-x86;win-arm;osx-x64;linux-musl-x64;linux-musl-arm64;linux-x64;linux-arm;linux-arm64
                           RuntimePackNamePatterns = Microsoft.AspNetCore.App.Runtime.**RID**
                           TargetingPackVersion = 3.0.1
                           RuntimeFrameworkName = Microsoft.AspNetCore.App
                       Microsoft.AspNetCore.App
                           TargetFramework = netcoreapp3.1
                           DefaultRuntimeFrameworkVersion = 3.1.0
                           TargetingPackName = Microsoft.AspNetCore.App.Ref
                           LatestRuntimeFrameworkVersion = 3.1.32
                           RuntimePackRuntimeIdentifiers = win-x64;win-x86;win-arm;osx-x64;linux-musl-x64;linux-musl-arm64;linux-x64;linux-arm;linux-arm64
                           RuntimePackNamePatterns = Microsoft.AspNetCore.App.Runtime.**RID**
                           TargetingPackVersion = 3.1.10
                           RuntimeFrameworkName = Microsoft.AspNetCore.App
                       Microsoft.AspNetCore.App
                           TargetFramework = net7.0
                           DefaultRuntimeFrameworkVersion = 7.0.0
                           TargetingPackName = Microsoft.AspNetCore.App.Ref
                           LatestRuntimeFrameworkVersion = 7.0.20
                           RuntimePackExcludedRuntimeIdentifiers = android
                           RuntimePackRuntimeIdentifiers = win-x64;win-x86;win-arm;osx-x64;linux-musl-x64;linux-musl-arm64;linux-x64;linux-arm;linux-arm64;linux-musl-arm;win-arm64;osx-arm64;linux-s390x;linux-ppc64le
                           RuntimePackNamePatterns = Microsoft.AspNetCore.App.Runtime.**RID**
                           TargetingPackVersion = 7.0.20
                           RuntimeFrameworkName = Microsoft.AspNetCore.App
                       Microsoft.AspNetCore.App
                           TargetFramework = net8.0
                           DefaultRuntimeFrameworkVersion = 8.0.0
                           TargetingPackName = Microsoft.AspNetCore.App.Ref
                           LatestRuntimeFrameworkVersion = 8.0.25
                           RuntimePackExcludedRuntimeIdentifiers = android;linux-bionic
                           RuntimePackRuntimeIdentifiers = win-x64;win-x86;win-arm;osx-x64;linux-musl-x64;linux-musl-arm64;linux-x64;linux-arm;linux-arm64;linux-musl-arm;win-arm64;osx-arm64;linux-s390x;linux-ppc64le
                           RuntimePackNamePatterns = Microsoft.AspNetCore.App.Runtime.**RID**
                           TargetingPackVersion = 8.0.25
                           RuntimeFrameworkName = Microsoft.AspNetCore.App
                       Microsoft.AspNetCore.App
                           TargetFramework = net5.0
                           DefaultRuntimeFrameworkVersion = 5.0.0
                           TargetingPackName = Microsoft.AspNetCore.App.Ref
                           LatestRuntimeFrameworkVersion = 5.0.17
                           RuntimePackRuntimeIdentifiers = win-x64;win-x86;win-arm;osx-x64;linux-musl-x64;linux-musl-arm64;linux-x64;linux-arm;linux-arm64;linux-musl-arm;win-arm64
                           RuntimePackNamePatterns = Microsoft.AspNetCore.App.Runtime.**RID**
                           TargetingPackVersion = 5.0.0
                           RuntimeFrameworkName = Microsoft.AspNetCore.App
                       Microsoft.AspNetCore.App
                           TargetFramework = net6.0
                           DefaultRuntimeFrameworkVersion = 6.0.0
                           TargetingPackName = Microsoft.AspNetCore.App.Ref
                           LatestRuntimeFrameworkVersion = 6.0.36
                           RuntimePackRuntimeIdentifiers = win-x64;win-x86;win-arm;osx-x64;linux-musl-x64;linux-musl-arm64;linux-x64;linux-arm;linux-arm64;linux-musl-arm;win-arm64;osx-arm64;linux-s390x
                           RuntimePackNamePatterns = Microsoft.AspNetCore.App.Runtime.**RID**
                           TargetingPackVersion = 6.0.36
                           RuntimeFrameworkName = Microsoft.AspNetCore.App
                       Microsoft.NETCore.App
                           TargetFramework = net8.0
                           DefaultRuntimeFrameworkVersion = 8.0.0
                           TargetingPackName = Microsoft.NETCore.App.Ref
                           LatestRuntimeFrameworkVersion = 8.0.25
                           RuntimePackRuntimeIdentifiers = linux-arm;linux-arm64;linux-musl-arm64;linux-musl-x64;linux-x64;osx-x64;rhel.6-x64;tizen.4.0.0-armel;tizen.5.0.0-armel;win-arm64;win-x64;win-x86;linux-musl-arm;osx-arm64;linux-s390x;linux-bionic-arm;linux-bionic-arm64;linux-bionic-x64;linux-bionic-x86;linux-ppc64le
                           RuntimePackNamePatterns = Microsoft.NETCore.App.Runtime.**RID**
                           TargetingPackVersion = 8.0.25
                           RuntimeFrameworkName = Microsoft.NETCore.App
                       Microsoft.NETCore.App
                           TargetFramework = net5.0
                           DefaultRuntimeFrameworkVersion = 5.0.0
                           TargetingPackName = Microsoft.NETCore.App.Ref
                           LatestRuntimeFrameworkVersion = 5.0.17
                           RuntimePackRuntimeIdentifiers = linux-arm;linux-arm64;linux-musl-arm64;linux-musl-x64;linux-x64;osx-x64;rhel.6-x64;tizen.4.0.0-armel;tizen.5.0.0-armel;win-arm;win-arm64;win-x64;win-x86;linux-musl-arm;browser-wasm
                           RuntimePackNamePatterns = Microsoft.NETCore.App.Runtime.**RID**
                           TargetingPackVersion = 5.0.0
                           IsTrimmable = true
                           RuntimeFrameworkName = Microsoft.NETCore.App
                       Microsoft.NETCore.App
                           TargetFramework = net7.0
                           DefaultRuntimeFrameworkVersion = 7.0.0
                           TargetingPackName = Microsoft.NETCore.App.Ref
                           LatestRuntimeFrameworkVersion = 7.0.20
                           RuntimePackRuntimeIdentifiers = linux-arm;linux-arm64;linux-musl-arm64;linux-musl-x64;linux-x64;osx-x64;rhel.6-x64;tizen.4.0.0-armel;tizen.5.0.0-armel;win-arm;win-arm64;win-x64;win-x86;linux-musl-arm;osx-arm64;linux-s390x;linux-bionic-arm;linux-bionic-arm64;linux-bionic-x64;linux-bionic-x86;linux-ppc64le
                           RuntimePackNamePatterns = Microsoft.NETCore.App.Runtime.**RID**
                           TargetingPackVersion = 7.0.20
                           RuntimeFrameworkName = Microsoft.NETCore.App
                       Microsoft.NETCore.App
                           TargetFramework = netcoreapp3.1
                           DefaultRuntimeFrameworkVersion = 3.1.0
                           TargetingPackName = Microsoft.NETCore.App.Ref
                           LatestRuntimeFrameworkVersion = 3.1.32
                           RuntimePackRuntimeIdentifiers = linux-arm;linux-arm64;linux-musl-arm64;linux-musl-x64;linux-x64;osx-x64;rhel.6-x64;tizen.4.0.0-armel;tizen.5.0.0-armel;win-arm;win-arm64;win-x64;win-x86
                           RuntimePackNamePatterns = Microsoft.NETCore.App.Runtime.**RID**
                           TargetingPackVersion = 3.1.0
                           IsTrimmable = true
                           RuntimeFrameworkName = Microsoft.NETCore.App
                       Microsoft.NETCore.App
                           TargetFramework = netcoreapp3.0
                           DefaultRuntimeFrameworkVersion = 3.0.0
                           TargetingPackName = Microsoft.NETCore.App.Ref
                           LatestRuntimeFrameworkVersion = 3.0.3
                           RuntimePackRuntimeIdentifiers = linux-arm;linux-arm64;linux-musl-arm64;linux-musl-x64;linux-x64;osx-x64;rhel.6-x64;tizen.4.0.0-armel;tizen.5.0.0-armel;win-arm;win-arm64;win-x64;win-x86
                           RuntimePackNamePatterns = Microsoft.NETCore.App.Runtime.**RID**
                           TargetingPackVersion = 3.0.0
                           IsTrimmable = true
                           RuntimeFrameworkName = Microsoft.NETCore.App
                       Microsoft.NETCore.App
                           TargetFramework = net6.0
                           DefaultRuntimeFrameworkVersion = 6.0.0
                           TargetingPackName = Microsoft.NETCore.App.Ref
                           LatestRuntimeFrameworkVersion = 6.0.36
                           RuntimePackRuntimeIdentifiers = linux-arm;linux-arm64;linux-musl-arm64;linux-musl-x64;linux-x64;osx-x64;rhel.6-x64;tizen.4.0.0-armel;tizen.5.0.0-armel;win-arm;win-arm64;win-x64;win-x86;linux-musl-arm;osx-arm64;linux-s390x
                           RuntimePackNamePatterns = Microsoft.NETCore.App.Runtime.**RID**
                           TargetingPackVersion = 6.0.36
                           RuntimeFrameworkName = Microsoft.NETCore.App
                       Microsoft.Windows.SDK.NET.Ref
                           RuntimePackAlwaysCopyLocal = true
                           TargetFramework = net5.0-windows10.0.18362.0
                           DefaultRuntimeFrameworkVersion = 10.0.18362.56
                           TargetingPackName = Microsoft.Windows.SDK.NET.Ref
                           IsWindowsOnly = true
                           LatestRuntimeFrameworkVersion = 10.0.18362.56
                           RuntimePackRuntimeIdentifiers = any
                           RuntimePackNamePatterns = Microsoft.Windows.SDK.NET.Ref
                           TargetingPackVersion = 10.0.18362.56
                           RuntimeFrameworkName = Microsoft.Windows.SDK.NET.Ref
                       Microsoft.Windows.SDK.NET.Ref
                           RuntimePackAlwaysCopyLocal = true
                           TargetFramework = net5.0-windows10.0.19041.0
                           DefaultRuntimeFrameworkVersion = 10.0.19041.56
                           TargetingPackName = Microsoft.Windows.SDK.NET.Ref
                           IsWindowsOnly = true
                           LatestRuntimeFrameworkVersion = 10.0.19041.56
                           RuntimePackRuntimeIdentifiers = any
                           RuntimePackNamePatterns = Microsoft.Windows.SDK.NET.Ref
                           TargetingPackVersion = 10.0.19041.56
                           RuntimeFrameworkName = Microsoft.Windows.SDK.NET.Ref
                       Microsoft.Windows.SDK.NET.Ref
                           RuntimePackAlwaysCopyLocal = true
                           TargetFramework = net6.0-windows10.0.19041.0
                           DefaultRuntimeFrameworkVersion = 10.0.19041.56
                           TargetingPackName = Microsoft.Windows.SDK.NET.Ref
                           IsWindowsOnly = true
                           LatestRuntimeFrameworkVersion = 10.0.19041.56
                           RuntimePackRuntimeIdentifiers = any
                           RuntimePackNamePatterns = Microsoft.Windows.SDK.NET.Ref
                           TargetingPackVersion = 10.0.19041.56
                           RuntimeFrameworkName = Microsoft.Windows.SDK.NET.Ref
                       Microsoft.Windows.SDK.NET.Ref
                           RuntimePackAlwaysCopyLocal = true
                           TargetFramework = net6.0-windows10.0.18362.0
                           DefaultRuntimeFrameworkVersion = 10.0.18362.56
                           TargetingPackName = Microsoft.Windows.SDK.NET.Ref
                           IsWindowsOnly = true
                           LatestRuntimeFrameworkVersion = 10.0.18362.56
                           RuntimePackRuntimeIdentifiers = any
                           RuntimePackNamePatterns = Microsoft.Windows.SDK.NET.Ref
                           TargetingPackVersion = 10.0.18362.56
                           RuntimeFrameworkName = Microsoft.Windows.SDK.NET.Ref
                       Microsoft.Windows.SDK.NET.Ref
                           RuntimePackAlwaysCopyLocal = true
                           TargetFramework = net5.0-windows10.0.17763.0
                           DefaultRuntimeFrameworkVersion = 10.0.17763.56
                           TargetingPackName = Microsoft.Windows.SDK.NET.Ref
                           IsWindowsOnly = true
                           LatestRuntimeFrameworkVersion = 10.0.17763.56
                           RuntimePackRuntimeIdentifiers = any
                           RuntimePackNamePatterns = Microsoft.Windows.SDK.NET.Ref
                           TargetingPackVersion = 10.0.17763.56
                           RuntimeFrameworkName = Microsoft.Windows.SDK.NET.Ref
                       Microsoft.Windows.SDK.NET.Ref
                           RuntimePackAlwaysCopyLocal = true
                           TargetFramework = net6.0-windows10.0.17763.0
                           DefaultRuntimeFrameworkVersion = 10.0.17763.56
                           TargetingPackName = Microsoft.Windows.SDK.NET.Ref
                           IsWindowsOnly = true
                           LatestRuntimeFrameworkVersion = 10.0.17763.56
                           RuntimePackRuntimeIdentifiers = any
                           RuntimePackNamePatterns = Microsoft.Windows.SDK.NET.Ref
                           TargetingPackVersion = 10.0.17763.56
                           RuntimeFrameworkName = Microsoft.Windows.SDK.NET.Ref
                       Microsoft.Windows.SDK.NET.Ref
                           RuntimePackAlwaysCopyLocal = true
                           TargetFramework = net8.0-windows10.0.18362.0
                           DefaultRuntimeFrameworkVersion = 10.0.18362.56
                           TargetingPackName = Microsoft.Windows.SDK.NET.Ref
                           IsWindowsOnly = true
                           LatestRuntimeFrameworkVersion = 10.0.18362.56
                           RuntimePackRuntimeIdentifiers = any
                           RuntimePackNamePatterns = Microsoft.Windows.SDK.NET.Ref
                           TargetingPackVersion = 10.0.18362.56
                           RuntimeFrameworkName = Microsoft.Windows.SDK.NET.Ref
                       Microsoft.Windows.SDK.NET.Ref
                           RuntimePackAlwaysCopyLocal = true
                           TargetFramework = net7.0-windows10.0.19041.0
                           DefaultRuntimeFrameworkVersion = 10.0.19041.56
                           TargetingPackName = Microsoft.Windows.SDK.NET.Ref
                           IsWindowsOnly = true
                           LatestRuntimeFrameworkVersion = 10.0.19041.56
                           RuntimePackRuntimeIdentifiers = any
                           RuntimePackNamePatterns = Microsoft.Windows.SDK.NET.Ref
                           TargetingPackVersion = 10.0.19041.56
                           RuntimeFrameworkName = Microsoft.Windows.SDK.NET.Ref
                       Microsoft.Windows.SDK.NET.Ref
                           RuntimePackAlwaysCopyLocal = true
                           TargetFramework = net7.0-windows10.0.18362.0
                           DefaultRuntimeFrameworkVersion = 10.0.18362.56
                           TargetingPackName = Microsoft.Windows.SDK.NET.Ref
                           IsWindowsOnly = true
                           LatestRuntimeFrameworkVersion = 10.0.18362.56
                           RuntimePackRuntimeIdentifiers = any
                           RuntimePackNamePatterns = Microsoft.Windows.SDK.NET.Ref
                           TargetingPackVersion = 10.0.18362.56
                           RuntimeFrameworkName = Microsoft.Windows.SDK.NET.Ref
                       Microsoft.Windows.SDK.NET.Ref
                           RuntimePackAlwaysCopyLocal = true
                           TargetFramework = net7.0-windows10.0.17763.0
                           DefaultRuntimeFrameworkVersion = 10.0.17763.56
                           TargetingPackName = Microsoft.Windows.SDK.NET.Ref
                           IsWindowsOnly = true
                           LatestRuntimeFrameworkVersion = 10.0.17763.56
                           RuntimePackRuntimeIdentifiers = any
                           RuntimePackNamePatterns = Microsoft.Windows.SDK.NET.Ref
                           TargetingPackVersion = 10.0.17763.56
                           RuntimeFrameworkName = Microsoft.Windows.SDK.NET.Ref
                       Microsoft.Windows.SDK.NET.Ref
                           RuntimePackAlwaysCopyLocal = true
                           TargetFramework = net8.0-windows10.0.17763.0
                           DefaultRuntimeFrameworkVersion = 10.0.17763.56
                           TargetingPackName = Microsoft.Windows.SDK.NET.Ref
                           IsWindowsOnly = true
                           LatestRuntimeFrameworkVersion = 10.0.17763.56
                           RuntimePackRuntimeIdentifiers = any
                           RuntimePackNamePatterns = Microsoft.Windows.SDK.NET.Ref
                           TargetingPackVersion = 10.0.17763.56
                           RuntimeFrameworkName = Microsoft.Windows.SDK.NET.Ref
                       Microsoft.Windows.SDK.NET.Ref
                           RuntimePackAlwaysCopyLocal = true
                           TargetFramework = net8.0-windows10.0.19041.0
                           DefaultRuntimeFrameworkVersion = 10.0.19041.56
                           TargetingPackName = Microsoft.Windows.SDK.NET.Ref
                           IsWindowsOnly = true
                           LatestRuntimeFrameworkVersion = 10.0.19041.56
                           RuntimePackRuntimeIdentifiers = any
                           RuntimePackNamePatterns = Microsoft.Windows.SDK.NET.Ref
                           TargetingPackVersion = 10.0.19041.56
                           RuntimeFrameworkName = Microsoft.Windows.SDK.NET.Ref
                       Microsoft.WindowsDesktop.App
                           TargetFramework = netcoreapp3.0
                           DefaultRuntimeFrameworkVersion = 3.0.0
                           TargetingPackName = Microsoft.WindowsDesktop.App.Ref
                           IsWindowsOnly = true
                           LatestRuntimeFrameworkVersion = 3.0.3
                           RuntimePackRuntimeIdentifiers = win-x64;win-x86
                           RuntimePackNamePatterns = Microsoft.WindowsDesktop.App.Runtime.**RID**
                           TargetingPackVersion = 3.0.0
                           RuntimeFrameworkName = Microsoft.WindowsDesktop.App
                       Microsoft.WindowsDesktop.App
                           TargetFramework = netcoreapp3.1
                           DefaultRuntimeFrameworkVersion = 3.1.0
                           TargetingPackName = Microsoft.WindowsDesktop.App.Ref
                           IsWindowsOnly = true
                           LatestRuntimeFrameworkVersion = 3.1.32
                           RuntimePackRuntimeIdentifiers = win-x64;win-x86
                           RuntimePackNamePatterns = Microsoft.WindowsDesktop.App.Runtime.**RID**
                           TargetingPackVersion = 3.1.0
                           RuntimeFrameworkName = Microsoft.WindowsDesktop.App
                       Microsoft.WindowsDesktop.App
                           TargetFramework = net6.0
                           DefaultRuntimeFrameworkVersion = 6.0.0
                           TargetingPackName = Microsoft.WindowsDesktop.App.Ref
                           IsWindowsOnly = true
                           LatestRuntimeFrameworkVersion = 6.0.36
                           RuntimePackRuntimeIdentifiers = win-x64;win-x86;win-arm64
                           RuntimePackNamePatterns = Microsoft.WindowsDesktop.App.Runtime.**RID**
                           TargetingPackVersion = 6.0.36
                           RuntimeFrameworkName = Microsoft.WindowsDesktop.App
                       Microsoft.WindowsDesktop.App
                           TargetFramework = net7.0
                           DefaultRuntimeFrameworkVersion = 7.0.0
                           TargetingPackName = Microsoft.WindowsDesktop.App.Ref
                           IsWindowsOnly = true
                           LatestRuntimeFrameworkVersion = 7.0.20
                           RuntimePackRuntimeIdentifiers = win-x64;win-x86;win-arm64
                           RuntimePackNamePatterns = Microsoft.WindowsDesktop.App.Runtime.**RID**
                           TargetingPackVersion = 7.0.20
                           RuntimeFrameworkName = Microsoft.WindowsDesktop.App
                       Microsoft.WindowsDesktop.App
                           TargetFramework = net8.0
                           DefaultRuntimeFrameworkVersion = 8.0.0
                           TargetingPackName = Microsoft.WindowsDesktop.App.Ref
                           IsWindowsOnly = true
                           LatestRuntimeFrameworkVersion = 8.0.25
                           RuntimePackRuntimeIdentifiers = win-x64;win-x86;win-arm64
                           RuntimePackNamePatterns = Microsoft.WindowsDesktop.App.Runtime.**RID**
                           TargetingPackVersion = 8.0.25
                           RuntimeFrameworkName = Microsoft.WindowsDesktop.App
                       Microsoft.WindowsDesktop.App
                           TargetFramework = net5.0
                           DefaultRuntimeFrameworkVersion = 5.0.0
                           TargetingPackName = Microsoft.WindowsDesktop.App.Ref
                           IsWindowsOnly = true
                           LatestRuntimeFrameworkVersion = 5.0.17
                           RuntimePackRuntimeIdentifiers = win-x64;win-x86;win-arm64
                           RuntimePackNamePatterns = Microsoft.WindowsDesktop.App.Runtime.**RID**
                           TargetingPackVersion = 5.0.0
                           RuntimeFrameworkName = Microsoft.WindowsDesktop.App
                       Microsoft.WindowsDesktop.App.WindowsForms
                           TargetFramework = netcoreapp3.0
                           DefaultRuntimeFrameworkVersion = 3.0.0
                           TargetingPackName = Microsoft.WindowsDesktop.App.Ref
                           IsWindowsOnly = true
                           LatestRuntimeFrameworkVersion = 3.0.3
                           RuntimePackRuntimeIdentifiers = win-x64;win-x86
                           RuntimePackNamePatterns = Microsoft.WindowsDesktop.App.Runtime.**RID**
                           TargetingPackVersion = 3.0.0
                           Profile = WindowsForms
                           RuntimeFrameworkName = Microsoft.WindowsDesktop.App
                       Microsoft.WindowsDesktop.App.WindowsForms
                           TargetFramework = net8.0
                           DefaultRuntimeFrameworkVersion = 8.0.0
                           TargetingPackName = Microsoft.WindowsDesktop.App.Ref
                           IsWindowsOnly = true
                           LatestRuntimeFrameworkVersion = 8.0.25
                           RuntimePackRuntimeIdentifiers = win-x64;win-x86;win-arm64
                           RuntimePackNamePatterns = Microsoft.WindowsDesktop.App.Runtime.**RID**
                           TargetingPackVersion = 8.0.25
                           Profile = WindowsForms
                           RuntimeFrameworkName = Microsoft.WindowsDesktop.App
                       Microsoft.WindowsDesktop.App.WindowsForms
                           TargetFramework = net7.0
                           DefaultRuntimeFrameworkVersion = 7.0.0
                           TargetingPackName = Microsoft.WindowsDesktop.App.Ref
                           IsWindowsOnly = true
                           LatestRuntimeFrameworkVersion = 7.0.20
                           RuntimePackRuntimeIdentifiers = win-x64;win-x86;win-arm64
                           RuntimePackNamePatterns = Microsoft.WindowsDesktop.App.Runtime.**RID**
                           TargetingPackVersion = 7.0.20
                           Profile = WindowsForms
                           RuntimeFrameworkName = Microsoft.WindowsDesktop.App
                       Microsoft.WindowsDesktop.App.WindowsForms
                           TargetFramework = net6.0
                           DefaultRuntimeFrameworkVersion = 6.0.0
                           TargetingPackName = Microsoft.WindowsDesktop.App.Ref
                           IsWindowsOnly = true
                           LatestRuntimeFrameworkVersion = 6.0.36
                           RuntimePackRuntimeIdentifiers = win-x64;win-x86;win-arm64
                           RuntimePackNamePatterns = Microsoft.WindowsDesktop.App.Runtime.**RID**
                           TargetingPackVersion = 6.0.36
                           Profile = WindowsForms
                           RuntimeFrameworkName = Microsoft.WindowsDesktop.App
                       Microsoft.WindowsDesktop.App.WindowsForms
                           TargetFramework = netcoreapp3.1
                           DefaultRuntimeFrameworkVersion = 3.1.0
                           TargetingPackName = Microsoft.WindowsDesktop.App.Ref
                           IsWindowsOnly = true
                           LatestRuntimeFrameworkVersion = 3.1.32
                           RuntimePackRuntimeIdentifiers = win-x64;win-x86
                           RuntimePackNamePatterns = Microsoft.WindowsDesktop.App.Runtime.**RID**
                           TargetingPackVersion = 3.1.0
                           Profile = WindowsForms
                           RuntimeFrameworkName = Microsoft.WindowsDesktop.App
                       Microsoft.WindowsDesktop.App.WindowsForms
                           TargetFramework = net5.0
                           DefaultRuntimeFrameworkVersion = 5.0.0
                           TargetingPackName = Microsoft.WindowsDesktop.App.Ref
                           IsWindowsOnly = true
                           LatestRuntimeFrameworkVersion = 5.0.17
                           RuntimePackRuntimeIdentifiers = win-x64;win-x86;win-arm64
                           RuntimePackNamePatterns = Microsoft.WindowsDesktop.App.Runtime.**RID**
                           TargetingPackVersion = 5.0.0
                           Profile = WindowsForms
                           RuntimeFrameworkName = Microsoft.WindowsDesktop.App
                       Microsoft.WindowsDesktop.App.WPF
                           TargetFramework = netcoreapp3.0
                           DefaultRuntimeFrameworkVersion = 3.0.0
                           TargetingPackName = Microsoft.WindowsDesktop.App.Ref
                           IsWindowsOnly = true
                           LatestRuntimeFrameworkVersion = 3.0.3
                           RuntimePackRuntimeIdentifiers = win-x64;win-x86
                           RuntimePackNamePatterns = Microsoft.WindowsDesktop.App.Runtime.**RID**
                           TargetingPackVersion = 3.0.0
                           Profile = WPF
                           RuntimeFrameworkName = Microsoft.WindowsDesktop.App
                       Microsoft.WindowsDesktop.App.WPF
                           TargetFramework = net6.0
                           DefaultRuntimeFrameworkVersion = 6.0.0
                           TargetingPackName = Microsoft.WindowsDesktop.App.Ref
                           IsWindowsOnly = true
                           LatestRuntimeFrameworkVersion = 6.0.36
                           RuntimePackRuntimeIdentifiers = win-x64;win-x86;win-arm64
                           RuntimePackNamePatterns = Microsoft.WindowsDesktop.App.Runtime.**RID**
                           TargetingPackVersion = 6.0.36
                           Profile = WPF
                           RuntimeFrameworkName = Microsoft.WindowsDesktop.App
                       Microsoft.WindowsDesktop.App.WPF
                           TargetFramework = netcoreapp3.1
                           DefaultRuntimeFrameworkVersion = 3.1.0
                           TargetingPackName = Microsoft.WindowsDesktop.App.Ref
                           IsWindowsOnly = true
                           LatestRuntimeFrameworkVersion = 3.1.32
                           RuntimePackRuntimeIdentifiers = win-x64;win-x86
                           RuntimePackNamePatterns = Microsoft.WindowsDesktop.App.Runtime.**RID**
                           TargetingPackVersion = 3.1.0
                           Profile = WPF
                           RuntimeFrameworkName = Microsoft.WindowsDesktop.App
                       Microsoft.WindowsDesktop.App.WPF
                           TargetFramework = net5.0
                           DefaultRuntimeFrameworkVersion = 5.0.0
                           TargetingPackName = Microsoft.WindowsDesktop.App.Ref
                           IsWindowsOnly = true
                           LatestRuntimeFrameworkVersion = 5.0.17
                           RuntimePackRuntimeIdentifiers = win-x64;win-x86;win-arm64
                           RuntimePackNamePatterns = Microsoft.WindowsDesktop.App.Runtime.**RID**
                           TargetingPackVersion = 5.0.0
                           Profile = WPF
                           RuntimeFrameworkName = Microsoft.WindowsDesktop.App
                       Microsoft.WindowsDesktop.App.WPF
                           TargetFramework = net7.0
                           DefaultRuntimeFrameworkVersion = 7.0.0
                           TargetingPackName = Microsoft.WindowsDesktop.App.Ref
                           IsWindowsOnly = true
                           LatestRuntimeFrameworkVersion = 7.0.20
                           RuntimePackRuntimeIdentifiers = win-x64;win-x86;win-arm64
                           RuntimePackNamePatterns = Microsoft.WindowsDesktop.App.Runtime.**RID**
                           TargetingPackVersion = 7.0.20
                           Profile = WPF
                           RuntimeFrameworkName = Microsoft.WindowsDesktop.App
                       Microsoft.WindowsDesktop.App.WPF
                           TargetFramework = net8.0
                           DefaultRuntimeFrameworkVersion = 8.0.0
                           TargetingPackName = Microsoft.WindowsDesktop.App.Ref
                           IsWindowsOnly = true
                           LatestRuntimeFrameworkVersion = 8.0.25
                           RuntimePackRuntimeIdentifiers = win-x64;win-x86;win-arm64
                           RuntimePackNamePatterns = Microsoft.WindowsDesktop.App.Runtime.**RID**
                           TargetingPackVersion = 8.0.25
                           Profile = WPF
                           RuntimeFrameworkName = Microsoft.WindowsDesktop.App
                       NETStandard.Library
                           TargetFramework = netstandard2.1
                           TargetingPackName = NETStandard.Library.Ref
                           TargetingPackVersion = 2.1.0
                   KnownILCompilerPack
                       Microsoft.DotNet.ILCompiler
                           ILCompilerPackNamePattern = runtime.**RID**.Microsoft.DotNet.ILCompiler
                           TargetFramework = net8.0
                           ILCompilerPackVersion = 8.0.25
                           ILCompilerRuntimeIdentifiers = linux-arm64;linux-musl-arm64;linux-musl-x64;linux-x64;win-arm64;win-x64;osx-x64;osx-arm64
                       Microsoft.DotNet.ILCompiler
                           ILCompilerPackNamePattern = runtime.**RID**.Microsoft.DotNet.ILCompiler
                           TargetFramework = net7.0
                           ILCompilerPackVersion = 7.0.20
                           ILCompilerRuntimeIdentifiers = linux-arm64;linux-musl-arm64;linux-musl-x64;linux-x64;win-arm64;win-x64
                   KnownILLinkPack
                       Microsoft.NET.ILLink.Tasks
                           TargetFramework = net8.0
                           ILLinkPackVersion = 8.0.25
                       Microsoft.NET.ILLink.Tasks
                           TargetFramework = net7.0
                           ILLinkPackVersion = 7.0.100-1.23401.1
                       Microsoft.NET.ILLink.Tasks
                           TargetFramework = net6.0
                           ILLinkPackVersion = 7.0.100-1.23401.1
                       Microsoft.NET.ILLink.Tasks
                           TargetFramework = net5.0
                           ILLinkPackVersion = 7.0.100-1.23401.1
                       Microsoft.NET.ILLink.Tasks
                           TargetFramework = netcoreapp3.1
                           ILLinkPackVersion = 7.0.100-1.23401.1
                       Microsoft.NET.ILLink.Tasks
                           TargetFramework = netcoreapp3.0
                           ILLinkPackVersion = 7.0.100-1.23401.1
                   KnownRuntimePack
                       Microsoft.NETCore.App
                           TargetFramework = net8.0
                           LatestRuntimeFrameworkVersion = 8.0.25
                           RuntimePackRuntimeIdentifiers = ios-arm64;iossimulator-arm64;iossimulator-x64;tvos-arm64;tvossimulator-arm64;tvossimulator-x64;maccatalyst-arm64;maccatalyst-x64;linux-bionic-arm64;linux-bionic-x64;osx-arm64;osx-x64
                           RuntimePackNamePatterns = Microsoft.NETCore.App.Runtime.NativeAOT.**RID**
                           RuntimePackLabels = NativeAOT
                           RuntimeFrameworkName = Microsoft.NETCore.App
                       Microsoft.NETCore.App
                           TargetFramework = net8.0
                           LatestRuntimeFrameworkVersion = 8.0.25
                           RuntimePackRuntimeIdentifiers = linux-arm;linux-arm64;linux-musl-arm64;linux-musl-x64;linux-x64;osx-x64;rhel.6-x64;win-arm64;win-x64;win-x86;linux-musl-arm;osx-arm64;linux-s390x;browser-wasm;ios-arm64;ios-arm;iossimulator-arm64;iossimulator-x64;iossimulator-x86;tvos-arm64;tvossimulator-arm64;tvossimulator-x64;maccatalyst-x64;maccatalyst-arm64;android-arm64;android-arm;android-x64;android-x86
                           RuntimePackNamePatterns = Microsoft.NETCore.App.Runtime.Mono.**RID**
                           RuntimePackLabels = Mono
                           RuntimeFrameworkName = Microsoft.NETCore.App
                       Microsoft.NETCore.App
                           TargetFramework = net7.0
                           LatestRuntimeFrameworkVersion = 7.0.20
                           RuntimePackRuntimeIdentifiers = linux-arm;linux-arm64;linux-musl-arm64;linux-musl-x64;linux-x64;osx-x64;rhel.6-x64;win-arm;win-arm64;win-x64;win-x86;linux-musl-arm;osx-arm64;linux-s390x;browser-wasm;ios-arm64;ios-arm;iossimulator-arm64;iossimulator-x64;iossimulator-x86;tvos-arm64;tvossimulator-arm64;tvossimulator-x64;maccatalyst-x64;maccatalyst-arm64;android-arm64;android-arm;android-x64;android-x86
                           RuntimePackNamePatterns = Microsoft.NETCore.App.Runtime.Mono.**RID**
                           RuntimePackLabels = Mono
                           RuntimeFrameworkName = Microsoft.NETCore.App
                       Microsoft.NETCore.App
                           TargetFramework = net6.0
                           LatestRuntimeFrameworkVersion = 6.0.36
                           RuntimePackRuntimeIdentifiers = linux-arm;linux-arm64;linux-musl-arm64;linux-musl-x64;linux-x64;osx-x64;rhel.6-x64;win-arm;win-arm64;win-x64;win-x86;linux-musl-arm;osx-arm64;linux-s390x;browser-wasm;ios-arm64;ios-arm;iossimulator-arm64;iossimulator-x64;iossimulator-x86;tvos-arm64;tvossimulator-arm64;tvossimulator-x64;maccatalyst-x64;maccatalyst-arm64;android-arm64;android-arm;android-x64;android-x86
                           RuntimePackNamePatterns = Microsoft.NETCore.App.Runtime.Mono.**RID**
                           RuntimePackLabels = Mono
                           RuntimeFrameworkName = Microsoft.NETCore.App
                   KnownWebAssemblySdkPack
                       Microsoft.NET.Sdk.WebAssembly.Pack
                           TargetFramework = net8.0
                           WebAssemblySdkPackVersion = 8.0.25
                       Microsoft.NET.Sdk.WebAssembly.Pack
                           TargetFramework = net7.0
                           WebAssemblySdkPackVersion = 8.0.25
                       Microsoft.NET.Sdk.WebAssembly.Pack
                           TargetFramework = net6.0
                           WebAssemblySdkPackVersion = 8.0.25
                   None
                       Shaders\accretion.frag
                       Shaders\accretion.vert
                       Shaders\grid.frag
                       Shaders\grid.vert
                       Shaders\lensing.frag
                       Shaders\lensing.vert
                       Shaders\line.frag
                       Shaders\line.vert
                       Shaders\sphere.frag
                       Shaders\sphere.vert
                       Shaders\starfield.frag
                       Shaders\starfield.vert
                       Shaders\trail.frag
                       Shaders\trail.vert
                   PackageConflictOverrides
                       NETStandard.Library
                           OverriddenPackages = 
                           Microsoft.Win32.Primitives|4.3.0;
                           System.AppContext|4.3.0;
                           System.Collections|4.3.0;
                           System.Collections.Concurrent|4.3.0;
                           System.Collections.Immutable|1.4.0;
                           System.Collections.NonGeneric|4.3.0;
                           System.Collections.Specialized|4.3.0;
                           System.ComponentModel|4.3.0;
                           System.ComponentModel.EventBasedAsync|4.3.0;
                           System.ComponentModel.Primitives|4.3.0;
                           System.ComponentModel.TypeConverter|4.3.0;
                           System.Console|4.3.0;
                           System.Data.Common|4.3.0;
                           System.Diagnostics.Contracts|4.3.0;
                           System.Diagnostics.Debug|4.3.0;
                           System.Diagnostics.FileVersionInfo|4.3.0;
                           System.Diagnostics.Process|4.3.0;
                           System.Diagnostics.StackTrace|4.3.0;
                           System.Diagnostics.TextWriterTraceListener|4.3.0;
                           System.Diagnostics.Tools|4.3.0;
                           System.Diagnostics.TraceSource|4.3.0;
                           System.Diagnostics.Tracing|4.3.0;
                           System.Dynamic.Runtime|4.3.0;
                           System.Globalization|4.3.0;
                           System.Globalization.Calendars|4.3.0;
                           System.Globalization.Extensions|4.3.0;
                           System.IO|4.3.0;
                           System.IO.Compression|4.3.0;
                           System.IO.Compression.ZipFile|4.3.0;
                           System.IO.FileSystem|4.3.0;
                           System.IO.FileSystem.DriveInfo|4.3.0;
                           System.IO.FileSystem.Primitives|4.3.0;
                           System.IO.FileSystem.Watcher|4.3.0;
                           System.IO.IsolatedStorage|4.3.0;
                           System.IO.MemoryMappedFiles|4.3.0;
                           System.IO.Pipes|4.3.0;
                           System.IO.UnmanagedMemoryStream|4.3.0;
                           System.Linq|4.3.0;
                           System.Linq.Expressions|4.3.0;
                           System.Linq.Queryable|4.3.0;
                           System.Net.Http|4.3.0;
                           System.Net.NameResolution|4.3.0;
                           System.Net.Primitives|4.3.0;
                           System.Net.Requests|4.3.0;
                           System.Net.Security|4.3.0;
                           System.Net.Sockets|4.3.0;
                           System.Net.WebHeaderCollection|4.3.0;
                           System.ObjectModel|4.3.0;
                           System.Private.DataContractSerialization|4.3.0;
                           System.Reflection|4.3.0;
                           System.Reflection.Emit|4.3.0;
                           System.Reflection.Emit.ILGeneration|4.3.0;
                           System.Reflection.Emit.Lightweight|4.3.0;
                           System.Reflection.Extensions|4.3.0;
                           System.Reflection.Primitives|4.3.0;
                           System.Reflection.TypeExtensions|4.3.0;
                           System.Resources.ResourceManager|4.3.0;
                           System.Runtime|4.3.0;
                           System.Runtime.Extensions|4.3.0;
                           System.Runtime.Handles|4.3.0;
                           System.Runtime.InteropServices|4.3.0;
                           System.Runtime.InteropServices.RuntimeInformation|4.3.0;
                           System.Runtime.Loader|4.3.0;
                           System.Runtime.Numerics|4.3.0;
                           System.Runtime.Serialization.Formatters|4.3.0;
                           System.Runtime.Serialization.Json|4.3.0;
                           System.Runtime.Serialization.Primitives|4.3.0;
                           System.Security.AccessControl|4.4.0;
                           System.Security.Claims|4.3.0;
                           System.Security.Cryptography.Algorithms|4.3.0;
                           System.Security.Cryptography.Csp|4.3.0;
                           System.Security.Cryptography.Encoding|4.3.0;
                           System.Security.Cryptography.Primitives|4.3.0;
                           System.Security.Cryptography.X509Certificates|4.3.0;
                           System.Security.Cryptography.Xml|4.4.0;
                           System.Security.Principal|4.3.0;
                           System.Security.Principal.Windows|4.4.0;
                           System.Text.Encoding|4.3.0;
                           System.Text.Encoding.Extensions|4.3.0;
                           System.Text.RegularExpressions|4.3.0;
                           System.Threading|4.3.0;
                           System.Threading.Overlapped|4.3.0;
                           System.Threading.Tasks|4.3.0;
                           System.Threading.Tasks.Extensions|4.3.0;
                           System.Threading.Tasks.Parallel|4.3.0;
                           System.Threading.Thread|4.3.0;
                           System.Threading.ThreadPool|4.3.0;
                           System.Threading.Timer|4.3.0;
                           System.ValueTuple|4.3.0;
                           System.Xml.ReaderWriter|4.3.0;
                           System.Xml.XDocument|4.3.0;
                           System.Xml.XmlDocument|4.3.0;
                           System.Xml.XmlSerializer|4.3.0;
                           System.Xml.XPath|4.3.0;
                           System.Xml.XPath.XDocument|4.3.0;
                         
                   PackageReference
                       Silk.NET.Input
                           Version = 2.23.0
                       Silk.NET.Maths
                           Version = 2.23.0
                       Silk.NET.OpenGL
                           Version = 2.23.0
                       Silk.NET.Windowing
                           Version = 2.23.0
                   PotentialEditorConfigFiles
                       C:\.editorconfig
                       C:\sharon\.editorconfig
                       C:\sharon\projects\.editorconfig
                       C:\sharon\projects\celestial-mechanics-desktop\.editorconfig
                       C:\sharon\projects\celestial-mechanics-desktop\src\.editorconfig
                       C:\sharon\projects\celestial-mechanics-desktop\src\CelestialMechanics.Renderer\.editorconfig
                   PreprocessorValue
                       assemblyname
                           Value = CelestialMechanics.Renderer
                       filename
                           Value = CelestialMechanics.Renderer.csproj
                       fullpath
                           Value = C:\sharon\projects\celestial-mechanics-desktop\src\CelestialMechanics.Renderer
                       outputfilename
                           Value = CelestialMechanics.Renderer.dll
                       rootnamespace
                           Value = CelestialMechanics.Renderer
                   ProjectCapability
                       AllTargetOutputGroups
                       AssemblyReferences
                       COMReferences
                       CSharp
                       DeclaredSourceItems
                       GenerateDocumentationFile
                       LanguageService
                       Managed
                       NativeAOT
                       NetSdkOCIImageBuild
                       OutputGroups
                       Pack
                       ProjectReferences
                       ReferencesFolder
                       RelativePathDerivedDefaultNamespace
                       SharedProjectReferences
                       SingleFileGenerators
                       SupportsHotReload
                       UserSourceItems
                       VisualStudioWellKnownOutputGroups
                   ProjectReference
                       ..\CelestialMechanics.Math\CelestialMechanics.Math.csproj
                           ReferenceSourceTarget = ProjectReference
                           OutputItemType = 
                           Targets = 
                       ..\CelestialMechanics.Simulation\CelestialMechanics.Simulation.csproj
                           ReferenceSourceTarget = ProjectReference
                           OutputItemType = 
                           Targets = 
                   PropertyPageSchema
                       C:\Program Files\dotnet\sdk\8.0.419\\assemblyreference.xaml
                           Context = ;BrowseObject
                       C:\Program Files\dotnet\sdk\8.0.419\\COMReference.xaml
                           Context = ;BrowseObject
                       C:\Program Files\dotnet\sdk\8.0.419\\Content.xaml
                           Context = File;BrowseObject
                       C:\Program Files\dotnet\sdk\8.0.419\\CSharp.BrowseObject.xaml
                           Context = BrowseObject
                       C:\Program Files\dotnet\sdk\8.0.419\\CSharp.ProjectItemsSchema.xaml
                       C:\Program Files\dotnet\sdk\8.0.419\\CSharp.xaml
                           Context = File
                       C:\Program Files\dotnet\sdk\8.0.419\\Debugger_General.xaml
                           Context = Project
                       C:\Program Files\dotnet\sdk\8.0.419\\EmbeddedResource.xaml
                           Context = File;BrowseObject
                       C:\Program Files\dotnet\sdk\8.0.419\\Folder.xaml
                           Context = File;BrowseObject
                       C:\Program Files\dotnet\sdk\8.0.419\\General_File.xaml
                           Context = File
                       C:\Program Files\dotnet\sdk\8.0.419\\General.BrowseObject.xaml
                           Context = BrowseObject
                       C:\Program Files\dotnet\sdk\8.0.419\\General.xaml
                           Context = Project
                       C:\Program Files\dotnet\sdk\8.0.419\\None.xaml
                           Context = File;BrowseObject
                       C:\Program Files\dotnet\sdk\8.0.419\\ProjectItemsSchema.xaml
                       C:\Program Files\dotnet\sdk\8.0.419\\ProjectReference.xaml
                           Context = ;BrowseObject
                       C:\Program Files\dotnet\sdk\8.0.419\\ResolvedAssemblyReference.xaml
                           Context = ProjectSubscriptionService;BrowseObject
                       C:\Program Files\dotnet\sdk\8.0.419\\ResolvedCOMReference.xaml
                           Context = ProjectSubscriptionService;BrowseObject
                       C:\Program Files\dotnet\sdk\8.0.419\\ResolvedProjectReference.xaml
                           Context = ProjectSubscriptionService;BrowseObject
                       C:\Program Files\dotnet\sdk\8.0.419\\SCC.xaml
                           Context = Invisible
                       C:\Program Files\dotnet\sdk\8.0.419\\SpecialFolder.xaml
                           Context = File;ProjectSubscriptionService
                   RegFreeComManifest
                       obj\Debug\net8.0\CelestialMechanics.Renderer.X.manifest
                   RuntimeHostConfigurationOption
                       System.Runtime.Serialization.EnableUnsafeBinaryFormatterSerialization
                           Value = false
                           Trim = true
                   SdkSupportedTargetPlatformIdentifier
                       android
                           DisplayName = Android
                       ios
                           DisplayName = iOS
                       maccatalyst
                           DisplayName = Mac Catalyst
                       macos
                           DisplayName = macOS
                       tvos
                           DisplayName = tvOS
                       windows
                           DisplayName = Windows
                   SourceLinkAzureReposGitHost
                       dev.azure.com
                       visualstudio.com
                       vsts.me
                   SourceLinkBitbucketGitHost
                       bitbucket.org
                           EnterpriseEdition = false
                   SourceLinkGitHubHost
                       github.com
                           ContentUrl = https://raw.githubusercontent.com
                   SourceLinkGitLabHost
                       gitlab.com
                   SourceRoot
                       C:\Users\Lenovo\.nuget\packages\
                   SupportedNETCoreAppTargetFramework
                       .NETCoreApp,Version=v1.0
                           DisplayName = .NET Core 1.0
                           Alias = netcoreapp1.0
                       .NETCoreApp,Version=v1.1
                           DisplayName = .NET Core 1.1
                           Alias = netcoreapp1.1
                       .NETCoreApp,Version=v2.0
                           DisplayName = .NET Core 2.0
                           Alias = netcoreapp2.0
                       .NETCoreApp,Version=v2.1
                           DisplayName = .NET Core 2.1
                           Alias = netcoreapp2.1
                       .NETCoreApp,Version=v2.2
                           DisplayName = .NET Core 2.2
                           Alias = netcoreapp2.2
                       .NETCoreApp,Version=v3.0
                           DisplayName = .NET Core 3.0
                           Alias = netcoreapp3.0
                       .NETCoreApp,Version=v3.1
                           DisplayName = .NET Core 3.1
                           Alias = netcoreapp3.1
                       .NETCoreApp,Version=v5.0
                           DisplayName = .NET 5.0
                           Alias = net5.0
                       .NETCoreApp,Version=v6.0
                           DisplayName = .NET 6.0
                           Alias = net6.0
                       .NETCoreApp,Version=v7.0
                           DisplayName = .NET 7.0
                           Alias = net7.0
                       .NETCoreApp,Version=v8.0
                           DisplayName = .NET 8.0
                           Alias = net8.0
                   SupportedNETFrameworkTargetFramework
                       .NETFramework,Version=v2.0
                           DisplayName = .NET Framework 2.0
                           Alias = net20
                       .NETFramework,Version=v3.0
                           DisplayName = .NET Framework 3.0
                           Alias = net30
                       .NETFramework,Version=v3.5
                           DisplayName = .NET Framework 3.5
                           Alias = net35
                       .NETFramework,Version=v4.0
                           DisplayName = .NET Framework 4.0
                           Alias = net40
                       .NETFramework,Version=v4.5
                           DisplayName = .NET Framework 4.5
                           Alias = net45
                       .NETFramework,Version=v4.5.1
                           DisplayName = .NET Framework 4.5.1
                           Alias = net451
                       .NETFramework,Version=v4.5.2
                           DisplayName = .NET Framework 4.5.2
                           Alias = net452
                       .NETFramework,Version=v4.6
                           DisplayName = .NET Framework 4.6
                           Alias = net46
                       .NETFramework,Version=v4.6.1
                           DisplayName = .NET Framework 4.6.1
                           Alias = net461
                       .NETFramework,Version=v4.6.2
                           DisplayName = .NET Framework 4.6.2
                           Alias = net462
                       .NETFramework,Version=v4.7
                           DisplayName = .NET Framework 4.7
                           Alias = net47
                       .NETFramework,Version=v4.7.1
                           DisplayName = .NET Framework 4.7.1
                           Alias = net471
                       .NETFramework,Version=v4.7.2
                           DisplayName = .NET Framework 4.7.2
                           Alias = net472
                       .NETFramework,Version=v4.8
                           DisplayName = .NET Framework 4.8
                           Alias = net48
                       .NETFramework,Version=v4.8.1
                           DisplayName = .NET Framework 4.8.1
                           Alias = net481
                   SupportedNETStandardTargetFramework
                       .NETStandard,Version=v1.0
                           DisplayName = .NET Standard 1.0
                           Alias = netstandard1.0
                       .NETStandard,Version=v1.1
                           DisplayName = .NET Standard 1.1
                           Alias = netstandard1.1
                       .NETStandard,Version=v1.2
                           DisplayName = .NET Standard 1.2
                           Alias = netstandard1.2
                       .NETStandard,Version=v1.3
                           DisplayName = .NET Standard 1.3
                           Alias = netstandard1.3
                       .NETStandard,Version=v1.4
                           DisplayName = .NET Standard 1.4
                           Alias = netstandard1.4
                       .NETStandard,Version=v1.5
                           DisplayName = .NET Standard 1.5
                           Alias = netstandard1.5
                       .NETStandard,Version=v1.6
                           DisplayName = .NET Standard 1.6
                           Alias = netstandard1.6
                       .NETStandard,Version=v2.0
                           DisplayName = .NET Standard 2.0
                           Alias = netstandard2.0
                       .NETStandard,Version=v2.1
                           DisplayName = .NET Standard 2.1
                           Alias = netstandard2.1
                   SupportedPlatform
                       Linux
                       macOS
                       Windows
                   SupportedTargetFramework
                       .NETCoreApp,Version=v1.0
                           DisplayName = .NET Core 1.0
                           Alias = netcoreapp1.0
                       .NETCoreApp,Version=v1.1
                           DisplayName = .NET Core 1.1
                           Alias = netcoreapp1.1
                       .NETCoreApp,Version=v2.0
                           DisplayName = .NET Core 2.0
                           Alias = netcoreapp2.0
                       .NETCoreApp,Version=v2.1
                           DisplayName = .NET Core 2.1
                           Alias = netcoreapp2.1
                       .NETCoreApp,Version=v2.2
                           DisplayName = .NET Core 2.2
                           Alias = netcoreapp2.2
                       .NETCoreApp,Version=v3.0
                           DisplayName = .NET Core 3.0
                           Alias = netcoreapp3.0
                       .NETCoreApp,Version=v3.1
                           DisplayName = .NET Core 3.1
                           Alias = netcoreapp3.1
                       .NETCoreApp,Version=v5.0
                           DisplayName = .NET 5.0
                           Alias = net5.0
                       .NETCoreApp,Version=v6.0
                           DisplayName = .NET 6.0
                           Alias = net6.0
                       .NETCoreApp,Version=v7.0
                           DisplayName = .NET 7.0
                           Alias = net7.0
                       .NETCoreApp,Version=v8.0
                           DisplayName = .NET 8.0
                           Alias = net8.0
                       .NETFramework,Version=v2.0
                           DisplayName = .NET Framework 2.0
                           Alias = net20
                       .NETFramework,Version=v3.0
                           DisplayName = .NET Framework 3.0
                           Alias = net30
                       .NETFramework,Version=v3.5
                           DisplayName = .NET Framework 3.5
                           Alias = net35
                       .NETFramework,Version=v4.0
                           DisplayName = .NET Framework 4.0
                           Alias = net40
                       .NETFramework,Version=v4.5
                           DisplayName = .NET Framework 4.5
                           Alias = net45
                       .NETFramework,Version=v4.5.1
                           DisplayName = .NET Framework 4.5.1
                           Alias = net451
                       .NETFramework,Version=v4.5.2
                           DisplayName = .NET Framework 4.5.2
                           Alias = net452
                       .NETFramework,Version=v4.6
                           DisplayName = .NET Framework 4.6
                           Alias = net46
                       .NETFramework,Version=v4.6.1
                           DisplayName = .NET Framework 4.6.1
                           Alias = net461
                       .NETFramework,Version=v4.6.2
                           DisplayName = .NET Framework 4.6.2
                           Alias = net462
                       .NETFramework,Version=v4.7
                           DisplayName = .NET Framework 4.7
                           Alias = net47
                       .NETFramework,Version=v4.7.1
                           DisplayName = .NET Framework 4.7.1
                           Alias = net471
                       .NETFramework,Version=v4.7.2
                           DisplayName = .NET Framework 4.7.2
                           Alias = net472
                       .NETFramework,Version=v4.8
                           DisplayName = .NET Framework 4.8
                           Alias = net48
                       .NETFramework,Version=v4.8.1
                           DisplayName = .NET Framework 4.8.1
                           Alias = net481
                       .NETStandard,Version=v1.0
                           DisplayName = .NET Standard 1.0
                           Alias = netstandard1.0
                       .NETStandard,Version=v1.1
                           DisplayName = .NET Standard 1.1
                           Alias = netstandard1.1
                       .NETStandard,Version=v1.2
                           DisplayName = .NET Standard 1.2
                           Alias = netstandard1.2
                       .NETStandard,Version=v1.3
                           DisplayName = .NET Standard 1.3
                           Alias = netstandard1.3
                       .NETStandard,Version=v1.4
                           DisplayName = .NET Standard 1.4
                           Alias = netstandard1.4
                       .NETStandard,Version=v1.5
                           DisplayName = .NET Standard 1.5
                           Alias = netstandard1.5
                       .NETStandard,Version=v1.6
                           DisplayName = .NET Standard 1.6
                           Alias = netstandard1.6
                       .NETStandard,Version=v2.0
                           DisplayName = .NET Standard 2.0
                           Alias = netstandard2.0
                       .NETStandard,Version=v2.1
                           DisplayName = .NET Standard 2.1
                           Alias = netstandard2.1
                   Using
                       System
                       System.Collections.Generic
                       System.IO
                       System.Linq
                       System.Net.Http
                       System.Threading
                       System.Threading.Tasks
                   WindowsSdkSupportedTargetPlatformVersion
                       10.0.17763.0
                           WindowsSdkPackageVersion = 10.0.17763.55
                           MinimumNETVersion = 6.0
                       10.0.17763.0
                           WindowsSdkPackageVersion = 10.0.17763.56
                           MinimumNETVersion = 8.0
                       10.0.17763.0
                           WindowsSdkPackageVersion = 10.0.17763.26
                           MinimumNETVersion = 5.0
                       10.0.18362.0
                           WindowsSdkPackageVersion = 10.0.18362.55
                           MinimumNETVersion = 6.0
                       10.0.18362.0
                           WindowsSdkPackageVersion = 10.0.18362.56
                           MinimumNETVersion = 8.0
                       10.0.18362.0
                           WindowsSdkPackageVersion = 10.0.18362.26
                           MinimumNETVersion = 5.0
                       10.0.19041.0
                           WindowsSdkPackageVersion = 10.0.19041.26
                           MinimumNETVersion = 5.0
                       10.0.19041.0
                           WindowsSdkPackageVersion = 10.0.19041.55
                           MinimumNETVersion = 6.0
                       10.0.19041.0
                           WindowsSdkPackageVersion = 10.0.19041.56
                           MinimumNETVersion = 8.0
                       10.0.20348.0
                           WindowsSdkPackageVersion = 10.0.20348.55
                           MinimumNETVersion = 6.0
                       10.0.20348.0
                           WindowsSdkPackageVersion = 10.0.20348.26
                           MinimumNETVersion = 5.0
                       10.0.20348.0
                           WindowsSdkPackageVersion = 10.0.20348.56
                           MinimumNETVersion = 8.0
                       10.0.22000.0
                           WindowsSdkPackageVersion = 10.0.22000.56
                           MinimumNETVersion = 8.0
                       10.0.22000.0
                           WindowsSdkPackageVersion = 10.0.22000.26
                           MinimumNETVersion = 5.0
                       10.0.22000.0
                           WindowsSdkPackageVersion = 10.0.22000.55
                           MinimumNETVersion = 6.0
                       10.0.22621.0
                           WindowsSdkPackageVersion = 10.0.22621.56
                           MinimumNETVersion = 8.0
                       10.0.22621.0
                           WindowsSdkPackageVersion = 10.0.22621.55
                           MinimumNETVersion = 6.0
                       10.0.26100.0
                           WindowsSdkPackageVersion = 10.0.26100.56
                           MinimumNETVersion = 8.0
                       10.0.26100.0
                           WindowsSdkPackageVersion = 10.0.26100.55
                           MinimumNETVersion = 6.0
                       7.0
                       8.0

13:12:34.996     1>Project "C:\sharon\projects\celestial-mechanics-desktop\src\CelestialMechanics.Desktop\CelestialMechanics.Desktop.csproj" (1) is building "C:\sharon\projects\celestial-mechanics-desktop\src\CelestialMechanics.Renderer\CelestialMechanics.Renderer.csproj" (3) on node 1 (GetTargetFrameworks target(s)).
13:12:37.071     3>Target "GetTargetFrameworksWithPlatformForSingleTargetFramework: (TargetId:28)" in file "C:\Program Files\dotnet\sdk\8.0.419\Microsoft.Common.CurrentVersion.targets" from project "C:\sharon\projects\celestial-mechanics-desktop\src\CelestialMechanics.Renderer\CelestialMechanics.Renderer.csproj" (target "GetTargetFrameworks" depends on it):
13:12:37.071     3>Added Item(s): 
    _AdditionalTargetFrameworkInfoPropertyWithValue=
        SelfContained
                Value=
                   Added Item(s): 
                       _AdditionalTargetFrameworkInfoPropertyWithValue=
                           _IsExecutable
                                   Value=
                   Added Item(s): 
                       _AdditionalTargetFrameworkInfoPropertyWithValue=
                           IsRidAgnostic
                                   Value=true
                   Added Item(s): 
                       _AdditionalTargetFrameworkInfoPropertyWithValue=
                           ShouldBeValidatedAsExecutableReference
                                   Value=
                   Added Item(s): 
                       _AdditionalTargetFrameworkInfoPropertyWithValue=
                           _SelfContainedWasSpecified
                                   Value=
                   Task "CombineTargetFrameworkInfoProperties" (TaskId:17)
                     Task Parameter:UseAttributeForTargetFrameworkInfoPropertyNames=True (TaskId:17)
                     Task Parameter:RootElementName=net8.0 (TaskId:17)
                     Task Parameter:
                         PropertiesAndValues=
                             SelfContained
                                     Value=
                             _IsExecutable
                                     Value=
                             IsRidAgnostic
                                     Value=true
                             ShouldBeValidatedAsExecutableReference
                                     Value=
                             _SelfContainedWasSpecified
                                     Value= (TaskId:17)
                     Output Property: _AdditionalTargetFrameworkInfoProperties=<TargetFramework Name="net8.0">
                       <SelfContained></SelfContained>
                       <_IsExecutable></_IsExecutable>
                       <IsRidAgnostic>true</IsRidAgnostic>
                       <ShouldBeValidatedAsExecutableReference></ShouldBeValidatedAsExecutableReference>
                       <_SelfContainedWasSpecified></_SelfContainedWasSpecified>
                     </TargetFramework> (TaskId:17)
                   Done executing task "CombineTargetFrameworkInfoProperties". (TaskId:17)
                   Added Item(s): 
                       _TargetFrameworkInfo=
                           net8.0
                                   AdditionalPropertiesFromProject=<TargetFramework Name="net8.0">
                     <SelfContained></SelfContained>
                     <_IsExecutable></_IsExecutable>
                     <IsRidAgnostic>true</IsRidAgnostic>
                     <ShouldBeValidatedAsExecutableReference></ShouldBeValidatedAsExecutableReference>
                     <_SelfContainedWasSpecified></_SelfContainedWasSpecified>
                   </TargetFramework>
                                   IsRidAgnostic=true
                                   TargetFrameworkMonikers=.NETCoreApp,Version=v8.0
                                   TargetFrameworks=net8.0
                                   TargetPlatformMonikers=None
13:12:37.072     3>Done building target "GetTargetFrameworksWithPlatformForSingleTargetFramework" in project "CelestialMechanics.Renderer.csproj".: (TargetId:28)
13:12:37.072     3>Target "GetTargetFrameworks: (TargetId:29)" in file "C:\Program Files\dotnet\sdk\8.0.419\Microsoft.Common.CurrentVersion.targets" from project "C:\sharon\projects\celestial-mechanics-desktop\src\CelestialMechanics.Renderer\CelestialMechanics.Renderer.csproj" (entry point):
                   Task "Error" skipped, due to false condition; ('$(IsCrossTargetingBuild)' == 'true') was evaluated as ('' == 'true').
                   Task "CombineXmlElements" (TaskId:18)
                     Task Parameter:RootElementName=AdditionalProjectProperties (TaskId:18)
                     Task Parameter:
                         XmlElements=
                             <TargetFramework Name="net8.0">
                       <SelfContained></SelfContained>
                       <_IsExecutable></_IsExecutable>
                       <IsRidAgnostic>true</IsRidAgnostic>
                       <ShouldBeValidatedAsExecutableReference></ShouldBeValidatedAsExecutableReference>
                       <_SelfContainedWasSpecified></_SelfContainedWasSpecified>
                     </TargetFramework>
                                     AdditionalPropertiesFromProject=<TargetFramework Name="net8.0">
                       <SelfContained></SelfContained>
                       <_IsExecutable></_IsExecutable>
                       <IsRidAgnostic>true</IsRidAgnostic>
                       <ShouldBeValidatedAsExecutableReference></ShouldBeValidatedAsExecutableReference>
                       <_SelfContainedWasSpecified></_SelfContainedWasSpecified>
                     </TargetFramework>
                                     IsRidAgnostic=true
                                     TargetFrameworkMonikers=.NETCoreApp,Version=v8.0
                                     TargetFrameworks=net8.0
                                     TargetPlatformMonikers=None (TaskId:18)
                     Output Property: _AdditionalPropertiesFromProject=<AdditionalProjectProperties>
                       <TargetFramework Name="net8.0">
                         <SelfContained></SelfContained>
                         <_IsExecutable></_IsExecutable>
                         <IsRidAgnostic>true</IsRidAgnostic>
                         <ShouldBeValidatedAsExecutableReference></ShouldBeValidatedAsExecutableReference>
                         <_SelfContainedWasSpecified></_SelfContainedWasSpecified>
                       </TargetFramework>
                     </AdditionalProjectProperties> (TaskId:18)
                   Done executing task "CombineXmlElements". (TaskId:18)
                   Added Item(s): 
                       _ThisProjectBuildMetadata=
                           C:\sharon\projects\celestial-mechanics-desktop\src\CelestialMechanics.Renderer\CelestialMechanics.Renderer.csproj
                                   AdditionalPropertiesFromProject=<AdditionalProjectProperties>
                     <TargetFramework Name="net8.0">
                       <SelfContained></SelfContained>
                       <_IsExecutable></_IsExecutable>
                       <IsRidAgnostic>true</IsRidAgnostic>
                       <ShouldBeValidatedAsExecutableReference></ShouldBeValidatedAsExecutableReference>
                       <_SelfContainedWasSpecified></_SelfContainedWasSpecified>
                     </TargetFramework>
                   </AdditionalProjectProperties>
                                   HasSingleTargetFramework=true
                                   IsRidAgnostic=true
                                   Platform=AnyCPU
                                   Platforms=AnyCPU
                                   TargetFrameworkMonikers=.NETCoreApp,Version=v8.0
                                   TargetFrameworks=net8.0
                                   TargetPlatformMonikers=None
13:12:37.073     3>Done building target "GetTargetFrameworks" in project "CelestialMechanics.Renderer.csproj".: (TargetId:29)
13:12:37.074     3>Done Building Project "C:\sharon\projects\celestial-mechanics-desktop\src\CelestialMechanics.Renderer\CelestialMechanics.Renderer.csproj" (GetTargetFrameworks target(s)).
13:12:35.099     1>_GetProjectReferenceTargetFrameworkProperties: (TargetId:25)
                     Build continuing because "ContinueOnError" on the task "MSBuild" is set to "!false". (TaskId:14)
                   Done executing task "MSBuild" -- FAILED. (TaskId:14)
13:12:38.809     1>Done building target "_GetProjectReferenceTargetFrameworkProperties" in project "CelestialMechanics.Desktop.csproj" -- FAILED.: (TargetId:25)
13:12:38.811     1>Done Building Project "C:\sharon\projects\celestial-mechanics-desktop\src\CelestialMechanics.Desktop\CelestialMechanics.Desktop.csproj" (Compile target(s)) -- FAILED.

Project Evaluation Performance Summary:
       21 ms  C:\sharon\projects\celestial-mechanics-desktop\src\CelestialMechanics.AppCore\CelestialMechanics.AppCore.csproj   1 calls
       40 ms  C:\sharon\projects\celestial-mechanics-desktop\src\CelestialMechanics.Renderer\CelestialMechanics.Renderer.csproj   1 calls
      238 ms  C:\sharon\projects\celestial-mechanics-desktop\src\CelestialMechanics.Desktop\CelestialMechanics.Desktop.csproj   1 calls

Project Performance Summary:
        3 ms  C:\sharon\projects\celestial-mechanics-desktop\src\CelestialMechanics.Renderer\CelestialMechanics.Renderer.csproj   1 calls
                  3 ms  GetTargetFrameworks                        1 calls
       11 ms  C:\sharon\projects\celestial-mechanics-desktop\src\CelestialMechanics.AppCore\CelestialMechanics.AppCore.csproj   1 calls
                 11 ms  GetTargetFrameworks                        1 calls
     3815 ms  C:\sharon\projects\celestial-mechanics-desktop\src\CelestialMechanics.Desktop\CelestialMechanics.Desktop.csproj   1 calls
               3815 ms  Compile                                    1 calls

Target Performance Summary:
        0 ms  ResolvePackageDependenciesForBuild         1 calls
        0 ms  IncludeTransitiveProjectReferences         1 calls
        0 ms  ResolveLockFileAnalyzers                   1 calls
        0 ms  MVVMToolkitGatherAnalyzers                 1 calls
        0 ms  _DefaultMicrosoftNETPlatformLibrary        1 calls
        0 ms  _AddOutputPathToGlobalPropertiesToRemove   1 calls
        0 ms  _ComputePackageReferencePublish            1 calls
        0 ms  _CheckForLanguageAndFeatureCombinationSupport   1 calls
        0 ms  ResolveLockFileCopyLocalFiles              1 calls
        1 ms  BeforeResolveReferences                    1 calls
        1 ms  _ComputeToolPackInputsToProcessFrameworkReferences   1 calls
        1 ms  ApplyImplicitVersions                      1 calls
        1 ms  CheckForImplicitPackageReferenceOverrides   1 calls
        1 ms  ResolveLockFileReferences                  1 calls
        1 ms  _SplitProjectReferencesByFileExistence     1 calls
        1 ms  _NormalizeTargetPlatformVersion            1 calls
        2 ms  IgnoreJavaScriptOutputAssembly             1 calls
        2 ms  UpdateAspNetToFrameworkReference           1 calls
        3 ms  GetTargetFrameworks                        2 calls
        3 ms  AssignProjectConfiguration                 1 calls
        4 ms  MVVMToolkitRemoveAnalyzersForRoslyn3       1 calls
       10 ms  GetTargetFrameworksWithPlatformForSingleTargetFramework   2 calls
       16 ms  AddWindowsSdkKnownFrameworkReferences      1 calls
       27 ms  ResolvePackageAssets                       1 calls
       36 ms  ProcessFrameworkReferences                 1 calls
     3710 ms  _GetProjectReferenceTargetFrameworkProperties   1 calls

Task Performance Summary:
        0 ms  CheckForDuplicateFrameworkReferences       1 calls
        0 ms  ApplyImplicitVersions                      1 calls
        1 ms  JoinItems                                  1 calls
        1 ms  CheckForImplicitPackageReferenceOverrides   1 calls
        1 ms  CombineXmlElements                         2 calls
        2 ms  CheckIfPackageReferenceShouldBeFrameworkReference   2 calls
        2 ms  AssignProjectConfiguration                 1 calls
        3 ms  GetAssemblyIdentity                        1 calls
        7 ms  CreateWindowsSdkKnownFrameworkReferences   1 calls
        9 ms  CombineTargetFrameworkInfoProperties       2 calls
       11 ms  ResolveAppHosts                            1 calls
       23 ms  ResolvePackageAssets                       1 calls
       24 ms  ProcessFrameworkReferences                 1 calls
     3707 ms  MSBuild                                    1 calls

Build FAILED.
    0 Warning(s)
    0 Error(s)

Time Elapsed 00:00:04.08
